06-05 17:56:43.230 I/ActivityManager( 1337): No longer want com.android.providers.calendar (pid 1871): hidden #16
06-05 17:56:43.230 I/ActivityManager( 1337): No longer want com.google.process.location (pid 1754): hidden #17
06-05 17:56:43.230 I/ActivityManager( 1337): No longer want com.path:daemon (pid 2256): hidden #18
06-05 17:56:43.230 I/ActivityManager( 1337): No longer want com.adamrocker.android.input.simeji:heart (pid 1854): hidden #19
06-05 17:56:43.250 W/ActivityManager( 1337): Scheduling restart of crashed service com.path/.services.DaemonService in 5000ms
06-05 17:56:43.260 W/Service ( 1658): mClassName= com.google.android.gmstoInt= 400313326
06-05 17:56:43.260 W/ActivityManager( 1337): Scheduling restart of crashed service com.adamrocker.android.input.simeji/jp.baidu.simeji.heartservice.ExternalHeartService in 14990ms
06-05 17:56:43.270 I/LocationManagerService( 1337): remove passive (pid 1337), next minTime = 0
06-05 17:56:43.270 I/LocationManagerService( 1337): remove passive (pid 1337), next minTime = 0
06-05 17:56:43.270 W/ActivityManager( 1337): Scheduling restart of crashed service com.google.android.gms/com.google.android.location.internal.GoogleLocationManagerService in 24982ms
06-05 17:56:43.270 W/ActivityManager( 1337): Scheduling restart of crashed service com.google.android.gms/com.google.android.location.fused.NlpLocationReceiverService in 34982ms
06-05 17:56:43.270 W/ActivityManager( 1337): Scheduling restart of crashed service com.google.android.gms/com.google.android.location.reporting.service.DispatchingService in 44982ms
06-05 17:56:43.270 W/ActivityManager( 1337): Scheduling restart of crashed service com.google.android.gms/com.google.android.location.internal.server.GoogleLocationService in 54982ms
06-05 17:56:43.790 W/Service ( 1707): mClassName= com.google.android.gsf.logintoInt= -2125384850
06-05 17:56:43.800 E/PlayEventLogger( 2098): Upload failed class java.net.UnknownHostException(Unable to resolve host "play.googleapis.com": No address associated with hostname)
06-05 17:56:48.300 I/ActivityManager( 1337): Start proc com.path:daemon for service com.path/.services.DaemonService: pid=2829 uid=10059 gids={3003, 1015, 1006, 1028}
06-05 17:56:48.320 E/Trace   ( 2829): error opening trace file: No such file or directory (2)
06-05 17:56:48.440 D/dalvikvm( 2829): GC_CONCURRENT freed 160K, 7% free 6384K/6791K, paused 12ms+3ms, total 34ms
06-05 17:56:48.440 D/dalvikvm( 2829): WAIT_FOR_CONCURRENT_GC blocked 8ms
06-05 17:56:48.510 W/Service ( 2829): mClassName= com.pathtoInt= -1078496038
06-05 17:56:58.300 I/ActivityManager( 1337): Start proc com.adamrocker.android.input.simeji:heart for service com.adamrocker.android.input.simeji/jp.baidu.simeji.heartservice.ExternalHeartService: pid=2844 uid=10055 gids={3003, 1015, 1028}
06-05 17:56:58.310 I/dalvikvm( 2844): Turning on JNI app bug workarounds for target SDK version 11...
06-05 17:56:58.320 E/Trace   ( 2844): error opening trace file: No such file or directory (2)
06-05 17:56:58.420 D/dalvikvm( 2844): GC_CONCURRENT freed 159K, 6% free 6385K/6791K, paused 2ms+1ms, total 22ms
06-05 17:56:58.420 D/dalvikvm( 2844): WAIT_FOR_CONCURRENT_GC blocked 7ms
06-05 17:56:58.530 D/dalvikvm( 2844): GC_CONCURRENT freed 141K, 7% free 6735K/7175K, paused 1ms+12ms, total 32ms
06-05 17:56:58.550 D/AlarmManager( 1337): overriden alarm callingpackages[0] com.adamrocker.android.input.simeji
06-05 17:56:58.550 D/AlarmManager( 1337): overriden alarm callingUid= 10055 type= 2
06-05 17:56:58.550 D/AlarmManager( 1337): overriden alarm force  AlarmManager.ELAPSED_REALTIME
06-05 17:56:58.560 W/Service ( 2844): mClassName= com.adamrocker.android.input.simejitoInt= -754373502
06-05 17:56:58.630 D/ExternalHeartService( 2844): onStartCommand url: http://msg.simeji.baidu.jp/getmsg?id=DB593F99-B7C7-AD3F-EBFE-D63629F87261&app_ver=7.1.1&ver_code=438&os_ver=4.1.1&referrer=organic&keyboard_ja=keyboard_simeji_flick&keyboard_en=keyboard_simeji_alphabet_qwerty&flag=1&isActive=0&date=2014-06-05_17:56:58&from_ext_heartservice=1
06-05 17:56:58.640 D/EthernetStateTracker( 1337): getLinkProperties()
06-05 17:57:06.410 I/BluetoothService( 1337): ACTION_BATTERY_CHANGED pluggedType: 2
06-05 17:57:06.410 D/EthernetService( 1337): Intent.ACTION_BATTERY_CHANGED
06-05 17:57:08.290 I/ActivityManager( 1337): Start proc com.google.process.location for service com.google.android.gms/com.google.android.location.internal.GoogleLocationManagerService: pid=2862 uid=10021 gids={3003, 1015, 1028, 1007, 1006, 3002, 3001, 2001, 3006}
06-05 17:57:08.310 E/Trace   ( 2862): error opening trace file: No such file or directory (2)
06-05 17:57:08.420 D/dalvikvm( 2862): GC_CONCURRENT freed 157K, 7% free 6357K/6791K, paused 12ms+2ms, total 33ms
06-05 17:57:08.440 I/MultiDex( 2862): load(/data/app/com.google.android.gms-2.apk, forceReload=false)
06-05 17:57:08.520 D/dalvikvm( 2862): GC_CONCURRENT freed 165K, 7% free 6722K/7175K, paused 2ms+2ms, total 22ms
06-05 17:57:08.530 I/MultiDex( 2862): Need extracted file /data/data/com.google.android.gms/files/secondary-dexes/com.google.android.gms-2.apk.classes2.zip
06-05 17:57:08.530 I/MultiDex( 2862): No extraction needed for /data/data/com.google.android.gms/files/secondary-dexes/com.google.android.gms-2.apk.classes2.zip of size 1809539
06-05 17:57:08.530 I/ActivityThread( 2862): Pub com.google.android.location.reporting: com.google.android.location.reporting.service.ReportingContentProvider
06-05 17:57:08.530 I/ActivityThread( 2862): Pub com.google.android.location.internal: com.google.android.location.internal.LocationContentProvider
06-05 17:57:08.550 D/GCM     ( 1522): GcmService start Intent { act=com.google.android.gms.INITIALIZE flg=0x10 pkg=com.google.android.gms cmp=com.google.android.gms/.gcm.GcmService } com.google.android.gms.INITIALIZE
06-05 17:57:08.570 W/Service ( 1658): mClassName= com.google.android.gmstoInt= 400313326
06-05 17:57:08.590 D/GeofencerStateMachine( 2862): Creating GeofencerStateMachine
06-05 17:57:08.630 D/SensorManager( 2862): init sAccelCoordMode: 0
06-05 17:57:08.630 D/SensorManager( 2862): init sDefaultLandscape:false
06-05 17:57:08.660 D/dalvikvm( 1337): GC_CONCURRENT freed 1081K, 12% free 10788K/12167K, paused 17ms+8ms, total 99ms
06-05 17:57:08.690 D/AlarmManager( 1337): overriden alarm callingpackages[0] com.google.android.syncadapters.contacts
06-05 17:57:08.700 I/LocationManagerService( 1337): request passive (pid 2862) 0 0
06-05 17:57:08.720 D/AlarmManager( 1337): overriden alarm callingpackages[0] com.google.android.syncadapters.contacts
06-05 17:57:08.770 D/dalvikvm( 2862): GC_CONCURRENT freed 263K, 8% free 6924K/7495K, paused 12ms+5ms, total 46ms
06-05 17:57:08.780 D/AlarmManager( 1337): overriden alarm callingpackages[0] com.google.android.syncadapters.contacts
06-05 17:57:08.800 W/Service ( 2862): mClassName= com.google.android.gmstoInt= 400313326
06-05 17:57:08.820 D/AlarmManager( 1337): overriden alarm callingpackages[0] com.google.android.syncadapters.contacts
06-05 17:57:08.990 D/dalvikvm( 2862): GC_CONCURRENT freed 559K, 11% free 6877K/7687K, paused 12ms+2ms, total 36ms
06-05 17:57:08.990 D/dalvikvm( 2862): WAIT_FOR_CONCURRENT_GC blocked 18ms
06-05 17:57:09.010 D/dalvikvm( 2862): GC_FOR_ALLOC freed 2K, 11% free 6875K/7687K, paused 19ms, total 19ms
06-05 17:57:09.010 I/dalvikvm-heap( 2862): Grow heap (frag case) to 7.016MB for 65552-byte allocation
06-05 17:57:09.040 D/dalvikvm( 2862): GC_FOR_ALLOC freed 0K, 12% free 6939K/7815K, paused 29ms, total 29ms
06-05 17:57:09.060 D/dalvikvm( 2862): GC_FOR_ALLOC freed 34K, 12% free 6904K/7815K, paused 19ms, total 19ms
06-05 17:57:09.060 I/dalvikvm-heap( 2862): Grow heap (frag case) to 7.076MB for 98320-byte allocation
06-05 17:57:09.090 D/dalvikvm( 2862): GC_FOR_ALLOC freed 64K, 13% free 6936K/7943K, paused 19ms, total 19ms
06-05 17:57:09.090 I/dalvikvm-heap( 2862): Grow heap (frag case) to 7.192MB for 186718-byte allocation
06-05 17:57:09.110 D/dalvikvm( 2862): GC_FOR_ALLOC freed <1K, 13% free 7118K/8135K, paused 19ms, total 19ms
06-05 17:57:09.240 D/dalvikvm( 2862): GC_CONCURRENT freed 495K, 13% free 7131K/8135K, paused 12ms+4ms, total 46ms
06-05 17:57:09.430 D/dalvikvm( 2862): GC_CONCURRENT freed 679K, 15% free 6956K/8135K, paused 2ms+12ms, total 55ms
06-05 17:57:09.480 I/LocationManagerService( 1337): request passive (pid 2862) 0 0
06-05 17:57:09.500 D/AlarmManager( 1337): overriden alarm callingpackages[0] com.google.android.syncadapters.contacts
06-05 17:57:09.510 D/AlarmManager( 1337): overriden alarm callingpackages[0] com.google.android.syncadapters.contacts
06-05 17:57:09.520 D/AlarmManager( 1337): overriden alarm callingpackages[0] com.google.android.syncadapters.contacts
06-05 17:57:09.520 D/AlarmManager( 1337): overriden alarm callingpackages[0] com.google.android.syncadapters.contacts
06-05 17:57:09.520 D/AlarmManager( 1337): overriden alarm callingpackages[0] com.google.android.syncadapters.contacts
06-05 17:57:09.530 D/AlarmManager( 1337): overriden alarm callingpackages[0] com.google.android.syncadapters.contacts
06-05 17:57:09.530 D/AlarmManager( 1337): overriden alarm callingpackages[0] com.google.android.syncadapters.contacts
06-05 17:57:09.910 D/AlarmManager( 1337): overriden alarm callingpackages[0] com.google.android.syncadapters.contacts
06-05 17:57:09.920 V/GeofencerHelper( 2862): Initializing geofence's system cache.
06-05 17:57:09.930 D/GeofenceStateCache( 2862): Recovered 0 geofences.
06-05 17:57:09.940 V/PSManager( 2862): Initializing PlaceSubscriptionManager's system cache.
06-05 17:57:09.960 I/GCoreUlr( 2862): Starting service, intent=Intent { act=com.google.android.location.reporting.ACTION_UPDATE_WORLD cmp=com.google.android.gms/com.google.android.location.reporting.service.DispatchingService (has extras) }, extras=Bundle[{receiverAction=com.google.android.location.internal.server.ACTION_RESTARTED}]
06-05 17:57:09.960 D/AlarmManager( 1337): overriden alarm callingpackages[0] com.google.android.syncadapters.contacts
06-05 17:57:09.970 D/AlarmManager( 1337): overriden alarm callingpackages[0] com.google.android.syncadapters.contacts
06-05 17:57:09.980 D/dalvikvm( 1337): WAIT_FOR_CONCURRENT_GC blocked 0ms
06-05 17:57:10.060 D/dalvikvm( 1337): GC_EXPLICIT freed 198K, 12% free 10711K/12167K, paused 4ms+6ms, total 83ms
06-05 17:57:10.080 D/dalvikvm( 1522): WAIT_FOR_CONCURRENT_GC blocked 0ms
06-05 17:57:10.120 D/dalvikvm( 1522): GC_EXPLICIT freed 99K, 12% free 7334K/8327K, paused 2ms+4ms, total 39ms
06-05 17:57:10.130 E/GCoreUlr( 2862): Error deleting /data/data/com.google.android.gms/files/flog
06-05 17:57:10.140 E/GCoreUlr( 2862): Error deleting /data/data/com.google.android.gms/files/flog
06-05 17:57:10.140 I/GCoreUlr( 2862): DispatchingService.onCreate()
06-05 17:57:10.150 E/GCoreUlr( 2862): Error deleting /data/data/com.google.android.gms/files/flog
06-05 17:57:10.150 E/GCoreUlr( 2862): Error deleting /data/data/com.google.android.gms/files/flog
06-05 17:57:10.180 E/GCoreUlr( 2862): Error deleting /data/data/com.google.android.gms/files/flog
06-05 17:57:10.180 E/GCoreUlr( 2862): Error deleting /data/data/com.google.android.gms/files/flog
06-05 17:57:10.190 E/GCoreUlr( 2862): Error deleting /data/data/com.google.android.gms/files/flog
06-05 17:57:10.190 E/GCoreUlr( 2862): Error deleting /data/data/com.google.android.gms/files/flog
06-05 17:57:10.210 D/dalvikvm( 2862): GC_CONCURRENT freed 330K, 13% free 7093K/8135K, paused 12ms+13ms, total 49ms
06-05 17:57:10.230 E/GCoreUlr( 2862): Error deleting /data/data/com.google.android.gms/files/flog
06-05 17:57:10.230 E/GCoreUlr( 2862): Error deleting /data/data/com.google.android.gms/files/flog
06-05 17:57:10.240 E/GCoreUlr( 2862): Error deleting /data/data/com.google.android.gms/files/flog
06-05 17:57:10.240 E/GCoreUlr( 2862): Error deleting /data/data/com.google.android.gms/files/flog
06-05 17:57:10.250 E/GCoreUlr( 2862): Error deleting /data/data/com.google.android.gms/files/flog
06-05 17:57:10.250 E/GCoreUlr( 2862): Error deleting /data/data/com.google.android.gms/files/flog
06-05 17:57:10.250 E/GCoreUlr( 2862): Error deleting /data/data/com.google.android.gms/files/flog
06-05 17:57:10.250 E/GCoreUlr( 2862): Error deleting /data/data/com.google.android.gms/files/flog
06-05 17:57:10.260 E/GCoreUlr( 2862): Error deleting /data/data/com.google.android.gms/files/flog
06-05 17:57:10.260 E/GCoreUlr( 2862): Error deleting /data/data/com.google.android.gms/files/flog
06-05 17:57:10.270 E/GCoreUlr( 2862): Error deleting /data/data/com.google.android.gms/files/flog
06-05 17:57:10.270 E/GCoreUlr( 2862): Error deleting /data/data/com.google.android.gms/files/flog
06-05 17:57:10.280 E/GCoreUlr( 2862): Error deleting /data/data/com.google.android.gms/files/flog
06-05 17:57:10.280 E/GCoreUlr( 2862): Error deleting /data/data/com.google.android.gms/files/flog
06-05 17:57:10.290 E/GCoreUlr( 2862): Error deleting /data/data/com.google.android.gms/files/flog
06-05 17:57:10.290 E/GCoreUlr( 2862): Error deleting /data/data/com.google.android.gms/files/flog
06-05 17:57:10.300 E/GCoreUlr( 2862): Error deleting /data/data/com.google.android.gms/files/flog
06-05 17:57:10.300 E/GCoreUlr( 2862): Error deleting /data/data/com.google.android.gms/files/flog
06-05 17:57:10.300 W/Service ( 2862): mClassName= com.google.android.gmstoInt= 400313326
06-05 17:57:10.300 I/GCoreUlr( 2862): WorldUpdater received intent Intent { act=com.google.android.location.reporting.ACTION_UPDATE_WORLD cmp=com.google.android.gms/com.google.android.location.reporting.service.DispatchingService (has extras) } with receiverAction com.google.android.location.internal.server.ACTION_RESTARTED
06-05 17:57:10.300 D/GCoreUlr( 2862): Throttling analytics event: db, clear_old:attempt, 1
06-05 17:57:10.320 D/GCoreUlr( 2862): Throttling analytics event: db, clear_old:attempt, 1
06-05 17:57:10.330 D/GCoreUlr( 2862): Throttling analytics event: db, clear_old:attempt, 1
06-05 17:57:10.370 E/GCoreUlr( 2862): Error deleting /data/data/com.google.android.gms/files/flog
06-05 17:57:10.370 E/GCoreUlr( 2862): Error deleting /data/data/com.google.android.gms/files/flog
06-05 17:57:10.380 D/dalvikvm( 2862): GC_CONCURRENT freed 420K, 13% free 7078K/8135K, paused 12ms+12ms, total 46ms
06-05 17:57:10.410 D/SyncManager( 1337): setIsSyncable: Account {name=shin.akiba8@gmail.com, type=com.google}, provider com.google.android.location.reporting, user 0 -> 1
06-05 17:57:10.410 D/SyncManager( 1337): setIsSyncable: already set to 1, doing nothing
06-05 17:57:10.410 D/SyncManager( 1337): setSyncAutomatically:  provider com.google.android.location.reporting, user 0 -> true
06-05 17:57:10.410 D/SyncManager( 1337): setSyncAutomatically: already set to true, doing nothing
06-05 17:57:11.140 D/GCoreUlr( 2862): Throttling analytics event: db, restrict_to:attempt, 1
06-05 17:57:11.140 D/GCoreUlr( 2862): Throttling analytics event: db, restrict_to:attempt, 1
06-05 17:57:11.150 D/GCoreUlr( 2862): Throttling analytics event: db, restrict_to:attempt, 1
06-05 17:57:11.160 I/GCoreUlr( 2862): Ensuring that reporting is stopped because of reasons: {account#11#=[InactiveReason{mVersionCode=0, mIdentifier=6, mName='ReportingNotSelected'}]}
06-05 17:57:11.160 D/GCoreFlp( 2862): Unknown pending intent to remove.
06-05 17:57:11.170 I/GCoreUlr( 2862): Unbound from all location providers
06-05 17:57:11.340 W/ThrottleService( 1337): unable to find stats for iface rmnet0
06-05 17:57:11.340 W/SocketClient( 1047): write error (Broken pipe)
06-05 17:58:10.430 I/BluetoothService( 1337): ACTION_BATTERY_CHANGED pluggedType: 2
06-05 17:58:10.430 D/EthernetService( 1337): Intent.ACTION_BATTERY_CHANGED
06-05 18:01:43.930 W/Service ( 1707): mClassName= com.google.android.gsf.logintoInt= -2125384850
06-05 18:01:43.940 E/PlayEventLogger( 2098): Upload failed class java.net.UnknownHostException(Unable to resolve host "play.googleapis.com": No address associated with hostname)
06-05 18:01:54.980 D/AlarmManager( 1337): overriden alarm callingpackages[0] com.google.android.syncadapters.contacts
06-05 18:01:54.980 D/AlarmManager( 1337): overriden alarm callingpackages[0] com.google.android.syncadapters.contacts
06-05 18:04:15.890 E/lights  ( 1337): [abt]..........state=1780628548 brightness=129
06-05 18:04:15.890 E/lights  ( 1337): [abt]..........tmp_max_brightness=607 tmp_dim_brightness=121 tmp_BRIGHTNESS_ON=128  brightness=128
06-05 18:04:15.900 E/lights  ( 1337): [abt]..........state=1780628548 brightness=128
06-05 18:04:15.900 E/lights  ( 1337): [abt]..........tmp_max_brightness=607 tmp_dim_brightness=121 tmp_BRIGHTNESS_ON=128  brightness=124
06-05 18:04:15.910 E/lights  ( 1337): [abt]..........state=1780628548 brightness=124
06-05 18:04:15.910 E/lights  ( 1337): [abt]..........tmp_max_brightness=121 tmp_dim_brightness=33 tmp_BRIGHTNESS_ON=127  brightness=118
06-05 18:04:15.920 E/lights  ( 1337): [abt]..........state=1780628548 brightness=120
06-05 18:04:15.920 E/lights  ( 1337): [abt]..........tmp_max_brightness=121 tmp_dim_brightness=33 tmp_BRIGHTNESS_ON=127  brightness=116
06-05 18:04:15.930 E/lights  ( 1337): [abt]..........state=1780628548 brightness=116
06-05 18:04:15.930 E/lights  ( 1337): [abt]..........tmp_max_brightness=121 tmp_dim_brightness=33 tmp_BRIGHTNESS_ON=127  brightness=113
06-05 18:04:15.950 E/lights  ( 1337): [abt]..........state=1780628548 brightness=112
06-05 18:04:15.950 E/lights  ( 1337): [abt]..........tmp_max_brightness=121 tmp_dim_brightness=33 tmp_BRIGHTNESS_ON=127  brightness=110
06-05 18:04:15.950 E/lights  ( 1337): [abt]..........state=1780628548 brightness=108
06-05 18:04:15.950 E/lights  ( 1337): [abt]..........tmp_max_brightness=121 tmp_dim_brightness=33 tmp_BRIGHTNESS_ON=127  brightness=107
06-05 18:04:15.960 E/lights  ( 1337): [abt]..........state=1780628548 brightness=105
06-05 18:04:15.960 E/lights  ( 1337): [abt]..........tmp_max_brightness=121 tmp_dim_brightness=33 tmp_BRIGHTNESS_ON=127  brightness=105
06-05 18:04:15.980 E/lights  ( 1337): [abt]..........state=1780628548 brightness=101
06-05 18:04:15.980 E/lights  ( 1337): [abt]..........tmp_max_brightness=121 tmp_dim_brightness=33 tmp_BRIGHTNESS_ON=127  brightness=102
06-05 18:04:15.990 E/lights  ( 1337): [abt]..........state=1780628548 brightness=97
06-05 18:04:15.990 E/lights  ( 1337): [abt]..........tmp_max_brightness=121 tmp_dim_brightness=33 tmp_BRIGHTNESS_ON=127  brightness=100
06-05 18:04:16.000 E/lights  ( 1337): [abt]..........state=1780628548 brightness=93
06-05 18:04:16.000 E/lights  ( 1337): [abt]..........tmp_max_brightness=121 tmp_dim_brightness=33 tmp_BRIGHTNESS_ON=127  brightness=97
06-05 18:04:16.010 E/lights  ( 1337): [abt]..........state=1780628548 brightness=90
06-05 18:04:16.010 E/lights  ( 1337): [abt]..........tmp_max_brightness=121 tmp_dim_brightness=33 tmp_BRIGHTNESS_ON=127  brightness=95
06-05 18:04:16.020 E/lights  ( 1337): [abt]..........state=1780628548 brightness=86
06-05 18:04:16.020 E/lights  ( 1337): [abt]..........tmp_max_brightness=121 tmp_dim_brightness=33 tmp_BRIGHTNESS_ON=127  brightness=92
06-05 18:04:16.030 E/lights  ( 1337): [abt]..........state=1780628548 brightness=82
06-05 18:04:16.030 E/lights  ( 1337): [abt]..........tmp_max_brightness=121 tmp_dim_brightness=33 tmp_BRIGHTNESS_ON=127  brightness=89
06-05 18:04:16.040 E/lights  ( 1337): [abt]..........state=1780628548 brightness=78
06-05 18:04:16.040 E/lights  ( 1337): [abt]..........tmp_max_brightness=121 tmp_dim_brightness=33 tmp_BRIGHTNESS_ON=127  brightness=87
06-05 18:04:16.050 E/lights  ( 1337): [abt]..........state=1780628548 brightness=75
06-05 18:04:16.050 E/lights  ( 1337): [abt]..........tmp_max_brightness=121 tmp_dim_brightness=33 tmp_BRIGHTNESS_ON=127  brightness=84
06-05 18:04:16.060 E/lights  ( 1337): [abt]..........state=1780628548 brightness=71
06-05 18:04:16.060 E/lights  ( 1337): [abt]..........tmp_max_brightness=121 tmp_dim_brightness=33 tmp_BRIGHTNESS_ON=127  brightness=82
06-05 18:04:16.070 E/lights  ( 1337): [abt]..........state=1780628548 brightness=67
06-05 18:04:16.070 E/lights  ( 1337): [abt]..........tmp_max_brightness=121 tmp_dim_brightness=33 tmp_BRIGHTNESS_ON=127  brightness=79
06-05 18:04:16.080 E/lights  ( 1337): [abt]..........state=1780628548 brightness=63
06-05 18:04:16.080 E/lights  ( 1337): [abt]..........tmp_max_brightness=121 tmp_dim_brightness=33 tmp_BRIGHTNESS_ON=127  brightness=76
06-05 18:04:16.090 E/lights  ( 1337): [abt]..........state=1780628548 brightness=60
06-05 18:04:16.090 E/lights  ( 1337): [abt]..........tmp_max_brightness=121 tmp_dim_brightness=33 tmp_BRIGHTNESS_ON=127  brightness=74
06-05 18:04:16.100 E/lights  ( 1337): [abt]..........state=1780628548 brightness=56
06-05 18:04:16.100 E/lights  ( 1337): [abt]..........tmp_max_brightness=121 tmp_dim_brightness=33 tmp_BRIGHTNESS_ON=127  brightness=71
06-05 18:04:16.110 E/lights  ( 1337): [abt]..........state=1780628548 brightness=52
06-05 18:04:16.110 E/lights  ( 1337): [abt]..........tmp_max_brightness=121 tmp_dim_brightness=33 tmp_BRIGHTNESS_ON=127  brightness=69
06-05 18:04:16.120 E/lights  ( 1337): [abt]..........state=1780628548 brightness=49
06-05 18:04:16.120 E/lights  ( 1337): [abt]..........tmp_max_brightness=121 tmp_dim_brightness=33 tmp_BRIGHTNESS_ON=127  brightness=66
06-05 18:04:16.130 E/lights  ( 1337): [abt]..........state=1780628548 brightness=45
06-05 18:04:16.130 E/lights  ( 1337): [abt]..........tmp_max_brightness=121 tmp_dim_brightness=33 tmp_BRIGHTNESS_ON=127  brightness=64
06-05 18:04:16.140 E/lights  ( 1337): [abt]..........state=1780628548 brightness=41
06-05 18:04:16.140 E/lights  ( 1337): [abt]..........tmp_max_brightness=121 tmp_dim_brightness=33 tmp_BRIGHTNESS_ON=127  brightness=61
06-05 18:04:16.150 E/lights  ( 1337): [abt]..........state=1780628548 brightness=37
06-05 18:04:16.150 E/lights  ( 1337): [abt]..........tmp_max_brightness=121 tmp_dim_brightness=33 tmp_BRIGHTNESS_ON=127  brightness=58
06-05 18:04:16.160 E/lights  ( 1337): [abt]..........state=1780628548 brightness=33
06-05 18:04:16.160 E/lights  ( 1337): [abt]..........tmp_max_brightness=121 tmp_dim_brightness=33 tmp_BRIGHTNESS_ON=127  brightness=55
06-05 18:04:16.170 E/lights  ( 1337): [abt]..........state=1780628548 brightness=28
06-05 18:04:16.170 E/lights  ( 1337): [abt]..........tmp_max_brightness=121 tmp_dim_brightness=33 tmp_BRIGHTNESS_ON=127  brightness=52
06-05 18:04:16.190 E/lights  ( 1337): [abt]..........state=1780628548 brightness=24
06-05 18:04:16.190 E/lights  ( 1337): [abt]..........tmp_max_brightness=121 tmp_dim_brightness=33 tmp_BRIGHTNESS_ON=127  brightness=49
06-05 18:04:16.200 E/lights  ( 1337): [abt]..........state=1780628548 brightness=20
06-05 18:04:16.200 E/lights  ( 1337): [abt]..........tmp_max_brightness=121 tmp_dim_brightness=33 tmp_BRIGHTNESS_ON=127  brightness=46
06-05 18:04:16.210 E/lights  ( 1337): [abt]..........state=1780628548 brightness=16
06-05 18:04:16.210 E/lights  ( 1337): [abt]..........tmp_max_brightness=121 tmp_dim_brightness=33 tmp_BRIGHTNESS_ON=127  brightness=44
06-05 18:04:16.220 E/lights  ( 1337): [abt]..........state=1780628548 brightness=12
06-05 18:04:16.220 E/lights  ( 1337): [abt]..........tmp_max_brightness=121 tmp_dim_brightness=33 tmp_BRIGHTNESS_ON=127  brightness=41
06-05 18:04:16.230 E/lights  ( 1337): [abt]..........state=1780628548 brightness=8
06-05 18:04:16.230 E/lights  ( 1337): [abt]..........tmp_max_brightness=121 tmp_dim_brightness=33 tmp_BRIGHTNESS_ON=127  brightness=38
06-05 18:04:16.240 E/lights  ( 1337): [abt]..........state=1780628548 brightness=5
06-05 18:04:16.240 E/lights  ( 1337): [abt]..........tmp_max_brightness=121 tmp_dim_brightness=33 tmp_BRIGHTNESS_ON=127  brightness=36
06-05 18:04:22.910 D/Sensors ( 1337): AccelerationSensor::~enable(0, 0)
06-05 18:04:22.910 D/Sensors ( 1337): AccelerationSensor::~setDelay(0, 66667000)
06-05 18:04:22.920 D/PermissionCache( 1050): checking android.permission.READ_FRAME_BUFFER for uid=1000 => granted (346 us)
06-05 18:04:22.950 E/lights  ( 1337): [abt]..........state=1780628548 brightness=4
06-05 18:04:22.950 E/lights  ( 1337): [abt]..........tmp_max_brightness=121 tmp_dim_brightness=33 tmp_BRIGHTNESS_ON=127  brightness=35
06-05 18:04:22.970 D/SurfaceFlinger( 1050): About to give-up screen, flinger = 0x411b1af0
06-05 18:04:22.970 I/hwcomposer( 1050): HWComposer::release ,nothing to do 
06-05 18:04:23.010 E/lights  ( 1337): [abt]..........state=1780628548 brightness=3
06-05 18:04:23.010 E/lights  ( 1337): [abt]..........tmp_max_brightness=121 tmp_dim_brightness=33 tmp_BRIGHTNESS_ON=127  brightness=35
06-05 18:04:23.010 D/dalvikvm( 1337): GC_FOR_ALLOC freed 424K, 12% free 10730K/12167K, paused 60ms, total 62ms
06-05 18:04:23.010 I/dalvikvm-heap( 1337): Grow heap (frag case) to 10.843MB for 124216-byte allocation
06-05 18:04:23.070 D/dalvikvm( 1337): GC_FOR_ALLOC freed 19K, 12% free 10832K/12295K, paused 55ms, total 55ms
06-05 18:04:23.070 E/lights  ( 1337): [abt]..........state=1780628548 brightness=2
06-05 18:04:23.070 E/lights  ( 1337): [abt]..........tmp_max_brightness=121 tmp_dim_brightness=33 tmp_BRIGHTNESS_ON=127  brightness=34
06-05 18:04:23.080 E/lights  ( 1337): [abt]..........state=1780628548 brightness=1
06-05 18:04:23.080 E/lights  ( 1337): [abt]..........tmp_max_brightness=121 tmp_dim_brightness=33 tmp_BRIGHTNESS_ON=127  brightness=33
06-05 18:04:23.090 E/lights  ( 1337): [abt]..........state=1780628548 brightness=0
06-05 18:04:23.100 I/BluetoothService( 1337): ACTION_SCREEN_OFF
06-05 18:04:23.100 I/BluetoothService( 1337): Bluetooth pluger on
06-05 18:04:23.100 W/fb4a(:<default>):MqttConnectionManager( 1769): Trying to schedule keepalive when the client is not connected.
06-05 18:04:23.100 D/EthernetService( 1337): Intent.ACTION_SCREEN_OFF
06-05 18:04:23.100 D/dalvikvm( 1505): WAIT_FOR_CONCURRENT_GC blocked 0ms
06-05 18:04:23.100 D/AlarmManager( 1337): overriden alarm callingpackages[0] com.facebook.katana
06-05 18:04:23.100 D/AlarmManager( 1337): overriden alarm callingUid= 10058 type= 2
06-05 18:04:23.100 D/AlarmManager( 1337): overriden alarm force  AlarmManager.ELAPSED_REALTIME
06-05 18:04:23.150 D/dalvikvm( 1505): GC_EXPLICIT freed 171K, 10% free 7138K/7879K, paused 3ms+3ms, total 50ms
06-05 18:04:23.160 W/IInputConnectionWrapper( 1554): getExtractedText on inactive InputConnection
06-05 18:04:23.160 D/AlarmManager( 1337): overriden alarm callingpackages[0] com.google.android.syncadapters.contacts
06-05 18:04:27.930 V/LockPatternKeyguardView( 1337): Set visibility on com.android.internal.policy.impl.LockPatternKeyguardView$4@417f1970 to 8388608
06-05 18:04:27.940 V/TransportControlView( 1337): Create TCV com.android.internal.widget.TransportControlView@41512ec8
06-05 18:04:28.010 D/dalvikvm( 1337): GC_FOR_ALLOC freed 102K, 12% free 10941K/12295K, paused 58ms, total 58ms
06-05 18:04:28.040 W/Service ( 1707): mClassName= com.google.android.gsf.logintoInt= -2125384850
06-05 18:04:28.040 V/KeyguardViewManager( 1337): KGVM: Set visibility on com.android.internal.policy.impl.KeyguardViewManager$KeyguardViewHost@418a6780 to 6291456
06-05 18:04:28.070 E/BufferQueue( 1050): [Keyguard] dequeueBuffer: can't dequeue multiple buffers without setting the buffer count
06-05 18:04:28.090 V/LockPatternKeyguardView( 1337): Set visibility on com.android.internal.policy.impl.LockPatternKeyguardView$4@417f1970 to 8388608
06-05 18:04:28.090 I/TabletStatusBar( 1457): DISABLE_CLOCK: yes
06-05 18:04:28.130 V/LockPatternKeyguardView( 1337): Set visibility on com.android.internal.policy.impl.LockPatternKeyguardView$4@417f1970 to 8388608
06-05 18:04:53.110 D/EthernetService( 1337): ACTION_DEVICE_IDLE
06-05 18:05:38.490 I/BluetoothService( 1337): ACTION_BATTERY_CHANGED pluggedType: 2
06-05 18:05:38.490 I/BluetoothService( 1337): Bluetooth pluger on
06-05 18:05:38.490 D/EthernetService( 1337): Intent.ACTION_BATTERY_CHANGED
06-05 18:06:39.990 D/AlarmManager( 1337): overriden alarm callingpackages[0] com.google.android.syncadapters.contacts
06-05 18:06:40.000 D/AlarmManager( 1337): overriden alarm callingpackages[0] com.google.android.syncadapters.contacts
06-05 18:06:42.490 I/BluetoothService( 1337): ACTION_BATTERY_CHANGED pluggedType: 2
06-05 18:06:42.490 I/BluetoothService( 1337): Bluetooth pluger on
06-05 18:06:42.490 D/EthernetService( 1337): Intent.ACTION_BATTERY_CHANGED
06-05 18:06:44.090 W/Service ( 1707): mClassName= com.google.android.gsf.logintoInt= -2125384850
06-05 18:06:44.100 D/dalvikvm( 1707): GC_CONCURRENT freed 340K, 10% free 6146K/6791K, paused 12ms+1ms, total 39ms
06-05 18:06:44.110 E/PlayEventLogger( 2098): Upload failed class java.net.UnknownHostException(Unable to resolve host "play.googleapis.com": No address associated with hostname)
06-05 18:07:11.360 W/ThrottleService( 1337): unable to find stats for iface rmnet0
06-05 18:07:11.360 W/SocketClient( 1047): write error (Broken pipe)
06-05 18:07:46.490 I/BluetoothService( 1337): ACTION_BATTERY_CHANGED pluggedType: 2
06-05 18:07:46.490 I/BluetoothService( 1337): Bluetooth pluger on
06-05 18:07:46.490 D/EthernetService( 1337): Intent.ACTION_BATTERY_CHANGED
06-05 18:08:50.500 I/BluetoothService( 1337): ACTION_BATTERY_CHANGED pluggedType: 2
06-05 18:08:50.500 I/BluetoothService( 1337): Bluetooth pluger on
06-05 18:08:50.500 D/EthernetService( 1337): Intent.ACTION_BATTERY_CHANGED
06-05 18:10:03.080 W/SocketClient( 1047): write error (Broken pipe)
06-05 18:11:25.010 D/AlarmManager( 1337): overriden alarm callingpackages[0] com.google.android.syncadapters.contacts
06-05 18:11:25.020 D/AlarmManager( 1337): overriden alarm callingpackages[0] com.google.android.syncadapters.contacts
06-05 18:11:44.240 W/Service ( 1707): mClassName= com.google.android.gsf.logintoInt= -2125384850
06-05 18:11:44.250 E/PlayEventLogger( 2098): Upload failed class java.net.UnknownHostException(Unable to resolve host "play.googleapis.com": No address associated with hostname)
06-05 18:14:00.000 I/ActivityManager( 1337): No longer want com.google.android.gm (pid 2047): hidden #16
06-05 18:16:10.030 D/AlarmManager( 1337): overriden alarm callingpackages[0] com.google.android.syncadapters.contacts
06-05 18:16:10.040 D/AlarmManager( 1337): overriden alarm callingpackages[0] com.google.android.syncadapters.contacts
06-05 18:16:44.380 W/Service ( 1707): mClassName= com.google.android.gsf.logintoInt= -2125384850
06-05 18:16:44.390 E/PlayEventLogger( 2098): Upload failed class java.net.UnknownHostException(Unable to resolve host "play.googleapis.com": No address associated with hostname)
06-05 18:17:11.360 W/ThrottleService( 1337): unable to find stats for iface rmnet0
06-05 18:17:11.370 W/SocketClient( 1047): write error (Broken pipe)
06-05 18:20:34.490 I/BluetoothService( 1337): ACTION_BATTERY_CHANGED pluggedType: 2
06-05 18:20:34.500 I/BluetoothService( 1337): Bluetooth pluger on
06-05 18:20:34.500 D/EthernetService( 1337): Intent.ACTION_BATTERY_CHANGED
06-05 18:20:55.050 D/AlarmManager( 1337): overriden alarm callingpackages[0] com.google.android.syncadapters.contacts
06-05 18:20:55.060 D/AlarmManager( 1337): overriden alarm callingpackages[0] com.google.android.syncadapters.contacts
06-05 18:21:38.490 I/BluetoothService( 1337): ACTION_BATTERY_CHANGED pluggedType: 2
06-05 18:21:38.490 I/BluetoothService( 1337): Bluetooth pluger on
06-05 18:21:38.490 D/EthernetService( 1337): Intent.ACTION_BATTERY_CHANGED
06-05 18:21:44.520 W/Service ( 1707): mClassName= com.google.android.gsf.logintoInt= -2125384850
06-05 18:21:44.530 E/PlayEventLogger( 2098): Upload failed class java.net.UnknownHostException(Unable to resolve host "play.googleapis.com": No address associated with hostname)
06-05 18:22:42.500 I/BluetoothService( 1337): ACTION_BATTERY_CHANGED pluggedType: 2
06-05 18:22:42.500 I/BluetoothService( 1337): Bluetooth pluger on
06-05 18:22:42.500 D/EthernetService( 1337): Intent.ACTION_BATTERY_CHANGED
06-05 18:23:46.490 I/BluetoothService( 1337): ACTION_BATTERY_CHANGED pluggedType: 2
06-05 18:23:46.490 I/BluetoothService( 1337): Bluetooth pluger on
06-05 18:23:46.490 D/EthernetService( 1337): Intent.ACTION_BATTERY_CHANGED
06-05 18:25:00.140 D/dalvikvm( 1337): GC_CONCURRENT freed 1003K, 11% free 11109K/12423K, paused 13ms+7ms, total 121ms
06-05 18:25:40.070 D/AlarmManager( 1337): overriden alarm callingpackages[0] com.google.android.syncadapters.contacts
06-05 18:25:40.080 D/AlarmManager( 1337): overriden alarm callingpackages[0] com.google.android.syncadapters.contacts
06-05 18:26:36.420 I/EventLogService( 1658): Aggregate from 1401962196332 (log), 1401962196332 (data)
06-05 18:26:36.420 W/Service ( 1658): mClassName= com.google.android.gmstoInt= 400313326
06-05 18:26:36.450 D/AlarmManager( 1337): overriden alarm callingpackages[0] com.google.android.syncadapters.contacts
06-05 18:26:43.310 W/Service ( 1658): mClassName= com.google.android.gmstoInt= 400313326
06-05 18:26:43.450 W/Uploader( 1658): No account for auth token provided
06-05 18:26:43.450 W/Service ( 1658): mClassName= com.google.android.gmstoInt= 400313326
06-05 18:26:43.450 D/Uploader( 1658): Network request failed class java.net.UnknownHostException(Unable to resolve host "play.googleapis.com": No address associated with hostname)
06-05 18:26:43.490 D/dalvikvm( 1658): GC_FOR_ALLOC freed 235K, 12% free 6993K/7879K, paused 22ms, total 25ms
06-05 18:26:44.660 W/Service ( 1707): mClassName= com.google.android.gsf.logintoInt= -2125384850
06-05 18:26:44.670 E/PlayEventLogger( 2098): Upload failed class java.net.UnknownHostException(Unable to resolve host "play.googleapis.com": No address associated with hostname)
06-05 18:26:51.560 I/ActivityManager( 1337): No longer want com.android.calendar (pid 2283): hidden #16
06-05 18:26:51.560 V/BackupManagerService( 1337): Running a backup pass
06-05 18:26:51.570 V/BackupManagerService( 1337): clearing pending backups
06-05 18:26:51.570 V/PerformBackupTask( 1337): Beginning backup of 1 targets
06-05 18:26:51.620 D/PerformBackupTask( 1337): invokeAgentForBackup on @pm@
06-05 18:26:51.630 V/BackupServiceBinder( 1337): doBackup() invoked
06-05 18:26:51.640 V/BackupServiceBinder( 1337): doBackup() invoked
06-05 18:26:51.640 D/BackupHelperDispatcher( 1337): handling existing helper 'wallpaper' android.app.backup.WallpaperBackupHelper@41a23630
06-05 18:26:51.640 V/LocalTransport( 1337): performBackup() pkg=android
06-05 18:26:51.640 I/PerformBackupTask( 1337): no backup data written; not calling transport
06-05 18:26:51.640 D/PerformBackupTask( 1337): starting agent for backup of BackupRequest{pkg=android}
06-05 18:26:51.640 D/BackupManagerService( 1337): awaiting agent for ApplicationInfo{415b95d0 android}
06-05 18:26:51.640 D/BackupManagerService( 1337): agentConnected pkg=android agent=android.app.backup.BackupAgent$BackupServiceBinder@41879818
06-05 18:26:51.640 I/BackupManagerService( 1337): got agent android.app.backup.BackupAgent$BackupServiceBinder@41879818
06-05 18:26:51.640 D/PerformBackupTask( 1337): invokeAgentForBackup on android
06-05 18:26:51.650 V/LocalTransport( 1337): Got change set key=wallpaper:/data/system/wallpaper_info.xml size=-1 key64=d2FsbHBhcGVyOi9kYXRhL3N5c3RlbS93YWxscGFwZXJfaW5mby54bWw=
06-05 18:26:51.650 V/LocalTransport( 1337): Got change set key=wallpaper:/data/system/wallpaper_info.xml size=115 key64=d2FsbHBhcGVyOi9kYXRhL3N5c3RlbS93YWxscGFwZXJfaW5mby54bWw=
06-05 18:26:51.650 V/LocalTransport( 1337):   data size 115
06-05 18:26:51.650 V/LocalTransport( 1337): finishBackup()
06-05 18:26:51.650 I/PerformBackupTask( 1337): Backup pass finished.
06-05 18:27:00.000 I/ActivityManager( 1337): No longer want android.process.acore (pid 1637): hidden #16
06-05 18:27:11.360 I/ActivityManager( 1337): No longer want com.evernote (pid 2143): hidden #16
06-05 18:27:11.360 I/ActivityManager( 1337): No longer want com.android.gallery3d (pid 2347): hidden #17
06-05 18:27:11.380 W/ThrottleService( 1337): unable to find stats for iface rmnet0
06-05 18:27:11.390 W/SocketClient( 1047): write error (Broken pipe)
06-05 18:27:11.400 W/Service ( 2098): mClassName= com.android.vendingtoInt= 1483848391
06-05 18:28:02.500 I/BluetoothService( 1337): ACTION_BATTERY_CHANGED pluggedType: 2
06-05 18:28:02.500 I/BluetoothService( 1337): Bluetooth pluger on
06-05 18:28:02.500 D/EthernetService( 1337): Intent.ACTION_BATTERY_CHANGED
06-05 18:29:06.490 I/BluetoothService( 1337): ACTION_BATTERY_CHANGED pluggedType: 2
06-05 18:29:06.490 I/BluetoothService( 1337): Bluetooth pluger on
06-05 18:29:06.490 D/EthernetService( 1337): Intent.ACTION_BATTERY_CHANGED
06-05 18:30:25.090 D/AlarmManager( 1337): overriden alarm callingpackages[0] com.google.android.syncadapters.contacts
06-05 18:30:25.090 D/AlarmManager( 1337): overriden alarm callingpackages[0] com.google.android.syncadapters.contacts
06-05 18:31:44.800 W/Service ( 1707): mClassName= com.google.android.gsf.logintoInt= -2125384850
06-05 18:31:44.810 E/PlayEventLogger( 2098): Upload failed class java.net.UnknownHostException(Unable to resolve host "play.googleapis.com": No address associated with hostname)
06-05 18:35:10.110 D/AlarmManager( 1337): overriden alarm callingpackages[0] com.google.android.syncadapters.contacts
06-05 18:35:10.110 D/AlarmManager( 1337): overriden alarm callingpackages[0] com.google.android.syncadapters.contacts
06-05 18:35:30.490 I/BluetoothService( 1337): ACTION_BATTERY_CHANGED pluggedType: 2
06-05 18:35:30.490 I/BluetoothService( 1337): Bluetooth pluger on
06-05 18:35:30.490 D/EthernetService( 1337): Intent.ACTION_BATTERY_CHANGED
06-05 18:36:34.500 I/BluetoothService( 1337): ACTION_BATTERY_CHANGED pluggedType: 2
06-05 18:36:34.500 I/BluetoothService( 1337): Bluetooth pluger on
06-05 18:36:34.500 D/EthernetService( 1337): Intent.ACTION_BATTERY_CHANGED
06-05 18:36:44.940 W/Service ( 1707): mClassName= com.google.android.gsf.logintoInt= -2125384850
06-05 18:36:44.950 E/PlayEventLogger( 2098): Upload failed class java.net.UnknownHostException(Unable to resolve host "play.googleapis.com": No address associated with hostname)
06-05 18:37:11.400 W/ThrottleService( 1337): unable to find stats for iface rmnet0
06-05 18:37:11.400 W/SocketClient( 1047): write error (Broken pipe)
06-05 18:39:55.120 D/AlarmManager( 1337): overriden alarm callingpackages[0] com.google.android.syncadapters.contacts
06-05 18:39:55.130 D/AlarmManager( 1337): overriden alarm callingpackages[0] com.google.android.syncadapters.contacts
06-05 18:40:03.080 W/SocketClient( 1047): write error (Broken pipe)
06-05 18:41:45.080 W/Service ( 1707): mClassName= com.google.android.gsf.logintoInt= -2125384850
06-05 18:41:45.090 E/PlayEventLogger( 2098): Upload failed class java.net.UnknownHostException(Unable to resolve host "play.googleapis.com": No address associated with hostname)
06-05 18:41:45.110 D/dalvikvm( 2098): GC_CONCURRENT freed 640K, 13% free 6929K/7879K, paused 2ms+2ms, total 23ms
06-05 18:42:58.490 I/BluetoothService( 1337): ACTION_BATTERY_CHANGED pluggedType: 2
06-05 18:42:58.500 I/BluetoothService( 1337): Bluetooth pluger on
06-05 18:42:58.500 D/EthernetService( 1337): Intent.ACTION_BATTERY_CHANGED
06-05 18:44:00.130 D/dalvikvm( 1337): GC_CONCURRENT freed 1201K, 12% free 11102K/12615K, paused 14ms+7ms, total 118ms
06-05 18:44:02.490 I/BluetoothService( 1337): ACTION_BATTERY_CHANGED pluggedType: 2
06-05 18:44:02.490 I/BluetoothService( 1337): Bluetooth pluger on
06-05 18:44:02.490 D/EthernetService( 1337): Intent.ACTION_BATTERY_CHANGED
06-05 18:44:40.140 D/AlarmManager( 1337): overriden alarm callingpackages[0] com.google.android.syncadapters.contacts
06-05 18:44:40.150 D/AlarmManager( 1337): overriden alarm callingpackages[0] com.google.android.syncadapters.contacts
06-05 18:46:45.220 W/Service ( 1707): mClassName= com.google.android.gsf.logintoInt= -2125384850
06-05 18:46:45.230 E/PlayEventLogger( 2098): Upload failed class java.net.UnknownHostException(Unable to resolve host "play.googleapis.com": No address associated with hostname)
06-05 18:47:11.400 W/ThrottleService( 1337): unable to find stats for iface rmnet0
06-05 18:47:11.410 W/SocketClient( 1047): write error (Broken pipe)
06-05 18:49:25.150 D/AlarmManager( 1337): overriden alarm callingpackages[0] com.google.android.syncadapters.contacts
06-05 18:49:25.150 D/AlarmManager( 1337): overriden alarm callingpackages[0] com.google.android.syncadapters.contacts
06-05 18:51:45.360 W/Service ( 1707): mClassName= com.google.android.gsf.logintoInt= -2125384850
06-05 18:51:45.370 E/PlayEventLogger( 2098): Upload failed class java.net.UnknownHostException(Unable to resolve host "play.googleapis.com": No address associated with hostname)
06-05 18:54:10.160 D/AlarmManager( 1337): overriden alarm callingpackages[0] com.google.android.syncadapters.contacts
06-05 18:54:10.180 D/AlarmManager( 1337): overriden alarm callingpackages[0] com.google.android.syncadapters.contacts
06-05 18:54:42.490 I/BluetoothService( 1337): ACTION_BATTERY_CHANGED pluggedType: 2
06-05 18:54:42.490 I/BluetoothService( 1337): Bluetooth pluger on
06-05 18:54:42.490 D/EthernetService( 1337): Intent.ACTION_BATTERY_CHANGED
06-05 18:55:46.490 I/BluetoothService( 1337): ACTION_BATTERY_CHANGED pluggedType: 2
06-05 18:55:46.490 I/BluetoothService( 1337): Bluetooth pluger on
06-05 18:55:46.490 D/EthernetService( 1337): Intent.ACTION_BATTERY_CHANGED
06-05 18:56:36.470 I/EventLogService( 1658): Aggregate from 1401963996428 (log), 1401963996428 (data)
06-05 18:56:36.480 W/Service ( 1658): mClassName= com.google.android.gmstoInt= 400313326
06-05 18:56:36.510 D/AlarmManager( 1337): overriden alarm callingpackages[0] com.google.android.syncadapters.contacts
06-05 18:56:43.350 W/Service ( 1658): mClassName= com.google.android.gmstoInt= 400313326
06-05 18:56:45.500 W/Service ( 1707): mClassName= com.google.android.gsf.logintoInt= -2125384850
06-05 18:56:45.510 E/PlayEventLogger( 2098): Upload failed class java.net.UnknownHostException(Unable to resolve host "play.googleapis.com": No address associated with hostname)
06-05 18:56:58.580 D/ExternalHeartService( 2844): onStartCommand url: http://msg.simeji.baidu.jp/getmsg?id=DB593F99-B7C7-AD3F-EBFE-D63629F87261&app_ver=7.1.1&ver_code=438&os_ver=4.1.1&referrer=organic&keyboard_ja=keyboard_simeji_flick&keyboard_en=keyboard_simeji_alphabet_qwerty&flag=1&isActive=0&date=2014-06-05_18:56:58&from_ext_heartservice=1
06-05 18:56:58.580 D/EthernetStateTracker( 1337): getLinkProperties()
06-05 18:57:11.400 W/ThrottleService( 1337): unable to find stats for iface rmnet0
06-05 18:57:11.410 W/SocketClient( 1047): write error (Broken pipe)
06-05 18:58:55.180 D/AlarmManager( 1337): overriden alarm callingpackages[0] com.google.android.syncadapters.contacts
06-05 18:58:55.190 D/AlarmManager( 1337): overriden alarm callingpackages[0] com.google.android.syncadapters.contacts
06-05 19:01:45.640 W/Service ( 1707): mClassName= com.google.android.gsf.logintoInt= -2125384850
06-05 19:01:45.650 E/PlayEventLogger( 2098): Upload failed class java.net.UnknownHostException(Unable to resolve host "play.googleapis.com": No address associated with hostname)
06-05 19:03:10.630 I/StorageNotification( 1457): UMS connection changed to false (media state mounted)
06-05 19:03:12.360 I/StorageNotification( 1457): UMS connection changed to true (media state mounted)
06-05 19:03:40.200 D/AlarmManager( 1337): overriden alarm callingpackages[0] com.google.android.syncadapters.contacts
06-05 19:03:40.200 D/AlarmManager( 1337): overriden alarm callingpackages[0] com.google.android.syncadapters.contacts
06-05 19:06:45.780 W/Service ( 1707): mClassName= com.google.android.gsf.logintoInt= -2125384850
06-05 19:06:45.790 E/PlayEventLogger( 2098): Upload failed class java.net.UnknownHostException(Unable to resolve host "play.googleapis.com": No address associated with hostname)
06-05 19:07:11.410 W/ThrottleService( 1337): unable to find stats for iface rmnet0
06-05 19:07:11.420 W/SocketClient( 1047): write error (Broken pipe)
06-05 19:07:30.500 I/BluetoothService( 1337): ACTION_BATTERY_CHANGED pluggedType: 2
06-05 19:07:30.500 I/BluetoothService( 1337): Bluetooth pluger on
06-05 19:07:30.500 D/EthernetService( 1337): Intent.ACTION_BATTERY_CHANGED
06-05 19:08:25.220 D/AlarmManager( 1337): overriden alarm callingpackages[0] com.google.android.syncadapters.contacts
06-05 19:08:25.220 D/AlarmManager( 1337): overriden alarm callingpackages[0] com.google.android.syncadapters.contacts
06-05 19:09:00.000 I/dalvikvm( 1337): Jit: resizing JitTable from 8192 to 16384
06-05 19:09:38.490 I/BluetoothService( 1337): ACTION_BATTERY_CHANGED pluggedType: 2
06-05 19:09:38.490 I/BluetoothService( 1337): Bluetooth pluger on
06-05 19:09:38.490 D/EthernetService( 1337): Intent.ACTION_BATTERY_CHANGED
06-05 19:10:03.070 W/SocketClient( 1047): write error (Broken pipe)
06-05 19:10:03.170 D/dalvikvm( 1337): GC_CONCURRENT freed 1238K, 13% free 11083K/12615K, paused 14ms+7ms, total 104ms
06-05 19:11:45.920 W/Service ( 1707): mClassName= com.google.android.gsf.logintoInt= -2125384850
06-05 19:11:45.930 E/PlayEventLogger( 2098): Upload failed class java.net.UnknownHostException(Unable to resolve host "play.googleapis.com": No address associated with hostname)
06-05 19:13:10.230 D/dalvikvm( 1337): WAIT_FOR_CONCURRENT_GC blocked 0ms
06-05 19:13:10.320 D/dalvikvm( 1337): GC_EXPLICIT freed 170K, 13% free 11017K/12615K, paused 8ms+6ms, total 86ms
06-05 19:13:10.320 D/AlarmManager( 1337): overriden alarm callingpackages[0] com.google.android.syncadapters.contacts
06-05 19:13:10.320 D/AlarmManager( 1337): overriden alarm callingpackages[0] com.google.android.syncadapters.contacts
06-05 19:16:46.060 W/Service ( 1707): mClassName= com.google.android.gsf.logintoInt= -2125384850
06-05 19:16:46.070 E/PlayEventLogger( 2098): Upload failed class java.net.UnknownHostException(Unable to resolve host "play.googleapis.com": No address associated with hostname)
06-05 19:17:11.420 W/ThrottleService( 1337): unable to find stats for iface rmnet0
06-05 19:17:11.430 W/SocketClient( 1047): write error (Broken pipe)
06-05 19:17:55.340 D/AlarmManager( 1337): overriden alarm callingpackages[0] com.google.android.syncadapters.contacts
06-05 19:17:55.340 D/AlarmManager( 1337): overriden alarm callingpackages[0] com.google.android.syncadapters.contacts
06-05 19:21:35.360 I/ActivityManager( 1337): Start proc com.evernote for service com.evernote/.client.BackgroundTaskService: pid=3106 uid=10069 gids={3003, 1015, 1006, 1028}
06-05 19:21:35.380 E/Trace   ( 3106): error opening trace file: No such file or directory (2)
06-05 19:21:35.390 D/dalvikvm( 3106): WAIT_FOR_CONCURRENT_GC blocked 0ms
06-05 19:21:35.510 D/dalvikvm( 3106): GC_CONCURRENT freed 163K, 7% free 6381K/6791K, paused 12ms+15ms, total 53ms
06-05 19:21:35.510 D/dalvikvm( 3106): WAIT_FOR_CONCURRENT_GC blocked 1ms
06-05 19:21:35.640 D/dalvikvm( 3106): GC_CONCURRENT freed 140K, 6% free 6749K/7175K, paused 11ms+18ms, total 56ms
06-05 19:21:35.680 I/ActivityThread( 3106): Pub com.evernote.evernoteprovider: com.evernote.provider.EvernoteProvider
06-05 19:21:35.720 D/EN      ( 3106): MemoryMapAppender.ctor()
06-05 19:21:35.730 D/EN      ( 3106): MemoryMapAppender.ctor-end()
06-05 19:21:35.730 I/ReleaseProperties( 3106): Current app is: evernote
06-05 19:21:35.740 I/ReleaseProperties( 3106): propFile: release is now loaded
06-05 19:21:35.760 I/ReleaseProperties( 3106): propFile: play is now loaded
06-05 19:21:35.780 I/ReleaseProperties( 3106): propFile: base is now loaded
06-05 19:21:35.780 I/ReleaseProperties( 3106): propFile: override is now loaded
06-05 19:21:35.790 D/dalvikvm( 3106): GC_CONCURRENT freed 330K, 8% free 6975K/7559K, paused 12ms+2ms, total 49ms
06-05 19:21:35.790 D/ReleaseProperties( 3106): getReferralPersistencePath():: old=false:: path=/mnt/sdcard/.enref
06-05 19:21:35.790 I/ReleaseProperties( 3106): From file referralCode=android
06-05 19:21:35.790 D/MarketUtils( 3106): isPackageInstalled() - com.android.vending is installed
06-05 19:21:35.790 D/MarketUtils( 3106): isPackageInstalled() - com.android.vending is installed
06-05 19:21:35.790 D/MarketUtils( 3106): isPackageInstalled() - com.android.vending is installed
06-05 19:21:35.790 D/MarketUtils( 3106): isPackageInstalled() - com.android.vending is installed
06-05 19:21:35.790 I/ReleaseProperties( 3106): ReleaseProperties: 
06-05 19:21:35.790 I/ReleaseProperties( 3106):   bundleName=continuous-integration
06-05 19:21:35.790 I/ReleaseProperties( 3106):   revision=AM_584_1073
06-05 19:21:35.790 I/ReleaseProperties( 3106):   type=public
06-05 19:21:35.790 I/ReleaseProperties( 3106):   gitHash=8e0f258f8c00a931a7f98692180b3bd6efcf3f2f
06-05 19:21:35.790 I/ReleaseProperties( 3106):   baseSearchUri=market://search?q=
06-05 19:21:35.790 D/MarketUtils( 3106): isPackageInstalled() - com.android.vending is installed
06-05 19:21:35.830 D/dalvikvm( 3106): GC_FOR_ALLOC freed 312K, 9% free 7059K/7751K, paused 19ms, total 19ms
06-05 19:21:35.860 I/ActivityThread( 3106): Pub com.evernote.announcements.evernoteannouncementprovider: com.evernote.announcements.AnnouncementsContentProvider
06-05 19:21:35.870 D/MarketUtils( 3106): isPackageInstalled() - com.android.vending is installed
06-05 19:21:35.870 D/MarketUtils( 3106): isPackageInstalled() - com.android.vending is installed
06-05 19:21:35.900 I/Crashlytics( 3106): Initializing Crashlytics 1.1.8.10
06-05 19:21:35.970 W/Service ( 3106): mClassName= com.evernotetoInt= 224589013
06-05 19:21:35.980 D/MarketUtils( 3106): isPackageInstalled() - com.android.vending is installed
06-05 19:21:36.030 D/dalvikvm( 3106): GC_CONCURRENT freed 436K, 10% free 7145K/7879K, paused 12ms+2ms, total 37ms
06-05 19:21:36.070 E/Crashlytics( 3106): Failed to retrieve settings from https://settings.crashlytics.com/spi/v2/platforms/android/apps/com.evernote/settings; [class com.crashlytics.android.a.l: java.net.UnknownHostException: Unable to resolve host "settings.crashlytics.com": No address associated with hostname]
06-05 19:21:39.540 D/Finsky  ( 2098): [87] InAppBillingUtils.pickAccount: com.evernote: Account determined from installer data - [bg0ykFPnxyjLKjFJzDBAvrA13zU]
06-05 19:21:39.540 W/Service ( 2098): mClassName= com.android.vendingtoInt= 1483848391
