06-25 20:02:25.926 D/dalvikvm( 1483): GC_CONCURRENT freed 787K, 58% free 8285K/19719K, paused 13ms+6ms, total 54ms
06-25 20:02:25.966 D/dalvikvm( 1340): WAIT_FOR_CONCURRENT_GC blocked 0ms
06-25 20:02:26.006 W/ActivityManager( 1340): No content provider found for permission revoke: file:///data/data/com.android.vending/cache/patches/com.evernote-1922374797.apk
06-25 20:02:26.066 D/dalvikvm( 1340): GC_EXPLICIT freed 1095K, 21% free 11282K/14279K, paused 4ms+11ms, total 101ms
06-25 20:02:26.406 W/ActivityManager( 1340): No content provider found for permission revoke: file:///data/data/com.android.vending/cache/patches/com.evernote-1922374797.apk
06-25 20:02:26.406 W/PackageManager( 1340): processPendingInstall called
06-25 20:02:26.426 W/PackageParser( 1340): Unknown element under <manifest>: meta-data at /data/app/vmdl-1922374797.tmp Binary XML file line #62
06-25 20:02:26.426 W/PackageParser( 1340): Unknown element under <manifest>: meta-data at /data/app/vmdl-1922374797.tmp Binary XML file line #65
06-25 20:02:26.426 W/PackageParser( 1340): Unknown element under <application>: enable-feature at /data/app/vmdl-1922374797.tmp Binary XML file line #79
06-25 20:02:27.356 I/wpa_supplicant( 1453): [CTRL_IFACE]wlan0: SIGNAL_POLL
06-25 20:02:27.736 D/dalvikvm( 1340): GC_CONCURRENT freed 556K, 16% free 12041K/14279K, paused 13ms+9ms, total 101ms
06-25 20:02:27.736 D/dalvikvm( 1340): WAIT_FOR_CONCURRENT_GC blocked 64ms
06-25 20:02:27.846 D/dalvikvm( 1340): GC_FOR_ALLOC freed 428K, 14% free 12284K/14279K, paused 81ms, total 81ms
06-25 20:02:27.846 I/dalvikvm-heap( 1340): Grow heap (frag case) to 12.738MB for 521012-byte allocation
06-25 20:02:27.926 D/dalvikvm( 1340): GC_FOR_ALLOC freed 258K, 16% free 12534K/14791K, paused 80ms, total 80ms
06-25 20:02:28.016 D/dalvikvm( 1340): GC_FOR_ALLOC freed 627K, 16% free 12437K/14791K, paused 77ms, total 77ms
06-25 20:02:28.106 D/dalvikvm( 1340): GC_FOR_ALLOC freed 168K, 16% free 12522K/14791K, paused 78ms, total 78ms
06-25 20:02:28.106 I/dalvikvm-heap( 1340): Grow heap (frag case) to 12.970MB for 520686-byte allocation
06-25 20:02:28.186 D/dalvikvm( 1340): GC_FOR_ALLOC freed 256K, 17% free 12774K/15303K, paused 79ms, total 79ms
06-25 20:02:28.266 D/dalvikvm( 1340): GC_FOR_ALLOC freed 758K, 17% free 12807K/15303K, paused 70ms, total 70ms
06-25 20:02:28.346 D/dalvikvm( 1340): GC_FOR_ALLOC freed 256K, 15% free 13062K/15303K, paused 70ms, total 70ms
06-25 20:02:28.346 I/dalvikvm-heap( 1340): Grow heap (frag case) to 13.279MB for 291555-byte allocation
06-25 20:02:28.426 D/dalvikvm( 1340): GC_FOR_ALLOC freed <1K, 15% free 13346K/15623K, paused 79ms, total 79ms
06-25 20:02:28.816 D/dalvikvm( 1340): GC_CONCURRENT freed 901K, 9% free 14277K/15623K, paused 13ms+8ms, total 105ms
06-25 20:02:28.816 D/dalvikvm( 1340): WAIT_FOR_CONCURRENT_GC blocked 68ms
06-25 20:02:29.176 D/dalvikvm( 1340): GC_CONCURRENT freed 983K, 8% free 15348K/16583K, paused 3ms+8ms, total 105ms
06-25 20:02:29.176 D/dalvikvm( 1340): WAIT_FOR_CONCURRENT_GC blocked 77ms
06-25 20:02:30.356 I/wpa_supplicant( 1453): [CTRL_IFACE]wlan0: SIGNAL_POLL
06-25 20:02:30.416 W/Service ( 2438): mClassName= com.android.vendingtoInt= 1483848391
06-25 20:02:30.486 D/dalvikvm( 2438): GC_CONCURRENT freed 1306K, 14% free 9846K/11399K, paused 13ms+6ms, total 62ms
06-25 20:02:30.486 D/dalvikvm( 2438): WAIT_FOR_CONCURRENT_GC blocked 39ms
06-25 20:02:32.136 I/PackageManager( 1340): Removing non-system package:com.evernote
06-25 20:02:32.136 I/ActivityManager( 1340): Force stopping package com.evernote uid=10069
06-25 20:02:32.206 I/BluetoothService( 1340): ACTION_BATTERY_CHANGED pluggedType: 2
06-25 20:02:32.206 D/EthernetService( 1340): Intent.ACTION_BATTERY_CHANGED
06-25 20:02:33.356 I/wpa_supplicant( 1453): [CTRL_IFACE]wlan0: SIGNAL_POLL
06-25 20:02:36.366 I/wpa_supplicant( 1453): [CTRL_IFACE]wlan0: SIGNAL_POLL
06-25 20:02:39.366 I/wpa_supplicant( 1453): [CTRL_IFACE]wlan0: SIGNAL_POLL
06-25 20:02:42.366 I/wpa_supplicant( 1453): [CTRL_IFACE]wlan0: SIGNAL_POLL
06-25 20:02:45.376 I/wpa_supplicant( 1453): [CTRL_IFACE]wlan0: SIGNAL_POLL
06-25 20:02:48.376 I/wpa_supplicant( 1453): [CTRL_IFACE]wlan0: SIGNAL_POLL
06-25 20:02:50.616 W/PackageManager( 1340): Package com.evernote desires unavailable shared library com.sonymobile.camera.addon.api; ignoring!
06-25 20:02:50.626 W/Service ( 2414): mClassName= com.google.android.gsf.logintoInt= -2125384850
06-25 20:02:50.626 I/PackageManager( 1340): Package com.evernote codePath changed from /data/app/com.evernote-2.apk to /data/app/com.evernote-1.apk; Retaining data and using new
06-25 20:02:50.856 I/PackageManager( 1340): Running dexopt on: com.evernote
06-25 20:02:51.376 I/wpa_supplicant( 1453): [CTRL_IFACE]wlan0: SIGNAL_POLL
06-25 20:02:51.436 I/qtaguid ( 2438): Failed write_ctrl(u 53) res=-1 errno=22
06-25 20:02:51.436 I/qtaguid ( 2438): Untagging socket 53 failed errno=-22
06-25 20:02:51.436 W/NetworkManagementSocketTagger( 2438): untagSocket(53) failed with errno -22
06-25 20:02:51.436 D/Volley  ( 2438): [118] BasicNetwork.logSlowRequests: HTTP response for request=<[ ] https://android.clients.google.com/vending/api/ApiRequest 0xe8d195d1 NORMAL 10 ContentSyncRequestProto> [lifetime=20852], [size=36], [rc=200], [retryCount=0]
06-25 20:02:51.436 D/Volley  ( 2438): [1] Request.finish: 20856 ms: [ ] https://android.clients.google.com/vending/api/ApiRequest 0xe8d195d1 NORMAL 10 ContentSyncRequestProto
06-25 20:02:51.436 D/Finsky  ( 2438): [1] 5.onFinished: Installation state replication succeeded.
06-25 20:02:51.446 W/Service ( 2438): mClassName= com.android.vendingtoInt= 1483848391
06-25 20:02:54.386 I/wpa_supplicant( 1453): [CTRL_IFACE]wlan0: SIGNAL_POLL
06-25 20:02:57.386 I/wpa_supplicant( 1453): [CTRL_IFACE]wlan0: SIGNAL_POLL
06-25 20:03:00.396 I/wpa_supplicant( 1453): [CTRL_IFACE]wlan0: SIGNAL_POLL
06-25 20:03:03.336 W/PackageManager( 1340): Code path for pkg : com.evernote changing from /data/app/com.evernote-2.apk to /data/app/com.evernote-1.apk
06-25 20:03:03.336 I/ActivityManager( 1340): Force stopping package com.evernote uid=10069
06-25 20:03:03.336 W/PackageManager( 1340): Resource path for pkg : com.evernote changing from /data/app/com.evernote-2.apk to /data/app/com.evernote-1.apk
06-25 20:03:03.346 W/PackageManager( 1340): Package com.evernote has activity com.evernote.ui.tablet.NoteListActivity with priority > 0, forcing to 0
06-25 20:03:03.346 W/PackageManager( 1340): Package com.evernote has activity com.evernote.ui.GoogleSearchResultRedirectActivity with priority > 0, forcing to 0
06-25 20:03:03.346 W/PackageManager( 1340): Package com.evernote has activity com.evernote.ui.tablet.NoteListAloneActivity with priority > 0, forcing to 0
06-25 20:03:03.396 I/wpa_supplicant( 1453): [CTRL_IFACE]wlan0: SIGNAL_POLL
06-25 20:03:04.136 D/PackageManager( 1340): New package installed in /data/app/com.evernote-1.apk
06-25 20:03:04.136 W/PackageManager( 1340): Unknown permission com.sonymobile.permission.CAMERA_ADDON in package com.evernote
06-25 20:03:04.946 I/ActivityManager( 1340): Force stopping package com.evernote uid=10069
06-25 20:03:04.956 D/dalvikvm( 1594): WAIT_FOR_CONCURRENT_GC blocked 0ms
06-25 20:03:04.966 D/dalvikvm( 1673): WAIT_FOR_CONCURRENT_GC blocked 0ms
06-25 20:03:04.976 I/InputReader( 1340): Reconfiguring input devices.  changes=0x00000010
06-25 20:03:05.026 D/dalvikvm( 1673): GC_EXPLICIT freed 265K, 10% free 6366K/7047K, paused 3ms+3ms, total 65ms
06-25 20:03:05.036 D/dalvikvm( 1594): GC_EXPLICIT freed 258K, 34% free 21847K/33095K, paused 4ms+6ms, total 86ms
06-25 20:03:05.086 D/dalvikvm( 1340): GC_CONCURRENT freed 1835K, 12% free 15602K/17671K, paused 4ms+45ms, total 163ms
06-25 20:03:05.096 D/dalvikvm( 1340): WAIT_FOR_CONCURRENT_GC blocked 0ms
06-25 20:03:05.116 I/InputReader( 1340): Reconfiguring input devices.  changes=0x00000010
06-25 20:03:05.136 W/Service ( 2815): mClassName= com.android.keychaintoInt= 1500172648
06-25 20:03:05.156 W/Service ( 2833): mClassName= com.android.musicfxtoInt= -917159941
06-25 20:03:05.226 D/AlarmManager( 1340): overriden alarm callingpackages[0] com.android.vending
06-25 20:03:05.296 W/Service ( 1703): mClassName= com.google.android.gmstoInt= 400313326
06-25 20:03:05.296 D/PackageBroadcastService( 1703): Received broadcast action=android.intent.action.PACKAGE_REMOVED and uri=com.evernote
06-25 20:03:05.316 W/Service ( 1703): mClassName= com.google.android.gmstoInt= 400313326
06-25 20:03:05.346 W/Service ( 2833): mClassName= com.android.musicfxtoInt= -917159941
06-25 20:03:05.366 W/Service ( 1703): mClassName= com.google.android.gmstoInt= 400313326
06-25 20:03:05.376 I/InternalIcingCorporaPro( 2319): Updating corpora: APPS=com.evernote, CONTACTS=MAYBE
06-25 20:03:05.396 W/Service ( 2319): mClassName= com.google.android.googlequicksearchboxtoInt= -79313952
06-25 20:03:05.426 D/PackageManager( 1340): generateServicesMap(android.accounts.AccountAuthenticator): 9 services unchanged
06-25 20:03:05.426 D/AlarmManager( 1340): overriden alarm callingpackages[0] com.android.vending
06-25 20:03:05.436 I/InternalIcingCorporaPro( 2319): UpdateCorporaTask done [took 63 ms] updated apps [took 63 ms] 
06-25 20:03:05.486 D/dalvikvm( 1340): GC_EXPLICIT freed 4599K, 36% free 11369K/17671K, paused 22ms+18ms, total 388ms
06-25 20:03:05.496 W/Service ( 1703): mClassName= com.google.android.gmstoInt= 400313326
06-25 20:03:05.506 D/PackageBroadcastService( 1703): Received broadcast action=android.intent.action.PACKAGE_ADDED and uri=com.evernote
06-25 20:03:05.506 D/Finsky  ( 2438): [142] 1.packageInstalled: Package install status for "com.evernote" is 1
06-25 20:03:05.536 D/PackageManager( 1340): generateServicesMap(android.content.SyncAdapter): 19 services unchanged
06-25 20:03:05.536 D/BackupManagerService( 1340): Received broadcast Intent { act=android.intent.action.PACKAGE_REMOVED dat=package:com.evernote flg=0x8000010 (has extras) }
06-25 20:03:05.546 W/Service ( 1703): mClassName= com.google.android.gmstoInt= 400313326
06-25 20:03:05.546 W/Service ( 1703): mClassName= com.google.android.gmstoInt= 400313326
06-25 20:03:05.546 I/PeopleContactsSync( 1703): CP2 sync disabled
06-25 20:03:05.556 W/Service ( 2833): mClassName= com.android.musicfxtoInt= -917159941
06-25 20:03:05.556 D/PackageManager( 1340): generateServicesMap(android.accounts.AccountAuthenticator): 9 services unchanged
06-25 20:03:05.586 W/Service ( 1703): mClassName= com.google.android.gmstoInt= 400313326
06-25 20:03:05.586 D/PackageManager( 1340): generateServicesMap(android.content.SyncAdapter): 19 services unchanged
06-25 20:03:05.586 D/BackupManagerService( 1340): Received broadcast Intent { act=android.intent.action.PACKAGE_ADDED dat=package:com.evernote flg=0x8000010 (has extras) }
06-25 20:03:05.586 V/BackupManagerService( 1340): removePackageParticipantsLocked: uid=10069 #1
06-25 20:03:05.596 W/Service ( 1703): mClassName= com.google.android.gmstoInt= 400313326
06-25 20:03:05.636 W/Service ( 1703): mClassName= com.google.android.gmstoInt= 400313326
06-25 20:03:05.646 D/PackageBroadcastService( 1703): Received broadcast action=android.intent.action.PACKAGE_REPLACED and uri=com.evernote
06-25 20:03:05.646 V/BackupManagerService( 1340): addPackageParticipantsLocked: #1
06-25 20:03:05.686 I/PeopleContactsSync( 1703): CP2 sync disabled
06-25 20:03:05.696 W/Service ( 1703): mClassName= com.google.android.gmstoInt= 400313326
06-25 20:03:05.696 W/Service ( 1703): mClassName= com.google.android.gmstoInt= 400313326
06-25 20:03:05.706 W/Service ( 1703): mClassName= com.google.android.gmstoInt= 400313326
06-25 20:03:05.706 W/Service ( 1703): mClassName= com.google.android.gmstoInt= 400313326
06-25 20:03:06.396 I/wpa_supplicant( 1453): [CTRL_IFACE]wlan0: SIGNAL_POLL
06-25 20:03:09.396 I/wpa_supplicant( 1453): [CTRL_IFACE]wlan0: SIGNAL_POLL
06-25 20:03:12.406 I/wpa_supplicant( 1453): [CTRL_IFACE]wlan0: SIGNAL_POLL
06-25 20:03:15.406 I/wpa_supplicant( 1453): [CTRL_IFACE]wlan0: SIGNAL_POLL
06-25 20:03:17.746 I/wpa_supplicant( 1453): [CTRL_IFACE]wlan0: AP_SCAN 2
06-25 20:03:17.746 I/wpa_supplicant( 1453): [CTRL_IFACE]wlan0: SCAN
06-25 20:03:17.746 D/AlarmManager( 1340): overriden alarm callingpackages[0] com.google.android.gms
06-25 20:03:17.756 D/AlarmManager( 1340): overriden alarm callingpackages[0] com.google.android.gms
06-25 20:03:18.416 I/wpa_supplicant( 1453): [CTRL_IFACE]wlan0: SIGNAL_POLL
06-25 20:03:19.156 I/wpa_supplicant( 1453): [CTRL_IFACE]wlan0: AP_SCAN 1
06-25 20:03:19.156 I/wpa_supplicant( 1453): [CTRL_IFACE]wlan0: SCAN_RESULTS
06-25 20:03:19.156 D/AlarmManager( 1340): overriden alarm callingpackages[0] com.google.android.gms
06-25 20:03:19.166 D/AlarmManager( 1340): overriden alarm callingpackages[0] com.google.android.gms
06-25 20:03:19.956 D/dalvikvm( 1770): GC_CONCURRENT freed 391K, 10% free 7323K/8071K, paused 5ms+13ms, total 48ms
06-25 20:03:20.046 D/AlarmManager( 1340): overriden alarm callingpackages[0] com.google.android.gms
06-25 20:03:20.436 W/Service ( 2438): mClassName= com.android.vendingtoInt= 1483848391
06-25 20:03:20.576 W/Service ( 2414): mClassName= com.google.android.gsf.logintoInt= -2125384850
06-25 20:03:21.006 I/qtaguid ( 2438): Failed write_ctrl(u 53) res=-1 errno=22
06-25 20:03:21.006 I/qtaguid ( 2438): Untagging socket 53 failed errno=-22
06-25 20:03:21.006 W/NetworkManagementSocketTagger( 2438): untagSocket(53) failed with errno -22
06-25 20:03:21.016 D/Finsky  ( 2438): [1] 5.onFinished: Installation state replication succeeded.
06-25 20:03:21.016 W/Service ( 2438): mClassName= com.android.vendingtoInt= 1483848391
06-25 20:03:21.416 I/wpa_supplicant( 1453): [CTRL_IFACE]wlan0: SIGNAL_POLL
06-25 20:03:24.426 I/wpa_supplicant( 1453): [CTRL_IFACE]wlan0: SIGNAL_POLL
06-25 20:03:27.436 I/wpa_supplicant( 1453): [CTRL_IFACE]wlan0: SIGNAL_POLL
06-25 20:03:30.436 I/wpa_supplicant( 1453): [CTRL_IFACE]wlan0: SIGNAL_POLL
06-25 20:03:32.696 D/AlarmManager( 1340): overriden alarm callingpackages[0] com.google.android.gms
06-25 20:03:32.706 D/AlarmManager( 1340): overriden alarm callingpackages[0] com.google.android.gms
06-25 20:03:33.446 I/wpa_supplicant( 1453): [CTRL_IFACE]wlan0: SIGNAL_POLL
06-25 20:03:36.226 I/BluetoothService( 1340): ACTION_BATTERY_CHANGED pluggedType: 2
06-25 20:03:36.226 D/EthernetService( 1340): Intent.ACTION_BATTERY_CHANGED
06-25 20:03:36.456 I/wpa_supplicant( 1453): [CTRL_IFACE]wlan0: SIGNAL_POLL
06-25 20:03:39.456 I/wpa_supplicant( 1453): [CTRL_IFACE]wlan0: SIGNAL_POLL
06-25 20:03:42.466 I/wpa_supplicant( 1453): [CTRL_IFACE]wlan0: SIGNAL_POLL
06-25 20:03:45.466 I/wpa_supplicant( 1453): [CTRL_IFACE]wlan0: SIGNAL_POLL
06-25 20:03:48.476 I/wpa_supplicant( 1453): [CTRL_IFACE]wlan0: SIGNAL_POLL
06-25 20:03:51.476 I/wpa_supplicant( 1453): [CTRL_IFACE]wlan0: SIGNAL_POLL
06-25 20:03:54.486 I/wpa_supplicant( 1453): [CTRL_IFACE]wlan0: SIGNAL_POLL
06-25 20:03:57.486 I/wpa_supplicant( 1453): [CTRL_IFACE]wlan0: SIGNAL_POLL
06-25 20:04:00.496 I/wpa_supplicant( 1453): [CTRL_IFACE]wlan0: SIGNAL_POLL
06-25 20:04:03.496 I/wpa_supplicant( 1453): [CTRL_IFACE]wlan0: SIGNAL_POLL
06-25 20:04:06.506 I/wpa_supplicant( 1453): [CTRL_IFACE]wlan0: SIGNAL_POLL
06-25 20:04:09.506 I/wpa_supplicant( 1453): [CTRL_IFACE]wlan0: SIGNAL_POLL
06-25 20:04:12.516 I/wpa_supplicant( 1453): [CTRL_IFACE]wlan0: SIGNAL_POLL
06-25 20:04:15.516 I/wpa_supplicant( 1453): [CTRL_IFACE]wlan0: SIGNAL_POLL
06-25 20:04:16.396 W/Service ( 2414): mClassName= com.google.android.gsf.logintoInt= -2125384850
06-25 20:04:17.236 D/dalvikvm( 2438): GC_CONCURRENT freed 1439K, 16% free 9576K/11399K, paused 12ms+4ms, total 61ms
06-25 20:04:18.526 I/wpa_supplicant( 1453): [CTRL_IFACE]wlan0: SIGNAL_POLL
06-25 20:04:21.526 I/wpa_supplicant( 1453): [CTRL_IFACE]wlan0: SIGNAL_POLL
06-25 20:04:24.536 I/wpa_supplicant( 1453): [CTRL_IFACE]wlan0: SIGNAL_POLL
06-25 20:04:27.536 I/wpa_supplicant( 1453): [CTRL_IFACE]wlan0: SIGNAL_POLL
06-25 20:04:30.546 I/wpa_supplicant( 1453): [CTRL_IFACE]wlan0: SIGNAL_POLL
06-25 20:04:33.546 I/wpa_supplicant( 1453): [CTRL_IFACE]wlan0: SIGNAL_POLL
06-25 20:04:36.556 I/wpa_supplicant( 1453): [CTRL_IFACE]wlan0: SIGNAL_POLL
06-25 20:04:39.556 I/wpa_supplicant( 1453): [CTRL_IFACE]wlan0: SIGNAL_POLL
06-25 20:04:40.236 I/BluetoothService( 1340): ACTION_BATTERY_CHANGED pluggedType: 2
06-25 20:04:40.236 D/EthernetService( 1340): Intent.ACTION_BATTERY_CHANGED
06-25 20:04:42.566 I/wpa_supplicant( 1453): [CTRL_IFACE]wlan0: SIGNAL_POLL
06-25 20:04:45.566 I/wpa_supplicant( 1453): [CTRL_IFACE]wlan0: SIGNAL_POLL
06-25 20:04:48.566 I/wpa_supplicant( 1453): [CTRL_IFACE]wlan0: SIGNAL_POLL
06-25 20:04:51.576 I/wpa_supplicant( 1453): [CTRL_IFACE]wlan0: SIGNAL_POLL
06-25 20:04:54.586 I/wpa_supplicant( 1453): [CTRL_IFACE]wlan0: SIGNAL_POLL
06-25 20:04:57.586 I/wpa_supplicant( 1453): [CTRL_IFACE]wlan0: SIGNAL_POLL
06-25 20:05:00.596 I/wpa_supplicant( 1453): [CTRL_IFACE]wlan0: SIGNAL_POLL
06-25 20:05:03.596 I/wpa_supplicant( 1453): [CTRL_IFACE]wlan0: SIGNAL_POLL
06-25 20:05:06.596 I/wpa_supplicant( 1453): [CTRL_IFACE]wlan0: SIGNAL_POLL
06-25 20:05:09.606 I/wpa_supplicant( 1453): [CTRL_IFACE]wlan0: SIGNAL_POLL
06-25 20:05:12.616 I/wpa_supplicant( 1453): [CTRL_IFACE]wlan0: SIGNAL_POLL
06-25 20:05:15.616 I/wpa_supplicant( 1453): [CTRL_IFACE]wlan0: SIGNAL_POLL
06-25 20:05:18.626 I/wpa_supplicant( 1453): [CTRL_IFACE]wlan0: SIGNAL_POLL
06-25 20:05:21.626 I/wpa_supplicant( 1453): [CTRL_IFACE]wlan0: SIGNAL_POLL
06-25 20:05:24.636 I/wpa_supplicant( 1453): [CTRL_IFACE]wlan0: SIGNAL_POLL
06-25 20:05:27.636 I/wpa_supplicant( 1453): [CTRL_IFACE]wlan0: SIGNAL_POLL
06-25 20:05:30.636 I/wpa_supplicant( 1453): [CTRL_IFACE]wlan0: SIGNAL_POLL
06-25 20:05:33.646 I/wpa_supplicant( 1453): [CTRL_IFACE]wlan0: SIGNAL_POLL
06-25 20:05:36.656 I/wpa_supplicant( 1453): [CTRL_IFACE]wlan0: SIGNAL_POLL
06-25 20:05:36.946 D/AL_LIBC ( 3239): pid = 3239
06-25 20:05:36.946 D/appproc ( 3239): Zygote process start...
06-25 20:05:36.946 D/appproc ( 3239): Zygote runtime initialized...
06-25 20:05:36.946 D/AndroidRuntime( 3239): 
06-25 20:05:36.946 D/AndroidRuntime( 3239): >>>>>> AndroidRuntime START com.android.internal.os.RuntimeInit <<<<<<
06-25 20:05:36.946 D/AndroidRuntime( 3239): start vm...
06-25 20:05:36.946 D/AndroidRuntime( 3239): CheckJNI is OFF
06-25 20:05:36.946 D/AndroidRuntime( 3239): JNI_CreateJavaVM start
06-25 20:05:36.956 D/dalvikvm( 3239): Trying to load lib libjavacore.so 0x0
06-25 20:05:36.966 D/dalvikvm( 3239): Added shared lib libjavacore.so 0x0
06-25 20:05:36.986 D/dalvikvm( 3239): Trying to load lib libnativehelper.so 0x0
06-25 20:05:36.986 D/dalvikvm( 3239): Added shared lib libnativehelper.so 0x0
06-25 20:05:37.056 D/AndroidRuntime( 3239): AndroidRuntime VM started
06-25 20:05:37.226 D/ethernet( 3239): Loading ethernet jni class
06-25 20:05:37.256 D/AndroidRuntime( 3239): AndroidRuntime Register natives
06-25 20:05:37.256 D/AndroidRuntime( 3239): AndroidRuntime VM start java main: com.android.internal.os.RuntimeInit
06-25 20:05:37.286 D/AndroidRuntime( 3239): Calling main entry com.android.commands.pm.Pm
06-25 20:05:37.306 I/PackageManager( 1340): Removing non-system package:org.dom
06-25 20:05:37.306 I/ActivityManager( 1340): Force stopping package org.dom uid=10068
06-25 20:05:37.406 I/ActivityManager( 1340): Force stopping package org.dom uid=10068
06-25 20:05:37.416 D/dalvikvm( 1673): WAIT_FOR_CONCURRENT_GC blocked 0ms
06-25 20:05:37.416 D/dalvikvm( 1594): WAIT_FOR_CONCURRENT_GC blocked 0ms
06-25 20:05:37.446 D/dalvikvm( 1673): GC_EXPLICIT freed 274K, 10% free 6364K/7047K, paused 3ms+3ms, total 35ms
06-25 20:05:37.456 D/dalvikvm( 1340): WAIT_FOR_CONCURRENT_GC blocked 0ms
06-25 20:05:37.476 W/PluginManager( 2319): Can't find plugin: org.dom
06-25 20:05:37.476 I/InputReader( 1340): Reconfiguring input devices.  changes=0x00000010
06-25 20:05:37.506 W/Service ( 1673): mClassName= com.android.providers.contactstoInt= 1146869735
06-25 20:05:37.506 D/VoicemailCleanupService( 1673): Cleaning up data for package: org.dom
06-25 20:05:37.546 D/dalvikvm( 1594): GC_EXPLICIT freed 819K, 34% free 22003K/33095K, paused 3ms+62ms, total 126ms
06-25 20:05:37.636 D/dalvikvm( 1340): GC_EXPLICIT freed 1365K, 36% free 11341K/17671K, paused 23ms+17ms, total 179ms
06-25 20:05:37.636 D/dalvikvm( 1340): WAIT_FOR_CONCURRENT_GC blocked 88ms
06-25 20:05:37.636 D/dalvikvm( 1340): WAIT_FOR_CONCURRENT_GC blocked 110ms
06-25 20:05:37.636 D/dalvikvm( 1340): WAIT_FOR_CONCURRENT_GC blocked 110ms
06-25 20:05:37.636 D/dalvikvm( 1340): WAIT_FOR_CONCURRENT_GC blocked 123ms
06-25 20:05:38.376 W/Service ( 2815): mClassName= com.android.keychaintoInt= 1500172648
06-25 20:05:38.386 W/Service ( 2833): mClassName= com.android.musicfxtoInt= -917159941
06-25 20:05:38.426 D/dalvikvm( 1340): GC_EXPLICIT freed 172K, 36% free 11341K/17671K, paused 19ms+568ms, total 794ms
06-25 20:05:38.456 D/PackageManager( 1340): generateServicesMap(android.accounts.AccountAuthenticator): 9 services unchanged
06-25 20:05:38.456 D/AndroidRuntime( 3239): Shutting down VM
06-25 20:05:38.466 D/dalvikvm( 3239): GC_CONCURRENT freed 97K, 89% free 451K/4096K, paused 0ms+1ms, total 6ms
06-25 20:05:38.466 W/Service ( 2319): mClassName= com.google.android.googlequicksearchboxtoInt= -79313952
06-25 20:05:38.476 I/InternalIcingCorporaPro( 2319): Updating corpora: APPS=org.dom, CONTACTS=MAYBE
06-25 20:05:38.486 W/Service ( 2778): mClassName= com.android.defcontainertoInt= -1613770802
06-25 20:05:38.506 D/AlarmManager( 1340): overriden alarm callingpackages[0] com.android.vending
06-25 20:05:38.556 D/PackageBroadcastService( 1703): Received broadcast action=android.intent.action.PACKAGE_REMOVED and uri=org.dom
06-25 20:05:38.566 W/Service ( 1703): mClassName= com.google.android.gmstoInt= 400313326
06-25 20:05:38.586 W/Service ( 1703): mClassName= com.google.android.gmstoInt= 400313326
06-25 20:05:38.596 W/Service ( 2864): mClassName= com.google.android.gmstoInt= 400313326
06-25 20:05:38.606 D/Drive.UninstallOperation( 2864): Uninstall org.dom
06-25 20:05:38.616 D/dalvikvm( 1703): WAIT_FOR_CONCURRENT_GC blocked 0ms
06-25 20:05:38.656 W/Service ( 1552): mClassName= com.google.android.gmstoInt= 400313326
06-25 20:05:38.726 D/dalvikvm( 1703): GC_EXPLICIT freed 411K, 10% free 7693K/8519K, paused 15ms+13ms, total 117ms
06-25 20:05:38.766 W/Service ( 1552): mClassName= com.google.android.gmstoInt= 400313326
06-25 20:05:38.776 D/PackageManager( 1340): generateServicesMap(android.content.SyncAdapter): 19 services unchanged
06-25 20:05:38.786 D/BackupManagerService( 1340): Received broadcast Intent { act=android.intent.action.PACKAGE_REMOVED dat=package:org.dom flg=0x8000010 (has extras) }
06-25 20:05:38.786 V/BackupManagerService( 1340): removePackageParticipantsLocked: uid=10068 #1
06-25 20:05:38.796 W/Service ( 1703): mClassName= com.google.android.gmstoInt= 400313326
06-25 20:05:38.796 W/Service ( 1703): mClassName= com.google.android.gmstoInt= 400313326
06-25 20:05:38.796 W/Service ( 1703): mClassName= com.google.android.gmstoInt= 400313326
06-25 20:05:38.806 I/PeopleContactsSync( 1703): CP2 sync disabled
06-25 20:05:38.846 W/Service ( 1703): mClassName= com.google.android.gmstoInt= 400313326
06-25 20:05:38.896 I/Icing   ( 1703): doRemovePackageData org.dom
06-25 20:05:38.906 I/InternalIcingCorporaPro( 2319): UpdateCorporaTask done [took 429 ms] updated apps [took 428 ms] 
06-25 20:05:39.016 D/AlarmManager( 1340): overriden alarm callingpackages[0] com.google.android.gms
06-25 20:05:39.036 D/AL_LIBC ( 3272): pid = 3272
06-25 20:05:39.046 D/appproc ( 3272): Zygote process start...
06-25 20:05:39.046 D/appproc ( 3272): Zygote runtime initialized...
06-25 20:05:39.046 D/AndroidRuntime( 3272): 
06-25 20:05:39.046 D/AndroidRuntime( 3272): >>>>>> AndroidRuntime START com.android.internal.os.RuntimeInit <<<<<<
06-25 20:05:39.046 D/AndroidRuntime( 3272): start vm...
06-25 20:05:39.046 D/AndroidRuntime( 3272): CheckJNI is OFF
06-25 20:05:39.046 D/AndroidRuntime( 3272): JNI_CreateJavaVM start
06-25 20:05:39.056 D/dalvikvm( 3272): Trying to load lib libjavacore.so 0x0
06-25 20:05:39.066 D/dalvikvm( 3272): Added shared lib libjavacore.so 0x0
06-25 20:05:39.076 D/dalvikvm( 3272): Trying to load lib libnativehelper.so 0x0
06-25 20:05:39.076 D/dalvikvm( 3272): Added shared lib libnativehelper.so 0x0
06-25 20:05:39.136 D/DatabaseModelLoader( 2864): Uninstalled org.dom
06-25 20:05:39.156 D/dalvikvm( 2864): GC_CONCURRENT freed 279K, 8% free 6927K/7495K, paused 15ms+5ms, total 52ms
06-25 20:05:39.166 V/SubscriptionIntentCache( 2864): Loaded 0 cache items in 165 milliseconds
06-25 20:05:39.176 D/AndroidRuntime( 3272): AndroidRuntime VM started
06-25 20:05:39.176 I/LegacyContentMigrator( 2864): Migrating any legacy content...
06-25 20:05:39.186 W/Service ( 2864): mClassName= com.google.android.gmstoInt= 400313326
06-25 20:05:39.196 I/PinnedContentDownloader( 2864): Started downloading pinned content.
06-25 20:05:39.226 I/PinnedContentDownloader( 2864): Finished downloading pinned content.
06-25 20:05:39.226 I/LegacyContentMigrator( 2864): Content migration complete.
06-25 20:05:39.226 I/PinnedContentDownloader( 2864): Started downloading pinned content.
06-25 20:05:39.226 I/PinnedContentDownloader( 2864): Finished downloading pinned content.
06-25 20:05:39.326 D/ethernet( 3272): Loading ethernet jni class
06-25 20:05:39.356 D/AndroidRuntime( 3272): AndroidRuntime Register natives
06-25 20:05:39.356 D/AndroidRuntime( 3272): AndroidRuntime VM start java main: com.android.internal.os.RuntimeInit
06-25 20:05:39.386 D/AndroidRuntime( 3272): Calling main entry com.android.commands.pm.Pm
06-25 20:05:39.396 W/ActivityManager( 1340): No content provider found for permission revoke: file:///data/local/tmp/questionnaire-debug.apk
06-25 20:05:39.406 W/Service ( 2778): mClassName= com.android.defcontainertoInt= -1613770802
06-25 20:05:39.406 W/ActivityManager( 1340): No content provider found for permission revoke: file:///data/local/tmp/questionnaire-debug.apk
06-25 20:05:39.406 W/PackageManager( 1340): processPendingInstall called
06-25 20:05:39.446 I/PackageManager( 1340): Running dexopt on: org.dom
06-25 20:05:39.546 I/ActivityManager( 1340): Force stopping package org.dom uid=10068
06-25 20:05:39.656 I/wpa_supplicant( 1453): [CTRL_IFACE]wlan0: SIGNAL_POLL
06-25 20:05:39.896 I/Icing   ( 1703): Indexing 69E6F7C51BF6602660D9BB1A10BEF430F14859E0 from com.google.android.googlequicksearchbox
06-25 20:05:40.336 I/Icing   ( 1703): Not enough disk space for indexing trimmable
06-25 20:05:40.336 D/PackageManager( 1340): New package installed in /data/app/org.dom-1.apk
06-25 20:05:40.346 W/ActivityManager( 1340): Permission denied: checkComponentPermission() owningUid=10039
06-25 20:05:40.346 W/ActivityManager( 1340): Permission denied: checkComponentPermission() owningUid=10039
06-25 20:05:40.406 D/dalvikvm( 1340): GC_CONCURRENT freed 1177K, 36% free 11448K/17671K, paused 3ms+8ms, total 80ms
06-25 20:05:40.446 D/dalvikvm( 1340): WAIT_FOR_CONCURRENT_GC blocked 0ms
06-25 20:05:40.516 D/dalvikvm( 2319): GC_CONCURRENT freed 735K, 13% free 7992K/9095K, paused 3ms+4ms, total 68ms
06-25 20:05:40.536 W/Service ( 2833): mClassName= com.android.musicfxtoInt= -917159941
06-25 20:05:40.546 I/InputReader( 1340): Reconfiguring input devices.  changes=0x00000010
06-25 20:05:40.576 D/dalvikvm( 2833): GC_CONCURRENT freed 395K, 10% free 6083K/6727K, paused 2ms+2ms, total 23ms
06-25 20:05:40.636 I/InternalIcingCorporaPro( 2319): Updating corpora: APPS=org.dom, CONTACTS=MAYBE
06-25 20:05:40.636 W/Service ( 2319): mClassName= com.google.android.googlequicksearchboxtoInt= -79313952
06-25 20:05:40.686 D/AlarmManager( 1340): overriden alarm callingpackages[0] com.android.vending
06-25 20:05:40.756 D/dalvikvm( 1340): GC_EXPLICIT freed 560K, 37% free 11225K/17671K, paused 14ms+12ms, total 310ms
06-25 20:05:40.766 D/AndroidRuntime( 3272): Shutting down VM
06-25 20:05:40.776 W/Service ( 1703): mClassName= com.google.android.gmstoInt= 400313326
06-25 20:05:40.776 D/dalvikvm( 3272): GC_CONCURRENT freed 98K, 89% free 454K/4096K, paused 0ms+1ms, total 4ms
06-25 20:05:40.776 D/PackageBroadcastService( 1703): Received broadcast action=android.intent.action.PACKAGE_ADDED and uri=org.dom
06-25 20:05:40.806 W/Service ( 1703): mClassName= com.google.android.gmstoInt= 400313326
06-25 20:05:40.816 I/PeopleContactsSync( 1703): CP2 sync disabled
06-25 20:05:40.816 W/Service ( 1703): mClassName= com.google.android.gmstoInt= 400313326
06-25 20:05:40.846 W/Service ( 1552): mClassName= com.google.android.gmstoInt= 400313326
06-25 20:05:40.856 W/Service ( 1703): mClassName= com.google.android.gmstoInt= 400313326
06-25 20:05:40.856 D/PackageManager( 1340): generateServicesMap(android.accounts.AccountAuthenticator): 9 services unchanged
06-25 20:05:40.856 I/Icing   ( 1703): Not enough disk space for indexing trimmable
06-25 20:05:40.866 W/ActivityManager( 1340): Permission denied: checkComponentPermission() owningUid=10039
06-25 20:05:40.866 W/ActivityManager( 1340): Permission denied: checkComponentPermission() owningUid=10039
06-25 20:05:40.936 D/PackageManager( 1340): generateServicesMap(android.content.SyncAdapter): 19 services unchanged
06-25 20:05:40.936 D/BackupManagerService( 1340): Received broadcast Intent { act=android.intent.action.PACKAGE_ADDED dat=package:org.dom flg=0x8000010 (has extras) }
06-25 20:05:40.966 W/InternalIcingCorporaPro( 2319): Table change notification failed for TableStorageSpec[applications]
06-25 20:05:40.976 I/InternalIcingCorporaPro( 2319): UpdateCorporaTask done [took 337 ms] updated apps [took 336 ms] 
06-25 20:05:40.976 I/Icing   ( 1703): Not enough disk space for indexing trimmable
06-25 20:05:40.976 V/BackupManagerService( 1340): addPackageParticipantsLocked: #1
06-25 20:05:40.986 W/ActivityManager( 1340): Permission denied: checkComponentPermission() owningUid=10039
06-25 20:05:40.986 W/ActivityManager( 1340): Permission denied: checkComponentPermission() owningUid=10039
06-25 20:05:41.036 I/Icing   ( 1703): Indexing done 69E6F7C51BF6602660D9BB1A10BEF430F14859E0
06-25 20:05:41.036 W/Service ( 1703): mClassName= com.google.android.gmstoInt= 400313326
06-25 20:05:41.206 D/AL_LIBC ( 3302): pid = 3302
06-25 20:05:41.206 D/appproc ( 3302): Zygote process start...
06-25 20:05:41.206 D/appproc ( 3302): Zygote runtime initialized...
06-25 20:05:41.206 D/AndroidRuntime( 3302): 
06-25 20:05:41.206 D/AndroidRuntime( 3302): >>>>>> AndroidRuntime START com.android.internal.os.RuntimeInit <<<<<<
06-25 20:05:41.206 D/AndroidRuntime( 3302): start vm...
06-25 20:05:41.206 D/AndroidRuntime( 3302): CheckJNI is OFF
06-25 20:05:41.206 D/AndroidRuntime( 3302): JNI_CreateJavaVM start
06-25 20:05:41.216 D/dalvikvm( 3302): Trying to load lib libjavacore.so 0x0
06-25 20:05:41.226 D/dalvikvm( 3302): Added shared lib libjavacore.so 0x0
06-25 20:05:41.236 D/dalvikvm( 3302): Trying to load lib libnativehelper.so 0x0
06-25 20:05:41.236 D/dalvikvm( 3302): Added shared lib libnativehelper.so 0x0
06-25 20:05:41.296 D/AndroidRuntime( 3302): AndroidRuntime VM started
06-25 20:05:41.436 D/ethernet( 3302): Loading ethernet jni class
06-25 20:05:41.466 D/AndroidRuntime( 3302): AndroidRuntime Register natives
06-25 20:05:41.466 D/AndroidRuntime( 3302): AndroidRuntime VM start java main: com.android.internal.os.RuntimeInit
06-25 20:05:41.486 D/AndroidRuntime( 3302): Calling main entry com.android.commands.am.Am
06-25 20:05:41.496 I/ActivityManager( 1340): START {act=android.intent.action.MAIN flg=0x10000000 cmp=org.dom/.MainActivity u=0} from pid 3302
06-25 20:05:41.546 D/AndroidRuntime( 3302): Shutting down VM
06-25 20:05:41.556 D/dalvikvm( 3302): GC_CONCURRENT freed 98K, 89% free 485K/4096K, paused 1ms+1ms, total 11ms
06-25 20:05:41.576 D/dalvikvm( 3312): Late-enabling CheckJNI
06-25 20:05:41.576 I/ActivityManager( 1340): Start proc org.dom for activity org.dom/.MainActivity: pid=3312 uid=10068 gids={1015, 1028}
06-25 20:05:41.626 E/Trace   ( 3312): error opening trace file: No such file or directory (2)
06-25 20:05:41.866 D/libEGL  ( 3312): loaded /system/lib/egl/libEGL_VIVANTE.so
06-25 20:05:41.866 D/libEGL  ( 3312): loaded /system/lib/egl/libGLESv1_CM_VIVANTE.so
06-25 20:05:41.886 D/libEGL  ( 3312): loaded /system/lib/egl/libGLESv2_VIVANTE.so
06-25 20:05:41.926 E/BufferQueue( 1051): [org.dom/org.dom.MainActivity] dequeueBuffer: can't dequeue multiple buffers without setting the buffer count
06-25 20:05:41.936 D/OpenGLRenderer( 3312): Enabling debug mode 0
06-25 20:05:42.066 I/ActivityManager( 1340): Displayed org.dom/.MainActivity: +520ms
06-25 20:05:42.656 I/wpa_supplicant( 1453): [CTRL_IFACE]wlan0: SIGNAL_POLL
06-25 20:05:44.216 I/BluetoothService( 1340): ACTION_BATTERY_CHANGED pluggedType: 2
06-25 20:05:44.216 D/EthernetService( 1340): Intent.ACTION_BATTERY_CHANGED
06-25 20:05:45.666 I/wpa_supplicant( 1453): [CTRL_IFACE]wlan0: SIGNAL_POLL
06-25 20:05:45.846 W/Service ( 1552): mClassName= com.google.android.gmstoInt= 400313326
06-25 20:05:48.666 I/wpa_supplicant( 1453): [CTRL_IFACE]wlan0: SIGNAL_POLL
06-25 20:05:51.676 I/wpa_supplicant( 1453): [CTRL_IFACE]wlan0: SIGNAL_POLL
06-25 20:05:54.676 I/wpa_supplicant( 1453): [CTRL_IFACE]wlan0: SIGNAL_POLL
06-25 20:05:55.706 W/Service ( 2438): mClassName= com.android.vendingtoInt= 1483848391
06-25 20:05:55.816 D/Finsky  ( 2438): [1] 5.onFinished: Installation state replication succeeded.
06-25 20:05:55.816 W/Service ( 2438): mClassName= com.android.vendingtoInt= 1483848391
06-25 20:05:57.676 I/wpa_supplicant( 1453): [CTRL_IFACE]wlan0: SIGNAL_POLL
06-25 20:06:00.686 I/wpa_supplicant( 1453): [CTRL_IFACE]wlan0: SIGNAL_POLL
06-25 20:06:03.686 I/wpa_supplicant( 1453): [CTRL_IFACE]wlan0: SIGNAL_POLL
06-25 20:06:05.796 I/wpa_supplicant( 1453): wlan0: WPA: Group rekeying completed with 00:1d:93:5e:7b:a4 [GTK=TKIP]
06-25 20:06:06.696 I/wpa_supplicant( 1453): [CTRL_IFACE]wlan0: SIGNAL_POLL
06-25 20:06:09.466 V/hoge    ( 3312): you can do it1
06-25 20:06:09.696 I/wpa_supplicant( 1453): [CTRL_IFACE]wlan0: SIGNAL_POLL
06-25 20:06:12.106 V/hoge    ( 3312): you can do it1
06-25 20:06:12.706 I/wpa_supplicant( 1453): [CTRL_IFACE]wlan0: SIGNAL_POLL
06-25 20:06:15.706 I/wpa_supplicant( 1453): [CTRL_IFACE]wlan0: SIGNAL_POLL
06-25 20:06:18.716 I/wpa_supplicant( 1453): [CTRL_IFACE]wlan0: SIGNAL_POLL
06-25 20:06:21.716 I/wpa_supplicant( 1453): [CTRL_IFACE]wlan0: SIGNAL_POLL
06-25 20:06:24.726 I/wpa_supplicant( 1453): [CTRL_IFACE]wlan0: SIGNAL_POLL
06-25 20:06:27.726 I/wpa_supplicant( 1453): [CTRL_IFACE]wlan0: SIGNAL_POLL
06-25 20:06:30.726 I/wpa_supplicant( 1453): [CTRL_IFACE]wlan0: SIGNAL_POLL
06-25 20:06:32.276 V/SystemUI( 1483): CAN NOT BOUNCE THE NOTIFICATION PANEL!!
06-25 20:06:32.276 V/SystemUI( 1483): MotionEvent.ACTION_UP:1
06-25 20:06:32.276 V/SystemUI( 1483): event.getX():208.12878
06-25 20:06:32.276 V/SystemUI( 1483): event.getY():8.048706
06-25 20:06:32.276 V/SystemUI( 1483): mInitialTouchX:212.12573
06-25 20:06:32.276 V/SystemUI( 1483): mInitialTouchY:15.039978
06-25 20:06:32.276 V/SystemUI( 1483): mTouchSlop:12
06-25 20:06:32.276 V/SystemUI( 1483): v.getBottom():48
06-25 20:06:33.736 I/wpa_supplicant( 1453): [CTRL_IFACE]wlan0: SIGNAL_POLL
06-25 20:06:36.736 I/wpa_supplicant( 1453): [CTRL_IFACE]wlan0: SIGNAL_POLL
06-25 20:06:39.746 I/wpa_supplicant( 1453): [CTRL_IFACE]wlan0: SIGNAL_POLL
06-25 20:06:42.746 I/wpa_supplicant( 1453): [CTRL_IFACE]wlan0: SIGNAL_POLL
06-25 20:06:45.756 I/wpa_supplicant( 1453): [CTRL_IFACE]wlan0: SIGNAL_POLL
06-25 20:06:48.146 E/BufferQueue( 1051): [NotificationPanel] dequeueBuffer: can't dequeue multiple buffers without setting the buffer count
06-25 20:06:48.226 I/BluetoothService( 1340): ACTION_BATTERY_CHANGED pluggedType: 2
06-25 20:06:48.226 D/EthernetService( 1340): Intent.ACTION_BATTERY_CHANGED
06-25 20:06:48.756 I/wpa_supplicant( 1453): [CTRL_IFACE]wlan0: SIGNAL_POLL
06-25 20:06:50.246 W/InputMethodManagerService( 1340): Window already focused, ignoring focus gain of: com.android.internal.view.IInputMethodClient$Stub$Proxy@412fa1e0 attribute=null
06-25 20:06:51.656 E/BufferQueue( 1051): [NotificationPanel] dequeueBuffer: can't dequeue multiple buffers without setting the buffer count
06-25 20:06:51.766 I/wpa_supplicant( 1453): [CTRL_IFACE]wlan0: SIGNAL_POLL
06-25 20:06:52.546 W/KeyguardViewMediator( 1340): verifyUnlock called when not externally disabled
06-25 20:06:52.546 I/ActivityManager( 1340): START {act=com.google.android.finsky.VIEW_MY_DOWNLOADS flg=0x10000000 cmp=com.android.vending/com.google.android.finsky.activities.MainActivity u=0} from pid 2438
06-25 20:06:52.596 D/dalvikvm( 2438): WAIT_FOR_CONCURRENT_GC blocked 0ms
06-25 20:06:52.856 D/dalvikvm( 2438): GC_EXPLICIT freed 621K, 17% free 9487K/11399K, paused 5ms+7ms, total 260ms
06-25 20:06:52.946 D/dalvikvm( 1340): GC_CONCURRENT freed 923K, 35% free 11494K/17671K, paused 15ms+11ms, total 330ms
06-25 20:06:53.136 W/Service ( 2414): mClassName= com.google.android.gsf.logintoInt= -2125384850
06-25 20:06:53.156 D/EthernetStateTracker( 1340): getLinkProperties()
06-25 20:06:53.186 D/dalvikvm( 1340): WAIT_FOR_CONCURRENT_GC blocked 0ms
06-25 20:06:53.196 W/Service ( 2414): mClassName= com.google.android.gsf.logintoInt= -2125384850
06-25 20:06:53.216 D/dalvikvm( 2414): GC_CONCURRENT freed 350K, 10% free 6132K/6791K, paused 13ms+2ms, total 39ms
06-25 20:06:53.296 D/dalvikvm( 1340): GC_EXPLICIT freed 167K, 36% free 11368K/17671K, paused 4ms+8ms, total 112ms
06-25 20:06:53.336 I/qtaguid ( 2438): Failed write_ctrl(u 53) res=-1 errno=22
06-25 20:06:53.336 D/libEGL  ( 2438): loaded /system/lib/egl/libEGL_VIVANTE.so
06-25 20:06:53.336 I/qtaguid ( 2438): Untagging socket 53 failed errno=-22
06-25 20:06:53.336 W/NetworkManagementSocketTagger( 2438): untagSocket(53) failed with errno -22
06-25 20:06:53.346 D/libEGL  ( 2438): loaded /system/lib/egl/libGLESv1_CM_VIVANTE.so
06-25 20:06:53.356 D/libEGL  ( 2438): loaded /system/lib/egl/libGLESv2_VIVANTE.so
06-25 20:06:53.416 E/BufferQueue( 1051): [com.android.vending/com.google.android.finsky.activities.MainActivity] dequeueBuffer: can't dequeue multiple buffers without setting the buffer count
06-25 20:06:53.416 D/OpenGLRenderer( 2438): Enabling debug mode 0
06-25 20:06:53.746 D/Finsky  ( 2438): [1] SelfUpdateScheduler.checkForSelfUpdate: Skipping DFE self-update. Local Version [80280020] >= Server Version [-1]
06-25 20:06:53.746 I/ActivityManager( 1340): Displayed com.android.vending/com.google.android.finsky.activities.MainActivity: +1s157ms
06-25 20:06:53.786 D/Finsky  ( 2438): [1] UpdateWidgetsReceiver.onReceive: Updated 0 MarketWidgetProvider widgets (com.google.android.finsky.action.TOC_SET)
06-25 20:06:53.796 D/Finsky  ( 2438): [1] UpdateWidgetsReceiver.onReceive: Updated 0 RecommendedWidgetProvider widgets (com.google.android.finsky.action.TOC_SET)
06-25 20:06:53.796 D/Finsky  ( 2438): [1] UpdateWidgetsReceiver.onReceive: Updated 0 NowPlayingWidgetProvider widgets (com.google.android.finsky.action.TOC_SET)
06-25 20:06:53.856 D/Finsky  ( 2438): [1] MainActivity.initializeBilling: Optimistically initializing billing parameters.
06-25 20:06:53.856 I/dalvikvm( 2438): Jit: resizing JitTable from 4096 to 8192
06-25 20:06:54.596 D/dalvikvm( 2438): GC_CONCURRENT freed 719K, 14% free 9870K/11399K, paused 13ms+14ms, total 76ms
06-25 20:06:54.756 I/Choreographer( 2438): Skipped 54 frames!  The application may be doing too much work on its main thread.
06-25 20:06:54.766 I/wpa_supplicant( 1453): [CTRL_IFACE]wlan0: SIGNAL_POLL
06-25 20:06:54.786 W/Service ( 2414): mClassName= com.google.android.gsf.logintoInt= -2125384850
06-25 20:06:54.886 I/ActivityManager( 1340): START {act=android.intent.action.MAIN cat=[android.intent.category.HOME] flg=0x10200000 cmp=com.android.launcher/com.android.launcher2.Launcher u=0} from pid 1340
06-25 20:06:54.966 D/Finsky  ( 2438): [1] BaseWidgetProvider.onReceive: Received ACTION_APPWIDGET_UPDATE, updating 0 widgets.
06-25 20:06:55.006 W/Service ( 1552): mClassName= com.google.android.gmstoInt= 400313326
06-25 20:06:55.016 W/Service ( 1552): mClassName= com.google.android.gmstoInt= 400313326
06-25 20:06:55.076 D/Finsky  ( 2438): [1] BaseWidgetProvider.onReceive: Received ACTION_APPWIDGET_UPDATE, updating 0 widgets.
06-25 20:06:55.116 W/Service ( 1552): mClassName= com.google.android.gmstoInt= 400313326
06-25 20:06:55.166 D/dalvikvm( 1594): GC_FOR_ALLOC freed 1697K, 34% free 22149K/33095K, paused 84ms, total 85ms
06-25 20:06:55.186 I/dalvikvm-heap( 1594): Grow heap (frag case) to 25.542MB for 3850256-byte allocation
06-25 20:06:55.266 I/qtaguid ( 2438): Failed write_ctrl(u 53) res=-1 errno=22
06-25 20:06:55.286 I/qtaguid ( 2438): Untagging socket 53 failed errno=-22
06-25 20:06:55.306 W/NetworkManagementSocketTagger( 2438): untagSocket(53) failed with errno -22
06-25 20:06:55.316 D/Finsky  ( 2438): [1] BaseWidgetProvider.onReceive: Received ACTION_APPWIDGET_UPDATE, updating 0 widgets.
06-25 20:06:55.326 D/dalvikvm( 1594): GC_CONCURRENT freed 288K, 23% free 25621K/33095K, paused 20ms+12ms, total 138ms
06-25 20:06:55.326 D/dalvikvm( 1594): WAIT_FOR_CONCURRENT_GC blocked 122ms
06-25 20:06:55.446 E/BufferQueue( 1051): [com.android.launcher/com.android.launcher2.Launcher] dequeueBuffer: can't dequeue multiple buffers without setting the buffer count
06-25 20:06:55.576 D/dalvikvm( 2438): GC_CONCURRENT freed 609K, 8% free 10507K/11399K, paused 14ms+16ms, total 128ms
06-25 20:06:56.026 D/dalvikvm( 1483): GC_CONCURRENT freed 639K, 58% free 8441K/19719K, paused 31ms+17ms, total 166ms
06-25 20:06:56.166 W/MediaPlayer( 2438): reset
06-25 20:06:56.196 I/WindowManager( 1340): Ignoring HOME; event canceled.
06-25 20:06:56.426 E/BufferQueue( 1051): [SearchPanel] dequeueBuffer: can't dequeue multiple buffers without setting the buffer count
06-25 20:06:56.496 W/Service ( 2414): mClassName= com.google.android.gsf.logintoInt= -2125384850
06-25 20:06:56.956 I/ActivityManager( 1340): START {act=android.intent.action.ASSIST flg=0x10000000 cmp=com.google.android.googlequicksearchbox/.SearchActivity u=0} from pid 1483
06-25 20:06:57.016 I/qtaguid ( 2438): Failed write_ctrl(u 67) res=-1 errno=22
06-25 20:06:57.016 I/qtaguid ( 2438): Untagging socket 67 failed errno=-22
06-25 20:06:57.016 W/NetworkManagementSocketTagger( 2438): untagSocket(67) failed with errno -22
06-25 20:06:57.126 I/ActivityManager( 1340): START {act=android.intent.action.MAIN flg=0x14000000 cmp=com.google.android.googlequicksearchbox/com.google.android.velvet.ui.VelvetActivity (has extras) u=0} from pid 2319
06-25 20:06:57.326 D/Finsky  ( 2438): [1] MultiWayUpdateController.captureVariesByAccount: Change varies-by-account for com.evernote to true
06-25 20:06:57.436 W/Service ( 2414): mClassName= com.google.android.gsf.logintoInt= -2125384850
06-25 20:06:57.496 D/dalvikvm( 2438): GC_CONCURRENT freed 1117K, 12% free 10904K/12295K, paused 17ms+32ms, total 250ms
06-25 20:06:57.616 D/dalvikvm( 2319): GC_CONCURRENT freed 457K, 12% free 8084K/9095K, paused 26ms+12ms, total 140ms
06-25 20:06:57.776 I/wpa_supplicant( 1453): [CTRL_IFACE]wlan0: SIGNAL_POLL
06-25 20:06:57.876 I/qtaguid ( 2438): Failed write_ctrl(u 67) res=-1 errno=22
06-25 20:06:57.876 I/qtaguid ( 2438): Untagging socket 67 failed errno=-22
06-25 20:06:57.876 W/NetworkManagementSocketTagger( 2438): untagSocket(67) failed with errno -22
06-25 20:06:58.026 D/dalvikvm( 2319): GC_FOR_ALLOC freed 53K, 9% free 8337K/9095K, paused 75ms, total 76ms
06-25 20:06:58.426 D/libEGL  ( 2319): loaded /system/lib/egl/libEGL_VIVANTE.so
06-25 20:06:58.436 D/libEGL  ( 2319): loaded /system/lib/egl/libGLESv1_CM_VIVANTE.so
06-25 20:06:58.456 D/libEGL  ( 2319): loaded /system/lib/egl/libGLESv2_VIVANTE.so
06-25 20:06:58.546 E/BufferQueue( 1051): [com.google.android.googlequicksearchbox/com.google.android.velvet.ui.VelvetActivity] dequeueBuffer: can't dequeue multiple buffers without setting the buffer count
06-25 20:06:58.596 D/OpenGLRenderer( 2319): Enabling debug mode 0
06-25 20:06:58.666 I/Velvet.Presenter( 2319): setupFromIntent(Intent { act=android.intent.action.MAIN flg=0x14000000 cmp=com.google.android.googlequicksearchbox/com.google.android.velvet.ui.VelvetActivity (has extras) })
06-25 20:06:58.746 I/ActivityManager( 1340): START {flg=0x10008000 cmp=com.google.android.googlequicksearchbox/com.google.android.velvet.tg.FirstRunActivity u=0} from pid 2319
06-25 20:06:58.816 W/Velvet.Presenter( 2319): Still observing while not the active client
06-25 20:06:58.826 W/Velvet.Presenter( 2319): Still observing while not the active client
06-25 20:06:59.036 W/Velvet.Presenter( 2319): Still observing while not the active client
06-25 20:06:59.036 I/ContactAccountLoggerTas( 2319): canRun() : Opted Out
06-25 20:06:59.066 I/dalvikvm( 1483): Jit: resizing JitTable from 4096 to 8192
06-25 20:06:59.896 I/ActivityManager( 1340): START {act=android.intent.action.ASSIST flg=0x10000000 cmp=com.google.android.googlequicksearchbox/.SearchActivity u=0} from pid 1483
06-25 20:06:59.966 I/Choreographer( 2319): Skipped 52 frames!  The application may be doing too much work on its main thread.
06-25 20:06:59.996 E/GCoreUlr( 1770): Error deleting /data/data/com.google.android.gms/files/flog
06-25 20:06:59.996 E/GCoreUlr( 1770): Error deleting /data/data/com.google.android.gms/files/flog
06-25 20:07:00.006 E/GCoreUlr( 1770): Error deleting /data/data/com.google.android.gms/files/flog
06-25 20:07:00.006 E/GCoreUlr( 1770): Error deleting /data/data/com.google.android.gms/files/flog
06-25 20:07:00.036 E/GCoreUlr( 1770): Error deleting /data/data/com.google.android.gms/files/flog
06-25 20:07:00.036 E/GCoreUlr( 1770): Error deleting /data/data/com.google.android.gms/files/flog
06-25 20:07:00.046 E/GCoreUlr( 1770): Error deleting /data/data/com.google.android.gms/files/flog
06-25 20:07:00.056 E/GCoreUlr( 1770): Error deleting /data/data/com.google.android.gms/files/flog
06-25 20:07:00.056 E/BufferQueue( 1051): [com.google.android.googlequicksearchbox/com.google.android.velvet.tg.FirstRunActivity] dequeueBuffer: can't dequeue multiple buffers without setting the buffer count
06-25 20:07:00.076 W/Service ( 1770): mClassName= com.google.android.gmstoInt= 400313326
06-25 20:07:00.186 D/dalvikvm( 1770): GC_CONCURRENT freed 390K, 9% free 7407K/8071K, paused 3ms+3ms, total 56ms
06-25 20:07:00.206 W/Service ( 2319): mClassName= com.google.android.googlequicksearchboxtoInt= -79313952
06-25 20:07:00.206 I/ActivityManager( 1340): START {act=android.intent.action.MAIN flg=0x14000000 cmp=com.google.android.googlequicksearchbox/com.google.android.velvet.ui.VelvetActivity (has extras) u=0} from pid 2319
06-25 20:07:00.246 E/GCoreUlr( 1770): Error deleting /data/data/com.google.android.gms/files/flog
06-25 20:07:00.256 E/GCoreUlr( 1770): Error deleting /data/data/com.google.android.gms/files/flog
06-25 20:07:00.266 E/GCoreUlr( 1770): Error deleting /data/data/com.google.android.gms/files/flog
06-25 20:07:00.276 E/GCoreUlr( 1770): Error deleting /data/data/com.google.android.gms/files/flog
06-25 20:07:00.286 E/GCoreUlr( 1770): Error deleting /data/data/com.google.android.gms/files/flog
06-25 20:07:00.296 E/GCoreUlr( 1770): Error deleting /data/data/com.google.android.gms/files/flog
06-25 20:07:00.296 E/GCoreUlr( 1770): Error deleting /data/data/com.google.android.gms/files/flog
06-25 20:07:00.316 E/GCoreUlr( 1770): Error deleting /data/data/com.google.android.gms/files/flog
06-25 20:07:00.326 W/ResourceType( 1340): Skipping entry 0x7f04000e in package table 0 because it is not complex!
06-25 20:07:00.336 W/ResourceType( 1340): Skipping entry 0x7f04000f in package table 0 because it is not complex!
06-25 20:07:00.346 I/ActivityManager( 1340): Displayed com.google.android.googlequicksearchbox/com.google.android.velvet.ui.VelvetActivity: +3s189ms (total +3s298ms)
06-25 20:07:00.346 I/ActivityManager( 1340): Displayed com.google.android.googlequicksearchbox/com.google.android.velvet.tg.FirstRunActivity: +1s305ms
06-25 20:07:00.366 E/GCoreUlr( 1770): Error deleting /data/data/com.google.android.gms/files/flog
06-25 20:07:00.376 E/GCoreUlr( 1770): Error deleting /data/data/com.google.android.gms/files/flog
06-25 20:07:00.386 E/GCoreUlr( 1770): Error deleting /data/data/com.google.android.gms/files/flog
06-25 20:07:00.386 E/GCoreUlr( 1770): Error deleting /data/data/com.google.android.gms/files/flog
06-25 20:07:00.426 I/Velvet.Presenter( 2319): setupFromIntent(Intent { act=android.intent.action.MAIN flg=0x14400000 cmp=com.google.android.googlequicksearchbox/com.google.android.velvet.ui.VelvetActivity (has extras) })
06-25 20:07:00.436 I/ActivityManager( 1340): START {flg=0x10008000 cmp=com.google.android.googlequicksearchbox/com.google.android.velvet.tg.FirstRunActivity u=0} from pid 2319
06-25 20:07:00.566 D/dalvikvm( 2319): GC_CONCURRENT freed 357K, 7% free 8800K/9415K, paused 13ms+17ms, total 100ms
06-25 20:07:00.586 D/dalvikvm( 1532): WAIT_FOR_CONCURRENT_GC blocked 0ms
06-25 20:07:00.666 I/ContactAccountLoggerTas( 2319): canRun() : Opted Out
06-25 20:07:00.666 I/ContactAccountLoggerTas( 2319): canRun() : Opted Out
06-25 20:07:00.676 W/Velvet.Presenter( 2319): Still observing while not the active client
06-25 20:07:00.686 W/Velvet.Presenter( 2319): Still observing while not the active client
06-25 20:07:00.686 D/dalvikvm( 1532): GC_EXPLICIT freed 6K, 12% free 7362K/8327K, paused 5ms+6ms, total 102ms
06-25 20:07:00.726 W/GLSUser ( 1552): GoogleAccountDataService.getToken()
06-25 20:07:00.736 W/Service ( 1552): mClassName= com.google.android.gmstoInt= 400313326
06-25 20:07:00.776 I/wpa_supplicant( 1453): [CTRL_IFACE]wlan0: SIGNAL_POLL
06-25 20:07:00.786 E/GCoreUlr( 1770): Error deleting /data/data/com.google.android.gms/files/flog
06-25 20:07:00.786 W/Service ( 1552): mClassName= com.google.android.gmstoInt= 400313326
06-25 20:07:00.796 E/GCoreUlr( 1770): Error deleting /data/data/com.google.android.gms/files/flog
06-25 20:07:00.796 E/BufferQueue( 1051): [com.google.android.googlequicksearchbox/com.google.android.velvet.tg.FirstRunActivity] dequeueBuffer: can't dequeue multiple buffers without setting the buffer count
06-25 20:07:00.816 W/Service ( 1552): mClassName= com.google.android.gmstoInt= 400313326
06-25 20:07:00.846 D/dalvikvm( 1532): WAIT_FOR_CONCURRENT_GC blocked 0ms
