05-31 22:04:39.918 D/dalvikvm( 6527): GC_CONCURRENT freed 351K, 9% free 7069K/7687K, paused 13ms+13ms, total 58ms
05-31 22:04:39.928 E/Trace   ( 6555): error opening trace file: No such file or directory (2)
05-31 22:04:40.068 D/dalvikvm( 6555): GC_CONCURRENT freed 170K, 7% free 6373K/6791K, paused 12ms+2ms, total 48ms
05-31 22:04:40.068 D/dalvikvm( 6555): WAIT_FOR_CONCURRENT_GC blocked 7ms
05-31 22:04:40.118 I/ActivityThread( 6555): Pub com.android.chrome.snapshot: com.google.android.apps.chrome.snapshot.SnapshotProvider
05-31 22:04:40.118 I/ActivityThread( 6555): Pub com.android.chrome.AutofillDataProvider: com.google.android.apps.chrome.autofill.AutofillDataProvider
05-31 22:04:40.128 I/ActivityThread( 6555): Pub com.android.chrome.icing: com.google.android.apps.chrome.icing.IcingProvider
05-31 22:04:40.148 I/ActivityThread( 6555): Pub com.android.chrome.ChromeBrowserProvider;com.android.chrome.browser;com.android.chrome: com.google.android.apps.chrome.ChromeBrowserProvider
05-31 22:04:40.208 D/dalvikvm( 6555): GC_CONCURRENT freed 195K, 8% free 6611K/7111K, paused 12ms+2ms, total 37ms
05-31 22:04:40.228 D/dalvikvm( 6527): GC_CONCURRENT freed 332K, 8% free 7207K/7815K, paused 2ms+16ms, total 61ms
05-31 22:04:40.328 I/SystemUpdateService( 1622): acquiring wakelock
05-31 22:04:40.328 W/Service ( 1622): mClassName= com.google.android.gmstoInt= 400313326
05-31 22:04:40.338 I/SystemUpdateService( 1622): releasing wakelock
05-31 22:04:40.358 D/GCM     ( 1529): GcmService start Intent { act=android.net.conn.CONNECTIVITY_CHANGE flg=0x8000010 cmp=com.google.android.gms/.gcm.GcmService (has extras) } android.net.conn.CONNECTIVITY_CHANGE
05-31 22:04:40.438 D/dalvikvm( 6527): GC_CONCURRENT freed 369K, 9% free 7340K/8007K, paused 3ms+2ms, total 36ms
05-31 22:04:40.568 D/dalvikvm( 6527): GC_FOR_ALLOC freed 182K, 8% free 7408K/8007K, paused 40ms, total 40ms
05-31 22:04:40.698 D/dalvikvm( 6527): GC_CONCURRENT freed 240K, 7% free 7660K/8199K, paused 12ms+13ms, total 57ms
05-31 22:04:40.718 I/ActivityManager( 1265): No longer want com.android.keychain (pid 4520): hidden #16
05-31 22:04:40.848 D/dalvikvm( 6527): GC_CONCURRENT freed 404K, 8% free 7788K/8455K, paused 12ms+13ms, total 58ms
05-31 22:04:40.998 D/dalvikvm( 6527): GC_CONCURRENT freed 429K, 8% free 7964K/8647K, paused 12ms+13ms, total 62ms
05-31 22:04:41.128 D/dalvikvm( 6527): GC_CONCURRENT freed 485K, 9% free 8170K/8903K, paused 2ms+3ms, total 43ms
05-31 22:04:41.128 D/dalvikvm( 6527): WAIT_FOR_CONCURRENT_GC blocked 13ms
05-31 22:04:41.138 D/dalvikvm( 6527): WAIT_FOR_CONCURRENT_GC blocked 23ms
05-31 22:04:41.288 D/dalvikvm( 6527): GC_CONCURRENT freed 524K, 9% free 8387K/9159K, paused 2ms+2ms, total 46ms
05-31 22:04:41.288 D/dalvikvm( 6527): WAIT_FOR_CONCURRENT_GC blocked 15ms
05-31 22:04:41.288 D/dalvikvm( 6527): WAIT_FOR_CONCURRENT_GC blocked 17ms
05-31 22:04:41.488 D/dalvikvm( 6527): GC_CONCURRENT freed 598K, 9% free 8633K/9479K, paused 12ms+2ms, total 66ms
05-31 22:04:41.488 D/dalvikvm( 6527): WAIT_FOR_CONCURRENT_GC blocked 40ms
05-31 22:04:41.498 D/dalvikvm( 6527): WAIT_FOR_CONCURRENT_GC blocked 51ms
05-31 22:04:41.678 D/dalvikvm( 6527): GC_CONCURRENT freed 825K, 11% free 8727K/9799K, paused 3ms+15ms, total 71ms
05-31 22:04:41.678 D/dalvikvm( 6527): WAIT_FOR_CONCURRENT_GC blocked 6ms
05-31 22:04:41.678 D/dalvikvm( 6527): WAIT_FOR_CONCURRENT_GC blocked 20ms
05-31 22:04:41.888 D/dalvikvm( 6527): GC_CONCURRENT freed 780K, 11% free 8899K/9927K, paused 12ms+2ms, total 68ms
05-31 22:04:41.888 D/dalvikvm( 6527): WAIT_FOR_CONCURRENT_GC blocked 15ms
05-31 22:04:41.898 D/dalvikvm( 6527): WAIT_FOR_CONCURRENT_GC blocked 17ms
05-31 22:04:41.918 D/dalvikvm( 6504): GC_FOR_ALLOC freed 193K, 10% free 7034K/7751K, paused 36ms, total 36ms
05-31 22:04:42.058 W/com.amazon.kindle/com.amazon.identity.auth.device.api.DeviceDataStore( 6504): Key dsn was not found in the device data store
05-31 22:04:42.078 D/dalvikvm( 6504): GC_CONCURRENT freed 181K, 7% free 7318K/7815K, paused 16ms+13ms, total 56ms
05-31 22:04:42.128 D/dalvikvm( 6527): GC_CONCURRENT freed 777K, 11% free 9095K/10119K, paused 12ms+2ms, total 72ms
05-31 22:04:42.128 D/dalvikvm( 6527): WAIT_FOR_CONCURRENT_GC blocked 33ms
05-31 22:04:42.128 D/dalvikvm( 6527): WAIT_FOR_CONCURRENT_GC blocked 32ms
05-31 22:04:42.338 D/dalvikvm( 6504): GC_CONCURRENT freed 497K, 10% free 7310K/8071K, paused 12ms+13ms, total 51ms
05-31 22:04:42.358 D/dalvikvm( 6527): GC_CONCURRENT freed 829K, 11% free 9298K/10375K, paused 2ms+3ms, total 79ms
05-31 22:04:42.358 D/dalvikvm( 6527): WAIT_FOR_CONCURRENT_GC blocked 31ms
05-31 22:04:42.368 D/dalvikvm( 6527): WAIT_FOR_CONCURRENT_GC blocked 38ms
05-31 22:04:42.408 D/dalvikvm( 6504): GC_FOR_ALLOC freed 55K, 9% free 7358K/8071K, paused 24ms, total 25ms
05-31 22:04:42.538 D/dalvikvm( 6527): GC_CONCURRENT freed 925K, 11% free 9522K/10695K, paused 2ms+3ms, total 63ms
05-31 22:04:42.538 D/dalvikvm( 6527): WAIT_FOR_CONCURRENT_GC blocked 28ms
05-31 22:04:42.548 D/dalvikvm( 6527): WAIT_FOR_CONCURRENT_GC blocked 43ms
05-31 22:04:42.648 I/System.out( 6504): INFO: com.amazon.ea.EndActionsPlugin Initializing EA Plugin
05-31 22:04:42.738 D/dalvikvm( 6527): GC_CONCURRENT freed 956K, 11% free 9747K/10951K, paused 12ms+2ms, total 76ms
05-31 22:04:42.738 D/dalvikvm( 6527): WAIT_FOR_CONCURRENT_GC blocked 41ms
05-31 22:04:42.738 D/dalvikvm( 6527): WAIT_FOR_CONCURRENT_GC blocked 41ms
05-31 22:04:42.748 D/dalvikvm( 6504): GC_CONCURRENT freed 278K, 8% free 7501K/8135K, paused 13ms+16ms, total 55ms
05-31 22:04:42.828 E/Crashlytics( 6527): Network error while loading Crashlytics settings. Crashes will be cached until the network is available. [URL=https://settings.crashlytics.com/api/v2/keys/060629362bf0d9735460c4bcca7d789bf25ca35d/platforms/android/apps/com.twitter.android/settings.json?libVersion=0.9.10.10.e&bundleVersion=1000429&shortBundleVersion=4.1.8]; [class java.net.UnknownHostException: Unable to resolve host "settings.crashlytics.com": No address associated with hostname]
05-31 22:04:42.828 E/Crashlytics( 6527): Settings response code in invalid: -1
05-31 22:04:42.938 D/dalvikvm( 6504): GC_CONCURRENT freed 355K, 8% free 7546K/8199K, paused 13ms+3ms, total 52ms
05-31 22:04:42.988 I/DPLogger( 6504): DPLogger - Name was too long. Truncating; original name: CrashDescriptorStorageUtil, truncated name: CrashDescriptorStorageU
05-31 22:04:42.998 I/CrashDescriptorStorageU( 6504): loadFromSharedPreferences - No keys retrieved from shared preferences.;
05-31 22:04:42.998 I/com.amazon.device.crashmanager.CrashDetectionHelper( 6504): Installing crash detector as default exception handler.
05-31 22:04:42.998 I/com.amazon.device.crashmanager.CrashDetectionHelper( 6504): Skipping crash report upload. WiFi is not connected.
05-31 22:04:43.058 D/dalvikvm( 6527): GC_FOR_ALLOC freed 591K, 11% free 9908K/11015K, paused 67ms, total 67ms
05-31 22:04:43.098 D/dalvikvm( 6504): GC_FOR_ALLOC freed 166K, 7% free 7686K/8263K, paused 46ms, total 46ms
05-31 22:04:43.158 D/dalvikvm( 6527): GC_FOR_ALLOC freed 333K, 13% free 9911K/11335K, paused 76ms, total 76ms
05-31 22:04:43.388 D/dalvikvm( 6504): DexOpt: --- BEGIN '20140406030659_secondary_dex.jar' (bootstrap=0) ---
05-31 22:04:45.918 D/dalvikvm( 6504): DexOpt: --- END '20140406030659_secondary_dex.jar' (success) ---
05-31 22:04:45.918 D/dalvikvm( 6504): DEX prep '/data/data/com.amazon.kindle/app_dex/20140406030659_secondary_dex.jar': unzip in 212ms, rewrite 2531ms
05-31 22:04:45.948 W/com.amazon.whispersync.dcp.settings.SettingsCache( 6504): Permission to read device settings doesn't exist. This is normal on third-party devices.
05-31 22:04:45.948 I/com.amazon.whispersync.dcp.settings.SettingsCache( 6504): Always use default values for settings
05-31 22:04:45.948 E/com.amazon.whispersync.dcp.framework.ClassConfigurationParser( 6504): Could not find class configuration file dcp_class_configuration.xml
05-31 22:04:45.958 E/com.amazon.whispersync.dcp.framework.ClassConfigurationParser( 6504): The configuration file does not have a key for DeviceInfo
05-31 22:04:45.958 I/com.amazon.whispersync.dcp.framework.ClassConfigurationParser( 6504): Attempting to create class com.amazon.whispersync.dcp.framework.AmazonDeviceInfo with android.content.Context constructor.
05-31 22:04:45.968 W/com.amazon.whispersync.dcp.framework.DeviceInfo( 6504): Build Number  could not be parsed to an integer. Using default value
05-31 22:04:45.968 I/com.amazon.kindle/com.amazon.identity.auth.device.api.MAPInit( 6504): MAP Components already initalized
05-31 22:04:46.038 D/dalvikvm( 6504): GC_CONCURRENT freed 429K, 8% free 7838K/8519K, paused 13ms+3ms, total 60ms
05-31 22:04:46.038 D/dalvikvm( 6504): WAIT_FOR_CONCURRENT_GC blocked 15ms
05-31 22:04:46.168 D/dalvikvm( 6504): GC_CONCURRENT freed 547K, 10% free 7912K/8711K, paused 3ms+3ms, total 34ms
05-31 22:04:46.168 D/dalvikvm( 6504): WAIT_FOR_CONCURRENT_GC blocked 10ms
05-31 22:04:46.268 D/dalvikvm( 6504): GC_CONCURRENT freed 610K, 10% free 7976K/8839K, paused 3ms+4ms, total 39ms
05-31 22:04:46.268 D/dalvikvm( 6504): WAIT_FOR_CONCURRENT_GC blocked 16ms
05-31 22:04:46.268 D/dalvikvm( 6504): WAIT_FOR_CONCURRENT_GC blocked 16ms
05-31 22:04:46.278 D/dalvikvm( 6504): WAIT_FOR_CONCURRENT_GC blocked 17ms
05-31 22:04:46.348 D/dalvikvm( 6504): GC_FOR_ALLOC freed 307K, 10% free 8035K/8903K, paused 40ms, total 40ms
05-31 22:04:46.458 D/dalvikvm( 6504): GC_CONCURRENT freed 641K, 10% free 8074K/8967K, paused 3ms+4ms, total 39ms
05-31 22:04:46.458 D/dalvikvm( 6504): WAIT_FOR_CONCURRENT_GC blocked 20ms
05-31 22:04:46.558 D/dalvikvm( 6504): GC_CONCURRENT freed 673K, 11% free 8103K/9031K, paused 3ms+3ms, total 37ms
05-31 22:04:46.558 D/dalvikvm( 6504): WAIT_FOR_CONCURRENT_GC blocked 20ms
05-31 22:04:46.758 D/dalvikvm( 6504): GC_CONCURRENT freed 651K, 10% free 8192K/9095K, paused 3ms+4ms, total 39ms
05-31 22:04:46.758 D/dalvikvm( 6504): WAIT_FOR_CONCURRENT_GC blocked 12ms
05-31 22:04:46.808 D//Ln.java:218( 6504): Thread-289 Configuring Logging, minimum log level is INFO
05-31 22:04:46.868 I/DPLogger( 6504): DPLogger - Name was too long. Truncating; original name: BaseMetricsServiceFactory, truncated name: BaseMetricsServiceFacto
05-31 22:04:46.868 D/StrictMode( 6504): StrictMode policy violation: android.os.StrictMode$StrictModeDiskReadViolation: policy=159 violation=2
05-31 22:04:46.868 D/StrictMode( 6504): 	at android.os.StrictMode$AndroidBlockGuardPolicy.onReadFromDisk(StrictMode.java:1107)
05-31 22:04:46.868 D/StrictMode( 6504): 	at android.app.SharedPreferencesImpl.awaitLoadedLocked(SharedPreferencesImpl.java:184)
05-31 22:04:46.868 D/StrictMode( 6504): 	at android.app.SharedPreferencesImpl.getBoolean(SharedPreferencesImpl.java:241)
05-31 22:04:46.868 D/StrictMode( 6504): 	at com.amazon.whispersync.client.metrics.BaseMetricsServiceFactory.shouldUsePassThroughMode(BaseMetricsServiceFactory.java:161)
05-31 22:04:46.868 D/StrictMode( 6504): 	at com.amazon.whispersync.client.metrics.BaseMetricsServiceFactory.<init>(BaseMetricsServiceFactory.java:126)
05-31 22:04:46.868 D/StrictMode( 6504): 	at com.amazon.whispersync.client.metrics.GenericMetricsServiceAdapter.<init>(GenericMetricsServiceAdapter.java:70)
05-31 22:04:46.868 D/StrictMode( 6504): 	at com.amazon.whispersync.client.metrics.GenericMetricsServiceAdapter.getInstance(GenericMetricsServiceAdapter.java:169)
05-31 22:04:46.868 D/StrictMode( 6504): 	at com.amazon.whispersync.client.metrics.AndroidMetricsFactoryImpl.setOAuthHelper(AndroidMetricsFactoryImpl.java:57)
05-31 22:04:46.868 D/StrictMode( 6504): 	at com.amazon.device.sync.metrics.ThirdPartyMetricsConfig.setMetricsConfig(ThirdPartyMetricsConfig.java:94)
05-31 22:04:46.868 D/StrictMode( 6504): 	at com.amazon.device.sync.SyncInit.onCreate(SyncInit.java:52)
05-31 22:04:46.868 D/StrictMode( 6504): 	at com.amazon.kindle.whispersyncV2.external.SyncInitWrapper.onApplicationCreate(SyncInitWrapper.java:25)
05-31 22:04:46.868 D/StrictMode( 6504): 	at com.amazon.kcp.application.StandaloneApplication$2.run(StandaloneApplication.java:230)
05-31 22:04:46.868 D/StrictMode( 6504): 	at java.lang.Thread.run(Thread.java:856)
05-31 22:04:46.888 I/DPLogger( 6504): DPLogger - Name was too long. Truncating; original name: TComm.HttpClientSrrManager, truncated name: TComm.HttpClientSrrMana
05-31 22:04:46.888 I/DPLogger( 6504): DPLogger - Name was too long. Truncating; original name: AndroidDeviceInfoManager, truncated name: AndroidDeviceInfoManage
05-31 22:04:46.888 I/DPLogger( 6504): DPLogger - Name was too long. Truncating; original name: Metrics:BoundedByteArrayQueue, truncated name: Metrics:BoundedByteArra
05-31 22:04:46.888 I/DPLogger( 6504): DPLogger - Name was too long. Truncating; original name: Metrics:NonVolatileBoundedByteArrayQueue, truncated name: Metrics:NonVolatileBoun
05-31 22:04:46.898 I/DPLogger( 6504): DPLogger - Name was too long. Truncating; original name: Metrics:BatchTransmitter, truncated name: Metrics:BatchTransmitte
05-31 22:04:46.898 I/DPLogger( 6504): DPLogger - Name was too long. Truncating; original name: Metrics:ThreadPoolBatchTransmitter, truncated name: Metrics:ThreadPoolBatch
05-31 22:04:46.898 I/DPLogger( 6504): DPLogger - Name was too long. Truncating; original name: PeriodicBatchTransmitter, truncated name: PeriodicBatchTransmitte
05-31 22:04:46.898 I/DPLogger( 6504): DPLogger - Name was too long. Truncating; original name: Metrics:UrgentBatchTransmitter, truncated name: Metrics:UrgentBatchTran
05-31 22:04:46.898 W/BaseMetricsServiceFacto( 6504): createMetricsService - Skipping batch pipeline setup for ; RESERVED_FOR_LOCATION_SERVICE:  because no configuration is provided.
05-31 22:04:46.898 W/BaseMetricsServiceFacto( 6504): createMetricsService - Skipping batch pipeline setup for ; RESERVED_FOR_NON_ANONYMOUS_METRICS:  because no configuration is provided.
05-31 22:04:46.898 I/Metrics:BatchTransmitte( 6504): QueuePusher.sendBatches - Drained batch queue.; Number of batches sent: 0
05-31 22:04:46.898 I/Metrics:BatchTransmitte( 6504): QueuePusher.sendBatches - Drained batch queue.; Number of batches sent: 0
05-31 22:04:46.898 I/DPLogger( 6504): DPLogger - Name was too long. Truncating; original name: MetricsBroadcastReceiver, truncated name: MetricsBroadcastReceive
05-31 22:04:46.948 D/dalvikvm( 6504): GC_CONCURRENT freed 741K, 11% free 8228K/9223K, paused 3ms+4ms, total 45ms
05-31 22:04:46.948 D/dalvikvm( 6504): WAIT_FOR_CONCURRENT_GC blocked 13ms
05-31 22:04:46.948 D/dalvikvm( 6504): WAIT_FOR_CONCURRENT_GC blocked 13ms
05-31 22:04:46.978 D/StrictMode( 6504): StrictMode policy violation: android.os.StrictMode$StrictModeDiskReadViolation: policy=159 violation=2
05-31 22:04:46.978 D/StrictMode( 6504): 	at android.os.StrictMode$AndroidBlockGuardPolicy.onReadFromDisk(StrictMode.java:1107)
05-31 22:04:46.978 D/StrictMode( 6504): 	at android.database.sqlite.SQLiteConnection.applyBlockGuardPolicy(SQLiteConnection.java:1034)
05-31 22:04:46.978 D/StrictMode( 6504): 	at android.database.sqlite.SQLiteConnection.executeForCursorWindow(SQLiteConnection.java:835)
05-31 22:04:46.978 D/StrictMode( 6504): 	at android.database.sqlite.SQLiteSession.executeForCursorWindow(SQLiteSession.java:836)
05-31 22:04:46.978 D/StrictMode( 6504): 	at android.database.sqlite.SQLiteQuery.fillWindow(SQLiteQuery.java:62)
05-31 22:04:46.978 D/StrictMode( 6504): 	at android.database.sqlite.SQLiteCursor.fillWindow(SQLiteCursor.java:143)
05-31 22:04:46.978 D/StrictMode( 6504): 	at android.database.sqlite.SQLiteCursor.getCount(SQLiteCursor.java:133)
05-31 22:04:46.978 D/StrictMode( 6504): 	at android.database.AbstractCursor.moveToPosition(AbstractCursor.java:196)
05-31 22:04:46.978 D/StrictMode( 6504): 	at android.database.AbstractCursor.moveToNext(AbstractCursor.java:244)
05-31 22:04:46.978 D/StrictMode( 6504): 	at com.amazon.kindle.event.EventProviderDB.getAllEvents(EventProviderDB.java:215)
05-31 22:04:46.978 D/StrictMode( 6504): 	at com.amazon.kindle.event.RedrivableEventProvider.registerHandler(RedrivableEventProvider.java:49)
05-31 22:04:46.978 D/StrictMode( 6504): 	at com.amazon.kindle.collections.business.CollectionsManager.<init>(CollectionsManager.java:93)
05-31 22:04:46.978 D/StrictMode( 6504): 	at com.amazon.kindle.collections.business.CollectionsManager.getInstance(CollectionsManager.java:141)
05-31 22:04:46.978 D/StrictMode( 6504): 	at com.amazon.kindle.collections.business.CollectionsManager.syncCollections(CollectionsManager.java:160)
05-31 22:04:46.978 D/StrictMode( 6504): 	at com.amazon.kcp.application.StandaloneApplication$2.run(StandaloneApplication.java:236)
05-31 22:04:46.978 D/StrictMode( 6504): 	at java.lang.Thread.run(Thread.java:856)
05-31 22:04:46.988 D/StrictMode( 6504): StrictMode policy violation: android.os.StrictMode$StrictModeDiskWriteViolation: policy=159 violation=1
05-31 22:04:46.988 D/StrictMode( 6504): 	at android.os.StrictMode$AndroidBlockGuardPolicy.onWriteToDisk(StrictMode.java:1081)
05-31 22:04:46.988 D/StrictMode( 6504): 	at android.database.sqlite.SQLiteConnection.applyBlockGuardPolicy(SQLiteConnection.java:1036)
05-31 22:04:46.988 D/StrictMode( 6504): 	at android.database.sqlite.SQLiteConnection.execute(SQLiteConnection.java:545)
05-31 22:04:46.988 D/StrictMode( 6504): 	at android.database.sqlite.SQLiteSession.beginTransactionUnchecked(SQLiteSession.java:323)
05-31 22:04:46.988 D/StrictMode( 6504): 	at android.database.sqlite.SQLiteSession.beginTransaction(SQLiteSession.java:298)
05-31 22:04:46.988 D/StrictMode( 6504): 	at android.database.sqlite.SQLiteDatabase.beginTransaction(SQLiteDatabase.java:505)
05-31 22:04:46.988 D/StrictMode( 6504): 	at android.database.sqlite.SQLiteDatabase.beginTransaction(SQLiteDatabase.java:416)
05-31 22:04:46.988 D/StrictMode( 6504): 	at com.amazon.kindle.db.KindleDBHelper.startTransaction(KindleDBHelper.java:38)
05-31 22:04:46.988 D/StrictMode( 6504): 	at com.amazon.kindle.event.EventProviderDB.markEventsProcessed(EventProviderDB.java:325)
05-31 22:04:46.988 D/StrictMode( 6504): 	at com.amazon.kindle.event.RedrivableEventProvider.registerHandler(RedrivableEventProvider.java:80)
05-31 22:04:46.988 D/StrictMode( 6504): 	at com.amazon.kindle.collections.business.CollectionsManager.<init>(CollectionsManager.java:93)
05-31 22:04:46.988 D/StrictMode( 6504): 	at com.amazon.kindle.collections.business.CollectionsManager.getInstance(CollectionsManager.java:141)
05-31 22:04:46.988 D/StrictMode( 6504): 	at com.amazon.kindle.collections.business.CollectionsManager.syncCollections(CollectionsManager.java:160)
05-31 22:04:46.988 D/StrictMode( 6504): 	at com.amazon.kcp.application.StandaloneApplication$2.run(StandaloneApplication.java:236)
05-31 22:04:46.988 D/StrictMode( 6504): 	at java.lang.Thread.run(Thread.java:856)
05-31 22:04:46.998 D/StrictMode( 6504): StrictMode policy violation: android.os.StrictMode$StrictModeDiskReadViolation: policy=159 violation=2
05-31 22:04:46.998 D/StrictMode( 6504): 	at android.os.StrictMode$AndroidBlockGuardPolicy.onReadFromDisk(StrictMode.java:1107)
05-31 22:04:46.998 D/StrictMode( 6504): 	at android.database.sqlite.SQLiteConnection.applyBlockGuardPolicy(SQLiteConnection.java:1034)
05-31 22:04:46.998 D/StrictMode( 6504): 	at android.database.sqlite.SQLiteConnection.execute(SQLiteConnection.java:545)
05-31 22:04:46.998 D/StrictMode( 6504): 	at android.database.sqlite.SQLiteSession.endTransactionUnchecked(SQLiteSession.java:437)
05-31 22:04:46.998 D/StrictMode( 6504): 	at android.database.sqlite.SQLiteSession.endTransaction(SQLiteSession.java:401)
05-31 22:04:46.998 D/StrictMode( 6504): 	at android.database.sqlite.SQLiteDatabase.endTransaction(SQLiteDatabase.java:522)
05-31 22:04:46.998 D/StrictMode( 6504): 	at com.amazon.kindle.event.EventProviderDB.markEventsProcessed(EventProviderDB.java:356)
05-31 22:04:46.998 D/StrictMode( 6504): 	at com.amazon.kindle.event.RedrivableEventProvider.registerHandler(RedrivableEventProvider.java:80)
05-31 22:04:46.998 D/StrictMode( 6504): 	at com.amazon.kindle.collections.business.CollectionsManager.<init>(CollectionsManager.java:93)
05-31 22:04:46.998 D/StrictMode( 6504): 	at com.amazon.kindle.collections.business.CollectionsManager.getInstance(CollectionsManager.java:141)
05-31 22:04:46.998 D/StrictMode( 6504): 	at com.amazon.kindle.collections.business.CollectionsManager.syncCollections(CollectionsManager.java:160)
05-31 22:04:46.998 D/StrictMode( 6504): 	at com.amazon.kcp.application.StandaloneApplication$2.run(StandaloneApplication.java:236)
05-31 22:04:46.998 D/StrictMode( 6504): 	at java.lang.Thread.run(Thread.java:856)
05-31 22:04:47.008 D/StrictMode( 6504): StrictMode policy violation: android.os.StrictMode$StrictModeDiskReadViolation: policy=159 violation=2
05-31 22:04:47.008 D/StrictMode( 6504): 	at android.os.StrictMode$AndroidBlockGuardPolicy.onReadFromDisk(StrictMode.java:1107)
05-31 22:04:47.008 D/StrictMode( 6504): 	at android.database.sqlite.SQLiteConnection.applyBlockGuardPolicy(SQLiteConnection.java:1034)
05-31 22:04:47.008 D/StrictMode( 6504): 	at android.database.sqlite.SQLiteConnection.executeForCursorWindow(SQLiteConnection.java:835)
05-31 22:04:47.008 D/StrictMode( 6504): 	at android.database.sqlite.SQLiteSession.executeForCursorWindow(SQLiteSession.java:836)
05-31 22:04:47.008 D/StrictMode( 6504): 	at android.database.sqlite.SQLiteQuery.fillWindow(SQLiteQuery.java:62)
05-31 22:04:47.008 D/StrictMode( 6504): 	at android.database.sqlite.SQLiteCursor.fillWindow(SQLiteCursor.java:143)
05-31 22:04:47.008 D/StrictMode( 6504): 	at android.database.sqlite.SQLiteCursor.getCount(SQLiteCursor.java:133)
05-31 22:04:47.008 D/StrictMode( 6504): 	at android.database.AbstractCursor.moveToPosition(AbstractCursor.java:196)
05-31 22:04:47.008 D/StrictMode( 6504): 	at android.database.AbstractCursor.moveToNext(AbstractCursor.java:244)
05-31 22:04:47.008 D/StrictMode( 6504): 	at com.amazon.kindle.event.EventProviderDB.getAllEvents(EventProviderDB.java:215)
05-31 22:04:47.008 D/StrictMode( 6504): 	at com.amazon.kindle.event.RedrivableEventProvider.registerHandler(RedrivableEventProvider.java:49)
05-31 22:04:47.008 D/StrictMode( 6504): 	at com.amazon.kindle.collections.business.CollectionsManager.<init>(CollectionsManager.java:117)
05-31 22:04:47.008 D/StrictMode( 6504): 	at com.amazon.kindle.collections.business.CollectionsManager.getInstance(CollectionsManager.java:141)
05-31 22:04:47.008 D/StrictMode( 6504): 	at com.amazon.kindle.collections.business.CollectionsManager.syncCollections(CollectionsManager.java:160)
05-31 22:04:47.008 D/StrictMode( 6504): 	at com.amazon.kcp.application.StandaloneApplication$2.run(StandaloneApplication.java:236)
05-31 22:04:47.008 D/StrictMode( 6504): 	at java.lang.Thread.run(Thread.java:856)
05-31 22:04:47.008 D/StrictMode( 6504): StrictMode policy violation: android.os.StrictMode$StrictModeDiskWriteViolation: policy=159 violation=1
05-31 22:04:47.008 D/StrictMode( 6504): 	at android.os.StrictMode$AndroidBlockGuardPolicy.onWriteToDisk(StrictMode.java:1081)
05-31 22:04:47.008 D/StrictMode( 6504): 	at android.database.sqlite.SQLiteConnection.applyBlockGuardPolicy(SQLiteConnection.java:1036)
05-31 22:04:47.008 D/StrictMode( 6504): 	at android.database.sqlite.SQLiteConnection.execute(SQLiteConnection.java:545)
05-31 22:04:47.008 D/StrictMode( 6504): 	at android.database.sqlite.SQLiteSession.beginTransactionUnchecked(SQLiteSession.java:323)
05-31 22:04:47.008 D/StrictMode( 6504): 	at android.database.sqlite.SQLiteSession.beginTransaction(SQLiteSession.java:298)
05-31 22:04:47.008 D/StrictMode( 6504): 	at android.database.sqlite.SQLiteDatabase.beginTransaction(SQLiteDatabase.java:505)
05-31 22:04:47.008 D/StrictMode( 6504): 	at android.database.sqlite.SQLiteDatabase.beginTransaction(SQLiteDatabase.java:416)
05-31 22:04:47.008 D/StrictMode( 6504): 	at com.amazon.kindle.db.KindleDBHelper.startTransaction(KindleDBHelper.java:38)
05-31 22:04:47.008 D/StrictMode( 6504): 	at com.amazon.kindle.event.EventProviderDB.markEventsProcessed(EventProviderDB.java:325)
05-31 22:04:47.008 D/StrictMode( 6504): 	at com.amazon.kindle.event.RedrivableEventProvider.registerHandler(RedrivableEventProvider.java:80)
05-31 22:04:47.008 D/StrictMode( 6504): 	at com.amazon.kindle.collections.business.CollectionsManager.<init>(CollectionsManager.java:117)
05-31 22:04:47.008 D/StrictMode( 6504): 	at com.amazon.kindle.collections.business.CollectionsManager.getInstance(CollectionsManager.java:141)
05-31 22:04:47.008 D/StrictMode( 6504): 	at com.amazon.kindle.collections.business.CollectionsManager.syncCollections(CollectionsManager.java:160)
05-31 22:04:47.008 D/StrictMode( 6504): 	at com.amazon.kcp.application.StandaloneApplication$2.run(StandaloneApplication.java:236)
05-31 22:04:47.008 D/StrictMode( 6504): 	at java.lang.Thread.run(Thread.java:856)
05-31 22:04:47.018 D/StrictMode( 6504): StrictMode policy violation: android.os.StrictMode$StrictModeDiskReadViolation: policy=159 violation=2
05-31 22:04:47.018 D/StrictMode( 6504): 	at android.os.StrictMode$AndroidBlockGuardPolicy.onReadFromDisk(StrictMode.java:1107)
05-31 22:04:47.018 D/StrictMode( 6504): 	at android.database.sqlite.SQLiteConnection.applyBlockGuardPolicy(SQLiteConnection.java:1034)
05-31 22:04:47.018 D/StrictMode( 6504): 	at android.database.sqlite.SQLiteConnection.execute(SQLiteConnection.java:545)
05-31 22:04:47.018 D/StrictMode( 6504): 	at android.database.sqlite.SQLiteSession.endTransactionUnchecked(SQLiteSession.java:437)
05-31 22:04:47.018 D/StrictMode( 6504): 	at android.database.sqlite.SQLiteSession.endTransaction(SQLiteSession.java:401)
05-31 22:04:47.018 D/StrictMode( 6504): 	at android.database.sqlite.SQLiteDatabase.endTransaction(SQLiteDatabase.java:522)
05-31 22:04:47.018 D/StrictMode( 6504): 	at com.amazon.kindle.event.EventProviderDB.markEventsProcessed(EventProviderDB.java:356)
05-31 22:04:47.018 D/StrictMode( 6504): 	at com.amazon.kindle.event.RedrivableEventProvider.registerHandler(RedrivableEventProvider.java:80)
05-31 22:04:47.018 D/StrictMode( 6504): 	at com.amazon.kindle.collections.business.CollectionsManager.<init>(CollectionsManager.java:117)
05-31 22:04:47.018 D/StrictMode( 6504): 	at com.amazon.kindle.collections.business.CollectionsManager.getInstance(CollectionsManager.java:141)
05-31 22:04:47.018 D/StrictMode( 6504): 	at com.amazon.kindle.collections.business.CollectionsManager.syncCollections(CollectionsManager.java:160)
05-31 22:04:47.018 D/StrictMode( 6504): 	at com.amazon.kcp.application.StandaloneApplication$2.run(StandaloneApplication.java:236)
05-31 22:04:47.018 D/StrictMode( 6504): 	at java.lang.Thread.run(Thread.java:856)
05-31 22:04:52.858 I/wpa_supplicant( 1377): [CTRL_IFACE]wlan0: AP_SCAN 1
05-31 22:04:52.858 I/wpa_supplicant( 1377): [CTRL_IFACE]wlan0: SCAN_RESULTS
05-31 22:04:52.868 D/AlarmManager( 1265): overriden alarm callingpackages[0] com.google.android.gms
05-31 22:04:52.868 D/AlarmManager( 1265): overriden alarm callingpackages[0] com.google.android.gms
05-31 22:05:09.688 I/wpa_supplicant( 1377): [CTRL_IFACE]wlan0: AP_SCAN 1
05-31 22:05:09.698 I/wpa_supplicant( 1377): [CTRL_IFACE]wlan0: SCAN_RESULTS
05-31 22:05:09.708 D/AlarmManager( 1265): overriden alarm callingpackages[0] com.google.android.gms
05-31 22:05:09.708 D/AlarmManager( 1265): overriden alarm callingpackages[0] com.google.android.gms
05-31 22:05:20.508 I/BluetoothService( 1265): ACTION_BATTERY_CHANGED pluggedType: 2
05-31 22:05:20.508 D/EthernetService( 1265): Intent.ACTION_BATTERY_CHANGED
05-31 22:05:25.868 W/ThrottleService( 1265): unable to find stats for iface rmnet0
05-31 22:05:26.528 I/wpa_supplicant( 1377): [CTRL_IFACE]wlan0: AP_SCAN 1
05-31 22:05:26.528 I/wpa_supplicant( 1377): [CTRL_IFACE]wlan0: SCAN_RESULTS
05-31 22:05:26.538 D/AlarmManager( 1265): overriden alarm callingpackages[0] com.google.android.gms
05-31 22:05:26.538 D/AlarmManager( 1265): overriden alarm callingpackages[0] com.google.android.gms
05-31 22:05:34.658 D/ConnectivityService( 1265): NetTransition Wakelock for WifiStateMachine released by timeout
05-31 22:05:43.368 I/wpa_supplicant( 1377): [CTRL_IFACE]wlan0: AP_SCAN 1
05-31 22:05:43.368 I/wpa_supplicant( 1377): [CTRL_IFACE]wlan0: SCAN_RESULTS
05-31 22:05:43.378 D/AlarmManager( 1265): overriden alarm callingpackages[0] com.google.android.gms
05-31 22:05:43.378 D/AlarmManager( 1265): overriden alarm callingpackages[0] com.google.android.gms
05-31 22:06:00.228 I/wpa_supplicant( 1377): [CTRL_IFACE]wlan0: AP_SCAN 1
05-31 22:06:00.228 I/wpa_supplicant( 1377): [CTRL_IFACE]wlan0: SCAN_RESULTS
05-31 22:06:00.238 D/AlarmManager( 1265): overriden alarm callingpackages[0] com.google.android.gms
05-31 22:06:00.238 D/AlarmManager( 1265): overriden alarm callingpackages[0] com.google.android.gms
05-31 22:06:17.068 I/wpa_supplicant( 1377): [CTRL_IFACE]wlan0: AP_SCAN 1
05-31 22:06:17.068 I/wpa_supplicant( 1377): [CTRL_IFACE]wlan0: SCAN_RESULTS
05-31 22:06:17.078 D/AlarmManager( 1265): overriden alarm callingpackages[0] com.google.android.gms
05-31 22:06:17.078 D/AlarmManager( 1265): overriden alarm callingpackages[0] com.google.android.gms
05-31 22:06:24.508 I/BluetoothService( 1265): ACTION_BATTERY_CHANGED pluggedType: 2
05-31 22:06:24.508 D/EthernetService( 1265): Intent.ACTION_BATTERY_CHANGED
05-31 22:06:33.908 I/wpa_supplicant( 1377): [CTRL_IFACE]wlan0: AP_SCAN 1
05-31 22:06:33.908 I/wpa_supplicant( 1377): [CTRL_IFACE]wlan0: SCAN_RESULTS
05-31 22:06:33.918 D/AlarmManager( 1265): overriden alarm callingpackages[0] com.google.android.gms
05-31 22:06:33.918 D/AlarmManager( 1265): overriden alarm callingpackages[0] com.google.android.gms
05-31 22:06:50.738 I/wpa_supplicant( 1377): [CTRL_IFACE]wlan0: AP_SCAN 1
05-31 22:06:50.738 I/wpa_supplicant( 1377): [CTRL_IFACE]wlan0: SCAN_RESULTS
05-31 22:06:50.758 D/AlarmManager( 1265): overriden alarm callingpackages[0] com.google.android.gms
05-31 22:06:50.758 D/AlarmManager( 1265): overriden alarm callingpackages[0] com.google.android.gms
05-31 22:07:07.588 I/wpa_supplicant( 1377): [CTRL_IFACE]wlan0: AP_SCAN 1
05-31 22:07:07.588 I/wpa_supplicant( 1377): [CTRL_IFACE]wlan0: SCAN_RESULTS
05-31 22:07:07.598 D/AlarmManager( 1265): overriden alarm callingpackages[0] com.google.android.gms
05-31 22:07:07.598 D/AlarmManager( 1265): overriden alarm callingpackages[0] com.google.android.gms
05-31 22:07:24.428 I/wpa_supplicant( 1377): [CTRL_IFACE]wlan0: AP_SCAN 1
05-31 22:07:24.428 I/wpa_supplicant( 1377): [CTRL_IFACE]wlan0: SCAN_RESULTS
05-31 22:07:24.438 D/AlarmManager( 1265): overriden alarm callingpackages[0] com.google.android.gms
05-31 22:07:24.438 D/AlarmManager( 1265): overriden alarm callingpackages[0] com.google.android.gms
05-31 22:07:28.508 I/BluetoothService( 1265): ACTION_BATTERY_CHANGED pluggedType: 2
05-31 22:07:28.508 D/EthernetService( 1265): Intent.ACTION_BATTERY_CHANGED
05-31 22:07:41.258 I/wpa_supplicant( 1377): [CTRL_IFACE]wlan0: AP_SCAN 1
05-31 22:07:41.258 I/wpa_supplicant( 1377): [CTRL_IFACE]wlan0: SCAN_RESULTS
05-31 22:07:41.268 D/AlarmManager( 1265): overriden alarm callingpackages[0] com.google.android.gms
05-31 22:07:41.268 D/AlarmManager( 1265): overriden alarm callingpackages[0] com.google.android.gms
05-31 22:07:58.098 I/wpa_supplicant( 1377): [CTRL_IFACE]wlan0: AP_SCAN 1
05-31 22:07:58.108 I/wpa_supplicant( 1377): [CTRL_IFACE]wlan0: SCAN_RESULTS
05-31 22:07:58.108 D/AlarmManager( 1265): overriden alarm callingpackages[0] com.google.android.gms
05-31 22:07:58.118 D/AlarmManager( 1265): overriden alarm callingpackages[0] com.google.android.gms
05-31 22:08:13.688 D/AlarmManager( 1265): overriden alarm callingpackages[0] com.google.android.gms
05-31 22:08:13.748 D/AlarmManager( 1265): overriden alarm callingpackages[0] com.google.android.gms
05-31 22:08:14.958 I/wpa_supplicant( 1377): [CTRL_IFACE]wlan0: AP_SCAN 1
05-31 22:08:14.958 I/wpa_supplicant( 1377): [CTRL_IFACE]wlan0: SCAN_RESULTS
05-31 22:08:14.968 D/AlarmManager( 1265): overriden alarm callingpackages[0] com.google.android.gms
05-31 22:08:14.968 D/AlarmManager( 1265): overriden alarm callingpackages[0] com.google.android.gms
05-31 22:08:31.798 I/wpa_supplicant( 1377): [CTRL_IFACE]wlan0: AP_SCAN 1
05-31 22:08:31.798 I/wpa_supplicant( 1377): [CTRL_IFACE]wlan0: SCAN_RESULTS
05-31 22:08:31.808 D/AlarmManager( 1265): overriden alarm callingpackages[0] com.google.android.gms
05-31 22:08:31.808 D/AlarmManager( 1265): overriden alarm callingpackages[0] com.google.android.gms
05-31 22:08:48.638 I/wpa_supplicant( 1377): [CTRL_IFACE]wlan0: AP_SCAN 1
05-31 22:08:48.638 I/wpa_supplicant( 1377): [CTRL_IFACE]wlan0: SCAN_RESULTS
05-31 22:08:48.648 D/AlarmManager( 1265): overriden alarm callingpackages[0] com.google.android.gms
05-31 22:08:48.648 D/AlarmManager( 1265): overriden alarm callingpackages[0] com.google.android.gms
05-31 22:09:00.098 D/dalvikvm( 1265): GC_CONCURRENT freed 1272K, 34% free 11425K/17159K, paused 11ms+8ms, total 95ms
05-31 22:09:05.488 I/wpa_supplicant( 1377): [CTRL_IFACE]wlan0: AP_SCAN 1
05-31 22:09:05.488 I/wpa_supplicant( 1377): [CTRL_IFACE]wlan0: SCAN_RESULTS
05-31 22:09:05.498 D/AlarmManager( 1265): overriden alarm callingpackages[0] com.google.android.gms
05-31 22:09:05.498 D/AlarmManager( 1265): overriden alarm callingpackages[0] com.google.android.gms
05-31 22:09:22.328 I/wpa_supplicant( 1377): [CTRL_IFACE]wlan0: AP_SCAN 1
05-31 22:09:22.328 I/wpa_supplicant( 1377): [CTRL_IFACE]wlan0: SCAN_RESULTS
05-31 22:09:22.328 D/AlarmManager( 1265): overriden alarm callingpackages[0] com.google.android.gms
05-31 22:09:22.338 D/AlarmManager( 1265): overriden alarm callingpackages[0] com.google.android.gms
05-31 22:09:34.608 I/wpa_supplicant( 1377): [CTRL_IFACE]wlan0: SCAN
05-31 22:09:36.448 I/wpa_supplicant( 1377): [CTRL_IFACE]wlan0: AP_SCAN 1
05-31 22:09:36.448 I/wpa_supplicant( 1377): [CTRL_IFACE]wlan0: SCAN_RESULTS
05-31 22:09:36.458 D/AlarmManager( 1265): overriden alarm callingpackages[0] com.google.android.gms
05-31 22:09:36.458 D/AlarmManager( 1265): overriden alarm callingpackages[0] com.google.android.gms
05-31 22:09:36.508 I/BluetoothService( 1265): ACTION_BATTERY_CHANGED pluggedType: 2
05-31 22:09:36.508 D/EthernetService( 1265): Intent.ACTION_BATTERY_CHANGED
05-31 22:09:46.878 D/AbstractMetricsFactoryImpl( 6504): record : No data points in metrics event
05-31 22:09:53.288 I/wpa_supplicant( 1377): [CTRL_IFACE]wlan0: AP_SCAN 1
05-31 22:09:53.288 I/wpa_supplicant( 1377): [CTRL_IFACE]wlan0: SCAN_RESULTS
05-31 22:09:53.288 D/AlarmManager( 1265): overriden alarm callingpackages[0] com.google.android.gms
05-31 22:09:53.288 D/AlarmManager( 1265): overriden alarm callingpackages[0] com.google.android.gms
05-31 22:10:10.138 I/wpa_supplicant( 1377): [CTRL_IFACE]wlan0: AP_SCAN 1
05-31 22:10:10.138 I/wpa_supplicant( 1377): [CTRL_IFACE]wlan0: SCAN_RESULTS
05-31 22:10:10.148 D/AlarmManager( 1265): overriden alarm callingpackages[0] com.google.android.gms
05-31 22:10:10.148 D/AlarmManager( 1265): overriden alarm callingpackages[0] com.google.android.gms
05-31 22:10:26.978 I/wpa_supplicant( 1377): [CTRL_IFACE]wlan0: AP_SCAN 1
05-31 22:10:26.978 I/wpa_supplicant( 1377): [CTRL_IFACE]wlan0: SCAN_RESULTS
05-31 22:10:26.988 D/AlarmManager( 1265): overriden alarm callingpackages[0] com.google.android.gms
05-31 22:10:26.988 D/AlarmManager( 1265): overriden alarm callingpackages[0] com.google.android.gms
05-31 22:10:40.528 I/BluetoothService( 1265): ACTION_BATTERY_CHANGED pluggedType: 2
05-31 22:10:40.528 D/EthernetService( 1265): Intent.ACTION_BATTERY_CHANGED
05-31 22:10:43.818 I/wpa_supplicant( 1377): [CTRL_IFACE]wlan0: AP_SCAN 1
05-31 22:10:43.818 I/wpa_supplicant( 1377): [CTRL_IFACE]wlan0: SCAN_RESULTS
05-31 22:10:43.828 D/AlarmManager( 1265): overriden alarm callingpackages[0] com.google.android.gms
05-31 22:10:43.828 D/AlarmManager( 1265): overriden alarm callingpackages[0] com.google.android.gms
05-31 22:11:00.638 I/wpa_supplicant( 1377): [CTRL_IFACE]wlan0: AP_SCAN 1
05-31 22:11:00.638 I/wpa_supplicant( 1377): [CTRL_IFACE]wlan0: SCAN_RESULTS
05-31 22:11:00.648 D/AlarmManager( 1265): overriden alarm callingpackages[0] com.google.android.gms
05-31 22:11:00.648 D/AlarmManager( 1265): overriden alarm callingpackages[0] com.google.android.gms
05-31 22:11:17.478 I/wpa_supplicant( 1377): [CTRL_IFACE]wlan0: AP_SCAN 1
05-31 22:11:17.478 I/wpa_supplicant( 1377): [CTRL_IFACE]wlan0: SCAN_RESULTS
05-31 22:11:17.488 D/AlarmManager( 1265): overriden alarm callingpackages[0] com.google.android.gms
05-31 22:11:17.488 D/AlarmManager( 1265): overriden alarm callingpackages[0] com.google.android.gms
05-31 22:11:17.898 I/Metrics:BatchTransmitte( 6504): QueuePusher.sendBatches - Drained batch queue.; Number of batches sent: 0
05-31 22:11:34.328 I/wpa_supplicant( 1377): [CTRL_IFACE]wlan0: AP_SCAN 1
05-31 22:11:34.328 I/wpa_supplicant( 1377): [CTRL_IFACE]wlan0: SCAN_RESULTS
05-31 22:11:34.338 D/AlarmManager( 1265): overriden alarm callingpackages[0] com.google.android.gms
05-31 22:11:34.338 D/AlarmManager( 1265): overriden alarm callingpackages[0] com.google.android.gms
05-31 22:11:44.518 I/BluetoothService( 1265): ACTION_BATTERY_CHANGED pluggedType: 2
05-31 22:11:44.518 D/EthernetService( 1265): Intent.ACTION_BATTERY_CHANGED
05-31 22:11:51.168 I/wpa_supplicant( 1377): [CTRL_IFACE]wlan0: AP_SCAN 1
05-31 22:11:51.168 I/wpa_supplicant( 1377): [CTRL_IFACE]wlan0: SCAN_RESULTS
05-31 22:11:51.178 D/AlarmManager( 1265): overriden alarm callingpackages[0] com.google.android.gms
05-31 22:11:51.178 D/AlarmManager( 1265): overriden alarm callingpackages[0] com.google.android.gms
05-31 22:12:08.018 I/wpa_supplicant( 1377): [CTRL_IFACE]wlan0: AP_SCAN 1
05-31 22:12:08.018 I/wpa_supplicant( 1377): [CTRL_IFACE]wlan0: SCAN_RESULTS
05-31 22:12:08.028 D/AlarmManager( 1265): overriden alarm callingpackages[0] com.google.android.gms
05-31 22:12:08.028 D/AlarmManager( 1265): overriden alarm callingpackages[0] com.google.android.gms
05-31 22:12:24.868 I/wpa_supplicant( 1377): [CTRL_IFACE]wlan0: AP_SCAN 1
05-31 22:12:24.868 I/wpa_supplicant( 1377): [CTRL_IFACE]wlan0: SCAN_RESULTS
05-31 22:12:24.878 D/AlarmManager( 1265): overriden alarm callingpackages[0] com.google.android.gms
05-31 22:12:24.878 D/AlarmManager( 1265): overriden alarm callingpackages[0] com.google.android.gms
05-31 22:12:41.708 I/wpa_supplicant( 1377): [CTRL_IFACE]wlan0: AP_SCAN 1
05-31 22:12:41.708 I/wpa_supplicant( 1377): [CTRL_IFACE]wlan0: SCAN_RESULTS
05-31 22:12:41.718 D/AlarmManager( 1265): overriden alarm callingpackages[0] com.google.android.gms
05-31 22:12:41.718 D/AlarmManager( 1265): overriden alarm callingpackages[0] com.google.android.gms
05-31 22:12:48.528 I/BluetoothService( 1265): ACTION_BATTERY_CHANGED pluggedType: 2
05-31 22:12:48.528 D/EthernetService( 1265): Intent.ACTION_BATTERY_CHANGED
05-31 22:12:58.548 I/wpa_supplicant( 1377): [CTRL_IFACE]wlan0: AP_SCAN 1
05-31 22:12:58.548 I/wpa_supplicant( 1377): [CTRL_IFACE]wlan0: SCAN_RESULTS
05-31 22:12:58.558 D/AlarmManager( 1265): overriden alarm callingpackages[0] com.google.android.gms
05-31 22:12:58.558 D/AlarmManager( 1265): overriden alarm callingpackages[0] com.google.android.gms
05-31 22:12:58.698 D/AlarmManager( 1265): overriden alarm callingpackages[0] com.google.android.gms
05-31 22:12:58.758 D/dalvikvm( 1750): GC_CONCURRENT freed 491K, 12% free 7296K/8199K, paused 2ms+3ms, total 30ms
05-31 22:12:58.758 D/dalvikvm( 1750): WAIT_FOR_CONCURRENT_GC blocked 11ms
05-31 22:12:58.778 D/AlarmManager( 1265): overriden alarm callingpackages[0] com.google.android.gms
05-31 22:13:15.378 I/wpa_supplicant( 1377): [CTRL_IFACE]wlan0: AP_SCAN 1
05-31 22:13:15.378 I/wpa_supplicant( 1377): [CTRL_IFACE]wlan0: SCAN_RESULTS
05-31 22:13:15.388 D/AlarmManager( 1265): overriden alarm callingpackages[0] com.google.android.gms
05-31 22:13:15.388 D/AlarmManager( 1265): overriden alarm callingpackages[0] com.google.android.gms
05-31 22:13:32.208 I/wpa_supplicant( 1377): [CTRL_IFACE]wlan0: AP_SCAN 1
05-31 22:13:32.208 I/wpa_supplicant( 1377): [CTRL_IFACE]wlan0: SCAN_RESULTS
05-31 22:13:32.228 D/AlarmManager( 1265): overriden alarm callingpackages[0] com.google.android.gms
05-31 22:13:32.228 D/AlarmManager( 1265): overriden alarm callingpackages[0] com.google.android.gms
05-31 22:13:49.058 I/wpa_supplicant( 1377): [CTRL_IFACE]wlan0: AP_SCAN 1
05-31 22:13:49.058 I/wpa_supplicant( 1377): [CTRL_IFACE]wlan0: SCAN_RESULTS
05-31 22:13:49.068 D/AlarmManager( 1265): overriden alarm callingpackages[0] com.google.android.gms
05-31 22:13:49.068 D/AlarmManager( 1265): overriden alarm callingpackages[0] com.google.android.gms
05-31 22:13:52.518 I/BluetoothService( 1265): ACTION_BATTERY_CHANGED pluggedType: 2
05-31 22:13:52.518 D/EthernetService( 1265): Intent.ACTION_BATTERY_CHANGED
05-31 22:14:05.898 I/wpa_supplicant( 1377): [CTRL_IFACE]wlan0: AP_SCAN 1
05-31 22:14:05.898 I/wpa_supplicant( 1377): [CTRL_IFACE]wlan0: SCAN_RESULTS
05-31 22:14:05.908 D/AlarmManager( 1265): overriden alarm callingpackages[0] com.google.android.gms
05-31 22:14:05.908 D/AlarmManager( 1265): overriden alarm callingpackages[0] com.google.android.gms
05-31 22:14:22.738 I/wpa_supplicant( 1377): [CTRL_IFACE]wlan0: AP_SCAN 1
05-31 22:14:22.738 I/wpa_supplicant( 1377): [CTRL_IFACE]wlan0: SCAN_RESULTS
05-31 22:14:22.748 D/AlarmManager( 1265): overriden alarm callingpackages[0] com.google.android.gms
05-31 22:14:22.748 D/AlarmManager( 1265): overriden alarm callingpackages[0] com.google.android.gms
05-31 22:14:34.598 I/wpa_supplicant( 1377): [CTRL_IFACE]wlan0: SCAN
05-31 22:14:36.438 I/wpa_supplicant( 1377): [CTRL_IFACE]wlan0: AP_SCAN 1
05-31 22:14:36.438 I/wpa_supplicant( 1377): [CTRL_IFACE]wlan0: SCAN_RESULTS
05-31 22:14:36.448 D/AlarmManager( 1265): overriden alarm callingpackages[0] com.google.android.gms
05-31 22:14:36.448 D/AlarmManager( 1265): overriden alarm callingpackages[0] com.google.android.gms
05-31 22:14:46.078 I/EventLogService( 1622): Aggregate from 1401543886010 (log), 1401543886010 (data)
05-31 22:14:46.098 W/Service ( 1622): mClassName= com.google.android.gmstoInt= 400313326
05-31 22:14:46.128 D/AlarmManager( 1265): overriden alarm callingpackages[0] com.google.android.gms
05-31 22:14:46.878 D/AbstractMetricsFactoryImpl( 6504): record : No data points in metrics event
05-31 22:14:50.278 D/HeartService( 1454): onStartCommand url: http://msg.simeji.baidu.jp/getmsg?id=DB593F99-B7C7-AD3F-EBFE-D63629F87261&app_ver=7.1.1&ver_code=438&os_ver=4.1.1&referrer=organic&keyboard_ja=keyboard_simeji_flick&keyboard_en=keyboard_simeji_alphabet_qwerty&flag=1&isActive=0&date=2014-05-31_22:14:50&from_ext_heartservice=0&uu_count=8&uu_success=8&uu_fail=0&uu_timeout=0&uu_host=0&uu_conn=0&uu_io=0&uu_exp=0
05-31 22:14:50.278 D/EthernetStateTracker( 1265): getLinkProperties()
05-31 22:14:50.498 D/AL_LIBC ( 6642): pid = 6642
05-31 22:14:50.498 D/appproc ( 6642): Zygote process start...
05-31 22:14:50.498 D/appproc ( 6642): Zygote runtime initialized...
05-31 22:14:50.498 D/AndroidRuntime( 6642): 
05-31 22:14:50.498 D/AndroidRuntime( 6642): >>>>>> AndroidRuntime START com.android.internal.os.RuntimeInit <<<<<<
05-31 22:14:50.498 D/AndroidRuntime( 6642): start vm...
05-31 22:14:50.498 D/AndroidRuntime( 6642): CheckJNI is OFF
05-31 22:14:50.498 D/AndroidRuntime( 6642): JNI_CreateJavaVM start
05-31 22:14:50.508 D/dalvikvm( 6642): Trying to load lib libjavacore.so 0x0
05-31 22:14:50.518 D/dalvikvm( 6642): Added shared lib libjavacore.so 0x0
05-31 22:14:50.528 D/dalvikvm( 6642): Trying to load lib libnativehelper.so 0x0
05-31 22:14:50.528 D/dalvikvm( 6642): Added shared lib libnativehelper.so 0x0
05-31 22:14:50.588 D/AndroidRuntime( 6642): AndroidRuntime VM started
05-31 22:14:50.718 D/ethernet( 6642): Loading ethernet jni class
05-31 22:14:50.748 D/AndroidRuntime( 6642): AndroidRuntime Register natives
05-31 22:14:50.748 D/AndroidRuntime( 6642): AndroidRuntime VM start java main: com.android.internal.os.RuntimeInit
05-31 22:14:50.778 D/AndroidRuntime( 6642): Calling main entry com.android.commands.pm.Pm
05-31 22:14:50.788 I/PackageManager( 1265): Removing non-system package:org.dom
05-31 22:14:50.788 I/ActivityManager( 1265): Force stopping package org.dom uid=10068
05-31 22:14:50.788 I/ActivityManager( 1265): Killing proc 6483:org.dom/u0a68: force stop
05-31 22:14:50.788 W/ActivityManager( 1265): Force removing ActivityRecord{416ec270 org.dom/.MainActivity}: app died, no saved state
05-31 22:14:50.828 W/InputDispatcher( 1265): channel '416834f8 org.dom/org.dom.MainActivity (server)' ~ Consumer closed input channel or an error occurred.  events=0x9
05-31 22:14:50.828 E/InputDispatcher( 1265): channel '416834f8 org.dom/org.dom.MainActivity (server)' ~ Channel is unrecoverably broken and will be disposed!
05-31 22:14:50.828 W/InputDispatcher( 1265): Attempted to unregister already unregistered input channel '416834f8 org.dom/org.dom.MainActivity (server)'
05-31 22:14:50.828 I/WindowManager( 1265): WINDOW DIED Window{416834f8 org.dom/org.dom.MainActivity paused=false}
05-31 22:14:50.828 W/WindowManager( 1265): Failed looking up window
05-31 22:14:50.828 W/WindowManager( 1265): java.lang.IllegalArgumentException: Requested window android.os.BinderProxy@4164fe28 does not exist
05-31 22:14:50.828 W/WindowManager( 1265): 	at com.android.server.wm.WindowManagerService.windowForClientLocked(WindowManagerService.java:7652)
05-31 22:14:50.828 W/WindowManager( 1265): 	at com.android.server.wm.WindowManagerService.windowForClientLocked(WindowManagerService.java:7643)
05-31 22:14:50.828 W/WindowManager( 1265): 	at com.android.server.wm.WindowState$DeathRecipient.binderDied(WindowState.java:854)
05-31 22:14:50.828 W/WindowManager( 1265): 	at android.os.BinderProxy.sendDeathNotice(Binder.java:449)
05-31 22:14:50.828 W/WindowManager( 1265): 	at dalvik.system.NativeStart.run(Native Method)
05-31 22:14:50.828 I/WindowState( 1265): WIN DEATH: null
05-31 22:14:50.858 D/dalvikvm( 1481): GC_FOR_ALLOC freed 1185K, 43% free 25860K/44935K, paused 43ms, total 43ms
05-31 22:14:50.868 I/dalvikvm-heap( 1481): Grow heap (frag case) to 29.168MB for 3850256-byte allocation
05-31 22:14:50.918 D/dalvikvm( 1481): GC_CONCURRENT freed 192K, 35% free 29427K/44935K, paused 12ms+4ms, total 44ms
05-31 22:14:50.918 D/dalvikvm( 1481): WAIT_FOR_CONCURRENT_GC blocked 21ms
05-31 22:14:51.838 I/ActivityManager( 1265): Force stopping package org.dom uid=10068
05-31 22:14:51.858 E/BufferQueue( 1050): [com.android.launcher/com.android.launcher2.Launcher] dequeueBuffer: can't dequeue multiple buffers without setting the buffer count
05-31 22:14:51.868 D/dalvikvm( 1939): WAIT_FOR_CONCURRENT_GC blocked 0ms
05-31 22:14:51.868 W/InputMethodManagerService( 1265): Got RemoteException sending setActive(false) notification to pid 6483 uid 10068
05-31 22:14:51.878 D/dalvikvm( 3901): WAIT_FOR_CONCURRENT_GC blocked 0ms
05-31 22:14:51.928 D/dalvikvm( 3901): GC_EXPLICIT freed 374K, 10% free 6354K/7047K, paused 2ms+3ms, total 43ms
05-31 22:14:51.938 D/dalvikvm( 1265): WAIT_FOR_CONCURRENT_GC blocked 0ms
05-31 22:14:51.948 D/dalvikvm( 1939): GC_EXPLICIT freed 225K, 11% free 7764K/8647K, paused 3ms+3ms, total 80ms
05-31 22:14:51.968 I/InputReader( 1265): Reconfiguring input devices.  changes=0x00000010
05-31 22:14:51.968 E/com.amazon.kindle/com.amazon.identity.auth.device.framework.MAPApplicationInformationQueryer( 6504): Notified by action android.intent.action.PACKAGE_REMOVED to invalidate app cache
05-31 22:14:52.008 D/dalvikvm( 1481): WAIT_FOR_CONCURRENT_GC blocked 0ms
05-31 22:14:52.078 D/VoicemailCleanupService( 3901): Cleaning up data for package: org.dom
05-31 22:14:52.088 W/Service ( 3901): mClassName= com.android.providers.contactstoInt= 1146869735
05-31 22:14:52.088 W/NetworkStats( 1265): found non-monotonic values; saving to dropbox
05-31 22:14:52.108 D/dalvikvm( 1481): GC_EXPLICIT freed 3858K, 43% free 25643K/44935K, paused 20ms+5ms, total 94ms
05-31 22:14:52.118 D/dalvikvm( 1265): GC_EXPLICIT freed 1094K, 34% free 11333K/17159K, paused 14ms+11ms, total 178ms
05-31 22:14:52.118 D/dalvikvm( 1265): WAIT_FOR_CONCURRENT_GC blocked 58ms
05-31 22:14:52.188 I/ActivityManager( 1265): Start proc com.android.keychain for broadcast com.android.keychain/.KeyChainBroadcastReceiver: pid=6660 uid=1000 gids={1015, 3002, 3001, 3003, 1028, 3007}
05-31 22:14:52.228 E/Trace   ( 6660): error opening trace file: No such file or directory (2)
05-31 22:14:52.278 W/Service ( 3946): mClassName= com.android.musicfxtoInt= -917159941
05-31 22:14:52.278 W/Service ( 6660): mClassName= com.android.keychaintoInt= 1500172648
05-31 22:14:52.318 W/Service ( 1939): mClassName= com.google.android.googlequicksearchboxtoInt= -79313952
05-31 22:14:52.318 I/InternalIcingCorporaPro( 1939): Updating corpora: APPS=org.dom, CONTACTS=MAYBE
05-31 22:14:52.438 D/dalvikvm( 1265): GC_EXPLICIT freed 389K, 35% free 11306K/17159K, paused 24ms+25ms, total 320ms
05-31 22:14:52.448 D/AlarmManager( 1265): overriden alarm callingpackages[0] com.android.vending
05-31 22:14:52.458 D/AndroidRuntime( 6642): Shutting down VM
05-31 22:14:52.478 D/dalvikvm( 6642): GC_CONCURRENT freed 97K, 89% free 451K/4096K, paused 1ms+1ms, total 9ms
05-31 22:14:52.498 W/Service ( 3008): mClassName= com.android.defcontainertoInt= -1613770802
05-31 22:14:52.528 W/Service ( 1622): mClassName= com.google.android.gmstoInt= 400313326
05-31 22:14:52.528 W/Service ( 1622): mClassName= com.google.android.gmstoInt= 400313326
05-31 22:14:52.528 D/PackageBroadcastService( 1622): Received broadcast action=android.intent.action.PACKAGE_REMOVED and uri=org.dom
05-31 22:14:52.538 D/Drive.UninstallOperation( 4542): Uninstall org.dom
05-31 22:14:52.538 D/DatabaseModelLoader( 4542): Uninstalled org.dom
05-31 22:14:52.538 W/Service ( 4542): mClassName= com.google.android.gmstoInt= 400313326
05-31 22:14:52.548 W/Service ( 1622): mClassName= com.google.android.gmstoInt= 400313326
05-31 22:14:52.598 W/Service ( 1622): mClassName= com.google.android.gmstoInt= 400313326
05-31 22:14:52.608 D/dalvikvm( 1622): GC_CONCURRENT freed 451K, 11% free 7360K/8263K, paused 15ms+19ms, total 81ms
05-31 22:14:52.618 W/Service ( 1622): mClassName= com.google.android.gmstoInt= 400313326
05-31 22:14:52.638 W/Service ( 1622): mClassName= com.google.android.gmstoInt= 400313326
05-31 22:14:52.638 I/PeopleContactsSync( 1622): CP2 sync disabled
