06-25 19:58:55.816 V/GCMBaseIntentService( 2642): Intent service name: GCMIntentService-49625052041-1
06-25 19:58:55.816 V/GCMBroadcastReceiver( 2642): onReceive: com.google.android.c2dm.intent.RECEIVE
06-25 19:58:55.816 V/GCMBroadcastReceiver( 2642): GCM IntentService class: com.twitter.library.platform.PushService
06-25 19:58:55.816 V/GCMBaseIntentService( 2642): Acquiring wakelock
06-25 19:58:55.836 W/Service ( 2642): mClassName= com.twitter.androidtoInt= 671123407
06-25 19:58:55.836 W/Service ( 2642): mClassName= com.twitter.androidtoInt= 671123407
06-25 19:58:55.866 I/AuthZen ( 1703): Starting Enrollment...
06-25 19:58:55.866 I/ActivityManager( 1340): Start proc com.android.calendar for broadcast com.android.calendar/.widget.CalendarAppWidgetProvider: pid=2662 uid=10007 gids={3003, 1028}
06-25 19:58:55.906 E/Trace   ( 2662): error opening trace file: No such file or directory (2)
06-25 19:58:55.926 I/GoogleHttpClient( 1703): Falling back to old http client 0 java.lang.NoSuchMethodException: <init> [class android.content.Context, class java.lang.String, boolean]
06-25 19:58:55.946 I/ActivityThread( 2662): Pub com.android.calendar.CalendarRecentSuggestionsProvider: com.android.calendar.CalendarRecentSuggestionsProvider
06-25 19:58:55.966 D/AlertReceiver( 2662): onReceive: a=android.intent.action.PROVIDER_CHANGED Intent { act=android.intent.action.PROVIDER_CHANGED dat=content://com.android.calendar flg=0x10 cmp=com.android.calendar/.alerts.AlertReceiver }
06-25 19:58:55.976 D/dalvikvm( 2642): GC_CONCURRENT freed 304K, 8% free 6847K/7431K, paused 13ms+12ms, total 95ms
06-25 19:58:55.986 D/dalvikvm( 1703): WAIT_FOR_CONCURRENT_GC blocked 0ms
06-25 19:58:55.996 D/AlertService( 2662): 0 Action = android.intent.action.PROVIDER_CHANGED
06-25 19:58:56.006 D/AlertService( 2662): Beginning updateAlertNotification
06-25 19:58:56.046 W/Service ( 2207): mClassName= com.android.providers.calendartoInt= 150595394
06-25 19:58:56.056 D/dalvikvm( 1703): GC_EXPLICIT freed 388K, 12% free 6996K/7943K, paused 5ms+4ms, total 74ms
06-25 19:58:56.076 I/ActivityManager( 1340): Start proc com.android.gallery3d for broadcast com.android.gallery3d/.app.PackagesMonitor: pid=2687 uid=10018 gids={1006, 3003, 1015, 1028}
06-25 19:58:56.086 D/AlarmManager( 1340): overriden alarm callingpackages[0] com.android.providers.calendar
06-25 19:58:56.106 E/Trace   ( 2687): error opening trace file: No such file or directory (2)
06-25 19:58:56.116 D/AlertService( 2662): No fired or scheduled alerts
06-25 19:58:56.156 I/ActivityManager( 1340): No longer want com.android.deskclock (pid 2192): hidden #16
06-25 19:58:56.266 I/wpa_supplicant( 1453): [CTRL_IFACE]wlan0: SIGNAL_POLL
06-25 19:58:56.306 D/dalvikvm( 2642): GC_CONCURRENT freed 303K, 8% free 6992K/7559K, paused 1ms+2ms, total 26ms
06-25 19:58:56.366 D/dalvikvm( 2541): GC_CONCURRENT freed 301K, 8% free 7036K/7623K, paused 2ms+2ms, total 29ms
06-25 19:58:56.436 D/dalvikvm( 2642): GC_CONCURRENT freed 329K, 8% free 7133K/7751K, paused 2ms+13ms, total 40ms
06-25 19:58:56.566 D/dalvikvm( 1703): GC_CONCURRENT freed 249K, 11% free 7141K/7943K, paused 13ms+3ms, total 42ms
06-25 19:58:56.596 D/dalvikvm( 2642): GC_CONCURRENT freed 374K, 9% free 7292K/7943K, paused 12ms+2ms, total 42ms
06-25 19:58:56.726 D/dalvikvm( 2642): GC_CONCURRENT freed 365K, 8% free 7447K/8071K, paused 2ms+12ms, total 46ms
06-25 19:58:56.856 W/GLSUser ( 1703): [asb][asb] Permission for com.google.android.gms to access oauth2:https://www.googleapis.com/auth/cryptauth will be managed locally.
06-25 19:58:56.866 D/dalvikvm( 2642): GC_CONCURRENT freed 399K, 8% free 7618K/8263K, paused 2ms+9ms, total 55ms
06-25 19:58:56.866 D/dalvikvm( 2642): WAIT_FOR_CONCURRENT_GC blocked 25ms
06-25 19:58:56.876 D/AuthZen ( 1703): Starting authzen enrollment
06-25 19:58:57.016 D/dalvikvm( 2642): GC_CONCURRENT freed 453K, 9% free 7756K/8455K, paused 2ms+2ms, total 37ms
06-25 19:58:57.016 D/dalvikvm( 2642): WAIT_FOR_CONCURRENT_GC blocked 7ms
06-25 19:58:57.176 D/dalvikvm( 2642): GC_CONCURRENT freed 432K, 9% free 7856K/8583K, paused 12ms+13ms, total 71ms
06-25 19:58:57.316 D/dalvikvm( 2642): GC_CONCURRENT freed 466K, 9% free 7979K/8711K, paused 2ms+2ms, total 39ms
06-25 19:58:57.326 D/AlarmManager( 1340): overriden alarm callingpackages[0] com.google.android.gms
06-25 19:58:57.456 D/dalvikvm( 2642): GC_CONCURRENT freed 548K, 9% free 8109K/8903K, paused 2ms+3ms, total 41ms
06-25 19:58:57.456 D/dalvikvm( 2642): WAIT_FOR_CONCURRENT_GC blocked 13ms
06-25 19:58:58.306 E/Crashlytics( 2642): Network error while loading Crashlytics settings. Crashes will be cached until the network is available. [URL=https://settings.crashlytics.com/api/v2/keys/060629362bf0d9735460c4bcca7d789bf25ca35d/platforms/android/apps/com.twitter.android/settings.json?libVersion=0.9.10.10.e&bundleVersion=1000429&shortBundleVersion=4.1.8]; [class javax.net.ssl.SSLHandshakeException: No valid pins found in chain!]
06-25 19:58:58.306 E/Crashlytics( 2642): Settings response code in invalid: -1
06-25 19:58:58.356 I/com.dropbox.android.service.CameraUploadService( 2541): Starting camera upload scan...
06-25 19:58:58.386 D/dalvikvm( 2642): GC_CONCURRENT freed 506K, 9% free 8223K/9031K, paused 2ms+3ms, total 43ms
06-25 19:58:59.266 I/wpa_supplicant( 1453): [CTRL_IFACE]wlan0: SIGNAL_POLL
06-25 19:58:59.276 W/Service ( 2438): mClassName= com.android.vendingtoInt= 1483848391
06-25 19:58:59.336 D/dalvikvm( 2438): GC_CONCURRENT freed 181K, 6% free 7062K/7495K, paused 12ms+3ms, total 38ms
06-25 19:58:59.476 D/Finsky  ( 2438): [1] 5.onFinished: Installation state replication succeeded.
06-25 19:58:59.476 W/Service ( 2438): mClassName= com.android.vendingtoInt= 1483848391
06-25 19:59:00.116 W/Service ( 2438): mClassName= com.android.vendingtoInt= 1483848391
06-25 19:59:00.726 D/dalvikvm( 2541): GC_CONCURRENT freed 467K, 10% free 7032K/7751K, paused 2ms+3ms, total 24ms
06-25 19:59:01.106 W/dalvikvm( 2495): threadid=2: spin on suspend #1 threadid=14 (pcf=0)
06-25 19:59:01.106 D/dalvikvm( 2495): Temporarily moving tid 2535 to fg (was 0)
06-25 19:59:01.596 D/Finsky  ( 2438): [110] InAppBillingUtils.pickAccount: com.evernote: Account determined from installer data - [bg0ykFPnxyjLKjFJzDBAvrA13zU]
06-25 19:59:01.606 I/com.dropbox.android.service.CameraUploadService( 2541): Finished querying providers.
06-25 19:59:01.626 I/com.dropbox.android.service.CameraUploadService( 2541): Finished camera upload scan.
06-25 19:59:01.736 W/dalvikvm( 2495): threadid=2: spin on suspend resolved in 1630 msec
06-25 19:59:01.736 D/dalvikvm( 2495): Restored policy of 2535 to 0
06-25 19:59:01.986 D/dalvikvm( 1703): GC_CONCURRENT freed 367K, 10% free 7271K/8007K, paused 12ms+3ms, total 40ms
06-25 19:59:02.286 I/wpa_supplicant( 1453): [CTRL_IFACE]wlan0: SIGNAL_POLL
06-25 19:59:02.466 I/ActivityThread( 2687): Pub com.android.gallery3d.provider: com.android.gallery3d.provider.GalleryProvider
06-25 19:59:02.476 D/Volley  ( 1703): [92] tk.a: HTTP response for request=<[ ] https://www.googleapis.com/cryptauth/v1/enrollment/setup 0x30b75e1c NORMAL 1> [lifetime=5447], [size=603], [rc=200], [retryCount=0]
06-25 19:59:02.486 I/AuthZen ( 1703): Enrollment phase1 complete.
06-25 19:59:02.486 D/Volley  ( 1703): [1] st.b: 5602 ms: [ ] https://www.googleapis.com/cryptauth/v1/enrollment/setup 0x30b75e1c NORMAL 1
06-25 19:59:02.576 D/dalvikvm( 2495): GC_CONCURRENT freed 351K, 9% free 7340K/8007K, paused 1633ms+154ms, total 2468ms
06-25 19:59:02.636 D/dalvikvm( 2541): GC_CONCURRENT freed 458K, 10% free 7081K/7815K, paused 2ms+15ms, total 63ms
06-25 19:59:02.636 D/MediaScannerService( 1608): done scanning volume external
06-25 19:59:02.636 D/MediaScannerService( 1608): end handleMessage
06-25 19:59:02.636 D/MediaScannerService( 1608): begin handleMessage
06-25 19:59:02.636 D/MediaScannerService( 1608): start scanning volume:external directories: [/mnt/sdcard, /mnt/sd-ext, /mnt/uhost]
06-25 19:59:02.676 D/dalvikvm( 2687): GC_CONCURRENT freed 210K, 7% free 6319K/6791K, paused 12ms+2ms, total 55ms
06-25 19:59:02.726 D/dalvikvm( 1703): GC_CONCURRENT freed 303K, 8% free 7452K/8071K, paused 21ms+9ms, total 59ms
06-25 19:59:02.736 I/ActivityManager( 1340): No longer want com.android.exchange (pid 2266): hidden #16
06-25 19:59:02.776 I/InternalIcingCorporaPro( 2319): Updating corpora: APPS=com.path, CONTACTS=MAYBE
06-25 19:59:02.776 W/Service ( 2319): mClassName= com.google.android.googlequicksearchboxtoInt= -79313952
06-25 19:59:02.846 D/dalvikvm( 1608): GC_CONCURRENT freed 324K, 12% free 6309K/7111K, paused 2ms+3ms, total 38ms
06-25 19:59:02.846 I/InternalIcingCorporaPro( 2319): UpdateCorporaTask done [took 75 ms] updated apps [took 75 ms] 
06-25 19:59:02.886 D/PackageBroadcastService( 1703): Received broadcast action=android.intent.action.PACKAGE_CHANGED and uri=com.path
06-25 19:59:02.896 W/Service ( 1703): mClassName= com.google.android.gmstoInt= 400313326
06-25 19:59:02.906 W/Service ( 1703): mClassName= com.google.android.gmstoInt= 400313326
06-25 19:59:02.926 W/Service ( 1703): mClassName= com.google.android.gmstoInt= 400313326
06-25 19:59:02.966 W/Service ( 2378): mClassName= com.google.android.gmtoInt= -378320869
06-25 19:59:02.966 V/GCMBaseIntentService( 2642): Releasing wakelock
06-25 19:59:03.036 D/dalvikvm( 1703): GC_CONCURRENT freed 458K, 10% free 7489K/8263K, paused 13ms+10ms, total 66ms
06-25 19:59:03.036 W/Service ( 1703): mClassName= com.google.android.gmstoInt= 400313326
06-25 19:59:03.086 I/PeopleContactsSync( 1703): CP2 sync disabled
06-25 19:59:03.086 W/Service ( 1703): mClassName= com.google.android.gmstoInt= 400313326
06-25 19:59:03.086 W/Service ( 1703): mClassName= com.google.android.gmstoInt= 400313326
06-25 19:59:03.116 D/AuthZen ( 1703): Adding new credential
06-25 19:59:03.116 D/AuthZen ( 1703): Encryption key data:  Account: shin.akiba8@gmail.comCreation Time: 1403697543122Expiration Time: 1403697663122
06-25 19:59:03.136 W/Service ( 1703): mClassName= com.google.android.gmstoInt= 400313326
06-25 19:59:03.136 I/AuthZen ( 1703): Successfully generated encryption key.
06-25 19:59:03.156 V/GCMBaseIntentService( 2642): Releasing wakelock
06-25 19:59:03.166 I/ActivityManager( 1340): No longer want com.android.email (pid 2240): hidden #16
06-25 19:59:03.176 D/dalvikvm( 1552): WAIT_FOR_CONCURRENT_GC blocked 0ms
06-25 19:59:03.236 D/dalvikvm( 1552): GC_EXPLICIT freed 239K, 10% free 7735K/8583K, paused 3ms+6ms, total 68ms
06-25 19:59:03.266 D/dalvikvm( 1703): GC_FOR_ALLOC freed 403K, 12% free 7389K/8327K, paused 76ms, total 78ms
06-25 19:59:03.266 D/dalvikvm( 1608): GC_CONCURRENT freed 459K, 13% free 6233K/7111K, paused 2ms+2ms, total 24ms
06-25 19:59:03.516 D/dalvikvm( 1703): GC_CONCURRENT freed 289K, 10% free 7543K/8327K, paused 3ms+20ms, total 55ms
06-25 19:59:03.746 D/dalvikvm( 1703): GC_CONCURRENT freed 462K, 10% free 7579K/8391K, paused 13ms+26ms, total 77ms
06-25 19:59:03.956 W/MediaScanner( 1608): Error opening directory '/mnt/sdcard/.android_secure/', skipping: Permission denied.
06-25 19:59:04.006 D/dalvikvm( 2541): GC_CONCURRENT freed 563K, 11% free 7070K/7879K, paused 13ms+4ms, total 43ms
06-25 19:59:04.006 D/dalvikvm( 2541): WAIT_FOR_CONCURRENT_GC blocked 9ms
06-25 19:59:04.216 D/dalvikvm( 1703): GC_FOR_ALLOC freed 333K, 13% free 7394K/8455K, paused 37ms, total 38ms
06-25 19:59:04.266 W/Service ( 2642): mClassName= com.twitter.androidtoInt= 671123407
06-25 19:59:04.296 D/dalvikvm( 1340): WAIT_FOR_CONCURRENT_GC blocked 0ms
06-25 19:59:04.326 W/Service ( 2642): mClassName= com.twitter.androidtoInt= 671123407
06-25 19:59:04.366 W/Service ( 1703): mClassName= com.google.android.gmstoInt= 400313326
06-25 19:59:04.406 W/Service ( 1703): mClassName= com.google.android.gmstoInt= 400313326
06-25 19:59:04.406 W/Uploader( 1703): No account for auth token provided
06-25 19:59:04.456 D/dalvikvm( 1340): GC_EXPLICIT freed 901K, 13% free 10993K/12551K, paused 4ms+8ms, total 158ms
06-25 19:59:04.516 D/dalvikvm( 2642): GC_CONCURRENT freed 563K, 9% free 8414K/9223K, paused 22ms+5ms, total 101ms
06-25 19:59:04.516 D/dalvikvm( 2642): WAIT_FOR_CONCURRENT_GC blocked 14ms
06-25 19:59:04.516 I/AuthZen ( 1703): Enrollment phase2 complete.
06-25 19:59:04.526 I/AuthZen ( 1703): Increasing encryption key's expiration time to 1406289544520
06-25 19:59:04.526 D/AuthZen ( 1703): Updating keys for account shin.akiba8@gmail.com created at 1403697543122 with new expiary: 1406289544520
06-25 19:59:04.606 D/dalvikvm( 1608): WAIT_FOR_CONCURRENT_GC blocked 0ms
06-25 19:59:04.656 D/dalvikvm( 1608): GC_EXPLICIT freed 71K, 12% free 6268K/7111K, paused 5ms+7ms, total 58ms
06-25 19:59:04.866 D/dalvikvm( 2642): GC_CONCURRENT freed 542K, 9% free 8691K/9479K, paused 2ms+3ms, total 45ms
06-25 19:59:04.866 D/dalvikvm( 2642): WAIT_FOR_CONCURRENT_GC blocked 17ms
06-25 19:59:05.056 D/dalvikvm( 2642): GC_CONCURRENT freed 662K, 10% free 8955K/9863K, paused 2ms+3ms, total 50ms
06-25 19:59:05.056 D/dalvikvm( 2642): WAIT_FOR_CONCURRENT_GC blocked 24ms
06-25 19:59:05.246 D/dalvikvm( 2642): GC_CONCURRENT freed 698K, 10% free 9239K/10183K, paused 2ms+3ms, total 57ms
06-25 19:59:05.246 D/dalvikvm( 2642): WAIT_FOR_CONCURRENT_GC blocked 32ms
06-25 19:59:05.296 I/wpa_supplicant( 1453): [CTRL_IFACE]wlan0: SIGNAL_POLL
06-25 19:59:05.326 I/AuthZen ( 1703): Enrollment successful!
06-25 19:59:05.326 I/AuthZen ( 1703): Key:  Handle: 4 Account: shin.akiba8@gmail.comCreation Time: 1403697543122Expiration Time: 1403697663122
06-25 19:59:05.336 D/AlarmManager( 1340): overriden alarm callingpackages[0] com.google.android.gms
06-25 19:59:05.486 D/dalvikvm( 2642): GC_CONCURRENT freed 944K, 12% free 9377K/10567K, paused 2ms+3ms, total 62ms
06-25 19:59:05.496 D/dalvikvm( 2642): WAIT_FOR_CONCURRENT_GC blocked 28ms
06-25 19:59:05.746 D/dalvikvm( 2642): GC_CONCURRENT freed 907K, 11% free 9606K/10759K, paused 2ms+3ms, total 66ms
06-25 19:59:05.746 D/dalvikvm( 2642): WAIT_FOR_CONCURRENT_GC blocked 31ms
06-25 19:59:05.756 D/dalvikvm( 2642): WAIT_FOR_CONCURRENT_GC blocked 36ms
06-25 19:59:05.776 D/dalvikvm( 1340): WAIT_FOR_CONCURRENT_GC blocked 0ms
06-25 19:59:05.866 D/dalvikvm( 1340): GC_EXPLICIT freed 192K, 14% free 10913K/12551K, paused 5ms+7ms, total 92ms
06-25 19:59:05.926 W/Uploader( 1703): No account for auth token provided
06-25 19:59:05.966 D/dalvikvm( 1703): GC_CONCURRENT freed 350K, 12% free 7457K/8455K, paused 3ms+4ms, total 43ms
06-25 19:59:05.966 D/dalvikvm( 1703): WAIT_FOR_CONCURRENT_GC blocked 38ms
06-25 19:59:06.066 W/Uploader( 1703): No account for auth token provided
06-25 19:59:06.086 D/dalvikvm( 2642): GC_CONCURRENT freed 1064K, 12% free 9768K/11079K, paused 13ms+3ms, total 86ms
06-25 19:59:06.086 D/dalvikvm( 2642): WAIT_FOR_CONCURRENT_GC blocked 43ms
06-25 19:59:06.216 W/Uploader( 1703): No account for auth token provided
06-25 19:59:06.376 W/Uploader( 1703): No account for auth token provided
06-25 19:59:06.386 D/dalvikvm( 2642): GC_CONCURRENT freed 1067K, 12% free 9957K/11271K, paused 2ms+3ms, total 76ms
06-25 19:59:06.386 D/dalvikvm( 2642): WAIT_FOR_CONCURRENT_GC blocked 41ms
06-25 19:59:06.386 D/dalvikvm( 1608): GC_CONCURRENT freed 230K, 10% free 6424K/7111K, paused 1ms+15ms, total 33ms
06-25 19:59:06.386 D/dalvikvm( 2642): WAIT_FOR_CONCURRENT_GC blocked 43ms
06-25 19:59:06.456 D/dalvikvm( 1340): WAIT_FOR_CONCURRENT_GC blocked 0ms
06-25 19:59:06.556 D/dalvikvm( 1340): GC_EXPLICIT freed 102K, 14% free 10909K/12551K, paused 4ms+17ms, total 100ms
06-25 19:59:06.566 W/Uploader( 1703): No account for auth token provided
06-25 19:59:06.656 D/dalvikvm( 2642): GC_FOR_ALLOC freed 777K, 12% free 10040K/11335K, paused 72ms, total 72ms
06-25 19:59:06.666 D/dalvikvm( 1608): WAIT_FOR_CONCURRENT_GC blocked 0ms
06-25 19:59:06.706 D/dalvikvm( 1608): GC_EXPLICIT freed 236K, 12% free 6280K/7111K, paused 3ms+3ms, total 34ms
06-25 19:59:06.726 D/dalvikvm( 2642): GC_FOR_ALLOC freed 323K, 14% free 10039K/11655K, paused 70ms, total 70ms
06-25 19:59:06.746 D/dalvikvm( 1703): GC_FOR_ALLOC freed 217K, 13% free 7420K/8455K, paused 29ms, total 29ms
06-25 19:59:06.986 D/dalvikvm( 1340): WAIT_FOR_CONCURRENT_GC blocked 0ms
06-25 19:59:07.066 D/dalvikvm( 1340): GC_EXPLICIT freed 96K, 14% free 10902K/12551K, paused 3ms+6ms, total 84ms
06-25 19:59:07.406 D/dalvikvm( 1608): GC_CONCURRENT freed 233K, 10% free 6440K/7111K, paused 1ms+5ms, total 23ms
06-25 19:59:08.286 D/dalvikvm( 1340): WAIT_FOR_CONCURRENT_GC blocked 0ms
06-25 19:59:08.296 I/wpa_supplicant( 1453): [CTRL_IFACE]wlan0: SIGNAL_POLL
06-25 19:59:08.366 D/dalvikvm( 1340): GC_EXPLICIT freed 104K, 14% free 10901K/12551K, paused 4ms+7ms, total 84ms
06-25 19:59:10.406 D/dalvikvm( 1608): WAIT_FOR_CONCURRENT_GC blocked 0ms
06-25 19:59:10.436 D/dalvikvm( 1608): GC_EXPLICIT freed 247K, 12% free 6285K/7111K, paused 3ms+3ms, total 32ms
06-25 19:59:10.706 D/dalvikvm( 1340): WAIT_FOR_CONCURRENT_GC blocked 0ms
06-25 19:59:10.796 D/dalvikvm( 1340): GC_EXPLICIT freed 95K, 14% free 10900K/12551K, paused 3ms+7ms, total 83ms
06-25 19:59:11.136 D/dalvikvm( 1608): GC_CONCURRENT freed 234K, 10% free 6443K/7111K, paused 12ms+4ms, total 33ms
06-25 19:59:11.166 D/dalvikvm( 1340): WAIT_FOR_CONCURRENT_GC blocked 0ms
06-25 19:59:11.246 D/dalvikvm( 1340): GC_EXPLICIT freed 89K, 14% free 10898K/12551K, paused 3ms+7ms, total 83ms
06-25 19:59:11.296 I/wpa_supplicant( 1453): [CTRL_IFACE]wlan0: SIGNAL_POLL
06-25 19:59:11.346 D/dalvikvm( 1608): WAIT_FOR_CONCURRENT_GC blocked 0ms
06-25 19:59:11.376 D/dalvikvm( 1608): GC_EXPLICIT freed 237K, 12% free 6289K/7111K, paused 2ms+3ms, total 31ms
06-25 19:59:12.646 I/com.dropbox.android.service.CameraUploadService( 2541): Starting camera upload scan...
06-25 19:59:13.216 W/ThrottleService( 1340): unable to find stats for iface rmnet0
06-25 19:59:13.306 W/Uploader( 1703): No account for auth token provided
06-25 19:59:14.306 I/wpa_supplicant( 1453): [CTRL_IFACE]wlan0: SIGNAL_POLL
06-25 19:59:16.276 W/Service ( 2438): mClassName= com.android.vendingtoInt= 1483848391
06-25 19:59:16.306 W/Uploader( 1703): No account for auth token provided
06-25 19:59:16.316 I/com.dropbox.android.service.CameraUploadService( 2541): Finished querying providers.
06-25 19:59:16.316 I/com.dropbox.android.service.CameraUploadService( 2541): Finished camera upload scan.
06-25 19:59:16.336 W/Service ( 2414): mClassName= com.google.android.gsf.logintoInt= -2125384850
06-25 19:59:16.366 D/dalvikvm( 1340): WAIT_FOR_CONCURRENT_GC blocked 0ms
06-25 19:59:16.456 D/dalvikvm( 1340): GC_EXPLICIT freed 136K, 14% free 10901K/12551K, paused 4ms+6ms, total 86ms
06-25 19:59:16.796 D/dalvikvm( 1608): GC_CONCURRENT freed 240K, 10% free 6440K/7111K, paused 2ms+4ms, total 23ms
06-25 19:59:16.856 D/dalvikvm( 1340): WAIT_FOR_CONCURRENT_GC blocked 0ms
06-25 19:59:16.936 D/dalvikvm( 1340): GC_EXPLICIT freed 88K, 14% free 10900K/12551K, paused 4ms+7ms, total 84ms
06-25 19:59:17.036 D/dalvikvm( 1608): WAIT_FOR_CONCURRENT_GC blocked 0ms
06-25 19:59:17.076 D/dalvikvm( 1608): GC_EXPLICIT freed 223K, 12% free 6299K/7111K, paused 2ms+3ms, total 32ms
06-25 19:59:17.306 I/wpa_supplicant( 1453): [CTRL_IFACE]wlan0: SIGNAL_POLL
06-25 19:59:17.436 D/dalvikvm( 1340): WAIT_FOR_CONCURRENT_GC blocked 0ms
06-25 19:59:17.526 D/dalvikvm( 1340): GC_EXPLICIT freed 89K, 14% free 10900K/12551K, paused 4ms+6ms, total 84ms
06-25 19:59:17.886 D/dalvikvm( 1608): GC_CONCURRENT freed 237K, 10% free 6452K/7111K, paused 11ms+4ms, total 33ms
06-25 19:59:17.966 D/dalvikvm( 1340): WAIT_FOR_CONCURRENT_GC blocked 0ms
06-25 19:59:18.066 D/dalvikvm( 1340): GC_EXPLICIT freed 87K, 14% free 10900K/12551K, paused 4ms+7ms, total 99ms
06-25 19:59:18.166 D/dalvikvm( 1608): WAIT_FOR_CONCURRENT_GC blocked 0ms
06-25 19:59:18.196 D/dalvikvm( 1608): GC_EXPLICIT freed 241K, 12% free 6302K/7111K, paused 3ms+3ms, total 32ms
06-25 19:59:18.526 D/dalvikvm( 1340): WAIT_FOR_CONCURRENT_GC blocked 0ms
06-25 19:59:18.606 D/dalvikvm( 1340): GC_EXPLICIT freed 87K, 14% free 10900K/12551K, paused 4ms+6ms, total 84ms
06-25 19:59:20.206 I/BluetoothService( 1340): ACTION_BATTERY_CHANGED pluggedType: 2
06-25 19:59:20.206 D/EthernetService( 1340): Intent.ACTION_BATTERY_CHANGED
06-25 19:59:20.306 I/wpa_supplicant( 1453): [CTRL_IFACE]wlan0: SIGNAL_POLL
06-25 19:59:20.316 D/dalvikvm( 2438): GC_CONCURRENT freed 596K, 11% free 6964K/7815K, paused 13ms+3ms, total 39ms
06-25 19:59:21.516 D/dalvikvm( 1608): GC_CONCURRENT freed 250K, 10% free 6448K/7111K, paused 2ms+4ms, total 24ms
06-25 19:59:21.606 D/Volley  ( 2438): [118] BasicNetwork.logSlowRequests: HTTP response for request=<[ ] https://android.clients.google.com/fdfe/selfUpdate 0xe8d195d1 NORMAL 2> [lifetime=5330], [size=9], [rc=200], [retryCount=0]
06-25 19:59:21.626 D/Finsky  ( 2438): [1] SelfUpdateScheduler.checkForSelfUpdate: Skipping DFE self-update. Local Version [80280020] >= Server Version [-1]
06-25 19:59:21.636 D/Volley  ( 2438): [1] Request.finish: 5359 ms: [ ] https://android.clients.google.com/fdfe/selfUpdate 0xe8d195d1 NORMAL 2
06-25 19:59:21.656 W/Service ( 2414): mClassName= com.google.android.gsf.logintoInt= -2125384850
06-25 19:59:21.686 D/dalvikvm( 1340): WAIT_FOR_CONCURRENT_GC blocked 0ms
06-25 19:59:21.766 D/dalvikvm( 1340): GC_EXPLICIT freed 150K, 14% free 10904K/12551K, paused 3ms+7ms, total 83ms
06-25 19:59:21.856 D/dalvikvm( 1608): WAIT_FOR_CONCURRENT_GC blocked 0ms
06-25 19:59:21.886 D/dalvikvm( 1608): GC_EXPLICIT freed 261K, 12% free 6329K/7111K, paused 2ms+3ms, total 32ms
06-25 19:59:21.966 D/dalvikvm( 2438): GC_CONCURRENT freed 325K, 11% free 7024K/7815K, paused 13ms+2ms, total 38ms
06-25 19:59:22.176 D/dalvikvm( 1340): WAIT_FOR_CONCURRENT_GC blocked 0ms
06-25 19:59:22.256 D/dalvikvm( 1340): GC_EXPLICIT freed 90K, 14% free 10901K/12551K, paused 4ms+6ms, total 83ms
06-25 19:59:22.456 D/dalvikvm( 2438): GC_CONCURRENT freed 238K, 8% free 7223K/7815K, paused 13ms+3ms, total 39ms
06-25 19:59:22.576 D/dalvikvm( 2438): GC_CONCURRENT freed 202K, 7% free 7511K/8007K, paused 12ms+2ms, total 41ms
06-25 19:59:22.616 D/dalvikvm( 2438): GC_FOR_ALLOC freed 170K, 7% free 7638K/8199K, paused 26ms, total 26ms
06-25 19:59:22.646 D/dalvikvm( 1608): GC_CONCURRENT freed 248K, 9% free 6473K/7111K, paused 2ms+5ms, total 24ms
06-25 19:59:22.656 D/dalvikvm( 2438): GC_FOR_ALLOC freed 393K, 10% free 7662K/8455K, paused 27ms, total 27ms
06-25 19:59:22.686 D/dalvikvm( 2438): GC_FOR_ALLOC freed 106K, 9% free 7774K/8455K, paused 26ms, total 26ms
06-25 19:59:22.686 I/dalvikvm-heap( 2438): Grow heap (frag case) to 8.079MB for 260112-byte allocation
06-25 19:59:22.686 D/dalvikvm( 1340): WAIT_FOR_CONCURRENT_GC blocked 0ms
06-25 19:59:22.716 D/dalvikvm( 2438): GC_FOR_ALLOC freed 126K, 10% free 7902K/8711K, paused 26ms, total 26ms
06-25 19:59:22.746 D/dalvikvm( 2438): GC_FOR_ALLOC freed 369K, 10% free 7908K/8711K, paused 25ms, total 25ms
06-25 19:59:22.766 W/Service ( 2495): mClassName= com.evernotetoInt= 224589013
06-25 19:59:22.776 W/Service ( 2495): mClassName= com.evernotetoInt= 224589013
06-25 19:59:22.786 D/dalvikvm( 1340): GC_EXPLICIT freed 115K, 14% free 10906K/12551K, paused 4ms+9ms, total 98ms
06-25 19:59:22.876 D/dalvikvm( 2438): GC_CONCURRENT freed 444K, 8% free 8149K/8839K, paused 2ms+4ms, total 33ms
06-25 19:59:22.876 D/dalvikvm( 2438): WAIT_FOR_CONCURRENT_GC blocked 8ms
06-25 19:59:22.896 D/dalvikvm( 1608): WAIT_FOR_CONCURRENT_GC blocked 0ms
06-25 19:59:22.926 D/dalvikvm( 1608): GC_EXPLICIT freed 239K, 12% free 6308K/7111K, paused 2ms+3ms, total 32ms
06-25 19:59:23.016 D/dalvikvm( 2438): GC_CONCURRENT freed 161K, 5% free 8752K/9159K, paused 2ms+4ms, total 39ms
06-25 19:59:23.016 D/dalvikvm( 2438): WAIT_FOR_CONCURRENT_GC blocked 13ms
06-25 19:59:23.186 D/dalvikvm( 2438): GC_CONCURRENT freed 474K, 8% free 9207K/9927K, paused 2ms+3ms, total 44ms
06-25 19:59:23.186 D/dalvikvm( 2438): WAIT_FOR_CONCURRENT_GC blocked 25ms
06-25 19:59:23.226 D/dalvikvm( 1340): WAIT_FOR_CONCURRENT_GC blocked 0ms
06-25 19:59:23.316 I/wpa_supplicant( 1453): [CTRL_IFACE]wlan0: SIGNAL_POLL
06-25 19:59:23.316 D/dalvikvm( 1340): GC_EXPLICIT freed 89K, 14% free 10906K/12551K, paused 4ms+17ms, total 97ms
06-25 19:59:23.446 D/Finsky  ( 2438): [1] 3.onMutationsApplied: App library has changed, requesting content sync.
06-25 19:59:23.446 D/AlarmManager( 1340): overriden alarm callingpackages[0] com.android.vending
06-25 19:59:23.456 D/Finsky  ( 2438): [1] CheckWifiAndAutoUpdate.cancelCheck: Cancelling auto-update wifi check.
06-25 19:59:23.456 D/AlarmManager( 1340): overriden alarm callingpackages[0] com.android.vending
06-25 19:59:23.576 D/dalvikvm( 2438): GC_CONCURRENT freed 896K, 12% free 9404K/10567K, paused 13ms+14ms, total 72ms
06-25 19:59:23.706 W/Service ( 2414): mClassName= com.google.android.gsf.logintoInt= -2125384850
06-25 19:59:23.746 D/dalvikvm( 1608): GC_CONCURRENT freed 231K, 10% free 6467K/7111K, paused 2ms+4ms, total 23ms
06-25 19:59:23.776 D/dalvikvm( 1340): WAIT_FOR_CONCURRENT_GC blocked 0ms
06-25 19:59:23.856 D/dalvikvm( 1340): GC_EXPLICIT freed 138K, 14% free 10908K/12551K, paused 4ms+7ms, total 84ms
06-25 19:59:23.966 D/dalvikvm( 1608): WAIT_FOR_CONCURRENT_GC blocked 0ms
06-25 19:59:24.006 D/dalvikvm( 1608): GC_EXPLICIT freed 245K, 12% free 6314K/7111K, paused 3ms+3ms, total 34ms
06-25 19:59:24.216 I/qtaguid ( 2438): Failed write_ctrl(u 53) res=-1 errno=22
06-25 19:59:24.216 I/qtaguid ( 2438): Untagging socket 53 failed errno=-22
06-25 19:59:24.216 W/NetworkManagementSocketTagger( 2438): untagSocket(53) failed with errno -22
06-25 19:59:24.306 D/dalvikvm( 1340): WAIT_FOR_CONCURRENT_GC blocked 0ms
06-25 19:59:24.326 D/Finsky  ( 2438): [1] MultiWayUpdateController.captureVariesByAccount: Change varies-by-account for com.adobe.reader to false
06-25 19:59:24.326 D/Finsky  ( 2438): [1] MultiWayUpdateController.captureVariesByAccount: Change varies-by-account for com.google.android.gm to true
06-25 19:59:24.326 D/Finsky  ( 2438): [1] MultiWayUpdateController.captureAutoAcquireTags: Change auto-acquire tags for com.google.android.gm from  to d_AAAAAAADF8w=
06-25 19:59:24.326 D/Finsky  ( 2438): [1] MultiWayUpdateController.captureVariesByAccount: Change varies-by-account for com.adamrocker.android.input.simeji to true
06-25 19:59:24.436 D/dalvikvm( 1340): GC_EXPLICIT freed 114K, 14% free 10909K/12551K, paused 4ms+8ms, total 130ms
06-25 19:59:24.586 D/Finsky  ( 2438): [1] InstallerImpl.requestInstall: Request install of com.adobe.reader v=93989 for auto_update
06-25 19:59:24.586 D/Finsky  ( 2438): [1] InstallerImpl.kick: Installer kick com.adobe.reader - starting com.adobe.reader
06-25 19:59:24.606 D/Finsky  ( 2438): [1] InstallerImpl.requestInstall: Request install of com.pdanet v=4171 for auto_update
06-25 19:59:24.616 D/Finsky  ( 2438): [1] InstallerImpl.kick: Installer kick com.pdanet - no action because busy.
06-25 19:59:24.616 D/Finsky  ( 2438): [1] InstallerImpl.requestInstall: Request install of jp.gungho.pad v=6530 for auto_update
06-25 19:59:24.616 D/Finsky  ( 2438): [1] InstallerImpl.kick: Installer kick jp.gungho.pad - no action because busy.
06-25 19:59:24.626 D/Finsky  ( 2438): [1] InstallerImpl.requestInstall: Request install of com.evernote v=1058503 for auto_update
06-25 19:59:24.636 W/Service ( 2414): mClassName= com.google.android.gsf.logintoInt= -2125384850
06-25 19:59:24.636 D/Finsky  ( 2438): [1] InstallerImpl.kick: Installer kick com.evernote - no action because busy.
06-25 19:59:24.676 D/dalvikvm( 2438): GC_CONCURRENT freed 950K, 12% free 9616K/10823K, paused 13ms+4ms, total 84ms
06-25 19:59:24.676 D/dalvikvm( 2438): WAIT_FOR_CONCURRENT_GC blocked 19ms
06-25 19:59:24.676 D/dalvikvm( 2438): WAIT_FOR_CONCURRENT_GC blocked 20ms
06-25 19:59:24.976 I/qtaguid ( 2438): Failed write_ctrl(u 53) res=-1 errno=22
06-25 19:59:24.976 I/qtaguid ( 2438): Untagging socket 53 failed errno=-22
06-25 19:59:24.986 W/NetworkManagementSocketTagger( 2438): untagSocket(53) failed with errno -22
06-25 19:59:25.016 D/dalvikvm( 1608): GC_CONCURRENT freed 231K, 10% free 6471K/7111K, paused 2ms+5ms, total 25ms
06-25 19:59:25.016 D/Finsky  ( 2438): [1] UpdateChecker.showUpdateNotifications: Notifying user [9/9] applications have updates that require approval.
06-25 19:59:25.056 D/dalvikvm( 1340): WAIT_FOR_CONCURRENT_GC blocked 0ms
06-25 19:59:25.146 D/dalvikvm( 1340): GC_EXPLICIT freed 195K, 14% free 10910K/12551K, paused 4ms+7ms, total 90ms
06-25 19:59:25.266 D/dalvikvm( 1608): WAIT_FOR_CONCURRENT_GC blocked 0ms
06-25 19:59:25.306 D/dalvikvm( 1608): GC_EXPLICIT freed 238K, 12% free 6329K/7111K, paused 3ms+4ms, total 32ms
06-25 19:59:25.556 D/dalvikvm( 1340): WAIT_FOR_CONCURRENT_GC blocked 0ms
06-25 19:59:25.636 D/dalvikvm( 1340): GC_EXPLICIT freed 87K, 14% free 10910K/12551K, paused 4ms+6ms, total 83ms
06-25 19:59:26.326 I/wpa_supplicant( 1453): [CTRL_IFACE]wlan0: SIGNAL_POLL
06-25 19:59:26.506 D/dalvikvm( 1608): GC_CONCURRENT freed 242K, 9% free 6479K/7111K, paused 2ms+4ms, total 23ms
06-25 19:59:26.516 D/dalvikvm( 1340): WAIT_FOR_CONCURRENT_GC blocked 0ms
06-25 19:59:26.606 D/dalvikvm( 1340): GC_EXPLICIT freed 90K, 14% free 10909K/12551K, paused 3ms+6ms, total 85ms
06-25 19:59:26.736 D/dalvikvm( 1608): WAIT_FOR_CONCURRENT_GC blocked 0ms
06-25 19:59:26.766 D/dalvikvm( 1608): GC_EXPLICIT freed 236K, 12% free 6321K/7111K, paused 3ms+4ms, total 32ms
06-25 19:59:27.036 D/dalvikvm( 1340): WAIT_FOR_CONCURRENT_GC blocked 0ms
06-25 19:59:27.116 D/dalvikvm( 1340): GC_EXPLICIT freed 90K, 14% free 10910K/12551K, paused 3ms+7ms, total 83ms
06-25 19:59:29.326 I/wpa_supplicant( 1453): [CTRL_IFACE]wlan0: SIGNAL_POLL
06-25 19:59:29.496 D/Finsky  ( 2438): [1] DailyHygiene.flushEventLogsAndContinue: Flushing event logs for [bg0ykFPnxyjLKjFJzDBAvrA13zU]
06-25 19:59:29.496 D/AlarmManager( 1340): overriden alarm callingpackages[0] com.android.vending
06-25 19:59:29.506 D/Volley  ( 2438): [1] Request.finish: 5823 ms: [ ] https://android.clients.google.com/fdfe/bulkDetails 0xe8d195d1 NORMAL 4
06-25 19:59:29.826 D/dalvikvm( 1608): GC_CONCURRENT freed 234K, 9% free 6474K/7111K, paused 2ms+4ms, total 24ms
06-25 19:59:29.846 D/dalvikvm( 1340): WAIT_FOR_CONCURRENT_GC blocked 0ms
06-25 19:59:29.936 D/dalvikvm( 1340): GC_EXPLICIT freed 98K, 13% free 10932K/12551K, paused 4ms+7ms, total 86ms
06-25 19:59:30.096 D/dalvikvm( 1608): WAIT_FOR_CONCURRENT_GC blocked 0ms
06-25 19:59:30.126 D/dalvikvm( 1608): GC_EXPLICIT freed 237K, 11% free 6333K/7111K, paused 2ms+3ms, total 33ms
06-25 19:59:30.306 D/Finsky  ( 2438): [1] DownloadImpl.setState: com.adobe.reader from null to UNQUEUED.
06-25 19:59:30.306 D/Finsky  ( 2438): [1] DownloadQueueImpl.add: Download com.adobe.reader added to DownloadQueue
06-25 19:59:30.316 D/Finsky  ( 2438): [1] DownloadImpl.setState: com.adobe.reader from UNQUEUED to QUEUED.
06-25 19:59:30.326 I/installd( 1057): free_cache(5770688) avail 215777280
06-25 19:59:30.326 D/Volley  ( 2438): [1] Request.finish: 5723 ms: [ ] https://android.clients.google.com/fdfe/delivery?doc=com.adobe.reader&ot=1&st=EJrzqp0F%0A&vc=93989&bvc=90937&pf=1&pf=2&ch=wHoLXsbwGleJxLv4ioMDYFFPAsU 0xe8d195d1 NORMAL 5
06-25 19:59:30.326 W/Service ( 2438): mClassName= com.android.vendingtoInt= 1483848391
06-25 19:59:30.336 D/Finsky  ( 2438): [1] DownloadQueueImpl.startDownload: Download com.adobe.reader starting
06-25 19:59:30.366 D/dalvikvm( 2438): GC_CONCURRENT freed 941K, 12% free 9850K/11079K, paused 13ms+16ms, total 87ms
06-25 19:59:30.376 W/Service ( 1608): mClassName= com.android.providers.downloadstoInt= -336739181
06-25 19:59:30.376 D/Finsky  ( 2438): [128] 7.run: Enqueued com.adobe.reader as content://downloads/my_downloads/196
06-25 19:59:30.386 D/Finsky  ( 2438): [1] DownloadImpl.setState: com.adobe.reader from QUEUED to DOWNLOADING.
06-25 19:59:30.386 D/Finsky  ( 2438): [1] DownloadQueueImpl.onStart: com.adobe.reader: onStart
06-25 19:59:30.416 D/Finsky  ( 2438): [1] DownloadQueueImpl.notifyProgress: com.adobe.reader: onProgress 0/-1 Status: 190.
06-25 19:59:30.436 D/dalvikvm( 1340): WAIT_FOR_CONCURRENT_GC blocked 0ms
06-25 19:59:30.516 D/dalvikvm( 1340): GC_EXPLICIT freed 107K, 13% free 10936K/12551K, paused 4ms+6ms, total 85ms
06-25 19:59:30.536 D/Finsky  ( 2438): [1] DownloadQueueImpl.notifyProgress: com.adobe.reader: onProgress 0/-1 Status: 192.
06-25 19:59:30.566 I/DownloadManager( 1608): Initiating request for download 196
06-25 19:59:30.636 D/dalvikvm( 1608): GC_CONCURRENT freed 278K, 10% free 6470K/7111K, paused 13ms+14ms, total 50ms
06-25 19:59:30.926 D/dalvikvm( 1340): WAIT_FOR_CONCURRENT_GC blocked 0ms
06-25 19:59:31.016 D/dalvikvm( 1340): GC_EXPLICIT freed 96K, 13% free 10943K/12551K, paused 3ms+7ms, total 83ms
06-25 19:59:31.126 D/dalvikvm( 1608): WAIT_FOR_CONCURRENT_GC blocked 0ms
06-25 19:59:31.156 D/dalvikvm( 1608): GC_EXPLICIT freed 271K, 9% free 6512K/7111K, paused 3ms+5ms, total 35ms
06-25 19:59:31.406 I/DownloadManager( 1608): Initiating request for download 196
06-25 19:59:31.416 D/dalvikvm( 1340): WAIT_FOR_CONCURRENT_GC blocked 0ms
06-25 19:59:31.496 D/dalvikvm( 1340): GC_EXPLICIT freed 88K, 13% free 10943K/12551K, paused 4ms+7ms, total 84ms
06-25 19:59:31.656 W/MediaScanner( 1608): Error opening directory '/mnt/uhost/', skipping: Permission denied.
06-25 19:59:31.666 V/MediaProvider( 1608): Queried /mnt/sdcard/Android/data/com.evernote/files/announcements
06-25 19:59:31.676 V/MediaProvider( 1608): Returning cached entry for /mnt/sdcard/Android/data/com.evernote/files/announcements
06-25 19:59:31.676 V/MediaProvider( 1608): Returning cached entry for /mnt/sdcard/Android/data/com.evernote/files/announcements
06-25 19:59:31.676 V/MediaProvider( 1608): Returning cached entry for /mnt/sdcard/Android/data/com.evernote/files/announcements
06-25 19:59:31.676 V/MediaProvider( 1608): Returning cached entry for /mnt/sdcard/Android/data/com.evernote/files/announcements
06-25 19:59:31.696 V/MediaProvider( 1608): Queried /mnt/sdcard/Android/data/com.evernote/files/user-51282236/notes
06-25 19:59:31.696 V/MediaProvider( 1608): Returning cached entry for /mnt/sdcard/Android/data/com.evernote/files/user-51282236/notes/b34
06-25 19:59:31.706 V/MediaProvider( 1608): Returning cached entry for /mnt/sdcard/Android/data/com.evernote/files/user-51282236/notes
06-25 19:59:31.706 V/MediaProvider( 1608): Returning cached entry for /mnt/sdcard/Android/data/com.evernote/files/user-51282236/notes/077
06-25 19:59:31.706 V/MediaProvider( 1608): Returning cached entry for /mnt/sdcard/Android/data/com.evernote/files/user-51282236/notes
06-25 19:59:31.706 V/MediaProvider( 1608): Returning cached entry for /mnt/sdcard/Android/data/com.evernote/files/user-51282236/notes/224
06-25 19:59:31.706 V/MediaProvider( 1608): Returning cached entry for /mnt/sdcard/Android/data/com.evernote/files/user-51282236/notes
06-25 19:59:31.716 V/MediaProvider( 1608): Returning cached entry for /mnt/sdcard/Android/data/com.evernote/files/user-51282236/notes/c74
06-25 19:59:31.716 V/MediaProvider( 1608): Returning cached entry for /mnt/sdcard/Android/data/com.evernote/files/user-51282236/notes/c74/c74f6305-8696-4efc-b593-abb00a6cbaea
06-25 19:59:31.736 D/dalvikvm( 1608): GC_CONCURRENT freed 417K, 10% free 6530K/7239K, paused 2ms+5ms, total 24ms
06-25 19:59:31.756 V/MediaProvider( 1608): Queried /mnt/sdcard/DCIM/.thumbnails
06-25 19:59:31.766 V/MediaProvider( 1608): Returning cached entry for /mnt/sdcard/DCIM/.thumbnails
06-25 19:59:31.776 V/MediaProvider( 1608): Queried /mnt/sdcard/Android/data/com.twitter.android/cache/tweets
06-25 19:59:31.776 V/MediaProvider( 1608): Returning cached entry for /mnt/sdcard/Android/data/com.twitter.android/cache/tweets
06-25 19:59:31.786 V/MediaProvider( 1608): Returning cached entry for /mnt/sdcard/Android/data/com.twitter.android/cache/tweets
06-25 19:59:31.786 V/MediaProvider( 1608): Returning cached entry for /mnt/sdcard/Android/data/com.twitter.android/cache/tweets
06-25 19:59:31.786 V/MediaProvider( 1608): Returning cached entry for /mnt/sdcard/Android/data/com.twitter.android/cache/tweets
06-25 19:59:31.796 V/MediaProvider( 1608): Returning cached entry for /mnt/sdcard/Android/data/com.twitter.android/cache/tweets
06-25 19:59:31.796 V/MediaProvider( 1608): Returning cached entry for /mnt/sdcard/Android/data/com.twitter.android/cache/tweets
06-25 19:59:31.796 V/MediaProvider( 1608): Returning cached entry for /mnt/sdcard/Android/data/com.twitter.android/cache/tweets
06-25 19:59:31.806 V/MediaProvider( 1608): Returning cached entry for /mnt/sdcard/Android/data/com.twitter.android/cache/tweets
06-25 19:59:31.806 V/MediaProvider( 1608): Returning cached entry for /mnt/sdcard/Android/data/com.twitter.android/cache/tweets
06-25 19:59:31.816 V/MediaProvider( 1608): Returning cached entry for /mnt/sdcard/Android/data/com.twitter.android/cache/tweets
06-25 19:59:31.816 V/MediaProvider( 1608): Returning cached entry for /mnt/sdcard/Android/data/com.twitter.android/cache/tweets
06-25 19:59:31.816 V/MediaProvider( 1608): Returning cached entry for /mnt/sdcard/Android/data/com.twitter.android/cache/tweets
06-25 19:59:31.816 V/MediaProvider( 1608): Returning cached entry for /mnt/sdcard/Android/data/com.twitter.android/cache/tweets
06-25 19:59:31.826 V/MediaProvider( 1608): Returning cached entry for /mnt/sdcard/Android/data/com.twitter.android/cache/tweets
06-25 19:59:31.826 V/MediaProvider( 1608): Returning cached entry for /mnt/sdcard/Android/data/com.twitter.android/cache/tweets
06-25 19:59:31.826 V/MediaProvider( 1608): Returning cached entry for /mnt/sdcard/Android/data/com.twitter.android/cache/tweets
06-25 19:59:31.836 V/MediaProvider( 1608): Returning cached entry for /mnt/sdcard/Android/data/com.twitter.android/cache/tweets
06-25 19:59:31.836 V/MediaProvider( 1608): Returning cached entry for /mnt/sdcard/Android/data/com.twitter.android/cache/tweets
06-25 19:59:31.836 V/MediaProvider( 1608): Returning cached entry for /mnt/sdcard/Android/data/com.twitter.android/cache/tweets
06-25 19:59:31.856 V/MediaProvider( 1608): Queried /mnt/sdcard/Android/data/com.twitter.android/cache/photos
06-25 19:59:31.866 V/MediaProvider( 1608): Returning cached entry for /mnt/sdcard/Android/data/com.twitter.android/cache/photos
06-25 19:59:31.876 V/MediaProvider( 1608): Queried /mnt/sdcard/Android/data/com.twitter.android/cache/mini
06-25 19:59:31.886 V/MediaProvider( 1608): Returning cached entry for /mnt/sdcard/Android/data/com.twitter.android/cache/mini
06-25 19:59:31.886 V/MediaProvider( 1608): Returning cached entry for /mnt/sdcard/Android/data/com.twitter.android/cache/mini
06-25 19:59:31.886 V/MediaProvider( 1608): Returning cached entry for /mnt/sdcard/Android/data/com.twitter.android/cache/mini
06-25 19:59:31.886 V/MediaProvider( 1608): Returning cached entry for /mnt/sdcard/Android/data/com.twitter.android/cache/mini
06-25 19:59:31.886 V/MediaProvider( 1608): Returning cached entry for /mnt/sdcard/Android/data/com.twitter.android/cache/mini
06-25 19:59:31.896 V/MediaProvider( 1608): Returning cached entry for /mnt/sdcard/Android/data/com.twitter.android/cache/mini
06-25 19:59:31.896 V/MediaProvider( 1608): Returning cached entry for /mnt/sdcard/Android/data/com.twitter.android/cache/mini
06-25 19:59:31.896 V/MediaProvider( 1608): Returning cached entry for /mnt/sdcard/Android/data/com.twitter.android/cache/mini
06-25 19:59:31.916 V/MediaProvider( 1608): Queried /mnt/sdcard/Android/data/com.twitter.android/cache/card
06-25 19:59:31.916 V/MediaProvider( 1608): Returning cached entry for /mnt/sdcard/Android/data/com.evernote/files/announcements/a20
06-25 19:59:31.916 V/MediaProvider( 1608): Returning cached entry for /mnt/sdcard/Android/data/com.evernote/files/announcements/a21
06-25 19:59:31.916 V/MediaProvider( 1608): Returning cached entry for /mnt/sdcard/Android/data/com.evernote/files/announcements/a22
06-25 19:59:31.916 V/MediaProvider( 1608): Returning cached entry for /mnt/sdcard/Android/data/com.evernote/files/announcements/a22
06-25 19:59:31.926 V/MediaProvider( 1608): Returning cached entry for /mnt/sdcard/Android/data/com.evernote/files/announcements/a23
06-25 19:59:31.926 V/MediaProvider( 1608): Returning cached entry for /mnt/sdcard/Android/data/com.evernote/files/announcements/a24
06-25 19:59:31.926 V/MediaProvider( 1608): Returning cached entry for /mnt/sdcard/Android/data/com.evernote/files/user-51282236/notes/b34/b340c59d-894d-4808-a9f2-15c6beed2f68
06-25 19:59:31.926 V/MediaProvider( 1608): Returning cached entry for /mnt/sdcard/Android/data/com.evernote/files/user-51282236/notes/077/077aa133-0303-403f-87ad-e9fe4db2e32b
06-25 19:59:31.926 V/MediaProvider( 1608): Returning cached entry for /mnt/sdcard/Android/data/com.evernote/files/user-51282236/notes/224/2240b6c0-7d5e-498c-b530-2da189388589
06-25 19:59:31.936 V/MediaProvider( 1608): Returning cached entry for /mnt/sdcard/Android/data/com.evernote/files/user-51282236/notes/c74/c74f6305-8696-4efc-b593-abb00a6cbaea/draft
06-25 19:59:31.936 V/MediaProvider( 1608): Returning cached entry for /mnt/sdcard/question
06-25 19:59:31.936 V/MediaProvider( 1608): Returning cached entry for /mnt/sdcard/question
06-25 19:59:31.936 V/MediaProvider( 1608): Returning cached entry for /mnt/sdcard/question
06-25 19:59:31.936 V/MediaProvider( 1608): Returning cached entry for /mnt/sdcard/question
06-25 19:59:31.936 V/MediaProvider( 1608): Returning cached entry for /mnt/sdcard/question
06-25 19:59:31.946 V/MediaProvider( 1608): Returning cached entry for /mnt/sdcard/questionnaire
06-25 19:59:31.966 D/MediaScannerService( 1608): done scanning volume external
06-25 19:59:31.966 D/MediaScannerService( 1608): end handleMessage
06-25 19:59:31.966 D/MediaScannerService( 1608): begin handleMessage
06-25 19:59:31.966 D/MediaScannerService( 1608): start scanning volume:external directories: [/mnt/sdcard, /mnt/sd-ext, /mnt/uhost]
06-25 19:59:32.006 D/dalvikvm( 2541): GC_CONCURRENT freed 436K, 11% free 7019K/7879K, paused 3ms+3ms, total 26ms
06-25 19:59:32.056 D/dalvikvm( 1608): GC_CONCURRENT freed 590K, 12% free 6377K/7239K, paused 2ms+12ms, total 32ms
06-25 19:59:32.056 W/DrmManagerClient( 1608): You should have called release()
06-25 19:59:32.226 D/dalvikvm( 1608): GC_CONCURRENT freed 424K, 13% free 6356K/7239K, paused 2ms+2ms, total 21ms
06-25 19:59:32.306 W/MediaScanner( 1608): Error opening directory '/mnt/sdcard/.android_secure/', skipping: Permission denied.
06-25 19:59:32.326 I/wpa_supplicant( 1453): [CTRL_IFACE]wlan0: SIGNAL_POLL
06-25 19:59:32.536 D/dalvikvm( 1340): WAIT_FOR_CONCURRENT_GC blocked 0ms
06-25 19:59:32.626 D/dalvikvm( 1340): GC_EXPLICIT freed 119K, 13% free 10944K/12551K, paused 4ms+6ms, total 87ms
06-25 19:59:32.726 D/dalvikvm( 1608): WAIT_FOR_CONCURRENT_GC blocked 0ms
06-25 19:59:32.756 D/dalvikvm( 1608): GC_EXPLICIT freed 211K, 11% free 6444K/7239K, paused 2ms+5ms, total 33ms
06-25 19:59:33.056 D/dalvikvm( 1340): WAIT_FOR_CONCURRENT_GC blocked 0ms
06-25 19:59:33.146 D/dalvikvm( 1340): GC_EXPLICIT freed 88K, 13% free 10943K/12551K, paused 4ms+7ms, total 86ms
06-25 19:59:33.456 D/dalvikvm( 1608): GC_CONCURRENT freed 289K, 10% free 6544K/7239K, paused 2ms+4ms, total 24ms
06-25 19:59:33.536 D/dalvikvm( 1340): WAIT_FOR_CONCURRENT_GC blocked 0ms
06-25 19:59:33.646 D/dalvikvm( 1340): GC_EXPLICIT freed 98K, 13% free 10943K/12551K, paused 4ms+8ms, total 104ms
06-25 19:59:33.726 D/dalvikvm( 1608): WAIT_FOR_CONCURRENT_GC blocked 0ms
06-25 19:59:33.766 D/dalvikvm( 1608): GC_EXPLICIT freed 237K, 12% free 6411K/7239K, paused 3ms+4ms, total 38ms
06-25 19:59:34.056 D/dalvikvm( 1340): WAIT_FOR_CONCURRENT_GC blocked 0ms
06-25 19:59:34.146 D/dalvikvm( 1340): GC_EXPLICIT freed 86K, 13% free 10943K/12551K, paused 3ms+8ms, total 87ms
06-25 19:59:34.486 D/dalvikvm( 1608): GC_CONCURRENT freed 243K, 10% free 6559K/7239K, paused 2ms+15ms, total 35ms
06-25 19:59:34.536 D/dalvikvm( 1340): WAIT_FOR_CONCURRENT_GC blocked 0ms
06-25 19:59:34.626 D/dalvikvm( 1340): GC_EXPLICIT freed 87K, 13% free 10943K/12551K, paused 4ms+7ms, total 88ms
06-25 19:59:34.716 D/dalvikvm( 1608): WAIT_FOR_CONCURRENT_GC blocked 0ms
06-25 19:59:34.746 D/dalvikvm( 1608): GC_EXPLICIT freed 239K, 12% free 6395K/7239K, paused 3ms+3ms, total 34ms
06-25 19:59:35.136 D/dalvikvm( 1340): WAIT_FOR_CONCURRENT_GC blocked 0ms
06-25 19:59:35.326 D/dalvikvm( 1340): GC_EXPLICIT freed 97K, 13% free 10943K/12551K, paused 5ms+11ms, total 190ms
06-25 19:59:35.336 I/wpa_supplicant( 1453): [CTRL_IFACE]wlan0: SIGNAL_POLL
06-25 19:59:35.626 D/dalvikvm( 1608): GC_CONCURRENT freed 240K, 10% free 6546K/7239K, paused 2ms+5ms, total 24ms
06-25 19:59:35.726 D/dalvikvm( 1340): WAIT_FOR_CONCURRENT_GC blocked 0ms
06-25 19:59:35.806 D/dalvikvm( 1340): GC_EXPLICIT freed 90K, 13% free 10943K/12551K, paused 3ms+7ms, total 84ms
06-25 19:59:35.866 D/dalvikvm( 1608): WAIT_FOR_CONCURRENT_GC blocked 0ms
06-25 19:59:35.906 D/dalvikvm( 1608): GC_EXPLICIT freed 238K, 12% free 6410K/7239K, paused 2ms+3ms, total 33ms
06-25 19:59:36.216 D/dalvikvm( 1340): WAIT_FOR_CONCURRENT_GC blocked 0ms
06-25 19:59:36.296 D/dalvikvm( 1340): GC_EXPLICIT freed 87K, 13% free 10943K/12551K, paused 4ms+7ms, total 84ms
06-25 19:59:36.626 D/dalvikvm( 1608): GC_CONCURRENT freed 246K, 10% free 6553K/7239K, paused 2ms+4ms, total 24ms
06-25 19:59:36.726 D/dalvikvm( 1340): WAIT_FOR_CONCURRENT_GC blocked 0ms
06-25 19:59:36.816 D/dalvikvm( 1340): GC_EXPLICIT freed 87K, 13% free 10943K/12551K, paused 4ms+7ms, total 84ms
06-25 19:59:36.896 D/dalvikvm( 1608): WAIT_FOR_CONCURRENT_GC blocked 0ms
06-25 19:59:36.936 D/dalvikvm( 1608): GC_EXPLICIT freed 240K, 12% free 6405K/7239K, paused 2ms+4ms, total 33ms
06-25 19:59:37.286 D/dalvikvm( 1340): WAIT_FOR_CONCURRENT_GC blocked 0ms
06-25 19:59:37.366 D/dalvikvm( 1340): GC_EXPLICIT freed 86K, 13% free 10943K/12551K, paused 4ms+7ms, total 84ms
06-25 19:59:37.726 D/dalvikvm( 1608): GC_CONCURRENT freed 242K, 10% free 6555K/7239K, paused 2ms+5ms, total 24ms
06-25 19:59:37.806 D/dalvikvm( 1340): WAIT_FOR_CONCURRENT_GC blocked 0ms
06-25 19:59:37.896 D/dalvikvm( 1340): GC_EXPLICIT freed 87K, 13% free 10943K/12551K, paused 3ms+6ms, total 83ms
06-25 19:59:37.966 D/dalvikvm( 1608): WAIT_FOR_CONCURRENT_GC blocked 0ms
06-25 19:59:37.996 D/dalvikvm( 1608): GC_EXPLICIT freed 241K, 12% free 6403K/7239K, paused 2ms+3ms, total 33ms
06-25 19:59:38.316 D/dalvikvm( 1340): WAIT_FOR_CONCURRENT_GC blocked 0ms
06-25 19:59:38.336 I/wpa_supplicant( 1453): [CTRL_IFACE]wlan0: SIGNAL_POLL
06-25 19:59:38.396 D/dalvikvm( 1340): GC_EXPLICIT freed 88K, 13% free 10943K/12551K, paused 3ms+6ms, total 84ms
06-25 19:59:38.466 W/Service ( 2438): mClassName= com.android.vendingtoInt= 1483848391
06-25 19:59:38.636 D/Finsky  ( 2438): [1] 5.onFinished: Installation state replication succeeded.
06-25 19:59:38.636 W/Service ( 2438): mClassName= com.android.vendingtoInt= 1483848391
06-25 19:59:38.826 D/dalvikvm( 1608): GC_CONCURRENT freed 234K, 10% free 6560K/7239K, paused 12ms+4ms, total 34ms
06-25 19:59:38.866 D/dalvikvm( 1340): WAIT_FOR_CONCURRENT_GC blocked 0ms
06-25 19:59:38.956 D/dalvikvm( 1340): GC_EXPLICIT freed 136K, 13% free 10944K/12551K, paused 4ms+7ms, total 87ms
06-25 19:59:39.036 D/dalvikvm( 1608): WAIT_FOR_CONCURRENT_GC blocked 0ms
06-25 19:59:39.066 D/dalvikvm( 1608): GC_EXPLICIT freed 238K, 12% free 6396K/7239K, paused 2ms+3ms, total 33ms
06-25 19:59:39.366 D/dalvikvm( 1340): WAIT_FOR_CONCURRENT_GC blocked 0ms
06-25 19:59:39.456 D/dalvikvm( 1340): GC_EXPLICIT freed 88K, 13% free 10944K/12551K, paused 4ms+6ms, total 86ms
06-25 19:59:39.906 D/dalvikvm( 1608): GC_CONCURRENT freed 228K, 10% free 6561K/7239K, paused 4ms+8ms, total 53ms
06-25 19:59:40.016 D/dalvikvm( 1340): WAIT_FOR_CONCURRENT_GC blocked 0ms
06-25 19:59:40.126 D/dalvikvm( 1340): GC_EXPLICIT freed 87K, 13% free 10944K/12551K, paused 6ms+6ms, total 111ms
06-25 19:59:40.186 D/dalvikvm( 1608): WAIT_FOR_CONCURRENT_GC blocked 0ms
06-25 19:59:40.226 D/dalvikvm( 1608): GC_EXPLICIT freed 236K, 12% free 6398K/7239K, paused 3ms+4ms, total 41ms
06-25 19:59:40.546 D/dalvikvm( 1340): WAIT_FOR_CONCURRENT_GC blocked 0ms
06-25 19:59:40.636 D/dalvikvm( 1340): GC_EXPLICIT freed 87K, 13% free 10943K/12551K, paused 4ms+7ms, total 91ms
06-25 19:59:40.966 D/dalvikvm( 1608): GC_CONCURRENT freed 229K, 10% free 6562K/7239K, paused 2ms+4ms, total 24ms
06-25 19:59:41.016 D/dalvikvm( 1340): WAIT_FOR_CONCURRENT_GC blocked 0ms
06-25 19:59:41.106 D/dalvikvm( 1340): GC_EXPLICIT freed 88K, 13% free 10942K/12551K, paused 4ms+7ms, total 92ms
06-25 19:59:41.176 D/dalvikvm( 1608): WAIT_FOR_CONCURRENT_GC blocked 0ms
06-25 19:59:41.206 D/dalvikvm( 1608): GC_EXPLICIT freed 238K, 12% free 6397K/7239K, paused 2ms+3ms, total 33ms
06-25 19:59:41.336 I/wpa_supplicant( 1453): [CTRL_IFACE]wlan0: SIGNAL_POLL
06-25 19:59:41.536 D/dalvikvm( 1340): WAIT_FOR_CONCURRENT_GC blocked 0ms
06-25 19:59:41.616 D/dalvikvm( 1340): GC_EXPLICIT freed 88K, 13% free 10941K/12551K, paused 4ms+7ms, total 84ms
06-25 19:59:41.956 D/dalvikvm( 1608): GC_CONCURRENT freed 229K, 10% free 6562K/7239K, paused 1ms+5ms, total 25ms
06-25 19:59:41.966 I/com.dropbox.android.service.CameraUploadService( 2541): Starting camera upload scan...
06-25 19:59:42.016 D/dalvikvm( 1340): WAIT_FOR_CONCURRENT_GC blocked 0ms
06-25 19:59:42.116 D/dalvikvm( 1340): GC_EXPLICIT freed 86K, 13% free 10941K/12551K, paused 6ms+6ms, total 96ms
06-25 19:59:42.176 D/dalvikvm( 1608): WAIT_FOR_CONCURRENT_GC blocked 0ms
06-25 19:59:42.216 D/dalvikvm( 1608): GC_EXPLICIT freed 239K, 12% free 6397K/7239K, paused 2ms+4ms, total 33ms
06-25 19:59:42.526 D/dalvikvm( 1340): WAIT_FOR_CONCURRENT_GC blocked 0ms
06-25 19:59:42.606 D/dalvikvm( 1340): GC_EXPLICIT freed 87K, 13% free 10941K/12551K, paused 4ms+7ms, total 84ms
06-25 19:59:42.976 D/dalvikvm( 1608): GC_CONCURRENT freed 229K, 10% free 6561K/7239K, paused 12ms+5ms, total 35ms
06-25 19:59:43.026 D/dalvikvm( 1340): WAIT_FOR_CONCURRENT_GC blocked 0ms
06-25 19:59:43.116 D/dalvikvm( 1340): GC_EXPLICIT freed 87K, 13% free 10941K/12551K, paused 3ms+7ms, total 91ms
06-25 19:59:43.186 D/dalvikvm( 1608): WAIT_FOR_CONCURRENT_GC blocked 0ms
06-25 19:59:43.216 D/dalvikvm( 1608): GC_EXPLICIT freed 237K, 12% free 6399K/7239K, paused 3ms+4ms, total 33ms
06-25 19:59:43.536 D/dalvikvm( 1340): WAIT_FOR_CONCURRENT_GC blocked 0ms
06-25 19:59:43.616 D/dalvikvm( 1340): GC_EXPLICIT freed 89K, 13% free 10941K/12551K, paused 4ms+7ms, total 84ms
