06-05 19:21:39.580 D/dalvikvm( 3106): GC_CONCURRENT freed 423K, 9% free 7236K/7943K, paused 12ms+2ms, total 36ms
06-05 19:21:46.200 W/Service ( 1707): mClassName= com.google.android.gsf.logintoInt= -2125384850
06-05 19:21:46.210 E/PlayEventLogger( 2098): Upload failed class java.net.UnknownHostException(Unable to resolve host "play.googleapis.com": No address associated with hostname)
06-05 19:21:59.620 W/Service ( 3106): mClassName= com.evernotetoInt= 224589013
06-05 19:21:59.630 D/MarketUtils( 3106): isPackageInstalled() - com.android.vending is installed
06-05 19:21:59.630 D/MarketUtils( 3106): isPackageInstalled() - com.android.vending is installed
06-05 19:22:40.360 D/AlarmManager( 1337): overriden alarm callingpackages[0] com.google.android.syncadapters.contacts
06-05 19:22:40.360 D/AlarmManager( 1337): overriden alarm callingpackages[0] com.google.android.syncadapters.contacts
06-05 19:26:35.380 D/HeartService( 1505): onStartCommand url: http://msg.simeji.baidu.jp/getmsg?id=DB593F99-B7C7-AD3F-EBFE-D63629F87261&app_ver=7.1.1&ver_code=438&os_ver=4.1.1&referrer=organic&keyboard_ja=keyboard_simeji_flick&keyboard_en=keyboard_simeji_alphabet_qwerty&flag=1&isActive=0&date=2014-06-05_19:26:35&from_ext_heartservice=0&uu_count=1&uu_success=0&uu_fail=0&uu_timeout=0&uu_host=1&uu_conn=0&uu_io=0&uu_exp=0
06-05 19:26:35.390 D/EthernetStateTracker( 1337): getLinkProperties()
06-05 19:26:36.540 I/EventLogService( 1658): Aggregate from 1401965796487 (log), 1401965796487 (data)
06-05 19:26:36.550 W/Service ( 1658): mClassName= com.google.android.gmstoInt= 400313326
06-05 19:26:36.570 D/AlarmManager( 1337): overriden alarm callingpackages[0] com.google.android.syncadapters.contacts
06-05 19:26:43.400 D/dalvikvm( 1658): GC_FOR_ALLOC freed 204K, 12% free 6991K/7879K, paused 21ms, total 21ms
06-05 19:26:43.400 W/Service ( 1658): mClassName= com.google.android.gmstoInt= 400313326
06-05 19:26:43.470 W/Uploader( 1658): No account for auth token provided
06-05 19:26:43.480 W/Service ( 1658): mClassName= com.google.android.gmstoInt= 400313326
06-05 19:26:43.480 D/Uploader( 1658): Network request failed class java.net.UnknownHostException(Unable to resolve host "play.googleapis.com": No address associated with hostname)
06-05 19:26:46.340 W/Service ( 1707): mClassName= com.google.android.gsf.logintoInt= -2125384850
06-05 19:26:46.350 E/PlayEventLogger( 2098): Upload failed class java.net.UnknownHostException(Unable to resolve host "play.googleapis.com": No address associated with hostname)
06-05 19:26:59.990 I/ActivityManager( 1337): No longer want com.path (pid 2217): hidden #16
06-05 19:27:00.030 W/Service ( 2389): mClassName= com.pathtoInt= -1078496038
06-05 19:27:11.420 W/ThrottleService( 1337): unable to find stats for iface rmnet0
06-05 19:27:11.420 W/SocketClient( 1047): write error (Broken pipe)
06-05 19:27:25.380 D/AlarmManager( 1337): overriden alarm callingpackages[0] com.google.android.syncadapters.contacts
06-05 19:27:25.380 D/AlarmManager( 1337): overriden alarm callingpackages[0] com.google.android.syncadapters.contacts
06-05 19:27:39.080 D/SurfaceFlinger( 1050): Screen about to return, flinger = 0x411b1af0
06-05 19:27:39.130 D/Sensors ( 1337): AccelerationSensor::~enable(0, 1)
06-05 19:27:39.150 D/Sensors ( 1337): AccelerationSensor::~setDelay(0, 200000000)
06-05 19:27:39.150 D/Sensors ( 1337): AccelerationSensor::~setDelay(0, 66667000)
06-05 19:27:39.260 D/dalvikvm( 1337): GC_FOR_ALLOC freed 719K, 13% free 11073K/12615K, paused 88ms, total 94ms
06-05 19:27:39.260 I/dalvikvm-heap( 1337): Grow heap (frag case) to 11.103MB for 46672-byte allocation
06-05 19:27:39.340 D/dalvikvm( 1337): GC_FOR_ALLOC freed 48K, 13% free 11070K/12679K, paused 80ms, total 80ms
06-05 19:27:39.350 W/BluetoothService( 1337): ACTION_SCREEN_ON
06-05 19:27:39.360 D/EthernetService( 1337): Intent.ACTION_SCREEN_ON  mEnableEthernet: false
06-05 19:27:39.420 I/WindowManager( 1337): Lock screen displayed!
06-05 19:27:39.470 E/lights  ( 1337): [abt]..........state=1780628548 brightness=1
06-05 19:27:39.470 E/lights  ( 1337): [abt]..........tmp_max_brightness=121 tmp_dim_brightness=33 tmp_BRIGHTNESS_ON=127  brightness=33
06-05 19:27:39.680 E/lights  ( 1337): [abt]..........state=1780628548 brightness=111
06-05 19:27:39.680 E/lights  ( 1337): [abt]..........tmp_max_brightness=121 tmp_dim_brightness=33 tmp_BRIGHTNESS_ON=127  brightness=109
06-05 19:27:39.680 E/PowerManagerService( 1337): Excessive delay setting brightness: 204ms, mask=2
06-05 19:27:39.690 E/lights  ( 1337): [abt]..........state=1780628532 brightness=112
06-05 19:27:39.690 E/lights  ( 1337): [abt]..........tmp_max_brightness=121 tmp_dim_brightness=33 tmp_BRIGHTNESS_ON=127  brightness=110
06-05 19:27:39.700 E/lights  ( 1337): [abt]..........state=1780628548 brightness=117
06-05 19:27:39.700 E/lights  ( 1337): [abt]..........tmp_max_brightness=121 tmp_dim_brightness=33 tmp_BRIGHTNESS_ON=127  brightness=114
06-05 19:27:39.710 E/lights  ( 1337): [abt]..........state=1780628548 brightness=122
06-05 19:27:39.710 E/lights  ( 1337): [abt]..........tmp_max_brightness=121 tmp_dim_brightness=33 tmp_BRIGHTNESS_ON=127  brightness=117
06-05 19:27:39.720 E/lights  ( 1337): [abt]..........state=1780628548 brightness=128
06-05 19:27:39.720 E/lights  ( 1337): [abt]..........tmp_max_brightness=607 tmp_dim_brightness=121 tmp_BRIGHTNESS_ON=128  brightness=124
06-05 19:27:39.730 E/lights  ( 1337): [abt]..........state=1780628548 brightness=130
06-05 19:27:39.730 E/lights  ( 1337): [abt]..........tmp_max_brightness=607 tmp_dim_brightness=121 tmp_BRIGHTNESS_ON=128  brightness=132
06-05 19:27:41.250 I/TabletStatusBar( 1457): DISABLE_CLOCK: no
06-05 19:27:41.270 D/dalvikvm( 1554): GC_FOR_ALLOC freed 380K, 10% free 21430K/23559K, paused 69ms, total 78ms
06-05 19:27:41.290 I/dalvikvm-heap( 1554): Grow heap (frag case) to 24.836MB for 3850256-byte allocation
06-05 19:27:41.340 D/dalvikvm( 1554): GC_FOR_ALLOC freed 8K, 8% free 25182K/27335K, paused 45ms, total 45ms
06-05 19:27:41.400 D/dalvikvm( 1554): GC_CONCURRENT freed <1K, 8% free 25183K/27335K, paused 18ms+5ms, total 61ms
06-05 19:27:41.410 D/dalvikvm( 1505): WAIT_FOR_CONCURRENT_GC blocked 0ms
06-05 19:27:41.410 W/InputMethodManagerService( 1337): Window already focused, ignoring focus gain of: com.android.internal.view.IInputMethodClient$Stub$Proxy@419c5bc8 attribute=android.view.inputmethod.EditorInfo@419b0a10
06-05 19:27:41.490 D/dalvikvm( 1505): GC_EXPLICIT freed 17K, 10% free 7137K/7879K, paused 5ms+15ms, total 81ms
06-05 19:27:42.800 D/dalvikvm( 1554): GC_FOR_ALLOC freed 3819K, 22% free 21426K/27335K, paused 26ms, total 27ms
06-05 19:27:42.810 I/dalvikvm-heap( 1554): Grow heap (frag case) to 24.833MB for 3850256-byte allocation
06-05 19:27:42.850 D/dalvikvm( 1554): GC_CONCURRENT freed <1K, 8% free 25185K/27335K, paused 13ms+4ms, total 42ms
06-05 19:27:42.850 D/dalvikvm( 1554): WAIT_FOR_CONCURRENT_GC blocked 29ms
06-05 19:27:43.060 D/dalvikvm( 1505): WAIT_FOR_CONCURRENT_GC blocked 0ms
06-05 19:27:43.120 D/dalvikvm( 1505): GC_EXPLICIT freed <1K, 10% free 7137K/7879K, paused 3ms+3ms, total 52ms
06-05 19:27:43.130 D/dalvikvm( 1554): WAIT_FOR_CONCURRENT_GC blocked 0ms
06-05 19:27:43.170 D/dalvikvm( 1554): GC_EXPLICIT freed 3795K, 22% free 21570K/27335K, paused 3ms+5ms, total 40ms
06-05 19:27:44.200 D/dalvikvm( 1554): GC_CONCURRENT freed 1243K, 19% free 22302K/27335K, paused 2ms+9ms, total 71ms
06-05 19:27:44.200 D/dalvikvm( 1554): WAIT_FOR_CONCURRENT_GC blocked 23ms
06-05 19:27:44.320 D/dalvikvm( 1554): GC_FOR_ALLOC freed 620K, 15% free 23507K/27335K, paused 37ms, total 41ms
06-05 19:27:44.380 D/dalvikvm( 1554): GC_FOR_ALLOC freed 289K, 11% free 24575K/27335K, paused 30ms, total 30ms
06-05 19:27:44.380 I/dalvikvm-heap( 1554): Grow heap (frag case) to 25.468MB for 1286224-byte allocation
06-05 19:27:44.430 D/dalvikvm( 1554): GC_FOR_ALLOC freed <1K, 10% free 25830K/28615K, paused 46ms, total 46ms
06-05 19:27:44.530 D/dalvikvm( 1554): GC_FOR_ALLOC freed 1622K, 13% free 25163K/28615K, paused 28ms, total 28ms
06-05 19:27:44.750 D/dalvikvm( 1554): GC_FOR_ALLOC freed 1501K, 14% free 24766K/28615K, paused 35ms, total 35ms
06-05 19:27:44.870 D/dalvikvm( 1554): GC_FOR_ALLOC freed 1688K, 13% free 24954K/28615K, paused 45ms, total 45ms
06-05 19:27:44.910 I/ActivityManager( 1337): START {act=android.intent.action.MAIN cat=[android.intent.category.LAUNCHER] flg=0x10200000 cmp=org.dom/.MainActivity u=0} from pid 1554
06-05 19:27:45.030 D/dalvikvm( 1337): GC_FOR_ALLOC freed 553K, 16% free 10759K/12679K, paused 63ms, total 69ms
06-05 19:27:45.070 D/dalvikvm( 1554): GC_FOR_ALLOC freed 417K, 13% free 25071K/28615K, paused 30ms, total 30ms
06-05 19:27:45.090 I/dalvikvm-heap( 1554): Grow heap (frag case) to 26.796MB for 2172688-byte allocation
06-05 19:27:45.100 D/dalvikvm( 3209): Late-enabling CheckJNI
06-05 19:27:45.100 I/ActivityManager( 1337): Start proc org.dom for activity org.dom/.MainActivity: pid=3209 uid=10068 gids={1015, 1028}
06-05 19:27:45.140 D/dalvikvm( 1554): GC_FOR_ALLOC freed 2K, 12% free 27190K/30791K, paused 54ms, total 54ms
06-05 19:27:45.160 E/Trace   ( 3209): error opening trace file: No such file or directory (2)
06-05 19:27:45.250 D/dalvikvm( 1554): GC_CONCURRENT freed 60K, 12% free 27394K/30791K, paused 15ms+23ms, total 109ms
06-05 19:27:45.250 D/dalvikvm( 1554): WAIT_FOR_CONCURRENT_GC blocked 64ms
06-05 19:27:45.300 D/dalvikvm( 1554): GC_FOR_ALLOC freed 137K, 12% free 27256K/30791K, paused 45ms, total 45ms
06-05 19:27:45.310 I/dalvikvm-heap( 1554): Grow heap (frag case) to 28.233MB for 1440016-byte allocation
06-05 19:27:45.310 D/dalvikvm( 1554): WAIT_FOR_CONCURRENT_GC blocked 148ms
06-05 19:27:45.350 D/dalvikvm( 1554): GC_FOR_ALLOC freed 1K, 11% free 28661K/32199K, paused 45ms, total 46ms
06-05 19:27:45.360 I/dalvikvm-heap( 1554): Grow heap (frag case) to 29.771MB for 1614608-byte allocation
06-05 19:27:45.400 D/dalvikvm( 1554): GC_FOR_ALLOC freed 1K, 11% free 30237K/33799K, paused 34ms, total 34ms
06-05 19:27:45.500 D/libEGL  ( 3209): loaded /system/lib/egl/libEGL_VIVANTE.so
06-05 19:27:45.510 D/libEGL  ( 3209): loaded /system/lib/egl/libGLESv1_CM_VIVANTE.so
06-05 19:27:45.510 D/dalvikvm( 1554): GC_CONCURRENT freed 5569K, 22% free 26643K/33799K, paused 3ms+7ms, total 53ms
06-05 19:27:45.510 D/dalvikvm( 1554): WAIT_FOR_CONCURRENT_GC blocked 35ms
06-05 19:27:45.510 D/dalvikvm( 1554): WAIT_FOR_CONCURRENT_GC blocked 36ms
06-05 19:27:45.520 D/dalvikvm( 1554): WAIT_FOR_CONCURRENT_GC blocked 32ms
06-05 19:27:45.540 D/libEGL  ( 3209): loaded /system/lib/egl/libGLESv2_VIVANTE.so
06-05 19:27:45.570 E/BufferQueue( 1050): [org.dom/org.dom.MainActivity] dequeueBuffer: can't dequeue multiple buffers without setting the buffer count
06-05 19:27:45.580 D/OpenGLRenderer( 3209): Enabling debug mode 0
06-05 19:27:45.660 I/ActivityManager( 1337): Displayed org.dom/.MainActivity: +583ms
06-05 19:27:47.600 I/ActivityManager( 1337): START {cmp=org.dom/.SelectActivity u=0} from pid 3209
06-05 19:27:47.680 D/dalvikvm( 1337): GC_FOR_ALLOC freed 53K, 15% free 10878K/12679K, paused 66ms, total 67ms
06-05 19:27:47.680 I/dalvikvm-heap( 1337): Grow heap (frag case) to 10.988MB for 124216-byte allocation
06-05 19:27:47.740 D/dalvikvm( 1337): GC_FOR_ALLOC freed 15K, 15% free 10984K/12807K, paused 63ms, total 63ms
06-05 19:27:47.870 E/BufferQueue( 1050): [org.dom/org.dom.SelectActivity] dequeueBuffer: can't dequeue multiple buffers without setting the buffer count
06-05 19:27:47.880 D/dalvikvm( 1505): WAIT_FOR_CONCURRENT_GC blocked 0ms
06-05 19:27:47.920 D/dalvikvm( 1505): GC_EXPLICIT freed 1K, 10% free 7137K/7879K, paused 3ms+4ms, total 46ms
06-05 19:27:47.980 W/ResourceType( 1337): Skipping entry 0x7f040001 in package table 0 because it is not complex!
06-05 19:27:47.980 I/ActivityManager( 1337): Displayed org.dom/.SelectActivity: +229ms
06-05 19:27:47.980 W/ResourceType( 1337): Skipping entry 0x7f040002 in package table 0 because it is not complex!
06-05 19:27:49.860 D/dalvikvm( 3209): GC_FOR_ALLOC freed 162K, 7% free 6257K/6727K, paused 17ms, total 17ms
06-05 19:27:49.910 E/BufferQueue( 1050): [最初のページです。] dequeueBuffer: can't dequeue multiple buffers without setting the buffer count
06-05 19:27:51.880 W/InputMethodManagerService( 1337): Window already focused, ignoring focus gain of: com.android.internal.view.IInputMethodClient$Stub$Proxy@41997e48 attribute=null
06-05 19:29:32.650 V/BackupManagerService( 1337): Running a backup pass
06-05 19:29:32.650 V/BackupManagerService( 1337): Backup requested but nothing pending
06-05 19:31:46.500 W/Service ( 1707): mClassName= com.google.android.gsf.logintoInt= -2125384850
06-05 19:31:46.510 E/PlayEventLogger( 2098): Upload failed class java.net.UnknownHostException(Unable to resolve host "play.googleapis.com": No address associated with hostname)
06-05 19:31:46.520 D/dalvikvm( 1707): GC_CONCURRENT freed 381K, 11% free 6166K/6855K, paused 12ms+2ms, total 38ms
06-05 19:32:10.400 D/AlarmManager( 1337): overriden alarm callingpackages[0] com.google.android.syncadapters.contacts
06-05 19:32:10.400 D/AlarmManager( 1337): overriden alarm callingpackages[0] com.google.android.syncadapters.contacts
06-05 19:36:46.640 W/Service ( 1707): mClassName= com.google.android.gsf.logintoInt= -2125384850
06-05 19:36:46.650 E/PlayEventLogger( 2098): Upload failed class java.net.UnknownHostException(Unable to resolve host "play.googleapis.com": No address associated with hostname)
06-05 19:36:55.420 D/AlarmManager( 1337): overriden alarm callingpackages[0] com.google.android.syncadapters.contacts
06-05 19:36:55.420 D/AlarmManager( 1337): overriden alarm callingpackages[0] com.google.android.syncadapters.contacts
06-05 19:37:11.420 W/SocketClient( 1047): write error (Broken pipe)
06-05 19:37:11.420 W/ThrottleService( 1337): unable to find stats for iface rmnet0
06-05 19:38:51.280 D/AL_LIBC ( 3246): pid = 3246
06-05 19:38:51.280 D/appproc ( 3246): Zygote process start...
06-05 19:38:51.280 D/appproc ( 3246): Zygote runtime initialized...
06-05 19:38:51.280 D/AndroidRuntime( 3246): 
06-05 19:38:51.280 D/AndroidRuntime( 3246): >>>>>> AndroidRuntime START com.android.internal.os.RuntimeInit <<<<<<
06-05 19:38:51.280 D/AndroidRuntime( 3246): start vm...
06-05 19:38:51.280 D/AndroidRuntime( 3246): CheckJNI is OFF
06-05 19:38:51.280 D/AndroidRuntime( 3246): JNI_CreateJavaVM start
06-05 19:38:51.300 D/dalvikvm( 3246): Trying to load lib libjavacore.so 0x0
06-05 19:38:51.310 D/dalvikvm( 3246): Added shared lib libjavacore.so 0x0
06-05 19:38:51.320 D/dalvikvm( 3246): Trying to load lib libnativehelper.so 0x0
06-05 19:38:51.320 D/dalvikvm( 3246): Added shared lib libnativehelper.so 0x0
06-05 19:38:51.370 D/AndroidRuntime( 3246): AndroidRuntime VM started
06-05 19:38:51.510 D/ethernet( 3246): Loading ethernet jni class
06-05 19:38:51.540 D/AndroidRuntime( 3246): AndroidRuntime Register natives
06-05 19:38:51.540 D/AndroidRuntime( 3246): AndroidRuntime VM start java main: com.android.internal.os.RuntimeInit
06-05 19:38:51.570 D/AndroidRuntime( 3246): Calling main entry com.android.commands.pm.Pm
06-05 19:38:51.580 I/PackageManager( 1337): Removing non-system package:org.dom
06-05 19:38:51.580 I/ActivityManager( 1337): Force stopping package org.dom uid=10068
06-05 19:38:51.580 I/ActivityManager( 1337): Killing proc 3209:org.dom/u0a68: force stop
06-05 19:38:51.580 W/ActivityManager( 1337): Force removing ActivityRecord{4189b378 org.dom/.SelectActivity}: app died, no saved state
06-05 19:38:51.580 I/ActivityManager( 1337):   Force finishing activity ActivityRecord{417b7650 org.dom/.MainActivity}
06-05 19:38:51.600 I/WindowState( 1337): WIN DEATH: Window{4196d688 org.dom/org.dom.MainActivity paused=true}
06-05 19:38:51.610 I/WindowState( 1337): WIN DEATH: Window{419ae6d8 org.dom/org.dom.SelectActivity paused=false}
06-05 19:38:51.640 D/dalvikvm( 1554): GC_FOR_ALLOC freed 1715K, 22% free 26611K/33799K, paused 37ms, total 40ms
06-05 19:38:51.650 I/dalvikvm-heap( 1554): Grow heap (frag case) to 29.902MB for 3850256-byte allocation
06-05 19:38:51.700 D/dalvikvm( 1554): GC_CONCURRENT freed 19K, 11% free 30352K/33799K, paused 12ms+6ms, total 44ms
06-05 19:38:51.700 D/dalvikvm( 1554): WAIT_FOR_CONCURRENT_GC blocked 23ms
06-05 19:38:52.440 D/BackupManagerService( 1337): Now staging backup of android
06-05 19:38:52.440 I/ActivityManager( 1337): Force stopping package org.dom uid=10068
06-05 19:38:52.480 E/BufferQueue( 1050): [com.android.launcher/com.android.launcher2.Launcher] dequeueBuffer: can't dequeue multiple buffers without setting the buffer count
06-05 19:38:52.490 I/InputReader( 1337): Reconfiguring input devices.  changes=0x00000010
06-05 19:38:52.530 D/dalvikvm( 1337): WAIT_FOR_CONCURRENT_GC blocked 0ms
06-05 19:38:52.530 I/ActivityManager( 1337): Start proc android.process.acore for broadcast com.android.providers.contacts/.PackageIntentReceiver: pid=3256 uid=10002 gids={3003, 1015, 1028}
06-05 19:38:52.560 E/Trace   ( 3256): error opening trace file: No such file or directory (2)
06-05 19:38:52.580 I/ActivityThread( 3256): Pub call_log: com.android.providers.contacts.CallLogProvider
06-05 19:38:52.590 I/ActivityThread( 3256): Pub com.android.voicemail: com.android.providers.contacts.VoicemailContentProvider
06-05 19:38:52.590 I/ActivityThread( 3256): Pub user_dictionary: com.android.providers.userdictionary.UserDictionaryProvider
06-05 19:38:52.600 I/ActivityThread( 3256): Pub applications: com.android.providers.applications.ApplicationsProvider
06-05 19:38:52.660 I/ActivityThread( 3256): Pub contacts;com.android.contacts: com.android.providers.contacts.ContactsProvider2
06-05 19:38:52.780 D/dalvikvm( 1337): GC_EXPLICIT freed 1176K, 16% free 10856K/12807K, paused 9ms+20ms, total 254ms
06-05 19:38:52.810 D/AndroidRuntime( 3246): Shutting down VM
06-05 19:38:52.810 D/dalvikvm( 3246): GC_CONCURRENT freed 97K, 89% free 451K/4096K, paused 1ms+0ms, total 5ms
06-05 19:38:52.840 D/dalvikvm( 3256): GC_CONCURRENT freed 238K, 8% free 6254K/6791K, paused 13ms+14ms, total 58ms
06-05 19:38:52.840 W/SocketClient( 1047): write error (Broken pipe)
06-05 19:38:52.850 W/Service ( 3256): mClassName= com.android.providers.contactstoInt= 1146869735
06-05 19:38:52.860 D/VoicemailCleanupService( 3256): Cleaning up data for package: org.dom
06-05 19:38:52.860 I/ActivityManager( 1337): Start proc com.android.defcontainer for service com.android.defcontainer/.DefaultContainerService: pid=3281 uid=10010 gids={1015, 2001, 1028}
06-05 19:38:52.900 D/PackageManager( 1337): generateServicesMap(android.accounts.AccountAuthenticator): 9 services unchanged
06-05 19:38:52.900 I/ActivityManager( 1337): Start proc com.android.gallery3d for broadcast com.android.gallery3d/.app.PackagesMonitor: pid=3293 uid=10018 gids={1006, 3003, 1015, 1028}
06-05 19:38:52.910 E/Trace   ( 3281): error opening trace file: No such file or directory (2)
06-05 19:38:52.930 E/Trace   ( 3293): error opening trace file: No such file or directory (2)
06-05 19:38:52.960 W/Service ( 3281): mClassName= com.android.defcontainertoInt= -1613770802
06-05 19:38:52.970 I/ActivityManager( 1337): No longer want com.path:xmpp (pid 2389): hidden #16
06-05 19:38:53.010 D/PackageManager( 1337): generateServicesMap(android.content.SyncAdapter): 19 services unchanged
06-05 19:38:53.020 D/BackupManagerService( 1337): Received broadcast Intent { act=android.intent.action.PACKAGE_REMOVED dat=package:org.dom flg=0x8000010 (has extras) }
06-05 19:38:53.020 V/BackupManagerService( 1337): removePackageParticipantsLocked: uid=10068 #1
06-05 19:38:53.030 D/dalvikvm( 1337): WAIT_FOR_CONCURRENT_GC blocked 0ms
06-05 19:38:53.040 I/Choreographer( 1554): Skipped 31 frames!  The application may be doing too much work on its main thread.
06-05 19:38:53.040 W/InputMethodManagerService( 1337): Got RemoteException sending setActive(false) notification to pid 3209 uid 10068
06-05 19:38:53.050 I/ActivityThread( 3293): Pub com.android.gallery3d.provider: com.android.gallery3d.provider.GalleryProvider
06-05 19:38:53.080 I/ActivityManager( 1337): No longer want com.google.android.googlequicksearchbox:search (pid 2005): hidden #16
06-05 19:38:53.190 D/dalvikvm( 3293): GC_CONCURRENT freed 246K, 8% free 6291K/6791K, paused 16ms+2ms, total 59ms
06-05 19:38:53.190 D/dalvikvm( 1337): GC_EXPLICIT freed 283K, 16% free 10806K/12807K, paused 5ms+20ms, total 159ms
06-05 19:38:53.210 W/Service ( 1658): mClassName= com.google.android.gmstoInt= 400313326
06-05 19:38:53.210 W/ActivityManager( 1337): Scheduling restart of crashed service com.google.android.googlequicksearchbox/com.google.android.search.core.service.SearchService in 5000ms
06-05 19:38:53.400 D/AL_LIBC ( 3313): pid = 3313
06-05 19:38:53.400 D/appproc ( 3313): Zygote process start...
06-05 19:38:53.400 D/appproc ( 3313): Zygote runtime initialized...
06-05 19:38:53.400 D/AndroidRuntime( 3313): 
06-05 19:38:53.400 D/AndroidRuntime( 3313): >>>>>> AndroidRuntime START com.android.internal.os.RuntimeInit <<<<<<
06-05 19:38:53.400 D/AndroidRuntime( 3313): start vm...
06-05 19:38:53.400 D/AndroidRuntime( 3313): CheckJNI is OFF
06-05 19:38:53.400 D/AndroidRuntime( 3313): JNI_CreateJavaVM start
06-05 19:38:53.420 D/dalvikvm( 3313): Trying to load lib libjavacore.so 0x0
06-05 19:38:53.420 D/dalvikvm( 3313): Added shared lib libjavacore.so 0x0
06-05 19:38:53.430 D/dalvikvm( 3313): Trying to load lib libnativehelper.so 0x0
06-05 19:38:53.430 D/dalvikvm( 3313): Added shared lib libnativehelper.so 0x0
06-05 19:38:53.500 D/AndroidRuntime( 3313): AndroidRuntime VM started
06-05 19:38:53.650 D/ethernet( 3313): Loading ethernet jni class
06-05 19:38:53.680 D/AndroidRuntime( 3313): AndroidRuntime Register natives
06-05 19:38:53.690 D/AndroidRuntime( 3313): AndroidRuntime VM start java main: com.android.internal.os.RuntimeInit
06-05 19:38:53.740 D/AndroidRuntime( 3313): Calling main entry com.android.commands.pm.Pm
06-05 19:38:53.770 W/Service ( 3281): mClassName= com.android.defcontainertoInt= -1613770802
06-05 19:38:53.800 W/ActivityManager( 1337): No content provider found for permission revoke: file:///data/local/tmp/questionnaire-debug.apk
06-05 19:38:53.840 D/dalvikvm( 1554): GC_FOR_ALLOC freed 10056K, 35% free 22215K/33799K, paused 40ms, total 40ms
06-05 19:38:53.990 D/dalvikvm( 1052): WAIT_FOR_CONCURRENT_GC blocked 0ms
06-05 19:38:53.990 I/ActivityManager( 1337): Start proc com.android.keychain for broadcast com.android.keychain/.KeyChainBroadcastReceiver: pid=3325 uid=1000 gids={1015, 3002, 3001, 3003, 1028, 3007}
06-05 19:38:54.010 D/dalvikvm( 1554): GC_CONCURRENT freed 280K, 30% free 23995K/33799K, paused 3ms+7ms, total 65ms
06-05 19:38:54.010 D/dalvikvm( 1554): WAIT_FOR_CONCURRENT_GC blocked 22ms
06-05 19:38:54.010 D/dalvikvm( 1554): WAIT_FOR_CONCURRENT_GC blocked 40ms
06-05 19:38:54.010 W/ActivityManager( 1337): No content provider found for permission revoke: file:///data/local/tmp/questionnaire-debug.apk
06-05 19:38:54.010 W/PackageManager( 1337): processPendingInstall called
06-05 19:38:54.050 E/Trace   ( 3325): error opening trace file: No such file or directory (2)
06-05 19:38:54.070 D/dalvikvm( 1052): GC_EXPLICIT freed 38K, 8% free 6039K/6531K, paused 4ms+2ms, total 77ms
06-05 19:38:54.080 D/dalvikvm( 1052): WAIT_FOR_CONCURRENT_GC blocked 0ms
06-05 19:38:54.110 D/dalvikvm( 1554): GC_FOR_ALLOC freed 686K, 28% free 24565K/33799K, paused 96ms, total 96ms
06-05 19:38:54.120 W/Service ( 3325): mClassName= com.android.keychaintoInt= 1500172648
06-05 19:38:54.120 D/dalvikvm( 1052): GC_EXPLICIT freed <1K, 8% free 6039K/6531K, paused 3ms+2ms, total 46ms
06-05 19:38:54.140 D/dalvikvm( 1052): WAIT_FOR_CONCURRENT_GC blocked 0ms
06-05 19:38:54.190 D/dalvikvm( 1052): GC_EXPLICIT freed <1K, 8% free 6039K/6531K, paused 4ms+3ms, total 57ms
06-05 19:38:54.220 I/ActivityManager( 1337): Start proc com.android.musicfx for broadcast com.android.musicfx/.Compatibility$Receiver: pid=3339 uid=10033 gids={3003, 3002, 1028}
06-05 19:38:54.230 I/ActivityManager( 1337): No longer want com.facebook.katana (pid 1769): hidden #16
06-05 19:38:54.270 I/PackageManager( 1337): Running dexopt on: org.dom
06-05 19:38:54.280 E/Trace   ( 3339): error opening trace file: No such file or directory (2)
06-05 19:38:54.290 D/dalvikvm( 1554): GC_FOR_ALLOC freed 1527K, 27% free 24941K/33799K, paused 47ms, total 53ms
06-05 19:38:54.340 W/Service ( 3339): mClassName= com.android.musicfxtoInt= -917159941
06-05 19:38:54.390 I/dalvikvm( 3355): Turning on JNI app bug workarounds for target SDK version 11...
06-05 19:38:54.390 I/ActivityManager( 1337): Start proc com.noshufou.android.su for broadcast com.noshufou.android.su/.UninstallReceiver: pid=3355 uid=10043 gids={3003, 1015, 1028}
06-05 19:38:54.400 E/Trace   ( 3355): error opening trace file: No such file or directory (2)
06-05 19:38:54.400 I/ActivityManager( 1337): No longer want com.android.chrome (pid 2542): hidden #16
06-05 19:38:54.470 I/ActivityThread( 3355): Pub com.noshufou.android.su.provider: com.noshufou.android.su.provider.PermissionsProvider
06-05 19:38:54.870 D/dalvikvm( 1554): GC_CONCURRENT freed 4733K, 35% free 22209K/33799K, paused 13ms+18ms, total 63ms
06-05 19:38:54.870 D/dalvikvm( 1554): WAIT_FOR_CONCURRENT_GC blocked 53ms
06-05 19:38:55.010 D/dalvikvm( 1554): GC_CONCURRENT freed 1413K, 33% free 22758K/33799K, paused 12ms+8ms, total 66ms
06-05 19:38:55.010 D/dalvikvm( 1554): WAIT_FOR_CONCURRENT_GC blocked 14ms
06-05 19:38:55.060 D/dalvikvm( 1554): GC_FOR_ALLOC freed 418K, 32% free 23088K/33799K, paused 29ms, total 29ms
06-05 19:38:55.070 D/dalvikvm( 1554): WAIT_FOR_CONCURRENT_GC blocked 0ms
06-05 19:38:55.140 D/dalvikvm( 1554): GC_EXPLICIT freed 4K, 26% free 25090K/33799K, paused 4ms+8ms, total 73ms
06-05 19:38:55.140 D/dalvikvm( 1554): WAIT_FOR_CONCURRENT_GC blocked 13ms
06-05 19:38:55.200 D/dalvikvm( 1554): GC_FOR_ALLOC freed 2049K, 27% free 24904K/33799K, paused 39ms, total 40ms
06-05 19:38:55.250 I/ActivityManager( 1337): Start proc com.google.android.googlequicksearchbox:search for broadcast com.google.android.googlequicksearchbox/com.google.android.search.core.summons.icing.InternalIcingCorporaProvider$CorporaChangedReceiver: pid=3368 uid=10039 gids={3003, 1028, 3002, 1015}
06-05 19:38:55.250 I/ActivityManager( 1337): No longer want com.path:daemon (pid 2829): hidden #16
06-05 19:38:55.260 I/ActivityManager( 1337): Force stopping package org.dom uid=10068
06-05 19:38:55.260 W/ActivityManager( 1337): Scheduling restart of crashed service com.path/.services.DaemonService in 5000ms
06-05 19:38:55.390 E/Trace   ( 3368): error opening trace file: No such file or directory (2)
06-05 19:38:55.390 D/PackageManager( 1337): New package installed in /data/app/org.dom-1.apk
06-05 19:38:55.490 D/dalvikvm( 3368): WAIT_FOR_CONCURRENT_GC blocked 0ms
06-05 19:38:55.500 D/dalvikvm( 1337): WAIT_FOR_CONCURRENT_GC blocked 0ms
06-05 19:38:55.530 D/dalvikvm( 1554): GC_FOR_ALLOC freed 2113K, 28% free 24629K/33799K, paused 40ms, total 41ms
06-05 19:38:55.540 I/InputReader( 1337): Reconfiguring input devices.  changes=0x00000010
06-05 19:38:55.620 D/dalvikvm( 1554): GC_FOR_ALLOC freed <1K, 24% free 25885K/33799K, paused 81ms, total 81ms
06-05 19:38:55.640 D/dalvikvm( 1337): GC_EXPLICIT freed 801K, 15% free 10895K/12807K, paused 8ms+10ms, total 135ms
06-05 19:38:55.650 D/AndroidRuntime( 3313): Shutting down VM
06-05 19:38:55.650 D/dalvikvm( 3313): GC_CONCURRENT freed 98K, 89% free 454K/4096K, paused 1ms+1ms, total 4ms
06-05 19:38:55.670 D/dalvikvm( 3368): GC_CONCURRENT freed 146K, 7% free 6369K/6791K, paused 2ms+7ms, total 43ms
06-05 19:38:55.710 D/dalvikvm( 1554): GC_FOR_ALLOC freed 24K, 19% free 27628K/33799K, paused 31ms, total 32ms
06-05 19:38:55.830 D/dalvikvm( 3368): GC_CONCURRENT freed 157K, 6% free 6760K/7175K, paused 12ms+2ms, total 56ms
06-05 19:38:55.830 D/dalvikvm( 3368): WAIT_FOR_CONCURRENT_GC blocked 12ms
06-05 19:38:55.850 D/dalvikvm( 1554): GC_CONCURRENT freed 4024K, 25% free 25601K/33799K, paused 12ms+17ms, total 125ms
06-05 19:38:55.860 D/dalvikvm( 1554): WAIT_FOR_CONCURRENT_GC blocked 117ms
06-05 19:38:55.870 I/ActivityThread( 3368): Pub com.google.android.googlequicksearchbox.google: com.google.android.search.core.google.GoogleSuggestionProvider
06-05 19:38:55.870 D/PackageManager( 1337): generateServicesMap(android.accounts.AccountAuthenticator): 9 services unchanged
06-05 19:38:55.890 I/ActivityThread( 3368): Pub com.google.android.googlequicksearchbox.AudioProvider: com.google.android.speech.audio.AudioProvider
06-05 19:38:55.900 I/ActivityThread( 3368): Pub com.google.android.googlequicksearchbox.icing: com.google.android.search.core.summons.icing.InternalIcingCorporaProvider
06-05 19:38:55.910 I/dalvikvm( 3368): DexOpt: unable to optimize static field ref 0x038f at 0x16 in Lbst;.a
06-05 19:38:55.920 I/ActivityThread( 3368): Pub com.google.android.velvet.gallery.ImageProvider: com.google.android.velvet.gallery.ImageProvider
06-05 19:38:55.960 I/InternalIcingCorporaPro( 3368): Updating corpora: APPS=org.dom, CONTACTS=MAYBE
06-05 19:38:55.960 W/Service ( 3368): mClassName= com.google.android.googlequicksearchboxtoInt= -79313952
06-05 19:38:55.970 D/PackageManager( 1337): generateServicesMap(android.content.SyncAdapter): 19 services unchanged
06-05 19:38:55.970 D/BackupManagerService( 1337): Received broadcast Intent { act=android.intent.action.PACKAGE_ADDED dat=package:org.dom flg=0x8000010 (has extras) }
06-05 19:38:56.030 V/BackupManagerService( 1337): addPackageParticipantsLocked: #1
06-05 19:38:56.030 D/AlarmManager( 1337): overriden alarm callingpackages[0] com.android.vending
06-05 19:38:56.110 D/PackageBroadcastService( 1658): Received broadcast action=android.intent.action.PACKAGE_REMOVED and uri=org.dom
06-05 19:38:56.110 W/Service ( 1658): mClassName= com.google.android.gmstoInt= 400313326
06-05 19:38:56.170 I/ActivityManager( 1337): Start proc com.google.android.gms.drive for broadcast com.google.android.gms/.drive.api.DriveSystemBroadcastReceiver: pid=3393 uid=10021 gids={3003, 1015, 1028, 1007, 1006, 3002, 3001, 2001, 3006}
06-05 19:38:56.180 E/ActivityThread( 3368): Failed to find provider info for com.google.android.partnersetup.rlzappprovider
06-05 19:38:56.190 D/AL_LIBC ( 3387): pid = 3387
06-05 19:38:56.190 E/Trace   ( 3393): error opening trace file: No such file or directory (2)
06-05 19:38:56.200 D/dalvikvm( 3368): GC_CONCURRENT freed 223K, 7% free 6977K/7495K, paused 12ms+7ms, total 55ms
06-05 19:38:56.210 W/Service ( 1658): mClassName= com.google.android.gmstoInt= 400313326
06-05 19:38:56.210 D/appproc ( 3387): Zygote process start...
06-05 19:38:56.210 D/appproc ( 3387): Zygote runtime initialized...
06-05 19:38:56.210 D/AndroidRuntime( 3387): 
06-05 19:38:56.210 D/AndroidRuntime( 3387): >>>>>> AndroidRuntime START com.android.internal.os.RuntimeInit <<<<<<
06-05 19:38:56.210 D/AndroidRuntime( 3387): start vm...
06-05 19:38:56.210 D/AndroidRuntime( 3387): CheckJNI is OFF
06-05 19:38:56.210 D/AndroidRuntime( 3387): JNI_CreateJavaVM start
06-05 19:38:56.230 W/Service ( 1658): mClassName= com.google.android.gmstoInt= 400313326
06-05 19:38:56.240 D/dalvikvm( 3387): Trying to load lib libjavacore.so 0x0
06-05 19:38:56.250 W/Service ( 1658): mClassName= com.google.android.gmstoInt= 400313326
06-05 19:38:56.250 I/PeopleContactsSync( 1658): CP2 sync disabled
06-05 19:38:56.260 I/Icing   ( 1658): doRemovePackageData org.dom
06-05 19:38:56.260 D/dalvikvm( 3387): Added shared lib libjavacore.so 0x0
06-05 19:38:56.260 W/Service ( 1658): mClassName= com.google.android.gmstoInt= 400313326
06-05 19:38:56.270 W/Service ( 1658): mClassName= com.google.android.gmstoInt= 400313326
06-05 19:38:56.280 D/dalvikvm( 3387): Trying to load lib libnativehelper.so 0x0
06-05 19:38:56.280 D/dalvikvm( 3387): Added shared lib libnativehelper.so 0x0
06-05 19:38:56.390 D/AndroidRuntime( 3387): AndroidRuntime VM started
06-05 19:38:56.420 W/Service ( 1658): mClassName= com.google.android.gmstoInt= 400313326
06-05 19:38:56.440 D/dalvikvm( 3393): GC_CONCURRENT freed 163K, 7% free 6381K/6791K, paused 12ms+4ms, total 55ms
06-05 19:38:56.440 D/dalvikvm( 3393): WAIT_FOR_CONCURRENT_GC blocked 9ms
06-05 19:38:56.440 W/Service ( 1658): mClassName= com.google.android.gmstoInt= 400313326
06-05 19:38:56.470 I/MultiDex( 3393): load(/data/app/com.google.android.gms-2.apk, forceReload=false)
06-05 19:38:56.480 I/Choreographer( 1554): Skipped 43 frames!  The application may be doing too much work on its main thread.
06-05 19:38:56.540 W/Service ( 1522): mClassName= com.google.android.gmstoInt= 400313326
06-05 19:38:56.550 D/dalvikvm( 1658): GC_CONCURRENT freed 307K, 10% free 7105K/7879K, paused 12ms+3ms, total 71ms
06-05 19:38:56.560 W/Service ( 1522): mClassName= com.google.android.gmstoInt= 400313326
06-05 19:38:56.630 D/ethernet( 3387): Loading ethernet jni class
06-05 19:38:56.680 D/dalvikvm( 3393): GC_CONCURRENT freed 162K, 7% free 6740K/7175K, paused 12ms+14ms, total 80ms
06-05 19:38:56.710 I/MultiDex( 3393): Need extracted file /data/data/com.google.android.gms/files/secondary-dexes/com.google.android.gms-2.apk.classes2.zip
06-05 19:38:56.710 I/MultiDex( 3393): No extraction needed for /data/data/com.google.android.gms/files/secondary-dexes/com.google.android.gms-2.apk.classes2.zip of size 1809539
06-05 19:38:56.710 I/ActivityThread( 3393): Pub com.google.android.gms.drive: com.google.android.gms.drive.data.sync.syncadapter.DatabaseNotificationContentProvider
06-05 19:38:56.710 D/dalvikvm( 3256): GC_CONCURRENT freed 221K, 8% free 6466K/6983K, paused 2ms+14ms, total 70ms
06-05 19:38:56.750 D/AndroidRuntime( 3387): AndroidRuntime Register natives
06-05 19:38:56.750 D/AndroidRuntime( 3387): AndroidRuntime VM start java main: com.android.internal.os.RuntimeInit
06-05 19:38:56.790 D/Drive.UninstallOperation( 3393): Uninstall org.dom
06-05 19:38:56.790 W/Service ( 3393): mClassName= com.google.android.gmstoInt= 400313326
06-05 19:38:56.790 E/Drive.UninstallOperation( 3393): Package still installed org.dom
06-05 19:38:56.830 D/dalvikvm( 1554): GC_CONCURRENT freed 4663K, 33% free 22938K/33799K, paused 28ms+29ms, total 136ms
06-05 19:38:56.830 D/dalvikvm( 1554): WAIT_FOR_CONCURRENT_GC blocked 90ms
06-05 19:38:56.830 D/dalvikvm( 1554): WAIT_FOR_CONCURRENT_GC blocked 23ms
06-05 19:38:56.840 D/dalvikvm( 1554): WAIT_FOR_CONCURRENT_GC blocked 23ms
06-05 19:38:56.840 D/AndroidRuntime( 3387): Calling main entry com.android.commands.am.Am
06-05 19:38:56.860 I/ActivityManager( 1337): START {act=android.intent.action.MAIN flg=0x10000000 cmp=org.dom/.MainActivity u=0} from pid 3387
06-05 19:38:56.900 D/AndroidRuntime( 3387): Shutting down VM
06-05 19:38:56.910 D/dalvikvm( 3387): GC_CONCURRENT freed 98K, 89% free 485K/4096K, paused 1ms+0ms, total 6ms
06-05 19:38:56.990 D/dalvikvm( 1554): GC_FOR_ALLOC freed 1147K, 32% free 23267K/33799K, paused 56ms, total 64ms
06-05 19:38:57.100 D/dalvikvm( 1554): GC_CONCURRENT freed 367K, 27% free 24926K/33799K, paused 12ms+8ms, total 79ms
06-05 19:38:57.100 D/dalvikvm( 1554): WAIT_FOR_CONCURRENT_GC blocked 21ms
06-05 19:38:57.100 D/dalvikvm( 1554): WAIT_FOR_CONCURRENT_GC blocked 68ms
06-05 19:38:57.100 D/dalvikvm( 1554): WAIT_FOR_CONCURRENT_GC blocked 29ms
06-05 19:38:57.100 D/dalvikvm( 1554): WAIT_FOR_CONCURRENT_GC blocked 66ms
06-05 19:38:57.170 D/dalvikvm( 1554): GC_FOR_ALLOC freed 424K, 26% free 25334K/33799K, paused 37ms, total 37ms
06-05 19:38:57.310 D/dalvikvm( 1554): GC_FOR_ALLOC freed 2068K, 26% free 25054K/33799K, paused 63ms, total 64ms
06-05 19:38:57.400 W/ActivityManager( 1337): Activity pause timeout for ActivityRecord{419b3378 com.android.launcher/com.android.launcher2.Launcher}
06-05 19:38:57.430 D/dalvikvm( 3434): Late-enabling CheckJNI
06-05 19:38:57.440 I/ActivityManager( 1337): Start proc org.dom for activity org.dom/.MainActivity: pid=3434 uid=10068 gids={1015, 1028}
06-05 19:38:57.530 D/dalvikvm( 1554): GC_CONCURRENT freed 3156K, 30% free 23946K/33799K, paused 13ms+3ms, total 46ms
06-05 19:38:57.530 D/dalvikvm( 1554): WAIT_FOR_CONCURRENT_GC blocked 18ms
06-05 19:38:57.530 D/dalvikvm( 1554): WAIT_FOR_CONCURRENT_GC blocked 33ms
06-05 19:38:57.530 D/dalvikvm( 1554): WAIT_FOR_CONCURRENT_GC blocked 33ms
06-05 19:38:57.600 E/Trace   ( 3434): error opening trace file: No such file or directory (2)
06-05 19:38:57.710 D/dalvikvm( 1337): WAIT_FOR_CONCURRENT_GC blocked 0ms
06-05 19:38:57.880 D/dalvikvm( 1337): GC_EXPLICIT freed 817K, 15% free 11010K/12807K, paused 6ms+13ms, total 165ms
06-05 19:38:58.000 I/Choreographer( 1554): Skipped 45 frames!  The application may be doing too much work on its main thread.
06-05 19:38:58.020 D/libEGL  ( 3434): loaded /system/lib/egl/libEGL_VIVANTE.so
06-05 19:38:58.030 D/libEGL  ( 3434): loaded /system/lib/egl/libGLESv1_CM_VIVANTE.so
06-05 19:38:58.060 D/libEGL  ( 3434): loaded /system/lib/egl/libGLESv2_VIVANTE.so
06-05 19:38:58.100 E/BufferQueue( 1050): [org.dom/org.dom.MainActivity] dequeueBuffer: can't dequeue multiple buffers without setting the buffer count
06-05 19:38:58.150 D/OpenGLRenderer( 3434): Enabling debug mode 0
06-05 19:38:58.210 W/Service ( 1658): mClassName= com.google.android.gmstoInt= 400313326
06-05 19:38:58.320 I/ActivityManager( 1337): Displayed org.dom/.MainActivity: +916ms
06-05 19:38:58.370 D/dalvikvm( 1554): GC_CONCURRENT freed 3554K, 34% free 22373K/33799K, paused 4ms+8ms, total 91ms
06-05 19:38:58.370 D/dalvikvm( 1554): WAIT_FOR_CONCURRENT_GC blocked 20ms
06-05 19:38:58.370 D/dalvikvm( 1554): WAIT_FOR_CONCURRENT_GC blocked 42ms
06-05 19:38:58.380 D/dalvikvm( 1554): WAIT_FOR_CONCURRENT_GC blocked 47ms
06-05 19:38:58.380 D/dalvikvm( 1554): WAIT_FOR_CONCURRENT_GC blocked 46ms
06-05 19:38:58.580 D/dalvikvm( 1554): GC_CONCURRENT freed 497K, 29% free 24117K/33799K, paused 3ms+24ms, total 110ms
06-05 19:38:58.580 D/dalvikvm( 1554): WAIT_FOR_CONCURRENT_GC blocked 53ms
06-05 19:38:58.590 D/dalvikvm( 1554): WAIT_FOR_CONCURRENT_GC blocked 21ms
06-05 19:38:58.640 D/dalvikvm( 1554): GC_FOR_ALLOC freed 408K, 27% free 24964K/33799K, paused 58ms, total 58ms
06-05 19:38:58.650 D/dalvikvm( 1554): WAIT_FOR_CONCURRENT_GC blocked 81ms
06-05 19:38:58.710 W/Service ( 3339): mClassName= com.android.musicfxtoInt= -917159941
06-05 19:38:58.750 D/ConnectivityService( 1337): handleInetConditionChange: no active default network - ignore
06-05 19:38:58.750 I/ActivityManager( 1337): Start proc com.svox.pico for broadcast com.svox.pico/.VoiceDataInstallerReceiver: pid=3449 uid=10037 gids={1015, 1028}
06-05 19:38:58.790 E/Trace   ( 3449): error opening trace file: No such file or directory (2)
06-05 19:38:58.840 I/ActivityThread( 3449): Pub com.svox.pico.providers.SettingsProvider: com.svox.pico.providers.SettingsProvider
06-05 19:38:58.900 D/AlarmManager( 1337): overriden alarm callingpackages[0] com.android.vending
06-05 19:38:58.910 D/dalvikvm( 1554): GC_CONCURRENT freed 1531K, 25% free 25428K/33799K, paused 3ms+11ms, total 84ms
06-05 19:38:58.910 D/dalvikvm( 1554): WAIT_FOR_CONCURRENT_GC blocked 56ms
06-05 19:38:58.930 W/Service ( 1658): mClassName= com.google.android.gmstoInt= 400313326
06-05 19:38:58.930 I/ActivityManager( 1337): Start proc jp.cggames.anipla for broadcast jp.cggames.anipla/jp.basicinc.gamefeat.android.sdk.receiver.GameFeatBroadcastReceiver: pid=3464 uid=10061 gids={3003, 1015, 1028}
06-05 19:38:58.970 I/dalvikvm( 3464): Turning on JNI app bug workarounds for target SDK version 9...
06-05 19:38:58.980 E/Trace   ( 3464): error opening trace file: No such file or directory (2)
06-05 19:38:59.010 D/dalvikvm( 1658): GC_CONCURRENT freed 353K, 9% free 7210K/7879K, paused 13ms+3ms, total 68ms
06-05 19:38:59.070 W/Service ( 1658): mClassName= com.google.android.gmstoInt= 400313326
06-05 19:38:59.100 W/Service ( 1658): mClassName= com.google.android.gmstoInt= 400313326
06-05 19:38:59.110 D/dalvikvm( 3464): GC_CONCURRENT freed 163K, 7% free 6381K/6791K, paused 2ms+3ms, total 26ms
06-05 19:38:59.110 D/dalvikvm( 3464): WAIT_FOR_CONCURRENT_GC blocked 11ms
06-05 19:38:59.170 D/dalvikvm( 1554): GC_FOR_ALLOC freed 1743K, 25% free 25632K/33799K, paused 29ms, total 29ms
06-05 19:38:59.260 D/dalvikvm( 1554): GC_CONCURRENT freed 351K, 20% free 27232K/33799K, paused 8ms+11ms, total 93ms
06-05 19:38:59.260 D/dalvikvm( 1554): WAIT_FOR_CONCURRENT_GC blocked 66ms
06-05 19:38:59.270 D/dalvikvm( 1554): WAIT_FOR_CONCURRENT_GC blocked 40ms
06-05 19:38:59.270 D/dalvikvm( 1554): WAIT_FOR_CONCURRENT_GC blocked 63ms
06-05 19:38:59.330 D/dalvikvm( 3464): GC_CONCURRENT freed 125K, 6% free 6695K/7111K, paused 12ms+75ms, total 134ms
06-05 19:38:59.370 D/dalvikvm( 1554): GC_FOR_ALLOC freed 3079K, 23% free 26190K/33799K, paused 67ms, total 70ms
06-05 19:38:59.500 W/Service ( 1658): mClassName= com.google.android.gmstoInt= 400313326
06-05 19:38:59.510 D/dalvikvm( 1554): GC_CONCURRENT freed 288K, 19% free 27634K/33799K, paused 17ms+29ms, total 142ms
06-05 19:38:59.580 D/dalvikvm( 1554): GC_FOR_ALLOC freed 669K, 20% free 27235K/33799K, paused 46ms, total 46ms
06-05 19:38:59.580 I/dalvikvm-heap( 1554): Grow heap (frag case) to 28.911MB for 2172688-byte allocation
06-05 19:38:59.650 D/dalvikvm( 1554): GC_FOR_ALLOC freed <1K, 14% free 29356K/33799K, paused 61ms, total 66ms
06-05 19:38:59.660 D/dalvikvm( 3368): GC_CONCURRENT freed 208K, 7% free 7281K/7751K, paused 19ms+13ms, total 67ms
06-05 19:38:59.710 D/dalvikvm( 1554): GC_CONCURRENT freed 5K, 12% free 30006K/33799K, paused 13ms+9ms, total 60ms
06-05 19:38:59.720 W/Service ( 1658): mClassName= com.google.android.gmstoInt= 400313326
06-05 19:38:59.780 W/Service ( 1522): mClassName= com.google.android.gmstoInt= 400313326
06-05 19:38:59.790 I/InternalIcingCorporaPro( 3368): UpdateCorporaTask done [took 3459 ms] updated apps [took 3459 ms] 
06-05 19:38:59.790 I/InternalIcingCorporaPro( 3368): Updating corpora: APPS=org.dom, CONTACTS=MAYBE
06-05 19:38:59.840 I/InternalIcingCorporaPro( 3368): UpdateCorporaTask done [took 56 ms] updated apps [took 55 ms] 
06-05 19:38:59.850 D/dalvikvm( 1554): GC_CONCURRENT freed 5296K, 22% free 26683K/33799K, paused 2ms+7ms, total 40ms
06-05 19:38:59.850 I/ActivityManager( 1337): No longer want com.adamrocker.android.input.simeji:heart (pid 2844): hidden #16
06-05 19:38:59.860 W/ActivityManager( 1337): Scheduling restart of crashed service com.adamrocker.android.input.simeji/jp.baidu.simeji.heartservice.ExternalHeartService in 10402ms
06-05 19:38:59.930 D/dalvikvm( 3464): GC_CONCURRENT freed 276K, 8% free 6876K/7431K, paused 12ms+2ms, total 37ms
06-05 19:39:00.280 I/ActivityManager( 1337): Start proc com.path:daemon for service com.path/.services.DaemonService: pid=3549 uid=10059 gids={3003, 1015, 1006, 1028}
06-05 19:39:00.300 E/Trace   ( 3549): error opening trace file: No such file or directory (2)
06-05 19:39:00.390 I/ActivityManager( 1337): No longer want com.google.process.location (pid 2862): hidden #16
06-05 19:39:00.400 I/LocationManagerService( 1337): remove passive (pid 1337), next minTime = 0
06-05 19:39:00.400 I/LocationManagerService( 1337): remove passive (pid 1337), next minTime = 0
06-05 19:39:00.410 W/ActivityManager( 1337): Scheduling restart of crashed service com.google.android.gms/com.google.android.location.internal.GoogleLocationManagerService in 19859ms
06-05 19:39:00.410 W/ActivityManager( 1337): Scheduling restart of crashed service com.google.android.gms/com.google.android.location.reporting.service.DispatchingService in 29859ms
06-05 19:39:00.410 W/ActivityManager( 1337): Scheduling restart of crashed service com.google.android.gms/com.google.android.location.internal.server.GoogleLocationService in 39859ms
06-05 19:39:00.410 W/ActivityManager( 1337): Scheduling restart of crashed service com.google.android.gms/com.google.android.location.fused.NlpLocationReceiverService in 49858ms
06-05 19:39:00.420 D/PackageBroadcastService( 1658): Received broadcast action=android.intent.action.PACKAGE_ADDED and uri=org.dom
06-05 19:39:00.420 W/Service ( 1658): mClassName= com.google.android.gmstoInt= 400313326
06-05 19:39:00.430 D/GCM     ( 1522): GcmService start Intent { act=com.google.android.gms.INITIALIZE flg=0x10 pkg=com.google.android.gms cmp=com.google.android.gms/.gcm.GcmService } com.google.android.gms.INITIALIZE
06-05 19:39:00.440 D/dalvikvm( 3549): GC_CONCURRENT freed 173K, 7% free 6371K/6791K, paused 12ms+4ms, total 52ms
06-05 19:39:00.440 D/dalvikvm( 3549): WAIT_FOR_CONCURRENT_GC blocked 15ms
06-05 19:39:00.450 W/Service ( 1658): mClassName= com.google.android.gmstoInt= 400313326
06-05 19:39:00.490 I/PeopleContactsSync( 1658): CP2 sync disabled
06-05 19:39:00.490 W/Service ( 1658): mClassName= com.google.android.gmstoInt= 400313326
06-05 19:39:00.500 W/Service ( 1658): mClassName= com.google.android.gmstoInt= 400313326
06-05 19:39:00.500 W/Service ( 1658): mClassName= com.google.android.gmstoInt= 400313326
06-05 19:39:00.510 D/GCM     ( 1522): GcmService start Intent { act=com.google.android.talk.MCS_CONNECTION_SERVICE_STARTED flg=0x10 cmp=com.google.android.gms/.gcm.GcmService } com.google.android.talk.MCS_CONNECTION_SERVICE_STARTED
06-05 19:39:00.520 D/dalvikvm( 1658): GC_CONCURRENT freed 463K, 11% free 7196K/8007K, paused 2ms+3ms, total 48ms
06-05 19:39:00.530 I//SourceFile:26( 3549): main PERF_TIMER  CONCURRENT_WEB_REQUESTS:3 CONCURRENT_JSON_PARSE:12 CONCURRENT_RESPONSE_POST_PROCESS:12 CONCURRENT_GRAPHICS:12 SHARED_THREAD_POOL_SIZE:12 SAVED_FEED_STATE_LIMIT:9 CAN_PREFETCH_IMAGES:true MINIMUM_FEED_FETCH_LIMIT:24 PRE_CACHE_FEED_FETCH_LIMIT:48 XMPP_CONNECTION_IN_BACKGROUND_TIMEOUT:480000
06-05 19:39:00.620 D/dalvikvm( 3549): GC_CONCURRENT freed 229K, 7% free 6614K/7111K, paused 12ms+13ms, total 51ms
06-05 19:39:00.660 W/nalizableReferenceQueue( 3549): Could not load Finalizer in its own class loader. Loading Finalizer in the current class loader instead. As a result, you will not be able to garbage collect this class loader. To support reclaiming this class loader, either resolve the underlying issue, or move Google Collections to your system class path.
06-05 19:39:00.660 W/nalizableReferenceQueue( 3549): java.io.FileNotFoundException: com/google/inject/internal/util/$Finalizer.class
06-05 19:39:00.660 W/nalizableReferenceQueue( 3549): 	at com.google.inject.internal.util.$FinalizableReferenceQueue$DecoupledLoader.getBaseUrl(SourceFile:269)
06-05 19:39:00.660 W/nalizableReferenceQueue( 3549): 	at com.google.inject.internal.util.$FinalizableReferenceQueue$DecoupledLoader.loadFinalizer(SourceFile:253)
06-05 19:39:00.660 W/nalizableReferenceQueue( 3549): 	at com.google.inject.internal.util.$FinalizableReferenceQueue.loadFinalizer(SourceFile:175)
06-05 19:39:00.660 W/nalizableReferenceQueue( 3549): 	at com.google.inject.internal.util.$FinalizableReferenceQueue.<clinit>(SourceFile:100)
06-05 19:39:00.660 W/nalizableReferenceQueue( 3549): 	at com.google.inject.internal.util.$MapMaker$QueueHolder.<clinit>(SourceFile:787)
06-05 19:39:00.660 W/nalizableReferenceQueue( 3549): 	at com.google.inject.internal.util.$MapMaker$WeakEntry.<init>(SourceFile:946)
06-05 19:39:00.660 W/nalizableReferenceQueue( 3549): 	at com.google.inject.internal.util.$MapMaker$Strength$1.newEntry(SourceFile:312)
06-05 19:39:00.660 W/nalizableReferenceQueue( 3549): 	at com.google.inject.internal.util.$MapMaker$StrategyImpl.newEntry(SourceFile:498)
06-05 19:39:00.660 W/nalizableReferenceQueue( 3549): 	at com.google.inject.internal.util.$MapMaker$StrategyImpl.newEntry(SourceFile:419)
06-05 19:39:00.660 W/nalizableReferenceQueue( 3549): 	at com.google.inject.internal.util.$CustomConcurrentHashMap$ComputingImpl.get(SourceFile:2029)
06-05 19:39:00.660 W/nalizableReferenceQueue( 3549): 	at com.google.inject.internal.Annotations$AnnotationChecker.hasAnnotations(SourceFile:116)
06-05 19:39:00.660 W/nalizableReferenceQueue( 3549): 	at com.google.inject.internal.Annotations.isBindingAnnotation(SourceFile:180)
06-05 19:39:00.660 W/nalizableReferenceQueue( 3549): 	at com.google.inject.Key.ensureIsBindingAnnotation(SourceFile:366)
06-05 19:39:00.660 W/nalizableReferenceQueue( 3549): 	at com.google.inject.Key.strategyFor(SourceFile:338)
06-05 19:39:00.660 W/nalizableReferenceQueue( 3549): 	at com.google.inject.Key.get(SourceFile:272)
06-05 19:39:00.660 W/nalizableReferenceQueue( 3549): 	at com.google.inject.internal.AbstractBindingBuilder.annotatedWithInternal(SourceFile:82)
06-05 19:39:00.660 W/nalizableReferenceQueue( 3549): 	at com.google.inject.internal.ConstantBindingBuilderImpl.annotatedWith(SourceFile:49)
06-05 19:39:00.660 W/nalizableReferenceQueue( 3549): 	at roboguice.config.DefaultRoboModule.configure(SourceFile:117)
06-05 19:39:00.660 W/nalizableReferenceQueue( 3549): 	at com.google.inject.AbstractModule.configure(SourceFile:59)
06-05 19:39:00.660 W/nalizableReferenceQueue( 3549): 	at com.google.inject.spi.Elements$RecordingBinder.install(SourceFile:223)
06-05 19:39:00.660 W/nalizableReferenceQueue( 3549): 	at com.google.inject.spi.Elements.getElements(SourceFile:101)
06-05 19:39:00.660 W/nalizableReferenceQueue( 3549): 	at com.google.inject.spi.Elements.getElements(SourceFile:78)
06-05 19:39:00.660 W/nalizableReferenceQueue( 3549): 	at roboguice.RoboGuice.setBaseApplicationInjector(SourceFile:83)
06-05 19:39:00.660 W/nalizableReferenceQueue( 3549): 	at roboguice.RoboGuice.setBaseApplicationInjector(SourceFile:139)
06-05 19:39:00.660 W/nalizableReferenceQueue( 3549): 	at roboguice.RoboGuice.getBaseApplicationInjector(SourceFile:59)
06-05 19:39:00.660 W/nalizableReferenceQueue( 3549): 	at com.path.MyApplication.getInjector(SourceFile:164)
06-05 19:39:00.660 W/nalizableReferenceQueue( 3549): 	at com.path.MyApplication.asparagus(SourceFile:100)
06-05 19:39:00.660 W/nalizableReferenceQueue( 3549): 	at com.path.model.DbHelper.nv(SourceFile:121)
06-05 19:39:00.660 W/nalizableReferenceQueue( 3549): 	at com.path.MyApplication.oysters(SourceFile:294)
06-05 19:39:00.660 W/nalizableReferenceQueue( 3549): 	at com.path.MyApplication.onCreate(SourceFile:319)
06-05 19:39:00.660 W/nalizableReferenceQueue( 3549): 	at android.app.Instrumentation.callApplicationOnCreate(Instrumentation.java:999)
06-05 19:39:00.660 W/nalizableReferenceQueue( 3549): 	at android.app.ActivityThread.handleBindApplication(ActivityThread.java:4151)
