06-25 19:59:43.976 D/dalvikvm( 1608): GC_CONCURRENT freed 229K, 10% free 6568K/7239K, paused 2ms+5ms, total 27ms
06-25 19:59:44.066 D/dalvikvm( 1340): WAIT_FOR_CONCURRENT_GC blocked 0ms
06-25 19:59:44.156 D/dalvikvm( 1340): GC_EXPLICIT freed 109K, 13% free 10941K/12551K, paused 4ms+7ms, total 93ms
06-25 19:59:44.156 D/dalvikvm( 1608): WAIT_FOR_CONCURRENT_GC blocked 0ms
06-25 19:59:44.166 I/com.dropbox.android.service.CameraUploadService( 2541): Finished querying providers.
06-25 19:59:44.176 I/com.dropbox.android.service.CameraUploadService( 2541): Finished camera upload scan.
06-25 19:59:44.196 D/dalvikvm( 1608): GC_EXPLICIT freed 287K, 12% free 6393K/7239K, paused 6ms+3ms, total 39ms
06-25 19:59:44.346 I/wpa_supplicant( 1453): [CTRL_IFACE]wlan0: SIGNAL_POLL
06-25 19:59:44.636 D/dalvikvm( 1340): WAIT_FOR_CONCURRENT_GC blocked 0ms
06-25 19:59:44.726 D/dalvikvm( 1340): GC_EXPLICIT freed 92K, 13% free 10942K/12551K, paused 4ms+7ms, total 96ms
06-25 19:59:45.026 D/dalvikvm( 1608): GC_CONCURRENT freed 233K, 10% free 6555K/7239K, paused 3ms+6ms, total 33ms
06-25 19:59:45.206 D/dalvikvm( 1340): WAIT_FOR_CONCURRENT_GC blocked 0ms
06-25 19:59:45.296 D/dalvikvm( 1340): GC_EXPLICIT freed 87K, 13% free 10941K/12551K, paused 4ms+7ms, total 87ms
06-25 19:59:45.306 D/dalvikvm( 1608): WAIT_FOR_CONCURRENT_GC blocked 0ms
06-25 19:59:45.336 D/dalvikvm( 1608): GC_EXPLICIT freed 261K, 12% free 6412K/7239K, paused 3ms+4ms, total 37ms
06-25 19:59:45.486 I/qtaguid ( 1608): Failed write_ctrl(u 64) res=-1 errno=22
06-25 19:59:45.486 I/qtaguid ( 1608): Untagging socket 64 failed errno=-22
06-25 19:59:45.486 W/NetworkManagementSocketTagger( 1608): untagSocket(64) failed with errno -22
06-25 19:59:45.656 W/MediaScanner( 1608): Error opening directory '/mnt/uhost/', skipping: Permission denied.
06-25 19:59:45.666 D/MediaScannerService( 1608): done scanning volume external
06-25 19:59:45.666 D/MediaScannerService( 1608): end handleMessage
06-25 19:59:47.346 I/wpa_supplicant( 1453): [CTRL_IFACE]wlan0: SIGNAL_POLL
06-25 19:59:48.676 D/Finsky  ( 2438): [1] DownloadBroadcastReceiver.onReceive: Intent received at DownloadBroadcastReceiver
06-25 19:59:48.686 D/Finsky  ( 2438): [1] DownloadQueueImpl.notifyProgress: com.adobe.reader: onProgress 5770688/5770688 Status: 200.
06-25 19:59:48.696 W/Service ( 1608): mClassName= com.android.providers.downloadstoInt= -336739181
06-25 19:59:48.696 D/Finsky  ( 2438): [1] DownloadImpl.setState: com.adobe.reader from DOWNLOADING to SUCCESS.
06-25 19:59:48.696 D/Finsky  ( 2438): [1] DownloadQueueImpl.onComplete: com.adobe.reader: onComplete
06-25 19:59:48.696 D/Finsky  ( 2438): [1] DownloadQueueImpl.remove: Download com.adobe.reader removed from DownloadQueue
06-25 19:59:48.696 I/installd( 1057): free_cache(0) avail 209981440
06-25 19:59:48.696 I/ActivityManager( 1340): No longer want com.noshufou.android.su (pid 2300): hidden #16
06-25 19:59:50.346 I/wpa_supplicant( 1453): [CTRL_IFACE]wlan0: SIGNAL_POLL
06-25 19:59:50.806 D/Finsky  ( 2438): [1] 6.onPostExecute: Successfully applied patch to update com.adobe.reader
06-25 19:59:51.146 I/ActivityManager( 1340): Start proc com.android.defcontainer for service com.android.defcontainer/.DefaultContainerService: pid=2778 uid=10010 gids={1015, 2001, 1028}
06-25 19:59:51.166 E/Trace   ( 2778): error opening trace file: No such file or directory (2)
06-25 19:59:51.206 W/Service ( 2778): mClassName= com.android.defcontainertoInt= -1613770802
06-25 19:59:51.246 W/ActivityManager( 1340): No content provider found for permission revoke: file:///data/data/com.android.vending/cache/patches/com.adobe.reader145939357.apk
06-25 19:59:51.416 W/ActivityManager( 1340): No content provider found for permission revoke: file:///data/data/com.android.vending/cache/patches/com.adobe.reader145939357.apk
06-25 19:59:51.416 W/PackageManager( 1340): processPendingInstall called
06-25 19:59:51.636 D/dalvikvm( 1340): GC_FOR_ALLOC freed 484K, 10% free 11386K/12551K, paused 67ms, total 67ms
06-25 19:59:51.726 D/dalvikvm( 1340): GC_FOR_ALLOC freed 323K, 12% free 11560K/12999K, paused 69ms, total 69ms
06-25 19:59:52.006 D/dalvikvm( 1340): GC_CONCURRENT freed 584K, 7% free 12419K/13255K, paused 13ms+7ms, total 89ms
06-25 19:59:52.006 D/dalvikvm( 1340): WAIT_FOR_CONCURRENT_GC blocked 51ms
06-25 19:59:52.206 I/PackageManager( 1340): Removing non-system package:com.adobe.reader
06-25 19:59:52.206 I/ActivityManager( 1340): Force stopping package com.adobe.reader uid=10054
06-25 19:59:52.346 D/dalvikvm( 1340): GC_CONCURRENT freed 1078K, 10% free 12894K/14279K, paused 14ms+20ms, total 98ms
06-25 19:59:53.356 I/wpa_supplicant( 1453): [CTRL_IFACE]wlan0: SIGNAL_POLL
06-25 19:59:55.666 I/com.dropbox.android.service.CameraUploadService( 2541): Starting camera upload scan...
06-25 19:59:56.066 D/dalvikvm( 1594): GC_FOR_ALLOC freed 317K, 9% free 21546K/23623K, paused 24ms, total 24ms
06-25 19:59:56.086 I/dalvikvm-heap( 1594): Grow heap (frag case) to 24.950MB for 3850256-byte allocation
06-25 19:59:56.116 D/dalvikvm( 1594): GC_CONCURRENT freed 7K, 8% free 25299K/27399K, paused 12ms+3ms, total 35ms
06-25 19:59:56.116 D/dalvikvm( 1594): WAIT_FOR_CONCURRENT_GC blocked 22ms
06-25 19:59:56.356 I/wpa_supplicant( 1453): [CTRL_IFACE]wlan0: SIGNAL_POLL
06-25 19:59:57.406 D/dalvikvm( 1532): WAIT_FOR_CONCURRENT_GC blocked 0ms
06-25 19:59:57.456 D/dalvikvm( 1532): GC_EXPLICIT freed 59K, 12% free 7361K/8327K, paused 3ms+3ms, total 57ms
06-25 19:59:57.466 D/dalvikvm( 1594): WAIT_FOR_CONCURRENT_GC blocked 0ms
06-25 19:59:57.506 D/dalvikvm( 1594): GC_EXPLICIT freed 3796K, 21% free 21693K/27399K, paused 3ms+6ms, total 42ms
06-25 20:00:06.286 W/PackageManager( 1340): Package com.adobe.reader desires unavailable shared library com.sec.android.app.multiwindow; ignoring!
06-25 20:00:06.286 I/PackageManager( 1340): Package com.adobe.reader codePath changed from /data/app/com.adobe.reader-1.apk to /data/app/com.adobe.reader-2.apk; Retaining data and using new
06-25 20:00:06.316 W/Service ( 2642): mClassName= com.twitter.androidtoInt= 671123407
06-25 20:00:06.466 I/com.dropbox.android.service.CameraUploadService( 2541): Finished querying providers.
06-25 20:00:06.466 I/com.dropbox.android.service.CameraUploadService( 2541): Finished camera upload scan.
06-25 20:00:06.626 I/PackageManager( 1340): Running dexopt on: com.adobe.reader
06-25 20:00:06.786 D/dalvikvm( 1594): GC_CONCURRENT freed 1246K, 19% free 22432K/27399K, paused 3ms+16ms, total 70ms
06-25 20:00:06.786 D/dalvikvm( 1594): WAIT_FOR_CONCURRENT_GC blocked 51ms
06-25 20:00:06.796 I/InputDispatcher( 1340): Window 'Window{41553940 com.android.launcher/com.android.launcher2.Launcher paused=false}' spent 4979.5ms processing the last input event: MotionEvent(action=0, deviceId=1, source=0x00001002)
06-25 20:00:06.806 I/InputDispatcher( 1340): Window 'Window{41553940 com.android.launcher/com.android.launcher2.Launcher paused=false}' spent 4940.2ms processing the last input event: MotionEvent(action=2, deviceId=1, source=0x00001002)
06-25 20:00:06.806 I/InputDispatcher( 1340): Window 'Window{41553940 com.android.launcher/com.android.launcher2.Launcher paused=false}' spent 4918.2ms processing the last input event: MotionEvent(action=2, deviceId=1, source=0x00001002)
06-25 20:00:06.806 I/InputDispatcher( 1340): Window 'Window{41553940 com.android.launcher/com.android.launcher2.Launcher paused=false}' spent 4862.8ms processing the last input event: MotionEvent(action=2, deviceId=1, source=0x00001002)
06-25 20:00:06.806 I/InputDispatcher( 1340): Window 'Window{41553940 com.android.launcher/com.android.launcher2.Launcher paused=false}' spent 4851.3ms processing the last input event: MotionEvent(action=1, deviceId=1, source=0x00001002)
06-25 20:00:06.816 I/Choreographer( 1594): Skipped 490 frames!  The application may be doing too much work on its main thread.
06-25 20:00:06.926 D/dalvikvm( 1594): GC_FOR_ALLOC freed 217K, 13% free 24036K/27399K, paused 47ms, total 48ms
06-25 20:00:06.936 I/ActivityManager( 1340): START {act=android.intent.action.MAIN cat=[android.intent.category.LAUNCHER] flg=0x10200000 cmp=org.dom/.MainActivity u=0} from pid 1594
06-25 20:00:06.956 D/PermissionCache( 1051): checking android.permission.READ_FRAME_BUFFER for uid=1000 => granted (10741 us)
06-25 20:00:07.066 D/dalvikvm( 1594): GC_FOR_ALLOC freed 695K, 9% free 25138K/27399K, paused 70ms, total 70ms
06-25 20:00:07.076 I/dalvikvm-heap( 1594): Grow heap (frag case) to 26.108MB for 1382416-byte allocation
06-25 20:00:07.116 D/dalvikvm( 1594): GC_FOR_ALLOC freed 3K, 9% free 26485K/28807K, paused 43ms, total 43ms
06-25 20:00:07.136 D/dalvikvm( 2800): Late-enabling CheckJNI
06-25 20:00:07.136 I/ActivityManager( 1340): Start proc org.dom for activity org.dom/.MainActivity: pid=2800 uid=10068 gids={1015, 1028}
06-25 20:00:07.176 I/ActivityManager( 1340): START {act=android.intent.action.MAIN cat=[android.intent.category.LAUNCHER] flg=0x10200000 cmp=org.dom/.MainActivity u=0} from pid 1594
06-25 20:00:07.206 I/ActivityManager( 1340): START {act=android.intent.action.MAIN cat=[android.intent.category.LAUNCHER] flg=0x10200000 cmp=org.dom/.MainActivity u=0} from pid 1594
06-25 20:00:07.416 I/ActivityManager( 1340): START {act=android.intent.action.MAIN cat=[android.intent.category.LAUNCHER] flg=0x10200000 cmp=org.dom/.MainActivity u=0} from pid 1594
06-25 20:00:07.426 I/ActivityManager( 1340): START {act=android.intent.action.MAIN cat=[android.intent.category.LAUNCHER] flg=0x10200000 cmp=org.dom/.MainActivity u=0} from pid 1594
06-25 20:00:08.646 E/Trace   ( 2800): error opening trace file: No such file or directory (2)
06-25 20:00:08.866 D/dalvikvm( 1594): GC_FOR_ALLOC freed 1916K, 12% free 25586K/28807K, paused 40ms, total 40ms
06-25 20:00:09.286 I/wpa_supplicant( 1453): [CTRL_IFACE]wlan0: SIGNAL_POLL
06-25 20:00:12.286 I/wpa_supplicant( 1453): [CTRL_IFACE]wlan0: SIGNAL_POLL
06-25 20:00:12.426 E/BufferQueue( 1051): [NotificationPanel] dequeueBuffer: can't dequeue multiple buffers without setting the buffer count
06-25 20:00:12.436 D/OpenGLRenderer( 1483): Enabling debug mode 0
06-25 20:00:14.426 D/dalvikvm( 1594): GC_FOR_ALLOC freed 306K, 10% free 25969K/28807K, paused 36ms, total 36ms
06-25 20:00:14.436 I/dalvikvm-heap( 1594): Grow heap (frag case) to 26.828MB for 1286224-byte allocation
06-25 20:00:14.486 D/dalvikvm( 1594): GC_FOR_ALLOC freed 1352K, 15% free 25872K/30087K, paused 43ms, total 43ms
06-25 20:00:14.486 D/v_gal   ( 1483): [tid=1483] libGAL: Performing a software resolve!
06-25 20:00:14.566 I/Choreographer( 1483): Skipped 126 frames!  The application may be doing too much work on its main thread.
06-25 20:00:14.636 D/dalvikvm( 1594): GC_FOR_ALLOC freed 434K, 13% free 26362K/30087K, paused 29ms, total 30ms
06-25 20:00:14.646 I/dalvikvm-heap( 1594): Grow heap (frag case) to 27.525MB for 1614608-byte allocation
06-25 20:00:14.686 D/dalvikvm( 1594): GC_FOR_ALLOC freed 2K, 12% free 27936K/31687K, paused 26ms, total 26ms
06-25 20:00:15.236 I/ActivityManager( 1340): Force stopping package com.adobe.reader uid=10054
06-25 20:00:15.236 W/PackageManager( 1340): Code path for pkg : com.adobe.reader changing from /data/app/com.adobe.reader-1.apk to /data/app/com.adobe.reader-2.apk
06-25 20:00:15.236 W/PackageManager( 1340): Resource path for pkg : com.adobe.reader changing from /data/app/com.adobe.reader-1.apk to /data/app/com.adobe.reader-2.apk
06-25 20:00:15.296 I/wpa_supplicant( 1453): [CTRL_IFACE]wlan0: SIGNAL_POLL
06-25 20:00:15.306 D/dalvikvm( 1340): WAIT_FOR_CONCURRENT_GC blocked 0ms
06-25 20:00:15.326 D/dalvikvm( 1594): GC_CONCURRENT freed 3676K, 18% free 26196K/31687K, paused 3ms+7ms, total 41ms
06-25 20:00:15.386 D/PackageManager( 1340): New package installed in /data/app/com.adobe.reader-2.apk
06-25 20:00:15.416 D/dalvikvm( 1340): GC_EXPLICIT freed 2311K, 22% free 11200K/14279K, paused 5ms+7ms, total 107ms
06-25 20:00:15.416 W/PackageManager( 1340): Unknown permission android.permission.ADD_SYSTEM_SERVICE in package com.android.phone
06-25 20:00:15.416 W/PackageManager( 1340): Unknown permission com.skt.aom.permission.AOM_RECEIVE in package jp.naver.line.android
06-25 20:00:15.416 W/PackageManager( 1340): Unknown permission com.kddi.market.permission.USE_ALML in package jp.naver.line.android
06-25 20:00:15.426 D/dalvikvm( 1594): GC_FOR_ALLOC freed 82K, 18% free 26122K/31687K, paused 32ms, total 32ms
06-25 20:00:15.426 I/dalvikvm-heap( 1594): Grow heap (frag case) to 27.823MB for 2172688-byte allocation
06-25 20:00:15.426 W/PackageManager( 1340): Unknown permission com.android.vending.billing.IBillingAccountService.BIND2 in package com.google.android.gsf.login
06-25 20:00:15.426 W/PackageManager( 1340): Not granting permission android.permission.SEND_DOWNLOAD_COMPLETED_INTENTS to package com.android.browser (protectionLevel=2 flags=0x9be45)
06-25 20:00:15.426 W/PackageManager( 1340): Unknown permission android.permission.INTERACT_ACROSS_USERS in package com.google.android.gms
06-25 20:00:15.426 W/PackageManager( 1340): Unknown permission android.permission.RECOVERY in package com.google.android.gms
06-25 20:00:15.426 W/PackageManager( 1340): Unknown permission android.permission.READ_DREAM_STATE in package com.google.android.gms
06-25 20:00:15.426 W/PackageManager( 1340): Unknown permission android.permission.RECEIVE_DATA_ACTIVITY_CHANGE in package com.google.android.gms
06-25 20:00:15.426 W/PackageManager( 1340): Unknown permission android.permission.LOCATION_HARDWARE in package com.google.android.gms
06-25 20:00:15.426 W/PackageManager( 1340): Unknown permission android.permission.GET_APP_OPS_STATS in package com.google.android.gms
06-25 20:00:15.426 W/PackageManager( 1340): Unknown permission android.permission.UPDATE_APP_OPS_STATS in package com.google.android.gms
06-25 20:00:15.426 W/PackageManager( 1340): Unknown permission android.permission.CAPTURE_AUDIO_HOTWORD in package com.google.android.gms
06-25 20:00:15.426 W/PackageManager( 1340): Unknown permission com.google.android.hangouts.START_HANGOUT in package com.google.android.gms
06-25 20:00:15.426 W/PackageManager( 1340): Unknown permission android.permission.ACCESS_NETWORK_CONDITIONS in package com.google.android.gms
06-25 20:00:15.426 W/PackageManager( 1340): Unknown permission android.permission.MANAGE_DEVICE_ADMINS in package com.google.android.gms
06-25 20:00:15.426 W/PackageManager( 1340): Not granting permission android.permission.MODIFY_PHONE_STATE to package com.google.android.gms (protectionLevel=18 flags=0x83e44)
06-25 20:00:15.436 W/PackageManager( 1340): Not granting permission android.permission.MANAGE_USB to package com.google.android.gms (protectionLevel=18 flags=0x83e44)
06-25 20:00:15.436 W/PackageManager( 1340): Not granting permission android.permission.CALL_PRIVILEGED to package com.google.android.gms (protectionLevel=18 flags=0x83e44)
06-25 20:00:15.436 W/PackageManager( 1340): Unknown permission android.permission.BLUETOOTH_PRIVILEGED in package com.google.android.gms
06-25 20:00:15.436 W/PackageManager( 1340): Unknown permission android.permission.CAPTURE_AUDIO_OUTPUT in package com.google.android.gms
06-25 20:00:15.436 W/PackageManager( 1340): Unknown permission android.permission.CAPTURE_VIDEO_OUTPUT in package com.google.android.gms
06-25 20:00:15.436 W/PackageManager( 1340): Unknown permission android.permission.CAPTURE_SECURE_VIDEO_OUTPUT in package com.google.android.gms
06-25 20:00:15.436 W/PackageManager( 1340): Not granting permission android.permission.READ_FRAME_BUFFER to package com.google.android.gms (protectionLevel=18 flags=0x83e44)
06-25 20:00:15.436 W/PackageManager( 1340): Unknown permission com.google.android.wearable.READ_SETTINGS in package com.google.android.gms
06-25 20:00:15.436 W/PackageManager( 1340): Unknown permission com.sonymobile.permission.CAMERA_ADDON in package com.evernote
06-25 20:00:15.436 W/PackageManager( 1340): Unknown permission com.amazon.dcp.sso.permission.AMAZON_ACCOUNT_PROPERTY in package com.amazon.kindle
06-25 20:00:15.436 W/PackageManager( 1340): Unknown permission com.amazon.dcp.metrics.permission.METRICS_PERMISSION in package com.amazon.kindle
06-25 20:00:15.436 W/PackageManager( 1340): Unknown permission com.amazon.dcp.config.permission.DYN_CONFIG_VALUES_UPDATED in package com.amazon.kindle
06-25 20:00:15.436 W/PackageManager( 1340): Unknown permission com.amazon.dcp.settings.permission.READ_SETTINGS in package com.amazon.kindle
06-25 20:00:15.436 W/PackageManager( 1340): Unknown permission com.amazon.identity.permission.GENERIC_IPC in package com.amazon.kindle
06-25 20:00:15.436 W/PackageManager( 1340): Unknown permission com.amazon.dcp.sso.permission.USE_DEVICE_CREDENTIALS in package com.amazon.kindle
06-25 20:00:15.436 W/PackageManager( 1340): Unknown permission com.amazon.dcp.sso.permission.EXPIRE_ACCESS_TOKEN in package com.amazon.kindle
06-25 20:00:15.436 W/PackageManager( 1340): Unknown permission com.amazon.dcp.sso.permission.MANAGE_COR_PFM in package com.amazon.kindle
06-25 20:00:15.436 W/PackageManager( 1340): Unknown permission com.amazon.dcp.sso.permission.CUSTOMER_ATTRIBUTE_SERVICE in package com.amazon.kindle
06-25 20:00:15.436 W/PackageManager( 1340): Unknown permission amazon.permission.COLLECT_METRICS in package com.amazon.kindle
06-25 20:00:15.436 W/PackageManager( 1340): Not granting permission android.permission.SET_ORIENTATION to package com.path (protectionLevel=2 flags=0x8bc44)
06-25 20:00:15.436 W/PackageManager( 1340): Unknown permission com.facebook.orca.provider.ACCESS in package com.facebook.katana
06-25 20:00:15.436 W/PackageManager( 1340): Unknown permission com.amazon.device.messaging.permission.RECEIVE in package com.facebook.katana
06-25 20:00:15.436 W/PackageManager( 1340): Unknown permission com.sec.android.provider.badge.permission.READ in package com.facebook.katana
06-25 20:00:15.436 W/PackageManager( 1340): Unknown permission com.sec.android.provider.badge.permission.WRITE in package com.facebook.katana
06-25 20:00:15.436 W/PackageManager( 1340): Unknown permission com.htc.launcher.permission.READ_SETTINGS in package com.facebook.katana
06-25 20:00:15.436 W/PackageManager( 1340): Unknown permission com.htc.launcher.permission.UPDATE_SHORTCUT in package com.facebook.katana
06-25 20:00:15.436 W/PackageManager( 1340): Unknown permission com.sonyericsson.home.permission.BROADCAST_BADGE in package com.facebook.katana
06-25 20:00:15.436 W/PackageManager( 1340): Unknown permission com.google.android.voicesearch.SHORTCUTS_ACCESS in package com.google.android.googlequicksearchbox
06-25 20:00:15.446 W/PackageManager( 1340): Unknown permission com.google.android.ears.permission.WRITE in package com.google.android.googlequicksearchbox
06-25 20:00:15.446 W/PackageManager( 1340): Unknown permission android.permission.MEDIA_CONTENT_CONTROL in package com.google.android.googlequicksearchbox
06-25 20:00:15.446 W/PackageManager( 1340): Unknown permission com.google.googlenav.friend.permission.OPT_IN in package com.google.android.googlequicksearchbox
06-25 20:00:15.446 W/PackageManager( 1340): Unknown permission com.google.android.apps.maps.permission.PREFETCH in package com.google.android.googlequicksearchbox
06-25 20:00:15.446 W/PackageManager( 1340): Unknown permission com.google.android.apps.googlevoice.permission.AUTO_SEND in package com.google.android.googlequicksearchbox
06-25 20:00:15.446 W/PackageManager( 1340): Unknown permission android.permission.CAPTURE_AUDIO_HOTWORD in package com.google.android.googlequicksearchbox
06-25 20:00:15.446 W/PackageManager( 1340): Not granting permission android.permission.STOP_APP_SWITCHES to package com.google.android.googlequicksearchbox (protectionLevel=18 flags=0x1bbec5)
06-25 20:00:15.446 W/PackageManager( 1340): Not granting permission android.permission.STATUS_BAR to package com.google.android.googlequicksearchbox (protectionLevel=18 flags=0x1bbec5)
06-25 20:00:15.446 W/PackageManager( 1340): Unknown permission com.google.android.launcher.permission.CONTENT_REDIRECT in package com.google.android.googlequicksearchbox
06-25 20:00:15.446 W/PackageManager( 1340): Not granting permission android.permission.BIND_APPWIDGET to package com.google.android.googlequicksearchbox (protectionLevel=18 flags=0x1bbec5)
06-25 20:00:15.446 W/PackageManager( 1340): Not granting permission android.permission.SEND_DOWNLOAD_COMPLETED_INTENTS to package com.android.vending (protectionLevel=2 flags=0xabec5)
06-25 20:00:15.446 W/PackageManager( 1340): Unknown permission android.permission.MANAGE_USERS in package com.android.vending
06-25 20:00:15.446 W/PackageManager( 1340): Unknown permission android.permission.INTERACT_ACROSS_USERS in package com.android.vending
06-25 20:00:15.446 W/PackageManager( 1340): Not granting permission android.permission.WRITE_SECURE_SETTINGS to package com.android.vending (protectionLevel=50 flags=0xabec5)
06-25 20:00:15.446 W/PackageManager( 1340): Not granting permission android.permission.FORCE_STOP_PACKAGES to package com.android.vending (protectionLevel=2 flags=0xabec5)
06-25 20:00:15.456 W/PackageManager( 1340): Unknown permission android.webkit.permission.PLUGIN in package com.adobe.flashplayer
06-25 20:00:15.456 W/PackageManager( 1340): Not granting permission android.permission.READ_LOGS to package com.idisplay.virtualscreen (protectionLevel=50 flags=0x2018be44)
06-25 20:00:15.456 W/PackageManager( 1340): Unknown permission com.estrongs.android.pop.PERMISSION in package com.estrongs.android.pop
06-25 20:00:15.456 W/PackageManager( 1340): Not granting permission android.permission.DEVICE_POWER to package com.android.deskclock (protectionLevel=2 flags=0x8be45)
06-25 20:00:15.466 W/PackageManager( 1340): Unknown permission com.chrome.permission.DEVICE_EXTRAS in package com.android.chrome
06-25 20:00:15.466 W/PackageManager( 1340): Unknown permission com.sec.enterprise.knox.MDM_CONTENT_PROVIDER in package com.android.chrome
06-25 20:00:15.476 D/dalvikvm( 1594): GC_FOR_ALLOC freed <1K, 11% free 28244K/31687K, paused 46ms, total 46ms
06-25 20:00:15.526 D/dalvikvm( 1594): GC_FOR_ALLOC freed <1K, 11% free 28244K/31687K, paused 48ms, total 52ms
06-25 20:00:15.526 I/dalvikvm-heap( 1594): Grow heap (frag case) to 29.196MB for 1440016-byte allocation
06-25 20:00:15.566 D/dalvikvm( 1594): GC_CONCURRENT freed 0K, 11% free 29650K/33095K, paused 13ms+6ms, total 44ms
06-25 20:00:15.566 D/dalvikvm( 1594): WAIT_FOR_CONCURRENT_GC blocked 31ms
06-25 20:00:16.986 W/ActivityManager( 1340): Launch timeout has expired, giving up wake lock!
06-25 20:00:17.026 D/libEGL  ( 2800): loaded /system/lib/egl/libEGL_VIVANTE.so
06-25 20:00:17.036 I/ActivityManager( 1340): No longer want com.path (pid 2041): hidden #16
06-25 20:00:17.046 D/libEGL  ( 2800): loaded /system/lib/egl/libGLESv1_CM_VIVANTE.so
06-25 20:00:17.056 I/ActivityManager( 1340): Force stopping package com.adobe.reader uid=10054
06-25 20:00:17.076 D/dalvikvm( 1594): WAIT_FOR_CONCURRENT_GC blocked 0ms
06-25 20:00:17.076 D/dalvikvm( 1673): WAIT_FOR_CONCURRENT_GC blocked 0ms
06-25 20:00:17.106 I/InputReader( 1340): Reconfiguring input devices.  changes=0x00000010
06-25 20:00:17.106 D/libEGL  ( 2800): loaded /system/lib/egl/libGLESv2_VIVANTE.so
06-25 20:00:17.146 D/dalvikvm( 1673): GC_EXPLICIT freed 370K, 10% free 6377K/7047K, paused 6ms+4ms, total 64ms
06-25 20:00:17.176 D/dalvikvm( 1594): GC_EXPLICIT freed 2321K, 14% free 28625K/33095K, paused 3ms+8ms, total 97ms
06-25 20:00:17.186 W/Service ( 2153): mClassName= com.pathtoInt= -1078496038
06-25 20:00:17.196 E/BufferQueue( 1051): [org.dom/org.dom.MainActivity] dequeueBuffer: can't dequeue multiple buffers without setting the buffer count
06-25 20:00:17.206 D/OpenGLRenderer( 2800): Enabling debug mode 0
06-25 20:00:17.236 I/Choreographer( 2800): Skipped 104 frames!  The application may be doing too much work on its main thread.
06-25 20:00:17.246 I/Launcher( 1594): setLoadOnResume
06-25 20:00:17.246 I/InputReader( 1340): Reconfiguring input devices.  changes=0x00000010
06-25 20:00:17.286 D/dalvikvm( 1340): WAIT_FOR_CONCURRENT_GC blocked 0ms
06-25 20:00:17.356 I/ActivityManager( 1340): Displayed org.dom/.MainActivity: +10s236ms
06-25 20:00:17.456 D/PackageManager( 1340): generateServicesMap(android.accounts.AccountAuthenticator): 9 services unchanged
06-25 20:00:17.516 D/dalvikvm( 1340): GC_EXPLICIT freed 637K, 22% free 11198K/14279K, paused 50ms+19ms, total 236ms
06-25 20:00:17.626 D/PackageManager( 1340): generateServicesMap(android.content.SyncAdapter): 19 services unchanged
06-25 20:00:17.636 D/BackupManagerService( 1340): Received broadcast Intent { act=android.intent.action.PACKAGE_REMOVED dat=package:com.adobe.reader flg=0x8000010 (has extras) }
06-25 20:00:17.756 D/PackageManager( 1340): generateServicesMap(android.accounts.AccountAuthenticator): 9 services unchanged
06-25 20:00:17.816 D/PackageManager( 1340): generateServicesMap(android.content.SyncAdapter): 19 services unchanged
06-25 20:00:17.816 D/BackupManagerService( 1340): Received broadcast Intent { act=android.intent.action.PACKAGE_ADDED dat=package:com.adobe.reader flg=0x8000010 (has extras) }
06-25 20:00:17.816 V/BackupManagerService( 1340): removePackageParticipantsLocked: uid=10054 #1
06-25 20:00:17.866 I/Choreographer( 1594): Skipped 36 frames!  The application may be doing too much work on its main thread.
06-25 20:00:17.876 V/BackupManagerService( 1340): addPackageParticipantsLocked: #1
06-25 20:00:18.006 D/dalvikvm( 1594): GC_FOR_ALLOC freed 7838K, 33% free 22281K/33095K, paused 35ms, total 35ms
06-25 20:00:18.066 I/Choreographer( 2800): Skipped 40 frames!  The application may be doing too much work on its main thread.
06-25 20:00:18.126 D/Finsky  ( 2438): [110] 1.packageInstalled: Package install status for "com.adobe.reader" is 1
06-25 20:00:18.146 D/dalvikvm( 1053): WAIT_FOR_CONCURRENT_GC blocked 0ms
06-25 20:00:18.146 I/ActivityManager( 1340): Start proc com.android.keychain for broadcast com.android.keychain/.KeyChainBroadcastReceiver: pid=2815 uid=1000 gids={1015, 3002, 3001, 3003, 1028, 3007}
06-25 20:00:18.176 E/Trace   ( 2815): error opening trace file: No such file or directory (2)
06-25 20:00:18.246 D/dalvikvm( 1053): GC_EXPLICIT freed 38K, 8% free 6040K/6531K, paused 19ms+9ms, total 102ms
06-25 20:00:18.246 D/dalvikvm( 1053): WAIT_FOR_CONCURRENT_GC blocked 0ms
06-25 20:00:18.246 D/Finsky  ( 2438): [1] InstallerImpl.kick: Installer kick null - starting com.pdanet
06-25 20:00:18.296 I/wpa_supplicant( 1453): [CTRL_IFACE]wlan0: SIGNAL_POLL
06-25 20:00:18.296 D/dalvikvm( 1594): GC_FOR_ALLOC freed 1246K, 31% free 22922K/33095K, paused 140ms, total 142ms
06-25 20:00:18.326 D/dalvikvm( 1053): GC_EXPLICIT freed <1K, 8% free 6040K/6531K, paused 19ms+2ms, total 84ms
06-25 20:00:18.336 W/Service ( 2414): mClassName= com.google.android.gsf.logintoInt= -2125384850
06-25 20:00:18.336 D/dalvikvm( 1053): WAIT_FOR_CONCURRENT_GC blocked 0ms
06-25 20:00:18.366 D/dalvikvm( 1053): GC_EXPLICIT freed <1K, 8% free 6040K/6531K, paused 3ms+2ms, total 32ms
06-25 20:00:18.396 D/dalvikvm( 1594): GC_FOR_ALLOC freed 431K, 30% free 23494K/33095K, paused 48ms, total 48ms
06-25 20:00:18.506 D/dalvikvm( 1594): GC_FOR_ALLOC freed 298K, 25% free 25068K/33095K, paused 46ms, total 46ms
06-25 20:00:18.626 D/dalvikvm( 1594): GC_CONCURRENT freed 1428K, 23% free 25656K/33095K, paused 4ms+17ms, total 61ms
06-25 20:00:18.636 D/dalvikvm( 1594): WAIT_FOR_CONCURRENT_GC blocked 31ms
06-25 20:00:18.746 I/qtaguid ( 2438): Failed write_ctrl(u 53) res=-1 errno=22
06-25 20:00:18.746 I/qtaguid ( 2438): Untagging socket 53 failed errno=-22
06-25 20:00:18.746 W/NetworkManagementSocketTagger( 2438): untagSocket(53) failed with errno -22
06-25 20:00:19.146 D/Finsky  ( 2438): [1] DownloadImpl.setState: com.pdanet from null to UNQUEUED.
06-25 20:00:19.146 D/Finsky  ( 2438): [1] DownloadQueueImpl.add: Download com.pdanet added to DownloadQueue
06-25 20:00:19.166 D/Finsky  ( 2438): [1] DownloadImpl.setState: com.pdanet from UNQUEUED to QUEUED.
06-25 20:00:19.176 I/installd( 1057): free_cache(72436) avail 209661952
06-25 20:00:19.186 D/Finsky  ( 2438): [1] DownloadQueueImpl.startDownload: Download com.pdanet starting
06-25 20:00:19.226 D/Finsky  ( 2438): [128] 7.run: Enqueued com.pdanet as content://downloads/my_downloads/197
06-25 20:00:19.226 D/Finsky  ( 2438): [1] DownloadImpl.setState: com.pdanet from QUEUED to DOWNLOADING.
06-25 20:00:19.226 D/Finsky  ( 2438): [1] DownloadQueueImpl.onStart: com.pdanet: onStart
06-25 20:00:19.226 W/Service ( 1608): mClassName= com.android.providers.downloadstoInt= -336739181
06-25 20:00:19.236 D/Finsky  ( 2438): [1] DownloadQueueImpl.notifyProgress: com.pdanet: onProgress 0/-1 Status: 190.
06-25 20:00:19.256 D/dalvikvm( 1608): GC_CONCURRENT freed 340K, 11% free 6473K/7239K, paused 2ms+5ms, total 27ms
06-25 20:00:19.346 I/DownloadManager( 1608): Initiating request for download 197
06-25 20:00:19.366 D/Finsky  ( 2438): [1] DownloadQueueImpl.notifyProgress: com.pdanet: onProgress 0/-1 Status: 192.
06-25 20:00:19.586 D/dalvikvm( 2438): GC_CONCURRENT freed 1439K, 16% free 9627K/11335K, paused 2ms+20ms, total 102ms
06-25 20:00:20.036 I/ActivityManager( 1340): Start proc com.android.musicfx for broadcast com.android.musicfx/.Compatibility$Receiver: pid=2833 uid=10033 gids={3003, 3002, 1028}
06-25 20:00:20.046 W/Service ( 2815): mClassName= com.android.keychaintoInt= 1500172648
06-25 20:00:20.066 E/Trace   ( 2833): error opening trace file: No such file or directory (2)
06-25 20:00:20.136 I/DownloadManager( 1608): Initiating request for download 197
06-25 20:00:20.176 W/Service ( 2833): mClassName= com.android.musicfxtoInt= -917159941
06-25 20:00:20.186 I/ActivityManager( 1340): Start proc com.noshufou.android.su for broadcast com.noshufou.android.su/.UninstallReceiver: pid=2850 uid=10043 gids={3003, 1015, 1028}
06-25 20:00:20.206 I/dalvikvm( 2850): Turning on JNI app bug workarounds for target SDK version 11...
06-25 20:00:20.216 I/ActivityManager( 1340): No longer want com.path:xmpp (pid 2153): hidden #16
06-25 20:00:20.236 E/Trace   ( 2850): error opening trace file: No such file or directory (2)
06-25 20:00:20.286 I/ActivityThread( 2850): Pub com.noshufou.android.su.provider: com.noshufou.android.su.provider.PermissionsProvider
06-25 20:00:20.296 I/ActivityManager( 1340): No longer want com.wave18.adbwireless (pid 2577): hidden #16
06-25 20:00:20.336 D/AlarmManager( 1340): overriden alarm callingpackages[0] com.android.vending
06-25 20:00:20.396 D/PackageBroadcastService( 1703): Received broadcast action=android.intent.action.PACKAGE_REMOVED and uri=com.adobe.reader
06-25 20:00:20.396 W/Service ( 1703): mClassName= com.google.android.gmstoInt= 400313326
06-25 20:00:20.426 I/ActivityManager( 1340): Start proc com.google.android.gms.drive for broadcast com.google.android.gms/.drive.api.DriveSystemBroadcastReceiver: pid=2864 uid=10021 gids={3003, 1015, 1028, 1007, 1006, 3002, 3001, 2001, 3006}
06-25 20:00:20.456 W/Service ( 1703): mClassName= com.google.android.gmstoInt= 400313326
06-25 20:00:20.486 E/Trace   ( 2864): error opening trace file: No such file or directory (2)
06-25 20:00:20.486 W/Service ( 1703): mClassName= com.google.android.gmstoInt= 400313326
06-25 20:00:20.696 D/dalvikvm( 2864): GC_CONCURRENT freed 160K, 6% free 6384K/6791K, paused 19ms+3ms, total 79ms
06-25 20:00:20.696 D/dalvikvm( 2864): WAIT_FOR_CONCURRENT_GC blocked 34ms
06-25 20:00:20.716 I/MultiDex( 2864): load(/data/app/com.google.android.gms-2.apk, forceReload=false)
06-25 20:00:20.726 I/qtaguid ( 1608): Failed write_ctrl(u 48) res=-1 errno=22
06-25 20:00:20.726 I/qtaguid ( 1608): Untagging socket 48 failed errno=-22
06-25 20:00:20.726 W/NetworkManagementSocketTagger( 1608): untagSocket(48) failed with errno -22
06-25 20:00:20.836 D/dalvikvm( 2864): GC_CONCURRENT freed 163K, 6% free 6756K/7175K, paused 2ms+3ms, total 35ms
06-25 20:00:20.836 D/dalvikvm( 2864): WAIT_FOR_CONCURRENT_GC blocked 10ms
06-25 20:00:20.846 I/MultiDex( 2864): Need extracted file /data/data/com.google.android.gms/files/secondary-dexes/com.google.android.gms-2.apk.classes2.zip
06-25 20:00:20.846 I/MultiDex( 2864): No extraction needed for /data/data/com.google.android.gms/files/secondary-dexes/com.google.android.gms-2.apk.classes2.zip of size 1809539
06-25 20:00:20.846 I/ActivityThread( 2864): Pub com.google.android.gms.drive: com.google.android.gms.drive.data.sync.syncadapter.DatabaseNotificationContentProvider
06-25 20:00:20.846 D/Finsky  ( 2438): [1] DownloadQueueImpl.notifyProgress: com.pdanet: onProgress 72436/72436 Status: 200.
06-25 20:00:20.886 W/Service ( 1608): mClassName= com.android.providers.downloadstoInt= -336739181
06-25 20:00:20.896 D/dalvikvm( 1608): GC_CONCURRENT freed 480K, 12% free 6381K/7239K, paused 13ms+3ms, total 51ms
06-25 20:00:20.896 W/DrmManagerClient( 1608): You should have called release()
06-25 20:00:20.896 I/ActivityManager( 1340): No longer want com.android.settings (pid 1628): hidden #16
06-25 20:00:20.916 I/ActivityManager( 1340): No longer want jp.naver.line.android (pid 2602): hidden #16
06-25 20:00:20.956 W/Service ( 2833): mClassName= com.android.musicfxtoInt= -917159941
06-25 20:00:20.966 I/ActivityManager( 1340): Start proc com.svox.pico for broadcast com.svox.pico/.VoiceDataInstallerReceiver: pid=2883 uid=10037 gids={1015, 1028}
06-25 20:00:21.006 E/Trace   ( 2883): error opening trace file: No such file or directory (2)
06-25 20:00:21.036 I/ActivityThread( 2883): Pub com.svox.pico.providers.SettingsProvider: com.svox.pico.providers.SettingsProvider
06-25 20:00:21.056 I/ActivityManager( 1340): No longer want com.android.providers.calendar (pid 2207): hidden #16
06-25 20:00:21.086 I/InternalIcingCorporaPro( 2319): Updating corpora: APPS=com.adobe.reader, CONTACTS=MAYBE
06-25 20:00:21.096 W/Service ( 2319): mClassName= com.google.android.googlequicksearchboxtoInt= -79313952
06-25 20:00:21.126 D/AlarmManager( 1340): overriden alarm callingpackages[0] com.android.vending
06-25 20:00:21.146 I/InternalIcingCorporaPro( 2319): UpdateCorporaTask done [took 61 ms] updated apps [took 61 ms] 
06-25 20:00:21.176 I/ActivityManager( 1340): Start proc jp.cggames.anipla for broadcast jp.cggames.anipla/jp.basicinc.gamefeat.android.sdk.receiver.GameFeatBroadcastReceiver: pid=2897 uid=10061 gids={3003, 1015, 1028}
06-25 20:00:21.186 I/dalvikvm( 2897): Turning on JNI app bug workarounds for target SDK version 9...
06-25 20:00:21.206 E/Trace   ( 2897): error opening trace file: No such file or directory (2)
06-25 20:00:21.296 I/wpa_supplicant( 1453): [CTRL_IFACE]wlan0: SIGNAL_POLL
06-25 20:00:21.336 D/dalvikvm( 2897): GC_CONCURRENT freed 158K, 6% free 6387K/6791K, paused 2ms+3ms, total 34ms
06-25 20:00:21.336 D/dalvikvm( 2897): WAIT_FOR_CONCURRENT_GC blocked 17ms
06-25 20:00:21.526 D/dalvikvm( 2897): GC_CONCURRENT freed 124K, 6% free 6695K/7111K, paused 3ms+74ms, total 102ms
06-25 20:00:21.926 D/dalvikvm( 2897): GC_CONCURRENT freed 280K, 8% free 6880K/7431K, paused 1ms+3ms, total 26ms
06-25 20:00:22.516 I/ActivityManager( 1340): No longer want com.android.calendar (pid 2662): hidden #16
06-25 20:00:22.536 D/PackageBroadcastService( 1703): Received broadcast action=android.intent.action.PACKAGE_ADDED and uri=com.adobe.reader
06-25 20:00:22.546 W/Service ( 1703): mClassName= com.google.android.gmstoInt= 400313326
06-25 20:00:22.566 I/PeopleContactsSync( 1703): CP2 sync disabled
06-25 20:00:22.566 W/Service ( 1703): mClassName= com.google.android.gmstoInt= 400313326
06-25 20:00:22.576 W/Service ( 1703): mClassName= com.google.android.gmstoInt= 400313326
06-25 20:00:22.576 W/Service ( 2833): mClassName= com.android.musicfxtoInt= -917159941
06-25 20:00:22.586 W/Service ( 1703): mClassName= com.google.android.gmstoInt= 400313326
06-25 20:00:22.596 W/Service ( 1703): mClassName= com.google.android.gmstoInt= 400313326
06-25 20:00:22.606 D/PackageBroadcastService( 1703): Received broadcast action=android.intent.action.PACKAGE_REPLACED and uri=com.adobe.reader
06-25 20:00:22.616 W/Service ( 1703): mClassName= com.google.android.gmstoInt= 400313326
06-25 20:00:22.626 I/ActivityManager( 1340): Start proc com.path for broadcast com.path/.receivers.ApplicationUpgradedReceiver: pid=3010 uid=10059 gids={3003, 1015, 1006, 1028}
06-25 20:00:22.636 I/PeopleContactsSync( 1703): CP2 sync disabled
06-25 20:00:22.646 W/Service ( 1703): mClassName= com.google.android.gmstoInt= 400313326
06-25 20:00:22.656 E/Trace   ( 3010): error opening trace file: No such file or directory (2)
06-25 20:00:22.676 W/Service ( 1703): mClassName= com.google.android.gmstoInt= 400313326
06-25 20:00:22.716 W/Service ( 1703): mClassName= com.google.android.gmstoInt= 400313326
06-25 20:00:22.866 D/dalvikvm( 3010): GC_CONCURRENT freed 168K, 7% free 6377K/6791K, paused 2ms+5ms, total 51ms
06-25 20:00:22.866 D/dalvikvm( 3010): WAIT_FOR_CONCURRENT_GC blocked 20ms
06-25 20:00:22.886 D/dalvikvm( 1340): GC_CONCURRENT freed 1133K, 22% free 11257K/14279K, paused 15ms+11ms, total 186ms
06-25 20:00:22.966 I//SourceFile:26( 3010): main PERF_TIMER  CONCURRENT_WEB_REQUESTS:3 CONCURRENT_JSON_PARSE:12 CONCURRENT_RESPONSE_POST_PROCESS:12 CONCURRENT_GRAPHICS:12 SHARED_THREAD_POOL_SIZE:12 SAVED_FEED_STATE_LIMIT:9 CAN_PREFETCH_IMAGES:true MINIMUM_FEED_FETCH_LIMIT:24 PRE_CACHE_FEED_FETCH_LIMIT:48 XMPP_CONNECTION_IN_BACKGROUND_TIMEOUT:480000
06-25 20:00:22.986 D/dalvikvm( 1703): GC_CONCURRENT freed 315K, 11% free 7566K/8455K, paused 12ms+5ms, total 44ms
06-25 20:00:22.986 D/dalvikvm( 1703): WAIT_FOR_CONCURRENT_GC blocked 14ms
06-25 20:00:23.036 D/dalvikvm( 3010): GC_CONCURRENT freed 241K, 7% free 6617K/7111K, paused 12ms+2ms, total 32ms
06-25 20:00:23.076 W/Service ( 1703): mClassName= com.google.android.gmstoInt= 400313326
06-25 20:00:23.086 W/nalizableReferenceQueue( 3010): Could not load Finalizer in its own class loader. Loading Finalizer in the current class loader instead. As a result, you will not be able to garbage collect this class loader. To support reclaiming this class loader, either resolve the underlying issue, or move Google Collections to your system class path.
06-25 20:00:23.086 W/nalizableReferenceQueue( 3010): java.io.FileNotFoundException: com/google/inject/internal/util/$Finalizer.class
06-25 20:00:23.086 W/nalizableReferenceQueue( 3010): 	at com.google.inject.internal.util.$FinalizableReferenceQueue$DecoupledLoader.getBaseUrl(SourceFile:269)
06-25 20:00:23.086 W/nalizableReferenceQueue( 3010): 	at com.google.inject.internal.util.$FinalizableReferenceQueue$DecoupledLoader.loadFinalizer(SourceFile:253)
06-25 20:00:23.086 W/nalizableReferenceQueue( 3010): 	at com.google.inject.internal.util.$FinalizableReferenceQueue.loadFinalizer(SourceFile:175)
06-25 20:00:23.086 W/nalizableReferenceQueue( 3010): 	at com.google.inject.internal.util.$FinalizableReferenceQueue.<clinit>(SourceFile:100)
06-25 20:00:23.086 W/nalizableReferenceQueue( 3010): 	at com.google.inject.internal.util.$MapMaker$QueueHolder.<clinit>(SourceFile:787)
06-25 20:00:23.086 W/nalizableReferenceQueue( 3010): 	at com.google.inject.internal.util.$MapMaker$WeakEntry.<init>(SourceFile:946)
06-25 20:00:23.086 W/nalizableReferenceQueue( 3010): 	at com.google.inject.internal.util.$MapMaker$Strength$1.newEntry(SourceFile:312)
06-25 20:00:23.086 W/nalizableReferenceQueue( 3010): 	at com.google.inject.internal.util.$MapMaker$StrategyImpl.newEntry(SourceFile:498)
06-25 20:00:23.086 W/nalizableReferenceQueue( 3010): 	at com.google.inject.internal.util.$MapMaker$StrategyImpl.newEntry(SourceFile:419)
06-25 20:00:23.086 W/nalizableReferenceQueue( 3010): 	at com.google.inject.internal.util.$CustomConcurrentHashMap$ComputingImpl.get(SourceFile:2029)
06-25 20:00:23.086 W/nalizableReferenceQueue( 3010): 	at com.google.inject.internal.Annotations$AnnotationChecker.hasAnnotations(SourceFile:116)
06-25 20:00:23.086 W/nalizableReferenceQueue( 3010): 	at com.google.inject.internal.Annotations.isBindingAnnotation(SourceFile:180)
06-25 20:00:23.086 W/nalizableReferenceQueue( 3010): 	at com.google.inject.Key.ensureIsBindingAnnotation(SourceFile:366)
06-25 20:00:23.086 W/nalizableReferenceQueue( 3010): 	at com.google.inject.Key.strategyFor(SourceFile:338)
06-25 20:00:23.086 W/nalizableReferenceQueue( 3010): 	at com.google.inject.Key.get(SourceFile:272)
06-25 20:00:23.086 W/nalizableReferenceQueue( 3010): 	at com.google.inject.internal.AbstractBindingBuilder.annotatedWithInternal(SourceFile:82)
06-25 20:00:23.086 W/nalizableReferenceQueue( 3010): 	at com.google.inject.internal.ConstantBindingBuilderImpl.annotatedWith(SourceFile:49)
06-25 20:00:23.086 W/nalizableReferenceQueue( 3010): 	at roboguice.config.DefaultRoboModule.configure(SourceFile:117)
06-25 20:00:23.086 W/nalizableReferenceQueue( 3010): 	at com.google.inject.AbstractModule.configure(SourceFile:59)
06-25 20:00:23.086 W/nalizableReferenceQueue( 3010): 	at com.google.inject.spi.Elements$RecordingBinder.install(SourceFile:223)
06-25 20:00:23.086 W/nalizableReferenceQueue( 3010): 	at com.google.inject.spi.Elements.getElements(SourceFile:101)
06-25 20:00:23.086 W/nalizableReferenceQueue( 3010): 	at com.google.inject.spi.Elements.getElements(SourceFile:78)
06-25 20:00:23.086 W/nalizableReferenceQueue( 3010): 	at roboguice.RoboGuice.setBaseApplicationInjector(SourceFile:83)
06-25 20:00:23.086 W/nalizableReferenceQueue( 3010): 	at roboguice.RoboGuice.setBaseApplicationInjector(SourceFile:139)
06-25 20:00:23.086 W/nalizableReferenceQueue( 3010): 	at roboguice.RoboGuice.getBaseApplicationInjector(SourceFile:59)
06-25 20:00:23.086 W/nalizableReferenceQueue( 3010): 	at com.path.MyApplication.getInjector(SourceFile:164)
06-25 20:00:23.086 W/nalizableReferenceQueue( 3010): 	at com.path.MyApplication.asparagus(SourceFile:100)
06-25 20:00:23.086 W/nalizableReferenceQueue( 3010): 	at com.path.model.DbHelper.nv(SourceFile:121)
06-25 20:00:23.086 W/nalizableReferenceQueue( 3010): 	at com.path.MyApplication.oysters(SourceFile:294)
06-25 20:00:23.086 W/nalizableReferenceQueue( 3010): 	at com.path.MyApplication.onCreate(SourceFile:319)
06-25 20:00:23.086 W/nalizableReferenceQueue( 3010): 	at android.app.Instrumentation.callApplicationOnCreate(Instrumentation.java:999)
06-25 20:00:23.086 W/nalizableReferenceQueue( 3010): 	at android.app.ActivityThread.handleBindApplication(ActivityThread.java:4151)
06-25 20:00:23.086 W/nalizableReferenceQueue( 3010): 	at android.app.ActivityThread.access$1300(ActivityThread.java:130)
06-25 20:00:23.086 W/nalizableReferenceQueue( 3010): 	at android.app.ActivityThread$H.handleMessage(ActivityThread.java:1255)
06-25 20:00:23.086 W/nalizableReferenceQueue( 3010): 	at android.os.Handler.dispatchMessage(Handler.java:99)
06-25 20:00:23.086 W/nalizableReferenceQueue( 3010): 	at android.os.Looper.loop(Looper.java:137)
06-25 20:00:23.086 W/nalizableReferenceQueue( 3010): 	at android.app.ActivityThread.main(ActivityThread.java:4746)
06-25 20:00:23.086 W/nalizableReferenceQueue( 3010): 	at java.lang.reflect.Method.invokeNative(Native Method)
06-25 20:00:23.086 W/nalizableReferenceQueue( 3010): 	at java.lang.reflect.Method.invoke(Method.java:511)
06-25 20:00:23.086 W/nalizableReferenceQueue( 3010): 	at com.android.internal.os.ZygoteInit$MethodAndArgsCaller.run(ZygoteInit.java:917)
06-25 20:00:23.086 W/nalizableReferenceQueue( 3010): 	at com.android.internal.os.ZygoteInit.main(ZygoteInit.java:684)
06-25 20:00:23.086 W/nalizableReferenceQueue( 3010): 	at dalvik.system.NativeStart.main(Native Method)
06-25 20:00:23.146 D/dalvikvm( 3010): GC_CONCURRENT freed 442K, 10% free 6700K/7431K, paused 2ms+12ms, total 33ms
06-25 20:00:23.216 D/dalvikvm( 3010): GC_CONCURRENT freed 514K, 11% free 6721K/7495K, paused 2ms+2ms, total 24ms
06-25 20:00:23.286 D/dalvikvm( 3010): GC_CONCURRENT freed 516K, 11% free 6717K/7495K, paused 2ms+2ms, total 26ms
06-25 20:00:23.286 D/dalvikvm( 3010): WAIT_FOR_CONCURRENT_GC blocked 8ms
06-25 20:00:23.386 D/dalvikvm( 3010): GC_CONCURRENT freed 417K, 10% free 6747K/7495K, paused 3ms+15ms, total 47ms
06-25 20:00:23.566 D/dalvikvm( 3010): GC_CONCURRENT freed 398K, 9% free 6841K/7495K, paused 12ms+4ms, total 41ms
06-25 20:00:23.686 D/dalvikvm( 3010): GC_CONCURRENT freed 491K, 10% free 6866K/7623K, paused 12ms+3ms, total 37ms
06-25 20:00:23.756 D/dalvikvm( 3010): GC_FOR_ALLOC freed 312K, 11% free 6856K/7623K, paused 22ms, total 22ms
06-25 20:00:23.756 I/dalvikvm-heap( 3010): Grow heap (frag case) to 7.032MB for 102416-byte allocation
06-25 20:00:23.776 D/dalvikvm( 3010): GC_FOR_ALLOC freed 0K, 11% free 6956K/7751K, paused 20ms, total 20ms
06-25 20:00:23.776 I/dalvikvm-heap( 3010): Grow heap (frag case) to 7.095MB for 65552-byte allocation
06-25 20:00:23.796 D/dalvikvm( 3010): GC_FOR_ALLOC freed 0K, 11% free 7020K/7879K, paused 20ms, total 20ms
06-25 20:00:23.926 D/dalvikvm( 3010): GC_CONCURRENT freed 278K, 9% free 7197K/7879K, paused 13ms+5ms, total 41ms
06-25 20:00:24.116 D/dalvikvm( 3010): GC_CONCURRENT freed 347K, 8% free 7408K/8007K, paused 15ms+6ms, total 73ms
06-25 20:00:24.206 I/BluetoothService( 1340): ACTION_BATTERY_CHANGED pluggedType: 2
06-25 20:00:24.206 D/EthernetService( 1340): Intent.ACTION_BATTERY_CHANGED
06-25 20:00:24.276 D/dalvikvm( 3010): GC_CONCURRENT freed 367K, 8% free 7586K/8199K, paused 13ms+3ms, total 52ms
06-25 20:00:24.276 D/dalvikvm( 3010): WAIT_FOR_CONCURRENT_GC blocked 22ms
06-25 20:00:24.276 D/dalvikvm( 3010): WAIT_FOR_CONCURRENT_GC blocked 22ms
06-25 20:00:24.306 I/wpa_supplicant( 1453): [CTRL_IFACE]wlan0: SIGNAL_POLL
06-25 20:00:24.316 I/ActivityManager( 1340): Start proc jp.naver.line.android for broadcast jp.naver.line.android/.service.push.SystemBroadcastReceiver: pid=3034 uid=10070 gids={1006, 3003, 1015, 1028, 3002}
06-25 20:00:24.316 I/ActivityManager( 1340): No longer want com.google.android.gm (pid 2378): hidden #16
06-25 20:00:24.326 I/dalvikvm( 3034): Turning on JNI app bug workarounds for target SDK version 10...
06-25 20:00:24.336 E/Trace   ( 3034): error opening trace file: No such file or directory (2)
06-25 20:00:24.356 D/dalvikvm( 3034): WAIT_FOR_CONCURRENT_GC blocked 0ms
06-25 20:00:24.446 D/dalvikvm( 3010): GC_CONCURRENT freed 483K, 9% free 7654K/8391K, paused 14ms+16ms, total 64ms
06-25 20:00:24.476 D/dalvikvm( 3034): GC_CONCURRENT freed 169K, 7% free 6375K/6791K, paused 2ms+2ms, total 40ms
06-25 20:00:24.476 D/dalvikvm( 3034): WAIT_FOR_CONCURRENT_GC blocked 16ms
06-25 20:00:24.646 D/dalvikvm( 3010): GC_CONCURRENT freed 467K, 9% free 7731K/8455K, paused 21ms+14ms, total 87ms
06-25 20:00:24.656 D/dalvikvm( 3034): GC_CONCURRENT freed 155K, 6% free 6763K/7175K, paused 12ms+4ms, total 50ms
06-25 20:00:24.656 D/dalvikvm( 3034): WAIT_FOR_CONCURRENT_GC blocked 7ms
06-25 20:00:24.766 I/ActivityThread( 3034): Pub jp.naver.line.android.LineStore: jp.naver.line.android.cp.LineContentProvider
06-25 20:00:24.766 I/ActivityThread( 3034): Pub jp.naver.line.android: jp.naver.line.android.activity.channel.LocalJSProvider
06-25 20:00:24.806 D/dalvikvm( 3034): GC_CONCURRENT freed 171K, 6% free 7106K/7559K, paused 4ms+2ms, total 31ms
06-25 20:00:24.916 D/dalvikvm( 3034): GC_CONCURRENT freed 148K, 6% free 7456K/7879K, paused 12ms+3ms, total 38ms
06-25 20:00:24.916 D/dalvikvm( 3034): WAIT_FOR_CONCURRENT_GC blocked 9ms
06-25 20:00:25.036 D/dalvikvm( 3034): GC_CONCURRENT freed 151K, 6% free 7817K/8263K, paused 12ms+3ms, total 40ms
06-25 20:00:25.036 D/dalvikvm( 3034): WAIT_FOR_CONCURRENT_GC blocked 13ms
06-25 20:00:25.136 D/dalvikvm( 3034): GC_CONCURRENT freed 420K, 9% free 7997K/8711K, paused 1ms+2ms, total 33ms
06-25 20:00:25.136 D/dalvikvm( 3034): WAIT_FOR_CONCURRENT_GC blocked 23ms
06-25 20:00:25.186 D/dalvikvm( 3034): GC_FOR_ALLOC freed 130K, 7% free 8124K/8711K, paused 40ms, total 40ms
06-25 20:00:25.246 D/dalvikvm( 3034): GC_FOR_ALLOC freed 126K, 8% free 8252K/8967K, paused 51ms, total 51ms
06-25 20:00:25.256 I/dalvikvm-heap( 3034): Grow heap (frag case) to 8.796MB for 521668-byte allocation
06-25 20:00:25.346 D/dalvikvm( 3034): GC_FOR_ALLOC freed 254K, 11% free 8508K/9479K, paused 77ms, total 77ms
06-25 20:00:25.406 D/dalvikvm( 3034): GC_FOR_ALLOC freed 628K, 12% free 8474K/9607K, paused 49ms, total 50ms
06-25 20:00:25.446 D/dalvikvm( 3034): GC_FOR_ALLOC freed 126K, 11% free 8602K/9607K, paused 29ms, total 29ms
06-25 20:00:25.476 D/dalvikvm( 3010): GC_CONCURRENT freed 479K, 9% free 7757K/8519K, paused 12ms+3ms, total 48ms
06-25 20:00:25.486 D/dalvikvm( 3034): GC_FOR_ALLOC freed 254K, 8% free 8858K/9607K, paused 28ms, total 28ms
06-25 20:00:25.516 D/dalvikvm( 3034): GC_FOR_ALLOC freed 625K, 12% free 8823K/9991K, paused 28ms, total 28ms
06-25 20:00:25.556 D/dalvikvm( 3034): GC_FOR_ALLOC freed 126K, 11% free 8951K/9991K, paused 29ms, total 29ms
06-25 20:00:25.556 I/dalvikvm-heap( 3034): Grow heap (frag case) to 9.479MB for 522240-byte allocation
06-25 20:00:25.596 D/dalvikvm( 3034): GC_FOR_ALLOC freed 254K, 13% free 9207K/10503K, paused 29ms, total 29ms
06-25 20:00:25.826 D/dalvikvm( 3034): GC_CONCURRENT freed 670K, 9% free 9621K/10567K, paused 13ms+15ms, total 81ms
06-25 20:00:26.176 D/dalvikvm( 3034): GC_CONCURRENT freed 253K, 5% free 10574K/11079K, paused 12ms+4ms, total 59ms
06-25 20:00:26.516 D/dalvikvm( 3034): GC_CONCURRENT freed 624K, 8% free 11488K/12359K, paused 12ms+2ms, total 66ms
06-25 20:00:26.516 D/dalvikvm( 3034): WAIT_FOR_CONCURRENT_GC blocked 29ms
06-25 20:00:27.036 D/dalvikvm( 3034): GC_CONCURRENT freed 781K, 8% free 12548K/13575K, paused 12ms+3ms, total 77ms
06-25 20:00:27.036 D/dalvikvm( 3034): WAIT_FOR_CONCURRENT_GC blocked 29ms
06-25 20:00:27.306 I/wpa_supplicant( 1453): [CTRL_IFACE]wlan0: SIGNAL_POLL
06-25 20:00:28.456 D/dalvikvm( 3034): GC_CONCURRENT freed 1658K, 13% free 12950K/14855K, paused 2ms+3ms, total 87ms
06-25 20:00:28.456 D/dalvikvm( 3034): WAIT_FOR_CONCURRENT_GC blocked 36ms
06-25 20:00:28.456 D/dalvikvm( 3034): WAIT_FOR_CONCURRENT_GC blocked 36ms
06-25 20:00:28.996 D/dalvikvm( 3010): GC_CONCURRENT freed 411K, 9% free 7887K/8583K, paused 2ms+3ms, total 35ms
06-25 20:00:29.136 D/dalvikvm( 3010): GC_CONCURRENT freed 605K, 11% free 7897K/8775K, paused 2ms+3ms, total 37ms
06-25 20:00:29.666 W/MediaPlayer( 3010): decode(50, 823716, 5517)
