03-10 22:40:03.460 D/AlarmManager( 1340): overriden alarm callingpackages[0] com.google.android.syncadapters.contacts
03-10 22:40:03.470 D/AlarmManager( 1340): overriden alarm callingpackages[0] com.google.android.syncadapters.contacts
03-10 22:40:03.480 D/AlarmManager( 1340): overriden alarm callingpackages[0] com.google.android.syncadapters.contacts
03-10 22:40:04.460 E/ActivityThread( 1986): Failed to find provider info for com.google.android.partnersetup.rlzappprovider
03-10 22:40:05.180 D/AlarmManager( 1340): overriden alarm callingpackages[0] com.google.android.syncadapters.contacts
03-10 22:40:05.190 D/AlarmManager( 1340): overriden alarm callingpackages[0] com.google.android.syncadapters.contacts
03-10 22:40:05.230 D/AlarmManager( 1340): overriden alarm callingpackages[0] com.google.android.syncadapters.contacts
03-10 22:40:05.240 D/AlarmManager( 1340): overriden alarm callingpackages[0] com.google.android.syncadapters.contacts
03-10 22:40:05.910 D/AlarmManager( 1340): overriden alarm callingpackages[0] com.google.android.syncadapters.contacts
03-10 22:40:06.130 I/Vold    ( 1045): Filesystem check completed OK
03-10 22:40:06.140 I/Vold    ( 1045): Device /dev/block/vold/93:72, target /mnt/sdcard mounted @ /mnt/secure/staging
03-10 22:40:06.140 D/Vold    ( 1045): Volume flash state changing 3 (Checking) -> 4 (Mounted)
03-10 22:40:06.140 E/VoldConnector( 1340): NDC Command {9 volume mount /mnt/sdcard} took too long (4404ms)
03-10 22:40:06.150 D/MountService( 1340): volume state changed for /mnt/sdcard (checking -> mounted)
03-10 22:40:06.150 I/StorageNotification( 1612): Media {/mnt/sdcard} state changed from {checking} -> {mounted}
03-10 22:40:06.150 D/MountService( 1340): sendStorageIntent Intent { act=android.intent.action.MEDIA_MOUNTED dat=file:///mnt/sdcard (has extras) }
03-10 22:40:06.150 D/VoldCmdListener( 1045): asec list
03-10 22:40:06.630 D/AlarmManager( 1340): overriden alarm callingpackages[0] com.adamrocker.android.input.simeji
03-10 22:40:06.630 D/AlarmManager( 1340): init allow package list 
03-10 22:40:06.630 D/AlarmManager( 1340): overriden alarm callingUid= 10055 type= 2
03-10 22:40:06.630 D/AlarmManager( 1340): overriden alarm force  AlarmManager.ELAPSED_REALTIME
03-10 22:40:07.180 E/VoldConnector( 1340): NDC Command {10 asec list} took too long (1033ms)
03-10 22:40:07.180 D/VoldCmdListener( 1045): asec fspath com.aldiko.android-1
03-10 22:40:07.190 D/VoldCmdListener( 1045): asec path com.aldiko.android-1
03-10 22:40:07.190 D/VoldCmdListener( 1045): asec fspath com.idisplay.virtualscreen-1
03-10 22:40:07.200 D/VoldCmdListener( 1045): asec path com.idisplay.virtualscreen-1
03-10 22:40:07.210 W/PackageManager( 1340): Application package com.idisplay.virtualscreen already installed.  Skipping duplicate.
03-10 22:40:07.210 I/PackageManager( 1340): Failed to install pkg from  /mnt/asec/com.idisplay.virtualscreen-1/pkg.apk from sdcard
03-10 22:40:07.220 D/VoldCmdListener( 1045): asec mount com.aldiko.android-1 {} 1000
03-10 22:40:07.450 D/VoldCmdListener( 1045): asec path com.aldiko.android-1
03-10 22:40:07.850 W/PackageParser( 1340): No actions in intent filter at /mnt/asec/com.aldiko.android-1/pkg.apk Binary XML file line #99
03-10 22:40:07.860 I/PackageManager( 1340): Linking native library dir for /mnt/asec/com.aldiko.android-1/pkg.apk
03-10 22:40:07.890 D/VoldCmdListener( 1045): asec fixperms com.aldiko.android-1 -1 null
03-10 22:40:07.940 W/PackageManager( 1340): Unknown permission android.permission.ADD_SYSTEM_SERVICE in package com.android.phone
03-10 22:40:07.950 W/PackageManager( 1340): Unknown permission com.android.vending.billing.IBillingAccountService.BIND2 in package com.google.android.gsf.login
03-10 22:40:07.950 W/PackageManager( 1340): Not granting permission android.permission.SEND_DOWNLOAD_COMPLETED_INTENTS to package com.android.browser (protectionLevel=2 flags=0x9be45)
03-10 22:40:07.960 W/PackageManager( 1340): Unknown permission android.permission.INTERACT_ACROSS_USERS in package com.google.android.gms
03-10 22:40:07.960 W/PackageManager( 1340): Unknown permission android.permission.LOCATION_HARDWARE in package com.google.android.gms
03-10 22:40:07.960 W/PackageManager( 1340): Unknown permission android.permission.GET_APP_OPS_STATS in package com.google.android.gms
03-10 22:40:07.960 W/PackageManager( 1340): Unknown permission android.permission.UPDATE_APP_OPS_STATS in package com.google.android.gms
03-10 22:40:07.960 W/PackageManager( 1340): Unknown permission android.permission.ACCESS_NETWORK_CONDITIONS in package com.google.android.gms
03-10 22:40:07.960 W/PackageManager( 1340): Unknown permission android.permission.MANAGE_DEVICE_ADMINS in package com.google.android.gms
03-10 22:40:07.960 W/PackageManager( 1340): Not granting permission android.permission.MODIFY_PHONE_STATE to package com.google.android.gms (protectionLevel=18 flags=0x83e44)
03-10 22:40:07.970 W/PackageManager( 1340): Not granting permission android.permission.MANAGE_USB to package com.google.android.gms (protectionLevel=18 flags=0x83e44)
03-10 22:40:07.970 W/PackageManager( 1340): Not granting permission android.permission.CALL_PRIVILEGED to package com.google.android.gms (protectionLevel=18 flags=0x83e44)
03-10 22:40:07.970 W/PackageManager( 1340): Unknown permission android.permission.BLUETOOTH_PRIVILEGED in package com.google.android.gms
03-10 22:40:07.970 W/PackageManager( 1340): Unknown permission android.permission.CAPTURE_AUDIO_OUTPUT in package com.google.android.gms
03-10 22:40:07.970 W/PackageManager( 1340): Unknown permission android.permission.CAPTURE_VIDEO_OUTPUT in package com.google.android.gms
03-10 22:40:07.970 W/PackageManager( 1340): Unknown permission android.permission.CAPTURE_SECURE_VIDEO_OUTPUT in package com.google.android.gms
03-10 22:40:07.970 W/PackageManager( 1340): Not granting permission android.permission.READ_FRAME_BUFFER to package com.google.android.gms (protectionLevel=18 flags=0x83e44)
03-10 22:40:07.980 W/PackageManager( 1340): Unknown permission com.amazon.dcp.sso.permission.AMAZON_ACCOUNT_PROPERTY in package com.amazon.kindle
03-10 22:40:07.980 W/PackageManager( 1340): Unknown permission com.amazon.dcp.metrics.permission.METRICS_PERMISSION in package com.amazon.kindle
03-10 22:40:07.980 W/PackageManager( 1340): Unknown permission com.amazon.dcp.config.permission.DYN_CONFIG_VALUES_UPDATED in package com.amazon.kindle
03-10 22:40:07.980 W/PackageManager( 1340): Unknown permission com.amazon.dcp.settings.permission.READ_SETTINGS in package com.amazon.kindle
03-10 22:40:07.980 W/PackageManager( 1340): Unknown permission com.amazon.identity.permission.GENERIC_IPC in package com.amazon.kindle
03-10 22:40:07.980 W/PackageManager( 1340): Unknown permission com.amazon.dcp.sso.permission.USE_DEVICE_CREDENTIALS in package com.amazon.kindle
03-10 22:40:07.980 W/PackageManager( 1340): Unknown permission com.amazon.dcp.sso.permission.EXPIRE_ACCESS_TOKEN in package com.amazon.kindle
03-10 22:40:07.980 W/PackageManager( 1340): Unknown permission com.amazon.dcp.sso.permission.MANAGE_COR_PFM in package com.amazon.kindle
03-10 22:40:07.980 W/PackageManager( 1340): Unknown permission com.amazon.dcp.sso.permission.CUSTOMER_ATTRIBUTE_SERVICE in package com.amazon.kindle
03-10 22:40:07.980 W/PackageManager( 1340): Unknown permission amazon.permission.COLLECT_METRICS in package com.amazon.kindle
03-10 22:40:07.980 W/PackageManager( 1340): Not granting permission android.permission.SET_ORIENTATION to package com.path (protectionLevel=2 flags=0x8bc44)
03-10 22:40:07.980 W/PackageManager( 1340): Unknown permission com.google.android.voicesearch.SHORTCUTS_ACCESS in package com.google.android.googlequicksearchbox
03-10 22:40:07.980 W/PackageManager( 1340): Unknown permission com.google.android.ears.permission.WRITE in package com.google.android.googlequicksearchbox
03-10 22:40:07.980 W/PackageManager( 1340): Unknown permission com.google.googlenav.friend.permission.OPT_IN in package com.google.android.googlequicksearchbox
03-10 22:40:07.980 W/PackageManager( 1340): Unknown permission com.google.android.apps.maps.permission.PREFETCH in package com.google.android.googlequicksearchbox
03-10 22:40:07.980 W/PackageManager( 1340): Unknown permission com.google.android.apps.googlevoice.permission.AUTO_SEND in package com.google.android.googlequicksearchbox
03-10 22:40:07.980 W/PackageManager( 1340): Unknown permission android.permission.CAPTURE_AUDIO_HOTWORD in package com.google.android.googlequicksearchbox
03-10 22:40:07.980 W/PackageManager( 1340): Not granting permission android.permission.STATUS_BAR to package com.google.android.googlequicksearchbox (protectionLevel=18 flags=0x19bec5)
03-10 22:40:07.980 W/PackageManager( 1340): Not granting permission android.permission.BIND_APPWIDGET to package com.google.android.googlequicksearchbox (protectionLevel=18 flags=0x19bec5)
03-10 22:40:07.990 W/PackageManager( 1340): Unknown permission com.facebook.orca.provider.ACCESS in package com.facebook.katana
03-10 22:40:07.990 W/PackageManager( 1340): Unknown permission com.amazon.device.messaging.permission.RECEIVE in package com.facebook.katana
03-10 22:40:07.990 W/PackageManager( 1340): Unknown permission com.sec.android.provider.badge.permission.READ in package com.facebook.katana
03-10 22:40:07.990 W/PackageManager( 1340): Unknown permission com.sec.android.provider.badge.permission.WRITE in package com.facebook.katana
03-10 22:40:07.990 W/PackageManager( 1340): Unknown permission com.htc.launcher.permission.READ_SETTINGS in package com.facebook.katana
03-10 22:40:07.990 W/PackageManager( 1340): Unknown permission com.htc.launcher.permission.UPDATE_SHORTCUT in package com.facebook.katana
03-10 22:40:07.990 W/PackageManager( 1340): Unknown permission com.sonyericsson.home.permission.BROADCAST_BADGE in package com.facebook.katana
03-10 22:40:07.990 W/PackageManager( 1340): Not granting permission android.permission.SEND_DOWNLOAD_COMPLETED_INTENTS to package com.android.vending (protectionLevel=2 flags=0xabec5)
03-10 22:40:07.990 W/PackageManager( 1340): Unknown permission android.permission.MANAGE_USERS in package com.android.vending
03-10 22:40:07.990 W/PackageManager( 1340): Unknown permission android.permission.INTERACT_ACROSS_USERS in package com.android.vending
03-10 22:40:07.990 W/PackageManager( 1340): Not granting permission android.permission.WRITE_SECURE_SETTINGS to package com.android.vending (protectionLevel=50 flags=0xabec5)
03-10 22:40:08.000 W/PackageManager( 1340): Unknown permission android.webkit.permission.PLUGIN in package com.adobe.flashplayer
03-10 22:40:08.000 W/PackageManager( 1340): Not granting permission android.permission.READ_LOGS to package com.idisplay.virtualscreen (protectionLevel=50 flags=0x2018be44)
03-10 22:40:08.000 W/PackageManager( 1340): Unknown permission com.estrongs.android.pop.PERMISSION in package com.estrongs.android.pop
03-10 22:40:08.000 W/PackageManager( 1340): Not granting permission android.permission.DEVICE_POWER to package com.android.deskclock (protectionLevel=2 flags=0x8be45)
03-10 22:40:10.150 D/BackupManagerService( 1340): Received broadcast Intent { act=android.intent.action.EXTERNAL_APPLICATIONS_AVAILABLE flg=0x8000010 (has extras) }
03-10 22:40:10.200 V/BackupManagerService( 1340): addPackageParticipantsLocked: #1
03-10 22:40:10.700 I/ActivityManager( 1340): Start proc com.android.providers.calendar for broadcast com.android.providers.calendar/.CalendarReceiver: pid=2294 uid=10008 gids={3003, 1015, 1028}
03-10 22:40:10.820 I/ActivityManager( 1340): Start proc android.process.media for content provider com.android.providers.downloads/.DownloadProvider: pid=2307 uid=10012 gids={1015, 1023, 1024, 1028, 2001, 3003, 3007}
03-10 22:40:10.860 D/AlarmManager( 1340): overriden alarm callingpackages[0] com.android.providers.calendar
03-10 22:40:10.910 I/ActivityManager( 1340): Start proc com.android.deskclock for broadcast com.android.deskclock/.AlarmInitReceiver: pid=2323 uid=10011 gids={1028}
03-10 22:40:11.190 I/ActivityManager( 1340): Start proc com.android.email for broadcast com.android.email/.service.EmailBroadcastReceiver: pid=2346 uid=10014 gids={3003, 1015, 1028}
03-10 22:40:11.470 D/ActivityThread( 2346): Loading provider com.android.email.provider;com.android.email.notifier: com.android.email.provider.EmailProvider
03-10 22:40:11.540 I/ActivityManager( 1340): Start proc com.android.exchange for service com.android.exchange/.ExchangeService: pid=2365 uid=10015 gids={3003, 1015, 1028}
03-10 22:40:12.070 D/AlarmManager( 1340): overriden alarm callingpackages[0] com.facebook.katana
03-10 22:40:12.070 D/AlarmManager( 1340): overriden alarm callingUid= 10058 type= 2
03-10 22:40:12.070 D/AlarmManager( 1340): overriden alarm force  AlarmManager.ELAPSED_REALTIME
03-10 22:40:12.180 I/SystemUpdateService( 1733): cancelUpdate (empty URL)
03-10 22:40:12.300 I/SystemUpdateService( 1733): cancelUpdate (empty URL)
03-10 22:40:12.300 I/ActivityManager( 1340): Start proc com.noshufou.android.su for broadcast com.noshufou.android.su/.UpdatePermissionsReceiver: pid=2417 uid=10043 gids={3003, 1015, 1028}
03-10 22:40:12.380 D/AlarmManager( 1340): overriden alarm callingpackages[0] com.google.android.syncadapters.contacts
03-10 22:40:12.740 I/ActivityManager( 1340): Start proc com.android.vending for broadcast com.android.vending/com.google.android.finsky.receivers.BootCompletedReceiver: pid=2442 uid=10050 gids={3003, 1015, 1028}
03-10 22:40:12.750 E/ActivityThread( 1986): Failed to find provider info for com.google.android.partnersetup.rlzappprovider
03-10 22:40:14.880 D/AlarmManager( 1340): overriden alarm callingpackages[0] com.google.android.googlequicksearchbox
03-10 22:40:18.290 W/ActivityManager( 1340): Unable to start service Intent { act=com.google.android.gms.analytics.service.START cmp=com.google.android.gms/.analytics.service.AnalyticsService (has extras) }: not found
03-10 22:40:23.290 W/ActivityManager( 1340): Unable to start service Intent { act=com.google.android.gms.analytics.service.START cmp=com.google.android.gms/.analytics.service.AnalyticsService (has extras) }: not found
03-10 22:40:24.920 D/AlarmManager( 1340): overriden alarm callingpackages[0] com.android.vending
03-10 22:40:25.060 I/ActivityManager( 1340): Start proc com.google.android.gm for broadcast com.google.android.gm/.GoogleMailDeviceStartupReceiver: pid=2510 uid=10019 gids={3003, 1015, 1028}
03-10 22:40:25.080 D/AlarmManager( 1340): overriden alarm callingpackages[0] com.android.vending
--------- beginning of /dev/log/main
03-10 22:40:25.370 W/Service ( 1849): mClassName= com.facebook.katanatoInt= -1054395131
03-10 22:40:25.430 W/Service ( 1849): mClassName= com.facebook.katanatoInt= -1054395131
03-10 22:40:25.430 I/ActivityThread( 2510): Pub com.google.android.gm2.accountcache: com.android.mail.providers.GmailAccountCacheProvider
03-10 22:40:25.490 D/dalvikvm( 2510): GC_CONCURRENT freed 161K, 7% free 6330K/6791K, paused 12ms+2ms, total 51ms
03-10 22:40:25.530 D/ActivityThread( 2510): Loading provider com.android.gmail.ui: com.google.android.gm.provider.GmailProvider
03-10 22:40:25.580 I/ActivityThread( 2510): Pub gmail-ls: com.google.android.gm.provider.MailProvider
03-10 22:40:25.610 D/dalvikvm( 1849): GC_FOR_ALLOC freed 1060K, 15% free 10889K/12679K, paused 76ms, total 76ms
03-10 22:40:25.650 W/fb4a(:<default>):FbHttpRequestProcessor( 1849): Got java.net.UnknownHostException: Unable to resolve host "graph.facebook.com": No address associated with hostname while executing handleFetchConfiguration, retrying on a safe network stack
03-10 22:40:25.660 W/fb4a(:<default>):BlueServiceQueue( 1849): Exception during service
03-10 22:40:25.660 W/fb4a(:<default>):BlueServiceQueue( 1849): java.net.UnknownHostException: Unable to resolve host "graph.facebook.com": No address associated with hostname
03-10 22:40:25.660 W/fb4a(:<default>):BlueServiceQueue( 1849): 	at java.net.InetAddress.lookupHostByName(InetAddress.java:394)
03-10 22:40:25.660 W/fb4a(:<default>):BlueServiceQueue( 1849): 	at java.net.InetAddress.getAllByNameImpl(InetAddress.java:236)
03-10 22:40:25.660 W/fb4a(:<default>):BlueServiceQueue( 1849): 	at java.net.InetAddress.getAllByName(InetAddress.java:214)
03-10 22:40:25.660 W/fb4a(:<default>):BlueServiceQueue( 1849): 	at org.apache.http.impl.conn.DefaultClientConnectionOperator.openConnection(DefaultClientConnectionOperator.java:137)
03-10 22:40:25.660 W/fb4a(:<default>):BlueServiceQueue( 1849): 	at org.apache.http.impl.conn.AbstractPoolEntry.open(AbstractPoolEntry.java:164)
03-10 22:40:25.660 W/fb4a(:<default>):BlueServiceQueue( 1849): 	at org.apache.http.impl.conn.AbstractPooledConnAdapter.open(AbstractPooledConnAdapter.java:119)
03-10 22:40:25.660 W/fb4a(:<default>):BlueServiceQueue( 1849): 	at org.apache.http.impl.client.DefaultRequestDirector.execute(DefaultRequestDirector.java:360)
03-10 22:40:25.660 W/fb4a(:<default>):BlueServiceQueue( 1849): 	at org.apache.http.impl.client.AbstractHttpClient.execute(AbstractHttpClient.java:555)
03-10 22:40:25.660 W/fb4a(:<default>):BlueServiceQueue( 1849): 	at org.apache.http.impl.client.AbstractHttpClient.execute(AbstractHttpClient.java:487)
03-10 22:40:25.660 W/fb4a(:<default>):BlueServiceQueue( 1849): 	at org.apache.http.impl.client.AbstractHttpClient.execute(AbstractHttpClient.java:465)
03-10 22:40:25.660 W/fb4a(:<default>):BlueServiceQueue( 1849): 	at android.net.http.AndroidHttpClient.execute(AndroidHttpClient.java:252)
03-10 22:40:25.660 W/fb4a(:<default>):BlueServiceQueue( 1849): 	at com.facebook.http.common.FbHttpRequestProcessor.a(FbHttpRequestProcessor.java:178)
03-10 22:40:25.660 W/fb4a(:<default>):BlueServiceQueue( 1849): 	at com.facebook.http.common.FbHttpRequestProcessor.b(FbHttpRequestProcessor.java:165)
03-10 22:40:25.660 W/fb4a(:<default>):BlueServiceQueue( 1849): 	at com.facebook.http.common.FbHttpRequestProcessor.a(FbHttpRequestProcessor.java:139)
03-10 22:40:25.660 W/fb4a(:<default>):BlueServiceQueue( 1849): 	at com.facebook.http.common.FbHttpRequestProcessor.b(FbHttpRequestProcessor.java:103)
03-10 22:40:25.660 W/fb4a(:<default>):BlueServiceQueue( 1849): 	at com.facebook.http.common.FbHttpRequestProcessor.a(FbHttpRequestProcessor.java:196)
03-10 22:40:25.660 W/fb4a(:<default>):BlueServiceQueue( 1849): 	at com.facebook.http.protocol.MethodBatcherImpl$MethodBatchImpl.a(MethodBatcherImpl.java:207)
03-10 22:40:25.660 W/fb4a(:<default>):BlueServiceQueue( 1849): 	at com.facebook.http.protocol.BatchComponentRunner.a(BatchComponentRunner.java:79)
03-10 22:40:25.660 W/fb4a(:<default>):BlueServiceQueue( 1849): 	at com.facebook.http.protocol.BatchComponentRunner.a(BatchComponentRunner.java:46)
03-10 22:40:25.660 W/fb4a(:<default>):BlueServiceQueue( 1849): 	at com.facebook.config.background.ConfigBackgroundServiceHandler.a(ConfigBackgroundServiceHandler.java:85)
03-10 22:40:25.660 W/fb4a(:<default>):BlueServiceQueue( 1849): 	at com.facebook.config.background.ConfigBackgroundServiceHandler.a(ConfigBackgroundServiceHandler.java:54)
03-10 22:40:25.660 W/fb4a(:<default>):BlueServiceQueue( 1849): 	at com.facebook.fbservice.service.BlueServiceQueue.e(BlueServiceQueue.java:299)
03-10 22:40:25.660 W/fb4a(:<default>):BlueServiceQueue( 1849): 	at com.facebook.fbservice.service.BlueServiceQueue.d(BlueServiceQueue.java:53)
03-10 22:40:25.660 W/fb4a(:<default>):BlueServiceQueue( 1849): 	at com.facebook.fbservice.service.BlueServiceQueue$3.run(BlueServiceQueue.java:230)
03-10 22:40:25.660 W/fb4a(:<default>):BlueServiceQueue( 1849): 	at java.util.concurrent.Executors$RunnableAdapter.call(Executors.java:442)
03-10 22:40:25.660 W/fb4a(:<default>):BlueServiceQueue( 1849): 	at java.util.concurrent.FutureTask$Sync.innerRun(FutureTask.java:305)
03-10 22:40:25.660 W/fb4a(:<default>):BlueServiceQueue( 1849): 	at java.util.concurrent.FutureTask.run(FutureTask.java:137)
03-10 22:40:25.660 W/fb4a(:<default>):BlueServiceQueue( 1849): 	at com.facebook.common.executors.ListenableScheduledFutureImpl.run(ListenableScheduledFutureImpl.java:59)
03-10 22:40:25.660 W/fb4a(:<default>):BlueServiceQueue( 1849): 	at android.os.Handler.handleCallback(Handler.java:615)
03-10 22:40:25.660 W/fb4a(:<default>):BlueServiceQueue( 1849): 	at android.os.Handler.dispatchMessage(Handler.java:92)
03-10 22:40:25.660 W/fb4a(:<default>):BlueServiceQueue( 1849): 	at android.os.Looper.loop(Looper.java:137)
03-10 22:40:25.660 W/fb4a(:<default>):BlueServiceQueue( 1849): 	at android.os.HandlerThread.run(HandlerThread.java:60)
03-10 22:40:25.670 D/dalvikvm( 2510): GC_CONCURRENT freed 281K, 9% free 6521K/7111K, paused 13ms+29ms, total 62ms
03-10 22:40:25.670 W/Service ( 1849): mClassName= com.facebook.katanatoInt= -1054395131
03-10 22:40:25.680 I/ActivityThread( 2510): Pub com.google.android.gm: com.google.android.gm.provider.PublicContentProvider
03-10 22:40:25.680 I/ActivityThread( 2510): Pub com.google.android.gm.provider.eml.attachment: com.android.mail.providers.EmlAttachmentProvider
03-10 22:40:25.690 I/ActivityThread( 2510): Pub com.google.android.gmail.SuggestionsProvider: com.google.android.gm.SuggestionsProvider
03-10 22:40:25.690 I/ActivityThread( 2510): Pub com.google.android.gm2.conversation.provider: com.android.mail.browse.GmailConversationProvider
03-10 22:40:25.700 W/Service ( 2077): mClassName= com.google.android.gsf.logintoInt= -2125384850
03-10 22:40:25.700 I/ActivityThread( 2510): Pub com.android.gmail.ui: com.google.android.gm.provider.GmailProvider
03-10 22:40:25.740 W/GAV2    ( 2510): Thread[main,5,main]: Need to call initialize() and be in fallback mode to start dispatch.
03-10 22:40:25.750 D/dalvikvm( 1807): Trying to load lib /data/data/com.google.android.gms/lib/libAppDataSearch.so 0x41f7dd00
03-10 22:40:25.750 D/dalvikvm( 1807): Added shared lib /data/data/com.google.android.gms/lib/libAppDataSearch.so 0x41f7dd00
03-10 22:40:25.750 D/dalvikvm( 1807): No JNI_OnLoad found in /data/data/com.google.android.gms/lib/libAppDataSearch.so 0x41f7dd00, skipping init
03-10 22:40:25.820 D/dalvikvm( 1807): GC_CONCURRENT freed 356K, 9% free 6784K/7431K, paused 12ms+19ms, total 63ms
03-10 22:40:25.850 D/dalvikvm( 2510): GC_CONCURRENT freed 331K, 9% free 6615K/7239K, paused 12ms+2ms, total 46ms
03-10 22:40:25.850 W/Service ( 1807): mClassName= com.google.android.gmstoInt= 400313326
03-10 22:40:25.860 W/Service ( 1807): mClassName= com.google.android.gmstoInt= 400313326
03-10 22:40:25.870 W/Service ( 2510): mClassName= com.google.android.gmtoInt= -378320869
03-10 22:40:25.890 W/Service ( 2510): mClassName= com.google.android.gmtoInt= -378320869
03-10 22:40:25.900 I/Icing   ( 1807): Storage manager: low false usage 1.68MB avail 283.26MB capacity 868.66MB
03-10 22:40:25.920 I/ActivityManager( 1340): Start proc com.adamrocker.android.input.simeji:heart for service com.adamrocker.android.input.simeji/jp.baidu.simeji.heartservice.ExternalHeartService: pid=2549 uid=10055 gids={3003, 1015, 1028}
03-10 22:40:25.950 W/Service ( 2077): mClassName= com.google.android.gsf.logintoInt= -2125384850
03-10 22:40:25.950 I/dalvikvm( 2549): Turning on JNI app bug workarounds for target SDK version 11...
03-10 22:40:25.950 I/ActivityManager( 1340): Start proc com.dropbox.android for broadcast com.dropbox.android/.service.BootReceiver: pid=2560 uid=10064 gids={3003, 1028, 1015}
03-10 22:40:25.990 E/Trace   ( 2549): error opening trace file: No such file or directory (2)
03-10 22:40:26.000 E/Trace   ( 2560): error opening trace file: No such file or directory (2)
03-10 22:40:26.120 D/dalvikvm( 2549): GC_CONCURRENT freed 163K, 7% free 6381K/6791K, paused 2ms+2ms, total 34ms
03-10 22:40:26.120 D/dalvikvm( 2549): WAIT_FOR_CONCURRENT_GC blocked 15ms
03-10 22:40:26.170 D/dalvikvm( 2307): GC_CONCURRENT freed 390K, 11% free 6285K/6983K, paused 2ms+3ms, total 24ms
03-10 22:40:26.170 D/dalvikvm( 2560): GC_CONCURRENT freed 164K, 7% free 6379K/6791K, paused 20ms+2ms, total 49ms
03-10 22:40:26.170 D/dalvikvm( 2560): WAIT_FOR_CONCURRENT_GC blocked 13ms
03-10 22:40:26.230 W/Service ( 2549): mClassName= com.adamrocker.android.input.simejitoInt= -754373502
03-10 22:40:26.230 D/AlarmManager( 1340): overriden alarm callingpackages[0] com.adamrocker.android.input.simeji
03-10 22:40:26.230 D/AlarmManager( 1340): overriden alarm callingUid= 10055 type= 2
03-10 22:40:26.230 D/AlarmManager( 1340): overriden alarm force  AlarmManager.ELAPSED_REALTIME
03-10 22:40:26.280 D/dalvikvm( 2510): GC_CONCURRENT freed 328K, 9% free 6744K/7367K, paused 12ms+13ms, total 46ms
03-10 22:40:26.300 I/Gmail   ( 2510): calculateUnknownSyncRationalesAndPurgeInBackground: queueing
03-10 22:40:26.310 D/ExternalHeartService( 2549): onStartCommand url: http://msg.simeji.baidu.jp/getmsg?id=DB593F99-B7C7-AD3F-EBFE-D63629F87261&app_ver=6.7&ver_code=402&os_ver=4.1.1&referrer=organic&keyboard_ja=keyboard_simeji_flick&keyboard_en=keyboard_simeji_alphabet_qwerty&flag=1&date=2014-03-10_22:40:26&from_ext_heartservice=1
03-10 22:40:26.310 D/EthernetStateTracker( 1340): getLinkProperties()
03-10 22:40:26.320 D/QuestPopup( 2549): NetWorkState Unavailabel
03-10 22:40:26.320 I/Gmail   ( 2510): calculateUnknownSyncRationalesAndPurgeInBackground: queueing
03-10 22:40:26.360 I/ActivityThread( 2560): Pub com.dropbox.android.PhotosProvider: com.dropbox.android.provider.PhotosProvider
03-10 22:40:26.380 I/Gmail   ( 2510): calculateUnknownSyncRationalesAndPurgeInBackground: running
03-10 22:40:26.380 I/Gmail   ( 2510): calculateUnknownSyncRationalesAndPurgeInBackground: running
03-10 22:40:26.410 I/ActivityThread( 2560): Pub com.dropbox.android.provider.SDK: com.dropbox.android.provider.SDKProvider
03-10 22:40:26.410 I/ActivityThread( 2560): Pub com.dropbox.android.ZipperedMediaProvider: com.dropbox.android.provider.ZipperedMediaProvider
03-10 22:40:26.410 I/ActivityThread( 2560): Pub com.dropbox.android.Dropbox: com.dropbox.android.provider.DropboxProvider
03-10 22:40:26.410 I/ActivityThread( 2560): Pub com.dropbox.android.LocalFile: com.dropbox.android.provider.FileSystemProvider
03-10 22:40:26.540 I/com.dropbox.android.service.DropboxNetworkReceiver( 2560): Setting receiver enabled: false
03-10 22:40:26.660 D/dalvikvm( 2560): GC_CONCURRENT freed 277K, 9% free 6592K/7175K, paused 12ms+12ms, total 44ms
03-10 22:40:26.660 D/dalvikvm( 2560): Trying to load lib /data/data/com.dropbox.android/lib/libDbxFileObserver.so 0x41f803f8
03-10 22:40:26.660 D/dalvikvm( 2560): Added shared lib /data/data/com.dropbox.android/lib/libDbxFileObserver.so 0x41f803f8
03-10 22:40:26.660 D/dalvikvm( 2560): No JNI_OnLoad found in /data/data/com.dropbox.android/lib/libDbxFileObserver.so 0x41f803f8, skipping init
03-10 22:40:28.190 D/dalvikvm( 1807): GC_CONCURRENT freed 629K, 12% free 6597K/7495K, paused 12ms+5ms, total 40ms
03-10 22:40:28.260 W/Service ( 1807): mClassName= com.google.android.gmstoInt= 400313326
03-10 22:40:28.260 W/Service ( 2560): mClassName= com.dropbox.androidtoInt= 1719984602
03-10 22:40:28.280 D/GCM     ( 1733): GcmService start Intent { act=android.intent.action.BOOT_COMPLETED flg=0x10 cmp=com.google.android.gms/.gcm.GcmService } android.intent.action.BOOT_COMPLETED
03-10 22:40:28.280 I/ActivityManager( 1340): Start proc com.path for broadcast com.path/.receivers.BootReceiver: pid=2609 uid=10059 gids={3003, 1015, 1006, 1028}
03-10 22:40:28.310 W/Service ( 1733): mClassName= com.google.android.gmstoInt= 400313326
03-10 22:40:28.320 I/com.dropbox.android.util.ae( 2560): Watching file: /mnt/sdcard/Android/data/com.dropbox.android/files/scratch/97eab429
03-10 22:40:28.320 I/com.dropbox.android.util.ae( 2560): Getting ready to upload: /mnt/sdcard/Android/data/com.dropbox.android/files/scratch/97eab429
03-10 22:40:28.320 I/ActivityManager( 1340): Start proc com.google.android.gms.ui for service com.google.android.gms/.auth.authzen.GcmReceiverService: pid=2623 uid=10021 gids={3003, 1015, 1028, 1007, 3002, 3001, 1006, 2001, 3006}
03-10 22:40:28.330 E/Trace   ( 2609): error opening trace file: No such file or directory (2)
03-10 22:40:28.330 D/AlarmManager( 1340): overriden alarm callingpackages[0] com.google.android.syncadapters.contacts
03-10 22:40:28.360 E/Trace   ( 2623): error opening trace file: No such file or directory (2)
03-10 22:40:28.370 I/GCoreUlr( 1807): Starting service, intent=Intent { cmp=com.google.android.gms/com.google.android.location.reporting.service.DispatchingService (has extras) }, extras=Bundle[{receiverAction=android.intent.action.BOOT_COMPLETED, intentType=2}]
03-10 22:40:28.380 I/GCoreUlr( 1928): WorldUpdater received intent Intent { cmp=com.google.android.gms/com.google.android.location.reporting.service.DispatchingService (has extras) } with receiverAction android.intent.action.BOOT_COMPLETED, forceUpdate false
03-10 22:40:28.430 I/Icing   ( 1807): Internal init done: storage state 0
03-10 22:40:28.470 D/dalvikvm( 2609): GC_CONCURRENT freed 173K, 7% free 6371K/6791K, paused 2ms+2ms, total 31ms
03-10 22:40:28.470 D/dalvikvm( 2609): WAIT_FOR_CONCURRENT_GC blocked 13ms
03-10 22:40:28.510 D/dalvikvm( 2623): GC_CONCURRENT freed 167K, 7% free 6344K/6791K, paused 13ms+2ms, total 51ms
03-10 22:40:28.510 D/dalvikvm( 1807): GC_CONCURRENT freed 339K, 12% free 6642K/7495K, paused 3ms+3ms, total 27ms
03-10 22:40:28.530 D/MediaScannerService( 2307): done scanning volume external
03-10 22:40:28.530 I/MultiDex( 2623): load(/data/app/com.google.android.gms-1.apk, forceReload=false)
03-10 22:40:28.530 D/MediaScannerService( 2307): end handleMessage
03-10 22:40:28.530 D/AlarmManager( 1340): overriden alarm callingpackages[0] com.google.android.syncadapters.contacts
03-10 22:40:28.540 I/Icing   ( 1807): Post-init done
03-10 22:40:28.550 D/SyncManager( 1340): setIsSyncable: Account {name=shin.akiba8@gmail.com, type=com.google}, provider com.google.android.location.reporting, user 0 -> 1
03-10 22:40:28.550 D/SyncManager( 1340): setIsSyncable: already set to 1, doing nothing
03-10 22:40:28.550 D/SyncManager( 1340): setSyncAutomatically:  provider com.google.android.location.reporting, user 0 -> true
03-10 22:40:28.550 D/SyncManager( 1340): setSyncAutomatically: already set to true, doing nothing
03-10 22:40:28.570 W/Service ( 1807): mClassName= com.google.android.gmstoInt= 400313326
03-10 22:40:28.630 I/MultiDex( 2623): Need extracted file /data/data/com.google.android.gms/files/secondary-dexes/com.google.android.gms-1.apk.classes2.zip
03-10 22:40:28.630 I/MultiDex( 2623): No extraction needed for /data/data/com.google.android.gms/files/secondary-dexes/com.google.android.gms-1.apk.classes2.zip of size 1430457
03-10 22:40:28.650 D/dalvikvm( 2623): GC_CONCURRENT freed 188K, 7% free 6640K/7111K, paused 12ms+12ms, total 42ms
03-10 22:40:28.660 V/AuthZen ( 2623): Received a GCM message.
03-10 22:40:28.670 W/Service ( 2623): mClassName= com.google.android.gmstoInt= 400313326
03-10 22:40:28.680 V/AuthZen ( 2623): [DefaultAuthzenGcmReceiverDelegateService] Received an Authzen GCM message.
03-10 22:40:28.690 W/Service ( 2623): mClassName= com.google.android.gmstoInt= 400313326
03-10 22:40:28.870 D/dalvikvm( 2623): GC_CONCURRENT freed 262K, 8% free 6837K/7367K, paused 12ms+9ms, total 41ms
03-10 22:40:29.080 D/dalvikvm( 2623): GC_CONCURRENT freed 723K, 14% free 6607K/7623K, paused 2ms+20ms, total 63ms
03-10 22:40:29.190 I/AuthZen ( 2623): Fetching signing key...
03-10 22:40:29.470 I/AuthZen ( 2623): Signing key fetched successfuly!
03-10 22:40:29.480 I/AuthZen ( 2623): No encryption key found or existing keys are expired for account shin.akiba8@gmail.com
03-10 22:40:29.490 I/GCoreUlr( 1928): Ensuring that reporting is stopped because of reasons: {account#11#=[InactiveReason{mVersionCode=0, mIdentifier=6, mName='ReportingNotSelected'}]}
03-10 22:40:29.500 D/GCoreFlp( 1928): Unknown pending intent to remove.
03-10 22:40:29.500 I/GCoreUlr( 1928): Unbound from all location providers
03-10 22:40:29.520 D/dalvikvm( 1928): GC_CONCURRENT freed 288K, 13% free 7129K/8135K, paused 2ms+4ms, total 28ms
03-10 22:40:29.570 D/dalvikvm( 2623): GC_CONCURRENT freed 461K, 14% free 6565K/7623K, paused 12ms+4ms, total 38ms
03-10 22:40:29.750 D/dalvikvm( 2623): GC_CONCURRENT freed 331K, 13% free 6665K/7623K, paused 1ms+8ms, total 31ms
03-10 22:40:29.920 I/AuthZen ( 2623): Starting Enrollment...
03-10 22:40:29.950 D/dalvikvm( 2623): GC_CONCURRENT freed 436K, 13% free 6654K/7623K, paused 12ms+18ms, total 53ms
03-10 22:40:29.980 I/GoogleHttpClient( 2623): Falling back to old http client 0 java.lang.NoSuchMethodException: <init> [class android.content.Context, class java.lang.String, boolean]
03-10 22:40:30.110 W/GLSActivity( 2623): [anc] Status from wire: NetworkError status: NETWORK_ERROR
03-10 22:40:30.110 I/GLSUser ( 2623): GLS error: NetworkError shin.akiba8@gmail.com oauth2:https://www.googleapis.com/auth/cryptauth
03-10 22:40:30.110 E/AuthZen ( 2623): Failed to do enrollment for account: shin.akiba8@gmail.com
03-10 22:40:30.110 E/AuthZen ( 2623): alu: Failed to get a token for authzen enrollment
03-10 22:40:30.110 E/AuthZen ( 2623): 	at alt.a(SourceFile:122)
03-10 22:40:30.110 E/AuthZen ( 2623): 	at alw.a(SourceFile:133)
03-10 22:40:30.110 E/AuthZen ( 2623): 	at alw.a(SourceFile:78)
03-10 22:40:30.110 E/AuthZen ( 2623): 	at ali.a(SourceFile:90)
03-10 22:40:30.110 E/AuthZen ( 2623): 	at com.google.android.gms.auth.authzen.DefaultAuthzenGcmReceiverDelegateService.onHandleIntent(SourceFile:33)
03-10 22:40:30.110 E/AuthZen ( 2623): 	at android.app.IntentService$ServiceHandler.handleMessage(IntentService.java:65)
03-10 22:40:30.110 E/AuthZen ( 2623): 	at android.os.Handler.dispatchMessage(Handler.java:99)
03-10 22:40:30.110 E/AuthZen ( 2623): 	at android.os.Looper.loop(Looper.java:137)
03-10 22:40:30.110 E/AuthZen ( 2623): 	at android.os.HandlerThread.run(HandlerThread.java:60)
03-10 22:40:30.120 D/AlarmManager( 1340): overriden alarm callingpackages[0] com.google.android.syncadapters.contacts
03-10 22:40:30.720 W/GAV2    ( 2510): Thread[GAThread,5,main]: Service unavailable (code=1), will retry.
03-10 22:40:30.720 W/ActivityManager( 1340): Unable to start service Intent { act=com.google.android.gms.analytics.service.START cmp=com.google.android.gms/.analytics.service.AnalyticsService (has extras) }: not found
03-10 22:40:32.280 W/dalvikvm( 2609): threadid=5: spin on suspend #1 threadid=1 (pcf=0)
03-10 22:40:33.030 W/dalvikvm( 2609): threadid=5: spin on suspend #2 threadid=1 (pcf=0)
03-10 22:40:33.030 I/dalvikvm( 2609): "Compiler" daemon prio=5 tid=5 VMWAIT
03-10 22:40:33.030 I/dalvikvm( 2609):   | group="system" sCount=0 dsCount=0 obj=0x41f772d0 self=0x66c0f810
03-10 22:40:33.030 I/dalvikvm( 2609):   | sysTid=2616 nice=0 sched=0/0 cgrp=[fopen-error:2] handle=1689139184
03-10 22:40:33.030 I/dalvikvm( 2609):   | schedstat=( 0 0 0 ) utm=0 stm=0 core=2
03-10 22:40:33.040 I/dalvikvm( 2609):   #00  pc 00001260  /system/lib/libcorkscrew.so (unwind_backtrace_thread+27)
03-10 22:40:33.040 I/dalvikvm( 2609):   #01  pc 00060738  /system/lib/libdvm.so (dvmDumpNativeStack(DebugOutputTarget const*, int)+35)
03-10 22:40:33.040 I/dalvikvm( 2609):   #02  pc 000545e0  /system/lib/libdvm.so (dvmDumpThreadEx(DebugOutputTarget const*, Thread*, bool)+303)
03-10 22:40:33.040 I/dalvikvm( 2609):   #03  pc 0005467a  /system/lib/libdvm.so (dvmDumpThread(Thread*, bool)+25)
03-10 22:40:33.040 I/dalvikvm( 2609):   #04  pc 00054f20  /system/lib/libdvm.so
03-10 22:40:33.040 I/dalvikvm( 2609):   #05  pc 000550d6  /system/lib/libdvm.so (dvmSuspendAllThreads(SuspendCause)+165)
03-10 22:40:33.040 I/dalvikvm( 2609):   #06  pc 0007047c  /system/lib/libdvm.so
03-10 22:40:33.040 I/dalvikvm( 2609):   #07  pc 00054938  /system/lib/libdvm.so
03-10 22:40:33.040 I/dalvikvm( 2609):   #08  pc 00012c88  /system/lib/libc.so (__thread_entry+48)
03-10 22:40:33.040 I/dalvikvm( 2609):   #09  pc 000123c8  /system/lib/libc.so (pthread_create+172)
03-10 22:40:33.040 I/dalvikvm( 2609):   at dalvik.system.NativeStart.run(Native Method)
03-10 22:40:33.040 I/dalvikvm( 2609): 
03-10 22:40:33.040 I/dalvikvm( 2609): "main" prio=5 tid=1 RUNNABLE
03-10 22:40:33.040 I/dalvikvm( 2609):   | group="main" sCount=1 dsCount=0 obj=0x4195c568 self=0x4194ca20
03-10 22:40:33.040 I/dalvikvm( 2609):   | sysTid=2609 nice=0 sched=0/0 cgrp=[fopen-error:2] handle=1073931824
03-10 22:40:33.040 I/dalvikvm( 2609):   | schedstat=( 0 0 0 ) utm=14 stm=3 core=0
03-10 22:40:33.040 I/dalvikvm( 2609):   at java.lang.Class.newInstanceImpl(Native Method)
03-10 22:40:33.040 I/dalvikvm( 2609):   at java.lang.Class.newInstance(Class.java:1319)
03-10 22:40:33.040 I/dalvikvm( 2609):   at android.app.Instrumentation.newApplication(Instrumentation.java:982)
03-10 22:40:33.040 I/dalvikvm( 2609):   at android.app.Instrumentation.newApplication(Instrumentation.java:967)
03-10 22:40:33.040 I/dalvikvm( 2609):   at android.app.LoadedApk.makeApplication(LoadedApk.java:496)
03-10 22:40:33.040 I/dalvikvm( 2609):   at android.app.ActivityThread.handleBindApplication(ActivityThread.java:4124)
03-10 22:40:33.040 I/dalvikvm( 2609):   at android.app.ActivityThread.access$1300(ActivityThread.java:130)
03-10 22:40:33.040 I/dalvikvm( 2609):   at android.app.ActivityThread$H.handleMessage(ActivityThread.java:1255)
03-10 22:40:33.040 I/dalvikvm( 2609):   at android.os.Handler.dispatchMessage(Handler.java:99)
03-10 22:40:33.040 I/dalvikvm( 2609):   at android.os.Looper.loop(Looper.java:137)
03-10 22:40:33.040 I/dalvikvm( 2609):   at android.app.ActivityThread.main(ActivityThread.java:4746)
03-10 22:40:33.040 I/dalvikvm( 2609):   at java.lang.reflect.Method.invokeNative(Native Method)
03-10 22:40:33.040 I/dalvikvm( 2609):   at java.lang.reflect.Method.invoke(Method.java:511)
03-10 22:40:33.040 I/dalvikvm( 2609):   at com.android.internal.os.ZygoteInit$MethodAndArgsCaller.run(ZygoteInit.java:917)
03-10 22:40:33.040 I/dalvikvm( 2609):   at com.android.internal.os.ZygoteInit.main(ZygoteInit.java:684)
03-10 22:40:33.040 I/dalvikvm( 2609):   at dalvik.system.NativeStart.main(Native Method)
03-10 22:40:33.040 I/dalvikvm( 2609): 
03-10 22:40:33.220 D/dalvikvm( 2560): GC_CONCURRENT freed 257K, 8% free 6758K/7303K, paused 12ms+2ms, total 31ms
03-10 22:40:33.570 W/Service ( 1807): mClassName= com.google.android.gmstoInt= 400313326
03-10 22:40:33.790 W/dalvikvm( 2609): threadid=5: spin on suspend #3 threadid=1 (pcf=0)
03-10 22:40:33.790 I/dalvikvm( 2609): "Compiler" daemon prio=5 tid=5 VMWAIT
03-10 22:40:33.790 I/dalvikvm( 2609):   | group="system" sCount=0 dsCount=0 obj=0x41f772d0 self=0x66c0f810
03-10 22:40:33.790 I/dalvikvm( 2609):   | sysTid=2616 nice=0 sched=0/0 cgrp=[fopen-error:2] handle=1689139184
03-10 22:40:33.790 I/dalvikvm( 2609):   | schedstat=( 0 0 0 ) utm=0 stm=1 core=2
03-10 22:40:33.790 I/dalvikvm( 2609):   #00  pc 00001260  /system/lib/libcorkscrew.so (unwind_backtrace_thread+27)
03-10 22:40:33.790 I/dalvikvm( 2609):   #01  pc 00060738  /system/lib/libdvm.so (dvmDumpNativeStack(DebugOutputTarget const*, int)+35)
03-10 22:40:33.790 I/dalvikvm( 2609):   #02  pc 000545e0  /system/lib/libdvm.so (dvmDumpThreadEx(DebugOutputTarget const*, Thread*, bool)+303)
03-10 22:40:33.790 I/dalvikvm( 2609):   #03  pc 0005467a  /system/lib/libdvm.so (dvmDumpThread(Thread*, bool)+25)
03-10 22:40:33.790 I/dalvikvm( 2609):   #04  pc 00054f20  /system/lib/libdvm.so
03-10 22:40:33.790 I/dalvikvm( 2609):   #05  pc 000550d6  /system/lib/libdvm.so (dvmSuspendAllThreads(SuspendCause)+165)
03-10 22:40:33.790 I/dalvikvm( 2609):   #06  pc 0007047c  /system/lib/libdvm.so
03-10 22:40:33.790 I/dalvikvm( 2609):   #07  pc 00054938  /system/lib/libdvm.so
03-10 22:40:33.790 I/dalvikvm( 2609):   #08  pc 00012c88  /system/lib/libc.so (__thread_entry+48)
03-10 22:40:33.790 I/dalvikvm( 2609):   #09  pc 000123c8  /system/lib/libc.so (pthread_create+172)
03-10 22:40:33.790 I/dalvikvm( 2609):   at dalvik.system.NativeStart.run(Native Method)
03-10 22:40:33.790 I/dalvikvm( 2609): 
03-10 22:40:33.790 I/dalvikvm( 2609): "main" prio=5 tid=1 RUNNABLE
03-10 22:40:33.790 I/dalvikvm( 2609):   | group="main" sCount=1 dsCount=0 obj=0x4195c568 self=0x4194ca20
03-10 22:40:33.790 I/dalvikvm( 2609):   | sysTid=2609 nice=0 sched=0/0 cgrp=[fopen-error:2] handle=1073931824
03-10 22:40:33.790 I/dalvikvm( 2609):   | schedstat=( 0 0 0 ) utm=14 stm=3 core=0
03-10 22:40:33.790 I/dalvikvm( 2609):   at java.lang.Class.newInstanceImpl(Native Method)
03-10 22:40:33.790 I/dalvikvm( 2609):   at java.lang.Class.newInstance(Class.java:1319)
03-10 22:40:33.790 I/dalvikvm( 2609):   at android.app.Instrumentation.newApplication(Instrumentation.java:982)
03-10 22:40:33.790 I/dalvikvm( 2609):   at android.app.Instrumentation.newApplication(Instrumentation.java:967)
03-10 22:40:33.790 I/dalvikvm( 2609):   at android.app.LoadedApk.makeApplication(LoadedApk.java:496)
03-10 22:40:33.790 I/dalvikvm( 2609):   at android.app.ActivityThread.handleBindApplication(ActivityThread.java:4124)
03-10 22:40:33.790 I/dalvikvm( 2609):   at android.app.ActivityThread.access$1300(ActivityThread.java:130)
03-10 22:40:33.790 I/dalvikvm( 2609):   at android.app.ActivityThread$H.handleMessage(ActivityThread.java:1255)
03-10 22:40:33.790 I/dalvikvm( 2609):   at android.os.Handler.dispatchMessage(Handler.java:99)
03-10 22:40:33.790 I/dalvikvm( 2609):   at android.os.Looper.loop(Looper.java:137)
03-10 22:40:33.790 I/dalvikvm( 2609):   at android.app.ActivityThread.main(ActivityThread.java:4746)
03-10 22:40:33.790 I/dalvikvm( 2609):   at java.lang.reflect.Method.invokeNative(Native Method)
03-10 22:40:33.790 I/dalvikvm( 2609):   at java.lang.reflect.Method.invoke(Method.java:511)
03-10 22:40:33.790 I/dalvikvm( 2609):   at com.android.internal.os.ZygoteInit$MethodAndArgsCaller.run(ZygoteInit.java:917)
03-10 22:40:33.790 I/dalvikvm( 2609):   at com.android.internal.os.ZygoteInit.main(ZygoteInit.java:684)
03-10 22:40:33.790 I/dalvikvm( 2609):   at dalvik.system.NativeStart.main(Native Method)
03-10 22:40:33.790 I/dalvikvm( 2609): 
03-10 22:40:34.540 W/dalvikvm( 2609): threadid=5: spin on suspend #4 threadid=1 (pcf=0)
03-10 22:40:34.540 I/dalvikvm( 2609): "Compiler" daemon prio=5 tid=5 VMWAIT
03-10 22:40:34.540 I/dalvikvm( 2609):   | group="system" sCount=0 dsCount=0 obj=0x41f772d0 self=0x66c0f810
03-10 22:40:34.540 I/dalvikvm( 2609):   | sysTid=2616 nice=0 sched=0/0 cgrp=[fopen-error:2] handle=1689139184
03-10 22:40:34.540 I/dalvikvm( 2609):   | schedstat=( 0 0 0 ) utm=0 stm=1 core=2
03-10 22:40:34.550 I/dalvikvm( 2609):   #00  pc 00001260  /system/lib/libcorkscrew.so (unwind_backtrace_thread+27)
03-10 22:40:34.550 I/dalvikvm( 2609):   #01  pc 00060738  /system/lib/libdvm.so (dvmDumpNativeStack(DebugOutputTarget const*, int)+35)
03-10 22:40:34.550 I/dalvikvm( 2609):   #02  pc 000545e0  /system/lib/libdvm.so (dvmDumpThreadEx(DebugOutputTarget const*, Thread*, bool)+303)
03-10 22:40:34.550 I/dalvikvm( 2609):   #03  pc 0005467a  /system/lib/libdvm.so (dvmDumpThread(Thread*, bool)+25)
03-10 22:40:34.550 I/dalvikvm( 2609):   #04  pc 00054f20  /system/lib/libdvm.so
03-10 22:40:34.550 I/dalvikvm( 2609):   #05  pc 000550d6  /system/lib/libdvm.so (dvmSuspendAllThreads(SuspendCause)+165)
03-10 22:40:34.550 I/dalvikvm( 2609):   #06  pc 0007047c  /system/lib/libdvm.so
03-10 22:40:34.550 I/dalvikvm( 2609):   #07  pc 00054938  /system/lib/libdvm.so
03-10 22:40:34.550 I/dalvikvm( 2609):   #08  pc 00012c88  /system/lib/libc.so (__thread_entry+48)
03-10 22:40:34.550 I/dalvikvm( 2609):   #09  pc 000123c8  /system/lib/libc.so (pthread_create+172)
03-10 22:40:34.550 I/dalvikvm( 2609):   at dalvik.system.NativeStart.run(Native Method)
03-10 22:40:34.550 I/dalvikvm( 2609): 
03-10 22:40:34.550 I/dalvikvm( 2609): "main" prio=5 tid=1 RUNNABLE
03-10 22:40:34.550 I/dalvikvm( 2609):   | group="main" sCount=1 dsCount=0 obj=0x4195c568 self=0x4194ca20
03-10 22:40:34.550 I/dalvikvm( 2609):   | sysTid=2609 nice=0 sched=0/0 cgrp=[fopen-error:2] handle=1073931824
03-10 22:40:34.550 I/dalvikvm( 2609):   | schedstat=( 0 0 0 ) utm=14 stm=3 core=0
03-10 22:40:34.550 I/dalvikvm( 2609):   at java.lang.Class.newInstanceImpl(Native Method)
03-10 22:40:34.550 I/dalvikvm( 2609):   at java.lang.Class.newInstance(Class.java:1319)
03-10 22:40:34.550 I/dalvikvm( 2609):   at android.app.Instrumentation.newApplication(Instrumentation.java:982)
03-10 22:40:34.550 I/dalvikvm( 2609):   at android.app.Instrumentation.newApplication(Instrumentation.java:967)
03-10 22:40:34.550 I/dalvikvm( 2609):   at android.app.LoadedApk.makeApplication(LoadedApk.java:496)
03-10 22:40:34.550 I/dalvikvm( 2609):   at android.app.ActivityThread.handleBindApplication(ActivityThread.java:4124)
03-10 22:40:34.550 I/dalvikvm( 2609):   at android.app.ActivityThread.access$1300(ActivityThread.java:130)
03-10 22:40:34.550 I/dalvikvm( 2609):   at android.app.ActivityThread$H.handleMessage(ActivityThread.java:1255)
03-10 22:40:34.550 I/dalvikvm( 2609):   at android.os.Handler.dispatchMessage(Handler.java:99)
03-10 22:40:34.550 I/dalvikvm( 2609):   at android.os.Looper.loop(Looper.java:137)
03-10 22:40:34.550 I/dalvikvm( 2609):   at android.app.ActivityThread.main(ActivityThread.java:4746)
03-10 22:40:34.550 I/dalvikvm( 2609):   at java.lang.reflect.Method.invokeNative(Native Method)
03-10 22:40:34.550 I/dalvikvm( 2609):   at java.lang.reflect.Method.invoke(Method.java:511)
03-10 22:40:34.550 I/dalvikvm( 2609):   at com.android.internal.os.ZygoteInit$MethodAndArgsCaller.run(ZygoteInit.java:917)
03-10 22:40:34.550 I/dalvikvm( 2609):   at com.android.internal.os.ZygoteInit.main(ZygoteInit.java:684)
03-10 22:40:34.550 I/dalvikvm( 2609):   at dalvik.system.NativeStart.main(Native Method)
03-10 22:40:34.550 I/dalvikvm( 2609): 
03-10 22:40:35.300 W/dalvikvm( 2609): threadid=5: spin on suspend #5 threadid=1 (pcf=0)
03-10 22:40:35.300 I/dalvikvm( 2609): "Compiler" daemon prio=5 tid=5 VMWAIT
03-10 22:40:35.300 I/dalvikvm( 2609):   | group="system" sCount=0 dsCount=0 obj=0x41f772d0 self=0x66c0f810
03-10 22:40:35.300 I/dalvikvm( 2609):   | sysTid=2616 nice=0 sched=0/0 cgrp=[fopen-error:2] handle=1689139184
03-10 22:40:35.300 I/dalvikvm( 2609):   | schedstat=( 0 0 0 ) utm=0 stm=1 core=3
03-10 22:40:35.300 I/dalvikvm( 2609):   #00  pc 00001260  /system/lib/libcorkscrew.so (unwind_backtrace_thread+27)
03-10 22:40:35.300 I/dalvikvm( 2609):   #01  pc 0006073