06-07 07:55:55.250 I/ActivityManager( 1271): Start proc jp.naver.line.android for broadcast jp.naver.line.android/.service.push.SystemBroadcastReceiver: pid=2919 uid=10070 gids={1006, 3003, 1015, 1028, 3002}
06-07 07:55:55.250 I/ActivityManager( 1271): No longer want com.google.android.gm (pid 2074): hidden #16
06-07 07:55:57.960 I/ActivityManager( 1271): Start proc com.path:xmpp for service com.path/.messageservice.RemoteXmppService: pid=2982 uid=10059 gids={3003, 1015, 1006, 1028}
06-07 07:55:58.360 I/ActivityManager( 1271): No longer want com.android.calendar (pid 2500): hidden #16
06-07 07:55:59.540 I/ActivityManager( 1271): No longer want com.android.providers.calendar (pid 2530): hidden #16
06-07 07:57:15.700 D/AlarmManager( 1271): overriden alarm callingpackages[0] com.google.android.gsf
06-07 07:57:15.740 D/AlarmManager( 1271): overriden alarm callingpackages[0] com.google.android.gsf
06-07 07:57:17.110 D/AlarmManager( 1271): overriden alarm callingpackages[0] com.google.android.gsf
06-07 07:57:17.170 D/AlarmManager( 1271): overriden alarm callingpackages[0] com.google.android.gsf
06-07 07:57:30.640 D/AlarmManager( 1271): overriden alarm callingpackages[0] com.google.android.gsf
06-07 07:57:30.640 D/AlarmManager( 1271): overriden alarm callingpackages[0] com.google.android.gsf
06-07 08:02:00.710 D/AlarmManager( 1271): overriden alarm callingpackages[0] com.google.android.gsf
06-07 08:02:00.710 D/AlarmManager( 1271): overriden alarm callingpackages[0] com.google.android.gsf
06-07 08:02:02.100 D/AlarmManager( 1271): overriden alarm callingpackages[0] com.google.android.gsf
06-07 08:02:02.170 D/AlarmManager( 1271): overriden alarm callingpackages[0] com.google.android.gsf
06-07 08:03:38.270 W/ThrottleService( 1271): unable to find stats for iface rmnet0
06-07 08:06:28.360 I/ActivityManager( 1271): Start proc com.facebook.katana for service com.facebook.katana/com.facebook.common.tempfile.TempFileCleanupService: pid=3041 uid=10058 gids={1006, 1015, 3003, 1028}
06-07 08:06:32.940 I/ActivityManager( 1271): No longer want android.process.media (pid 1559): hidden #16
06-07 08:06:45.730 D/AlarmManager( 1271): overriden alarm callingpackages[0] com.google.android.gsf
06-07 08:06:45.730 D/AlarmManager( 1271): overriden alarm callingpackages[0] com.google.android.gsf
06-07 08:06:47.120 D/AlarmManager( 1271): overriden alarm callingpackages[0] com.google.android.gsf
06-07 08:06:47.180 D/AlarmManager( 1271): overriden alarm callingpackages[0] com.google.android.gsf
06-07 08:08:14.450 D/AlarmManager( 1271): overriden alarm callingpackages[0] com.google.android.gsf
06-07 08:08:14.750 D/AlarmManager( 1271): overriden alarm callingpackages[0] com.google.android.gsf
06-07 08:08:17.740 D/ConnectivityService( 1271): handleInetConditionHoldEnd: net=1, condition=0, published condition=100
06-07 08:08:21.680 D/AlarmManager( 1271): overriden alarm callingpackages[0] com.google.android.gsf
06-07 08:08:22.190 D/ConnectivityService( 1271): handleInetConditionHoldEnd: net=1, condition=100, published condition=0
06-07 08:11:30.750 D/AlarmManager( 1271): overriden alarm callingpackages[0] com.google.android.gsf
06-07 08:11:30.750 D/AlarmManager( 1271): overriden alarm callingpackages[0] com.google.android.gsf
06-07 08:11:32.140 D/AlarmManager( 1271): overriden alarm callingpackages[0] com.google.android.gsf
06-07 08:11:32.210 D/AlarmManager( 1271): overriden alarm callingpackages[0] com.google.android.gsf
06-07 08:13:38.280 W/ThrottleService( 1271): unable to find stats for iface rmnet0
06-07 08:16:15.770 D/AlarmManager( 1271): overriden alarm callingpackages[0] com.google.android.gsf
06-07 08:16:15.770 D/AlarmManager( 1271): overriden alarm callingpackages[0] com.google.android.gsf
06-07 08:16:17.190 D/AlarmManager( 1271): overriden alarm callingpackages[0] com.google.android.gsf
06-07 08:16:17.260 D/AlarmManager( 1271): overriden alarm callingpackages[0] com.google.android.gsf
06-07 08:21:00.780 D/AlarmManager( 1271): overriden alarm callingpackages[0] com.google.android.gsf
06-07 08:21:00.790 D/AlarmManager( 1271): overriden alarm callingpackages[0] com.google.android.gsf
06-07 08:21:02.180 D/AlarmManager( 1271): overriden alarm callingpackages[0] com.google.android.gsf
06-07 08:21:02.350 D/AlarmManager( 1271): overriden alarm callingpackages[0] com.google.android.gsf
06-07 08:22:14.410 I/UsageStats( 1271): Deleting usage file : usage-20140518
06-07 08:22:14.420 D/AlarmManager( 1271): overriden alarm callingpackages[0] com.facebook.katana
06-07 08:22:14.420 D/AlarmManager( 1271): overriden alarm callingUid= 10058 type= 2
06-07 08:22:14.420 D/AlarmManager( 1271): overriden alarm force  AlarmManager.ELAPSED_REALTIME
06-07 08:22:14.510 D/AlarmManager( 1271): overriden alarm callingpackages[0] com.google.android.gsf
06-07 08:22:14.590 D/AlarmManager( 1271): overriden alarm callingpackages[0] com.google.android.gsf
06-07 08:22:44.440 I/ActivityManager( 1271): No longer want com.android.defcontainer (pid 2658): hidden #16
06-07 08:22:44.440 I/ActivityManager( 1271): No longer want com.adamrocker.android.input.simeji:heart (pid 1863): hidden #17
06-07 08:22:44.480 W/ActivityManager( 1271): Scheduling restart of crashed service com.adamrocker.android.input.simeji/jp.baidu.simeji.heartservice.ExternalHeartService in 5000ms
06-07 08:22:44.480 D/ConnectivityService( 1271): ConnectivityChange for WIFI: DISCONNECTED/DISCONNECTED
06-07 08:22:44.510 D/ConnectivityService( 1271): Attempting to switch to mobile
06-07 08:22:44.510 D/ConnectivityService( 1271): Attempting to switch to ethernet
06-07 08:22:44.540 D/ConnectivityService( 1271): resetConnections(wlan0, 3)
06-07 08:22:44.610 I/ActivityManager( 1271): Start proc com.android.settings for broadcast com.android.settings/.widget.SettingsAppWidgetProvider: pid=3167 uid=1000 gids={1015, 3002, 3001, 3003, 1028, 3007}
06-07 08:22:44.920 D/ConnectivityService( 1271): ConnectivityChange for WIFI: DISCONNECTED/DISCONNECTED
06-07 08:22:44.920 D/ConnectivityService( 1271): Attempting to switch to mobile
06-07 08:22:44.920 D/ConnectivityService( 1271): Attempting to switch to ethernet
06-07 08:22:44.920 D/ConnectivityService( 1271): resetConnections(wlan0, 3)
06-07 08:22:44.960 D/AlarmManager( 1271): overriden alarm callingpackages[0] com.google.android.gsf
06-07 08:22:45.020 I/ActivityManager( 1271): No longer want com.android.keychain (pid 2705): hidden #16
06-07 08:22:45.040 D/NetlinkEvent( 1049): Unexpected netlink message. type=0x11
06-07 08:22:45.120 D/ConnectivityService( 1271): handleInetConditionChange: no active default network - ignore
06-07 08:22:45.700 D/AlarmManager( 1271): overriden alarm callingpackages[0] com.google.android.gsf
06-07 08:22:45.710 D/AlarmManager( 1271): overriden alarm callingpackages[0] com.google.android.gsf
06-07 08:22:48.030 I/ActivityManager( 1271): Start proc android.process.media for broadcast com.android.providers.downloads/.DownloadReceiver: pid=3202 uid=10012 gids={1015, 1023, 1024, 1028, 2001, 3003, 3007}
06-07 08:23:00.398 I/ActivityManager( 1271): Start proc com.adamrocker.android.input.simeji:heart for service com.adamrocker.android.input.simeji/jp.baidu.simeji.heartservice.ExternalHeartService: pid=3227 uid=10055 gids={3003, 1015, 1028}
06-07 08:23:00.478 D/DownloadManager( 3202): deleting spurious file /data/data/com.android.providers.downloads/cache/downloadfile.bin
06-07 08:23:00.608 I/ActivityManager( 1271): Start proc com.amazon.kindle for broadcast com.amazon.kindle/com.amazon.kcp.periodicals.NewsstandSyncBroadcastEventTracker: pid=3244 uid=10051 gids={3003, 1015, 1028}
06-07 08:23:00.688 I/ActivityManager( 1271): No longer want com.google.android.gms.drive (pid 2748): hidden #16
06-07 08:23:00.758 D/AlarmManager( 1271): overriden alarm callingpackages[0] com.adamrocker.android.input.simeji
06-07 08:23:00.758 D/AlarmManager( 1271): overriden alarm callingUid= 10055 type= 2
06-07 08:23:00.758 D/AlarmManager( 1271): overriden alarm force  AlarmManager.ELAPSED_REALTIME
06-07 08:23:01.768 I/ActivityManager( 1271): Start proc com.twitter.android for broadcast com.twitter.android/.client.AppBroadcastReceiver: pid=3271 uid=10057 gids={3003, 1015, 1028}
06-07 08:23:01.768 I/ActivityManager( 1271): No longer want com.android.gallery3d (pid 2690): hidden #16
06-07 08:23:02.748 I/ActivityManager( 1271): Start proc com.android.chrome for broadcast com.android.chrome/com.google.android.apps.chrome.precache.PrecacheServiceLauncher: pid=3303 uid=10053 gids={1006, 3003, 1015, 1028}
06-07 08:23:03.048 I/ActivityManager( 1271): No longer want com.svox.pico (pid 2766): hidden #16
06-07 08:23:07.388 D/AlarmManager( 1271): overriden alarm callingpackages[0] com.google.android.gsf
06-07 08:25:46.388 W/ThrottleService( 1271): unable to find stats for iface rmnet0
06-07 08:25:46.388 D/AlarmManager( 1271): overriden alarm callingpackages[0] com.google.android.gsf
06-07 08:25:46.398 D/AlarmManager( 1271): overriden alarm callingpackages[0] com.google.android.gsf
06-07 08:25:47.388 I/ActivityManager( 1271): No longer want com.noshufou.android.su (pid 2733): hidden #16
06-07 08:25:47.388 I/ActivityManager( 1271): No longer want com.dropbox.android (pid 2201): hidden #17
06-07 08:25:47.398 W/ActivityManager( 1271): Scheduling restart of crashed service com.dropbox.android/.service.CameraUploadService in 5000ms
06-07 08:25:48.508 D/AlarmManager( 1271): overriden alarm callingpackages[0] com.google.android.gsf
06-07 08:25:48.508 D/AlarmManager( 1271): overriden alarm callingpackages[0] com.google.android.gsf
06-07 08:25:49.278 D/NetlinkEvent( 1049): Unexpected netlink message. type=0x11
06-07 08:25:50.268 D/AlarmManager( 1271): overriden alarm callingpackages[0] com.google.android.gsf
06-07 08:25:50.268 D/AlarmManager( 1271): overriden alarm callingpackages[0] com.google.android.gsf
06-07 08:25:52.418 I/ActivityManager( 1271): Start proc com.dropbox.android for service com.dropbox.android/.service.CameraUploadService: pid=3407 uid=10064 gids={3003, 1028, 1015}
06-07 08:30:32.488 D/AlarmManager( 1271): overriden alarm callingpackages[0] com.google.android.gsf
06-07 08:30:32.498 D/AlarmManager( 1271): overriden alarm callingpackages[0] com.google.android.gsf
06-07 08:30:34.688 D/AlarmManager( 1271): overriden alarm callingpackages[0] com.google.android.gsf
06-07 08:30:34.688 D/AlarmManager( 1271): overriden alarm callingpackages[0] com.google.android.gsf
06-07 08:30:35.298 D/NetlinkEvent( 1049): Unexpected netlink message. type=0x11
06-07 08:30:36.408 D/AlarmManager( 1271): overriden alarm callingpackages[0] com.google.android.gsf
06-07 08:30:36.418 D/AlarmManager( 1271): overriden alarm callingpackages[0] com.google.android.gsf
06-07 08:35:18.378 D/AlarmManager( 1271): overriden alarm callingpackages[0] com.google.android.gsf
06-07 08:35:18.378 D/AlarmManager( 1271): overriden alarm callingpackages[0] com.google.android.gsf
06-07 08:35:20.278 D/AlarmManager( 1271): overriden alarm callingpackages[0] com.google.android.gsf
06-07 08:35:20.278 D/AlarmManager( 1271): overriden alarm callingpackages[0] com.google.android.gsf
06-07 08:35:21.038 D/NetlinkEvent( 1049): Unexpected netlink message. type=0x11
06-07 08:35:21.628 D/AlarmManager( 1271): overriden alarm callingpackages[0] com.google.android.gsf
06-07 08:35:21.628 D/AlarmManager( 1271): overriden alarm callingpackages[0] com.google.android.gsf
06-07 08:40:04.368 W/ThrottleService( 1271): unable to find stats for iface rmnet0
06-07 08:40:04.378 D/AlarmManager( 1271): overriden alarm callingpackages[0] com.google.android.gsf
06-07 08:40:04.378 D/AlarmManager( 1271): overriden alarm callingpackages[0] com.google.android.gsf
06-07 08:40:06.358 D/AlarmManager( 1271): overriden alarm callingpackages[0] com.google.android.gsf
06-07 08:40:06.358 D/AlarmManager( 1271): overriden alarm callingpackages[0] com.google.android.gsf
06-07 08:40:06.798 D/NetlinkEvent( 1049): Unexpected netlink message. type=0x11
06-07 08:40:07.358 D/AlarmManager( 1271): overriden alarm callingpackages[0] com.google.android.gsf
06-07 08:40:07.398 D/AlarmManager( 1271): overriden alarm callingpackages[0] com.google.android.gsf
06-07 08:44:50.398 D/AlarmManager( 1271): overriden alarm callingpackages[0] com.google.android.gsf
06-07 08:44:50.398 D/AlarmManager( 1271): overriden alarm callingpackages[0] com.google.android.gsf
06-07 08:44:52.328 D/AlarmManager( 1271): overriden alarm callingpackages[0] com.google.android.gsf
06-07 08:44:52.328 D/AlarmManager( 1271): overriden alarm callingpackages[0] com.google.android.gsf
06-07 08:44:52.788 D/NetlinkEvent( 1049): Unexpected netlink message. type=0x11
06-07 08:44:53.388 D/AlarmManager( 1271): overriden alarm callingpackages[0] com.google.android.gsf
06-07 08:44:53.388 D/AlarmManager( 1271): overriden alarm callingpackages[0] com.google.android.gsf
06-07 08:49:36.378 D/AlarmManager( 1271): overriden alarm callingpackages[0] com.google.android.gsf
06-07 08:49:36.378 D/AlarmManager( 1271): overriden alarm callingpackages[0] com.google.android.gsf
06-07 08:49:38.258 D/AlarmManager( 1271): overriden alarm callingpackages[0] com.google.android.gsf
06-07 08:49:38.258 D/AlarmManager( 1271): overriden alarm callingpackages[0] com.google.android.gsf
06-07 08:49:38.688 D/NetlinkEvent( 1049): Unexpected netlink message. type=0x11
06-07 08:49:39.288 D/AlarmManager( 1271): overriden alarm callingpackages[0] com.google.android.gsf
06-07 08:49:39.288 D/AlarmManager( 1271): overriden alarm callingpackages[0] com.google.android.gsf
06-07 08:53:08.478 W/ThrottleService( 1271): unable to find stats for iface rmnet0
06-07 08:53:08.488 D/AlarmManager( 1271): overriden alarm callingpackages[0] com.google.android.gsf
06-07 08:54:22.438 D/AlarmManager( 1271): overriden alarm callingpackages[0] com.google.android.gsf
06-07 08:54:22.458 D/AlarmManager( 1271): overriden alarm callingpackages[0] com.google.android.gsf
06-07 08:54:24.328 D/AlarmManager( 1271): overriden alarm callingpackages[0] com.google.android.gsf
06-07 08:54:24.328 D/AlarmManager( 1271): overriden alarm callingpackages[0] com.google.android.gsf
06-07 08:54:24.868 D/NetlinkEvent( 1049): Unexpected netlink message. type=0x11
06-07 08:54:25.458 D/AlarmManager( 1271): overriden alarm callingpackages[0] com.google.android.gsf
06-07 08:54:25.458 D/AlarmManager( 1271): overriden alarm callingpackages[0] com.google.android.gsf
06-07 08:55:22.368 V/BackupManagerService( 1271): Running a backup pass
06-07 08:55:22.368 V/BackupManagerService( 1271): clearing pending backups
06-07 08:55:22.408 V/PerformBackupTask( 1271): Beginning backup of 1 targets
06-07 08:55:22.468 D/PerformBackupTask( 1271): invokeAgentForBackup on @pm@
06-07 08:55:22.478 I/PerformBackupTask( 1271): no backup data written; not calling transport
06-07 08:55:22.478 D/PerformBackupTask( 1271): starting agent for backup of BackupRequest{pkg=android}
06-07 08:55:22.478 D/BackupManagerService( 1271): awaiting agent for ApplicationInfo{41b67320 android}
06-07 08:55:22.478 D/BackupManagerService( 1271): agentConnected pkg=android agent=android.app.backup.BackupAgent$BackupServiceBinder@4214e750
06-07 08:55:22.488 I/BackupManagerService( 1271): got agent android.app.backup.BackupAgent$BackupServiceBinder@4214e750
06-07 08:55:22.488 D/PerformBackupTask( 1271): invokeAgentForBackup on android
06-07 08:55:22.498 I/PerformBackupTask( 1271): Backup pass finished.
06-07 08:59:08.368 D/AlarmManager( 1271): overriden alarm callingpackages[0] com.google.android.gsf
06-07 08:59:08.388 D/AlarmManager( 1271): overriden alarm callingpackages[0] com.google.android.gsf
06-07 08:59:10.338 D/AlarmManager( 1271): overriden alarm callingpackages[0] com.google.android.gsf
06-07 08:59:10.338 D/AlarmManager( 1271): overriden alarm callingpackages[0] com.google.android.gsf
06-07 08:59:10.768 D/NetlinkEvent( 1049): Unexpected netlink message. type=0x11
06-07 08:59:11.328 D/AlarmManager( 1271): overriden alarm callingpackages[0] com.google.android.gsf
06-07 08:59:11.328 D/AlarmManager( 1271): overriden alarm callingpackages[0] com.google.android.gsf
06-07 09:03:54.492 D/AlarmManager( 1271): overriden alarm callingpackages[0] com.google.android.gsf
06-07 09:03:54.502 D/AlarmManager( 1271): overriden alarm callingpackages[0] com.google.android.gsf
06-07 09:03:54.632 W/ThrottleService( 1271): unable to find stats for iface rmnet0
06-07 09:03:56.432 D/AlarmManager( 1271): overriden alarm callingpackages[0] com.google.android.gsf
06-07 09:03:56.432 D/AlarmManager( 1271): overriden alarm callingpackages[0] com.google.android.gsf
06-07 09:03:56.752 D/NetlinkEvent( 1049): Unexpected netlink message. type=0x11
06-07 09:03:57.282 D/AlarmManager( 1271): overriden alarm callingpackages[0] com.google.android.gsf
06-07 09:03:57.282 D/AlarmManager( 1271): overriden alarm callingpackages[0] com.google.android.gsf
06-07 09:08:40.388 D/AlarmManager( 1271): overriden alarm callingpackages[0] com.google.android.gsf
06-07 09:08:40.388 D/AlarmManager( 1271): overriden alarm callingpackages[0] com.google.android.gsf
06-07 09:08:42.328 D/AlarmManager( 1271): overriden alarm callingpackages[0] com.google.android.gsf
06-07 09:08:42.338 D/AlarmManager( 1271): overriden alarm callingpackages[0] com.google.android.gsf
06-07 09:08:42.768 D/NetlinkEvent( 1049): Unexpected netlink message. type=0x11
06-07 09:08:43.328 D/AlarmManager( 1271): overriden alarm callingpackages[0] com.google.android.gsf
06-07 09:08:43.328 D/AlarmManager( 1271): overriden alarm callingpackages[0] com.google.android.gsf
06-07 09:13:26.388 D/AlarmManager( 1271): overriden alarm callingpackages[0] com.google.android.gsf
06-07 09:13:26.398 D/AlarmManager( 1271): overriden alarm callingpackages[0] com.google.android.gsf
06-07 09:13:28.368 D/AlarmManager( 1271): overriden alarm callingpackages[0] com.google.android.gsf
06-07 09:13:28.368 D/AlarmManager( 1271): overriden alarm callingpackages[0] com.google.android.gsf
06-07 09:13:28.678 D/NetlinkEvent( 1049): Unexpected netlink message. type=0x11
06-07 09:13:29.198 D/AlarmManager( 1271): overriden alarm callingpackages[0] com.google.android.gsf
06-07 09:13:29.198 D/AlarmManager( 1271): overriden alarm callingpackages[0] com.google.android.gsf
06-07 09:18:12.408 W/ThrottleService( 1271): unable to find stats for iface rmnet0
06-07 09:18:12.408 D/AlarmManager( 1271): overriden alarm callingpackages[0] com.google.android.gsf
06-07 09:18:12.418 D/AlarmManager( 1271): overriden alarm callingpackages[0] com.google.android.gsf
06-07 09:18:14.318 D/AlarmManager( 1271): overriden alarm callingpackages[0] com.google.android.gsf
06-07 09:18:14.318 D/AlarmManager( 1271): overriden alarm callingpackages[0] com.google.android.gsf
06-07 09:18:14.758 D/NetlinkEvent( 1049): Unexpected netlink message. type=0x11
06-07 09:18:15.358 D/AlarmManager( 1271): overriden alarm callingpackages[0] com.google.android.gsf
06-07 09:18:15.358 D/AlarmManager( 1271): overriden alarm callingpackages[0] com.google.android.gsf
06-07 09:22:58.368 D/AlarmManager( 1271): overriden alarm callingpackages[0] com.google.android.gsf
06-07 09:22:58.378 D/AlarmManager( 1271): overriden alarm callingpackages[0] com.google.android.gsf
06-07 09:23:00.308 D/AlarmManager( 1271): overriden alarm callingpackages[0] com.google.android.gsf
06-07 09:23:00.328 D/AlarmManager( 1271): overriden alarm callingpackages[0] com.google.android.gsf
06-07 09:23:00.868 D/NetlinkEvent( 1049): Unexpected netlink message. type=0x11
06-07 09:23:01.478 D/AlarmManager( 1271): overriden alarm callingpackages[0] com.google.android.gsf
06-07 09:23:01.478 D/AlarmManager( 1271): overriden alarm callingpackages[0] com.google.android.gsf
06-07 09:23:09.448 D/AlarmManager( 1271): overriden alarm callingpackages[0] com.google.android.gsf
06-07 09:27:44.378 D/AlarmManager( 1271): overriden alarm callingpackages[0] com.google.android.gsf
06-07 09:27:44.378 D/AlarmManager( 1271): overriden alarm callingpackages[0] com.google.android.gsf
06-07 09:27:46.258 D/AlarmManager( 1271): overriden alarm callingpackages[0] com.google.android.gsf
06-07 09:27:46.258 D/AlarmManager( 1271): overriden alarm callingpackages[0] com.google.android.gsf
06-07 09:27:46.688 D/NetlinkEvent( 1049): Unexpected netlink message. type=0x11
06-07 09:27:47.308 D/AlarmManager( 1271): overriden alarm callingpackages[0] com.google.android.gsf
06-07 09:27:47.308 D/AlarmManager( 1271): overriden alarm callingpackages[0] com.google.android.gsf
06-07 09:32:30.402 D/AlarmManager( 1271): overriden alarm callingpackages[0] com.google.android.gsf
06-07 09:32:30.412 D/AlarmManager( 1271): overriden alarm callingpackages[0] com.google.android.gsf
06-07 09:32:30.542 W/ThrottleService( 1271): unable to find stats for iface rmnet0
06-07 09:32:32.322 D/AlarmManager( 1271): overriden alarm callingpackages[0] com.google.android.gsf
06-07 09:32:32.322 D/AlarmManager( 1271): overriden alarm callingpackages[0] com.google.android.gsf
06-07 09:32:32.762 D/NetlinkEvent( 1049): Unexpected netlink message. type=0x11
06-07 09:32:33.352 D/AlarmManager( 1271): overriden alarm callingpackages[0] com.google.android.gsf
06-07 09:32:33.352 D/AlarmManager( 1271): overriden alarm callingpackages[0] com.google.android.gsf
06-07 09:37:16.378 D/AlarmManager( 1271): overriden alarm callingpackages[0] com.google.android.gsf
06-07 09:37:16.378 D/AlarmManager( 1271): overriden alarm callingpackages[0] com.google.android.gsf
06-07 09:37:18.398 D/AlarmManager( 1271): overriden alarm callingpackages[0] com.google.android.gsf
06-07 09:37:18.398 D/AlarmManager( 1271): overriden alarm callingpackages[0] com.google.android.gsf
06-07 09:37:18.938 D/NetlinkEvent( 1049): Unexpected netlink message. type=0x11
06-07 09:37:19.528 D/AlarmManager( 1271): overriden alarm callingpackages[0] com.google.android.gsf
06-07 09:37:19.528 D/AlarmManager( 1271): overriden alarm callingpackages[0] com.google.android.gsf
06-07 09:42:02.438 D/AlarmManager( 1271): overriden alarm callingpackages[0] com.google.android.gsf
06-07 09:42:02.448 D/AlarmManager( 1271): overriden alarm callingpackages[0] com.google.android.gsf
06-07 09:42:04.438 D/AlarmManager( 1271): overriden alarm callingpackages[0] com.google.android.gsf
06-07 09:42:04.438 D/AlarmManager( 1271): overriden alarm callingpackages[0] com.google.android.gsf
06-07 09:42:04.878 D/NetlinkEvent( 1049): Unexpected netlink message. type=0x11
06-07 09:42:05.508 D/AlarmManager( 1271): overriden alarm callingpackages[0] com.google.android.gsf
06-07 09:42:05.508 D/AlarmManager( 1271): overriden alarm callingpackages[0] com.google.android.gsf
06-07 09:45:10.378 W/ThrottleService( 1271): unable to find stats for iface rmnet0
06-07 09:45:10.378 D/AlarmManager( 1271): overriden alarm callingpackages[0] com.google.android.gsf
06-07 09:46:48.388 D/AlarmManager( 1271): overriden alarm callingpackages[0] com.google.android.gsf
06-07 09:46:48.388 D/AlarmManager( 1271): overriden alarm callingpackages[0] com.google.android.gsf
06-07 09:46:50.368 D/AlarmManager( 1271): overriden alarm callingpackages[0] com.google.android.gsf
06-07 09:46:50.368 D/AlarmManager( 1271): overriden alarm callingpackages[0] com.google.android.gsf
06-07 09:46:50.808 D/NetlinkEvent( 1049): Unexpected netlink message. type=0x11
06-07 09:46:51.428 D/AlarmManager( 1271): overriden alarm callingpackages[0] com.google.android.gsf
06-07 09:46:51.428 D/AlarmManager( 1271): overriden alarm callingpackages[0] com.google.android.gsf
06-07 09:51:34.388 D/AlarmManager( 1271): overriden alarm callingpackages[0] com.google.android.gsf
06-07 09:51:34.388 D/AlarmManager( 1271): overriden alarm callingpackages[0] com.google.android.gsf
06-07 09:51:36.308 D/AlarmManager( 1271): overriden alarm callingpackages[0] com.google.android.gsf
06-07 09:51:36.308 D/AlarmManager( 1271): overriden alarm callingpackages[0] com.google.android.gsf
06-07 09:51:36.638 D/NetlinkEvent( 1049): Unexpected netlink message. type=0x11
06-07 09:51:37.178 D/AlarmManager( 1271): overriden alarm callingpackages[0] com.google.android.gsf
06-07 09:51:37.178 D/AlarmManager( 1271): overriden alarm callingpackages[0] com.google.android.gsf
06-07 09:53:10.598 D/AlarmManager( 1271): overriden alarm callingpackages[0] com.google.android.gsf
06-07 09:56:20.428 D/AlarmManager( 1271): overriden alarm callingpackages[0] com.google.android.gsf
06-07 09:56:20.428 D/AlarmManager( 1271): overriden alarm callingpackages[0] com.google.android.gsf
06-07 09:56:20.568 W/ThrottleService( 1271): unable to find stats for iface rmnet0
06-07 09:56:22.448 D/AlarmManager( 1271): overriden alarm callingpackages[0] com.google.android.gsf
06-07 09:56:22.448 D/AlarmManager( 1271): overriden alarm callingpackages[0] com.google.android.gsf
06-07 09:56:22.898 D/NetlinkEvent( 1049): Unexpected netlink message. type=0x11
06-07 09:56:23.458 D/AlarmManager( 1271): overriden alarm callingpackages[0] com.google.android.gsf
06-07 09:56:23.458 D/AlarmManager( 1271): overriden alarm callingpackages[0] com.google.android.gsf
06-07 09:59:40.358 V/BackupManagerService( 1271): Running a backup pass
06-07 09:59:40.368 V/BackupManagerService( 1271): Backup requested but nothing pending
06-07 10:01:06.398 I/ActivityManager( 1271): Start proc com.evernote for service com.evernote/.client.ReminderService: pid=4471 uid=10069 gids={3003, 1015, 1006, 1028}
06-07 10:01:06.408 D/AlarmManager( 1271): overriden alarm callingpackages[0] com.google.android.gsf
06-07 10:01:06.418 D/AlarmManager( 1271): overriden alarm callingpackages[0] com.google.android.gsf
06-07 10:01:08.278 I/ActivityManager( 1271): No longer want jp.cggames.anipla (pid 2780): hidden #16
06-07 10:01:08.748 D/AlarmManager( 1271): overriden alarm callingpackages[0] com.google.android.gsf
06-07 10:01:08.748 D/AlarmManager( 1271): overriden alarm callingpackages[0] com.google.android.gsf
06-07 10:01:09.198 D/NetlinkEvent( 1049): Unexpected netlink message. type=0x11
06-07 10:01:09.788 D/AlarmManager( 1271): overriden alarm callingpackages[0] com.google.android.gsf
06-07 10:01:09.788 D/AlarmManager( 1271): overriden alarm callingpackages[0] com.google.android.gsf
06-07 10:01:15.928 I/ActivityManager( 1271): No longer want com.path:daemon (pid 2272): hidden #16
06-07 10:01:15.938 W/ActivityManager( 1271): Scheduling restart of crashed service com.path/.services.DaemonService in 5000ms
06-07 10:05:52.388 D/AlarmManager( 1271): overriden alarm callingpackages[0] com.google.android.gsf
06-07 10:05:52.388 D/AlarmManager( 1271): overriden alarm callingpackages[0] com.google.android.gsf
06-07 10:05:54.198 D/AlarmManager( 1271): overriden alarm callingpackages[0] com.google.android.gsf
06-07 10:05:54.198 D/AlarmManager( 1271): overriden alarm callingpackages[0] com.google.android.gsf
06-07 10:05:54.338 I/ActivityManager( 1271): Start proc com.path:daemon for service com.path/.services.DaemonService: pid=4582 uid=10059 gids={3003, 1015, 1006, 1028}
06-07 10:05:54.638 D/NetlinkEvent( 1049): Unexpected netlink message. type=0x11
06-07 10:05:55.228 D/AlarmManager( 1271): overriden alarm callingpackages[0] com.google.android.gsf
06-07 10:05:55.228 D/AlarmManager( 1271): overriden alarm callingpackages[0] com.google.android.gsf
06-07 10:10:38.398 D/AlarmManager( 1271): overriden alarm callingpackages[0] com.google.android.gsf
06-07 10:10:38.398 D/AlarmManager( 1271): overriden alarm callingpackages[0] com.google.android.gsf
06-07 10:10:38.508 W/ThrottleService( 1271): unable to find stats for iface rmnet0
06-07 10:10:40.288 D/AlarmManager( 1271): overriden alarm callingpackages[0] com.google.android.gsf
06-07 10:10:40.288 D/AlarmManager( 1271): overriden alarm callingpackages[0] com.google.android.gsf
06-07 10:10:40.808 D/NetlinkEvent( 1049): Unexpected netlink message. type=0x11
06-07 10:10:41.398 D/AlarmManager( 1271): overriden alarm callingpackages[0] com.google.android.gsf
06-07 10:10:41.398 D/AlarmManager( 1271): overriden alarm callingpackages[0] com.google.android.gsf
06-07 10:15:24.368 D/AlarmManager( 1271): overriden alarm callingpackages[0] com.google.android.gsf
06-07 10:15:24.378 D/AlarmManager( 1271): overriden alarm callingpackages[0] com.google.android.gsf
06-07 10:15:26.268 D/AlarmManager( 1271): overriden alarm callingpackages[0] com.google.android.gsf
06-07 10:15:26.268 D/AlarmManager( 1271): overriden alarm callingpackages[0] com.google.android.gsf
06-07 10:15:26.588 D/NetlinkEvent( 1049): Unexpected netlink message. type=0x11
06-07 10:15:27.108 D/AlarmManager( 1271): overriden alarm callingpackages[0] com.google.android.gsf
06-07 10:15:27.108 D/AlarmManager( 1271): overriden alarm callingpackages[0] com.google.android.gsf
06-07 10:20:10.398 D/AlarmManager( 1271): overriden alarm callingpackages[0] com.google.android.gsf
06-07 10:20:10.398 D/AlarmManager( 1271): overriden alarm callingpackages[0] com.google.android.gsf
06-07 10:20:12.368 D/AlarmManager( 1271): overriden alarm callingpackages[0] com.google.android.gsf
06-07 10:20:12.368 D/AlarmManager( 1271): overriden alarm callingpackages[0] com.google.android.gsf
06-07 10:20:12.818 D/NetlinkEvent( 1049): Unexpected netlink message. type=0x11
06-07 10:20:13.448 D/AlarmManager( 1271): overriden alarm callingpackages[0] com.google.android.gsf
06-07 10:20:13.448 D/AlarmManager( 1271): overriden alarm callingpackages[0] com.google.android.gsf
06-07 10:23:11.418 W/ThrottleService( 1271): unable to find stats for iface rmnet0
06-07 10:23:11.508 D/AlarmManager( 1271): overriden alarm callingpackages[0] com.google.android.gsf
06-07 10:24:56.398 D/AlarmManager( 1271): overriden alarm callingpackages[0] com.google.android.gsf
06-07 10:24:56.398 D/AlarmManager( 1271): overriden alarm callingpackages[0] com.google.android.gsf
06-07 10:24:58.318 D/AlarmManager( 1271): overriden alarm callingpackages[0] com.google.android.gsf
06-07 10:24:58.318 D/AlarmManager( 1271): overriden alarm callingpackages[0] com.google.android.gsf
06-07 10:24:58.758 D/NetlinkEvent( 1049): Unexpected netlink message. type=0x11
06-07 10:24:59.318 D/AlarmManager( 1271): overriden alarm callingpackages[0] com.google.android.gsf
06-07 10:24:59.318 D/AlarmManager( 1271): overriden alarm callingpackages[0] com.google.android.gsf
06-07 10:29:42.388 D/AlarmManager( 1271): overriden alarm callingpackages[0] com.google.android.gsf
06-07 10:29:42.398 D/AlarmManager( 1271): overriden alarm callingpackages[0] com.google.android.gsf
06-07 10:29:44.208 D/AlarmManager( 1271): overriden alarm callingpackages[0] com.google.android.gsf
06-07 10:29:44.208 D/AlarmManager( 1271): overriden alarm callingpackages[0] com.google.android.gsf
06-07 10:29:44.658 D/NetlinkEvent( 1049): Unexpected netlink message. type=0x11
06-07 10:29:45.258 D/AlarmManager( 1271): overriden alarm callingpackages[0] com.google.android.gsf
06-07 10:29:45.258 D/AlarmManager( 1271): overriden alarm callingpackages[0] com.google.android.gsf
06-07 10:34:28.388 D/AlarmManager( 1271): overriden alarm callingpackages[0] com.google.android.gsf
06-07 10:34:28.388 D/AlarmManager( 1271): overriden alarm callingpackages[0] com.google.android.gsf
06-07 10:34:28.538 W/ThrottleService( 1271): unable to find stats for iface rmnet0
06-07 10:34:30.418 D/AlarmManager( 1271): overriden alarm callingpackages[0] com.google.android.gsf
06-07 10:34:30.418 D/AlarmManager( 1271): overriden alarm callingpackages[0] com.google.android.gsf
06-07 10:34:30.748 D/NetlinkEvent( 1049): Unexpected netlink message. type=0x11
06-07 10:34:31.278 D/AlarmManager( 1271): overriden alarm callingpackages[0] com.google.android.gsf
06-07 10:34:31.278 D/AlarmManager( 1271): overriden alarm callingpackages[0] com.google.android.gsf
06-07 10:39:14.398 D/AlarmManager( 1271): overriden alarm callingpackages[0] com.google.android.gsf
06-07 10:39:14.398 D/AlarmManager( 1271): overriden alarm callingpackages[0] com.google.android.gsf
06-07 10:39:16.348 D/AlarmManager( 1271): overriden alarm callingpackages[0] com.google.android.gsf
06-07 10:39:16.348 D/AlarmManager( 1271): overriden alarm callingpackages[0] com.google.android.gsf
06-07 10:39:16.798 D/NetlinkEvent( 1049): Unexpected netlink message. type=0x11
06-07 10:39:17.358 D/AlarmManager( 1271): overriden alarm callingpackages[0] com.google.android.gsf
06-07 10:39:17.358 D/AlarmManager( 1271): overriden alarm callingpackages[0] com.google.android.gsf
06-07 10:44:00.378 D/AlarmManager( 1271): overriden alarm callingpackages[0] com.google.android.gsf
06-07 10:44:00.378 D/AlarmManager( 1271): overriden alarm callingpackages[0] com.google.android.gsf
06-07 10:44:02.288 D/AlarmManager( 1271): overriden alarm callingpackages[0] com.google.android.gsf
06-07 10:44:02.288 D/AlarmManager( 1271): overriden alarm callingpackages[0] com.google.android.gsf
06-07 10:44:02.738 D/NetlinkEvent( 1049): Unexpected netlink message. type=0x11
06-07 10:44:03.298 D/AlarmManager( 1271): overriden alarm callingpackages[0] com.google.android.gsf
06-07 10:44:03.298 D/AlarmManager( 1271): overriden alarm callingpackages[0] com.google.android.gsf
06-07 10:48:46.368 W/ThrottleService( 1271): unable to find stats for iface rmnet0
06-07 10:48:46.378 D/AlarmManager( 1271): overriden alarm callingpackages[0] com.google.android.gsf
06-07 10:48:46.378 D/AlarmManager( 1271): overriden alarm callingpackages[0] com.google.android.gsf
06-07 10:48:48.228 D/AlarmManager( 1271): overriden alarm callingpackages[0] com.google.android.gsf
06-07 10:48:48.228 D/AlarmManager( 1271): overriden alarm callingpackages[0] com.google.android.gsf
06-07 10:48:48.458 D/NetlinkEvent( 1049): Unexpected netlink message. type=0x11
06-07 10:48:48.968 D/AlarmManager( 1271): overriden alarm callingpackages[0] com.google.android.gsf
06-07 10:48:48.968 D/AlarmManager( 1271): overriden alarm callingpackages[0] com.google.android.gsf
06-07 10:53:12.448 D/AlarmManager( 1271): overriden alarm callingpackages[0] com.google.android.gsf
06-07 10:53:32.408 D/AlarmManager( 1271): overriden alarm callingpackages[0] com.google.android.gsf
06-07 10:53:32.408 D/AlarmManager( 1271): overriden alarm callingpackages[0] com.google.android.gsf
06-07 10:53:34.228 D/AlarmManager( 1271): overriden alarm callingpackages[0] com.google.android.gsf
06-07 10:53:34.228 D/AlarmManager( 1271): overriden alarm callingpackages[0] com.google.android.gsf
06-07 10:53:34.668 D/NetlinkEvent( 1049): Unexpected netlink message. type=0x11
06-07 10:53:35.278 D/AlarmManager( 1271): overriden alarm callingpackages[0] com.google.android.gsf
06-07 10:53:35.278 D/AlarmManager( 1271): overriden alarm callingpackages[0] com.google.android.gsf
06-07 10:58:18.368 D/AlarmManager( 1271): overriden alarm callingpackages[0] com.google.android.gsf
06-07 10:58:18.378 D/AlarmManager( 1271): overriden alarm callingpackages[0] com.google.android.gsf
06-07 10:58:20.258 D/AlarmManager( 1271): overriden alarm callingpackages[0] com.google.android.gsf
06-07 10:58:20.258 D/AlarmManager( 1271): overriden alarm callingpackages[0] com.google.android.gsf
06-07 10:58:20.708 D/NetlinkEvent( 1049): Unexpected netlink message. type=0x11
06-07 10:58:21.318 D/AlarmManager( 1271): overriden alarm callingpackages[0] com.google.android.gsf
06-07 10:58:21.318 D/AlarmManager( 1271): overriden alarm callingpackages[0] com.google.android.gsf
06-07 11:03:04.368 W/ThrottleService( 1271): unable to find stats for iface rmnet0
06-07 11:03:04.378 D/AlarmManager( 1271): overriden alarm callingpackages[0] com.google.android.gsf
06-07 11:03:04.378 D/AlarmManager( 1271): overriden alarm callingpackages[0] com.google.android.gsf
06-07 11:03:06.208 D/AlarmManager( 1271): overriden alarm callingpackages[0] com.google.android.gsf
06-07 11:03:06.208 D/AlarmManager( 1271): overriden alarm callingpackages[0] com.google.android.gsf
06-07 11:03:06.998 D/NetlinkEvent( 1049): Unexpected netlink message. type=0x11
06-07 11:03:07.758 D/AlarmManager( 1271): overriden alarm callingpackages[0] com.google.android.gsf
06-07 11:03:07.758 D/AlarmManager( 1271): overriden alarm callingpackages[0] com.google.android.gsf
06-07 11:03:59.358 V/BackupManagerService( 1271): Running a backup pass
06-07 11:03:59.358 V/BackupManagerService( 1271): Backup requested but nothing pending
06-07 11:07:50.408 D/AlarmManager( 1271): overriden alarm callingpackages[0] com.google.android.gsf
06-07 11:07:50.408 D/AlarmManager( 1271): overriden alarm callingpackages[0] com.google.android.gsf
06-07 11:07:52.328 D/AlarmManager( 1271): overriden alarm callingpackages[0] com.google.android.gsf
06-07 11:07:52.328 D/AlarmManager( 1271): overriden alarm callingpackages[0] com.google.android.gsf
06-07 11:07:52.788 D/NetlinkEvent( 1049): Unexpected netlink message. type=0x11
06-07 11:07:53.388 D/AlarmManager( 1271): overriden alarm callingpackages[0] com.google.android.gsf
06-07 11:07:53.398 D/AlarmManager( 1271): overriden alarm callingpackages[0] com.google.android.gsf
06-07 11:12:36.368 D/AlarmManager( 1271): overriden alarm callingpackages[0] com.google.android.gsf
06-07 11:12:36.368 D/AlarmManager( 1271): overriden alarm callingpackages[0] com.google.android.gsf
06-07 11:12:38.218 D/AlarmManager( 1271): overriden alarm callingpackages[0] com.google.android.gsf
06-07 11:12:38.228 D/AlarmManager( 1271): overriden alarm callingpackages[0] com.google.android.gsf
06-07 11:12:38.508 D/NetlinkEvent( 1049): Unexpected netlink message. type=0x11
06-07 11:12:39.038 D/AlarmManager( 1271): overriden alarm callingpackages[0] com.google.android.gsf
06-07 11:12:39.038 D/AlarmManager( 1271): overriden alarm callingpackages[0] com.google.android.gsf
06-07 11:17:22.418 D/AlarmManager( 1271): overriden alarm callingpackages[0] com.google.android.gsf
06-07 11:17:22.428 D/AlarmManager( 1271): overriden alarm callingpackages[0] com.google.android.gsf
06-07 11:17:22.548 W/ThrottleService( 1271): unable to find stats for iface rmnet0
06-07 11:17:24.388 D/AlarmManager( 1271): overriden alarm callingpackages[0] com.google.android.gsf
06-07 11:17:24.398 D/AlarmManager( 1271): overriden alarm callingpackages[0] com.google.android.gsf
06-07 11:17:24.598 D/NetlinkEvent( 1049): Unexpected netlink message. type=0x11
06-07 11:17:25.188 D/AlarmManager( 1271): overriden alarm callingpackages[0] com.google.android.gsf
06-07 11:17:25.188 D/AlarmManager( 1271): overriden alarm callingpackages[0] com.google.android.gsf
06-07 11:22:08.358 D/AlarmManager( 1271): overriden alarm callingpackages[0] com.google.android.gsf
06-07 11:22:08.378 D/AlarmManager( 1271): overriden alarm callingpackages[0] com.google.android.gsf
06-07 11:22:10.208 D/AlarmManager( 1271): overriden alarm callingpackages[0] com.google.android.gsf
06-07 11:22:10.218 D/AlarmManager( 1271): overriden alarm callingpackages[0] com.google.android.gsf
06-07 11:22:10.498 D/NetlinkEvent( 1049): Unexpected netlink message. type=0x11
06-07 11:22:11.058 D/AlarmManager( 1271): overriden alarm callingpackages[0] com.google.android.gsf
06-07 11:22:11.058 D/AlarmManager( 1271): overriden alarm callingpackages[0] com.google.android.gsf
06-07 11:23:13.488 D/AlarmManager( 1271): overriden alarm callingpackages[0] com.google.android.gsf
06-07 11:26:54.398 D/AlarmManager( 1271): overriden alarm callingpackages[0] com.google.android.gsf
06-07 11:26:54.398 D/AlarmManager( 1271): overriden alarm callingpackages[0] com.google.android.gsf
06-07 11:26:56.368 D/AlarmManager( 1271): overriden alarm callingpackages[0] com.google.android.gsf
06-07 11:26:56.368 D/AlarmManager( 1271): overriden alarm callingpackages[0] com.google.android.gsf
06-07 11:26:56.688 D/NetlinkEvent( 1049): Unexpected netlink message. type=0x11
06-07 11:26:57.248 D/AlarmManager( 1271): overriden alarm callingpackages[0] com.google.android.gsf
06-07 11:26:57.248 D/AlarmManager( 1271): overriden alarm callingpackages[0] com.google.android.gsf
06-07 11:31:40.378 D/AlarmManager( 1271): overriden alarm callingpackages[0] com.google.android.gsf
06-07 11:31:40.378 W/ThrottleService( 1271): unable to find stats for iface rmnet0
06-07 11:31:40.378 D/AlarmManager( 1271): overriden alarm callingpackages[0] com.google.android.gsf
06-07 11:31:42.158 D/AlarmManager( 1271): overriden alarm callingpackages[0] com.google.android.gsf
06-07 11:31:42.158 D/AlarmManager( 1271): overriden alarm callingpackages[0] com.google.android.gsf
06-07 11:31:42.478 D/NetlinkEvent( 1049): Unexpected netlink message. type=0x11
06-07 11:31:43.008 D/AlarmManager( 1271): overriden alarm callingpackages[0] com.google.android.gsf
06-07 11:31:43.008 D/AlarmManager( 1271): overriden alarm callingpackages[0] com.google.android.gsf
06-07 11:36:26.368 D/AlarmManager( 1271): overriden alarm callingpackages[0] com.google.android.gsf
06-07 11:36:26.378 D/AlarmManager( 1271): overriden alarm callingpackages[0] com.google.android.gsf
06-07 11:36:28.398 D/AlarmManager( 1271): overriden alarm callingpackages[0] com.google.android.gsf
06-07 11:36:28.408 D/AlarmManager( 1271): overriden alarm callingpackages[0] com.google.android.gsf
06-07 11:36:28.758 D/NetlinkEvent( 1049): Unexpected netlink message. type=0x11
06-07 11:36:29.318 D/AlarmManager( 1271): overriden alarm callingpackages[0] com.google.android.gsf
06-07 11:36:29.318 D/AlarmManager( 1271): overriden alarm callingpackages[0] com.google.android.gsf
06-07 11:41:12.388 D/AlarmManager( 1271): overriden alarm callingpackages[0] com.google.android.gsf
06-07 11:41:12.388 D/AlarmManager( 1271): overriden alarm callingpackages[0] com.google.android.gsf
06-07 11:41:14.188 D/AlarmManager( 1271): overriden alarm callingpackages[0] com.google.android.gsf
06-07 11:41:14.188 D/AlarmManager( 1271): overriden alarm callingpackages[0] com.google.android.gsf
06-07 11:41:14.518 D/NetlinkEvent( 1049): Unexpected netlink message. type=0x11
06-07 11:41:15.038 D/AlarmManager( 1271): overriden alarm callingpackages[0] com.google.android.gsf
06-07 11:41:15.038 D/AlarmManager( 1271): overriden alarm callingpackages[0] com.google.android.gsf
06-07 11:45:58.398 D/AlarmManager( 1271): overriden alarm callingpackages[0] com.google.android.gsf
06-07 11:45:58.418 W/ThrottleService( 1271): unable to find stats for iface rmnet0
06-07 11:45:58.428 D/AlarmManager( 1271): overriden alarm callingpackages[0] com.google.android.gsf
06-07 11:46:00.418 D/AlarmManager( 1271): overriden alarm callingpackages[0] com.google.android.gsf
06-07 11:46:00.428 D/AlarmManager( 1271): overriden alarm callingpackages[0] com.google.android.gsf
06-07 11:46:00.778 D/NetlinkEvent( 1049): Unexpected netlink message. type=0x11
06-07 11:46:01.318 D/AlarmManager( 1271): overriden alarm callingpackages[0] com.google.android.gsf
06-07 11:46:01.318 D/AlarmManager( 1271): overriden alarm callingpackages[0] com.google.android.gsf
06-07 11:50:44.378 D/AlarmManager( 1271): overriden alarm callingpackages[0] com.google.android.gsf
06-07 11:50:44.378 D/AlarmManager( 1271): overriden alarm callingpackages[0] com.google.android.gsf
06-07 11:50:46.288 D/AlarmManager( 1271): overriden alarm callingpackages[0] com.google.android.gsf
06-07 11:50:46.288 D/AlarmManager( 1271): overriden alarm callingpackages[0] com.google.android.gsf
06-07 11:50:46.658 D/NetlinkEvent( 1049): Unexpected netlink message. type=0x11
06-07 11:50:47.238 D/AlarmManager( 1271): overriden alarm callingpackages[0] com.google.android.gsf
06-07 11:50:47.248 D/AlarmManager( 1271): overriden alarm callingpackages[0] com.google.android.gsf
06-07 11:53:14.448 D/AlarmManager( 1271): overriden alarm callingpackages[0] com.google.android.gsf
06-07 11:55:30.378 D/AlarmManager( 1271): overriden alarm callingpackages[0] com.google.android.gsf
06-07 11:55:30.378 D/AlarmManager( 1271): overriden alarm callingpackages[0] com.google.android.gsf
--------- beginning of /dev/log/main
06-07 11:55:31.208 D/WifiHW  ( 1271): check_wifi_ifname_from_proc: find wlan0
06-07 11:55:31.208 D/SoftapController( 1049): Softap fwReload - Ok
06-07 11:55:31.208 D/CommandListener( 1049): Setting iface cfg
06-07 11:55:31.208 D/CommandListener( 1049): Trying to bring down wlan0
06-07 11:55:31.218 D/WifiHW  ( 1271): check_wifi_ifname_from_proc: find wlan0
06-07 11:55:31.218 D/WifiHW  ( 1271): check_wifi_ifname_from_proc: find wlan0
06-07 11:55:31.218 D/WifiHW  ( 1271): check_wifi_ifname_from_proc: find wlan0
06-07 11:55:31.628 I/wpa_supplicant( 5780): rfkill: Cannot open RFKILL control device
06-07 11:55:32.228 I/wpa_supplicant( 5780): [CTRL_IFACE]wlan0: DRIVER MACADDR
06-07 11:55:32.228 D/AlarmManager( 1271): overriden alarm callingpackages[0] com.google.android.gsf
06-07 11:55:32.238 I/wpa_supplicant( 5780): [CTRL_IFACE]wlan0: LIST_NETWORKS
06-07 11:55:32.238 I/wpa_supplicant( 5780): [CTRL_IFACE]wlan0: GET_NETWORK 0 ssid
06-07 11:55:32.238 I/wpa_supplicant( 5780): [CTRL_IFACE]wlan0: GET_NETWORK 0 bssid
06-07 11:55:32.238 I/wpa_supplicant( 5780): [CTRL_IFACE]wlan0: GET_NETWORK 0 priority
06-07 11:55:32.238 D/AlarmManager( 1271): overriden alarm callingpackages[0] com.google.android.gsf
06-07 11:55:32.248 I/wpa_supplicant( 5780): [CTRL_IFACE]wlan0: GET_NETWORK 0 scan_ssid
06-07 11:55:32.248 I/wpa_supplicant( 5780): [CTRL_IFACE]wlan0: GET_NETWORK 0 wep_tx_keyidx
06-07 11:55:32.248 I/wpa_supplicant( 5780): [CTRL_IFACE]wlan0: GET_NETWORK 0 wep_key0
06-07 11:55:32.248 I/wpa_supplicant( 5780): [CTRL_IFACE]wlan0: GET_NETWORK 0 wep_key1
06-07 11:55:32.248 I/wpa_supplicant( 5780): [CTRL_IFACE]wlan0: GET_NETWORK 0 wep_key2
06-07 11:55:32.248 I/wpa_supplicant( 5780): [CTRL_IFACE]wlan0: GET_NETWORK 0 wep_key3
06-07 11:55:32.248 I/wpa_supplicant( 5780): [CTRL_IFACE]wlan0: GET_NETWORK 0 psk
06-07 11:55:32.248 I/wpa_supplicant( 5780): [CTRL_IFACE]wlan0: GET_NETWORK 0 proto
06-07 11:55:32.248 I/wpa_supplicant( 5780): [CTRL_IFACE]wlan0: GET_NETWORK 0 key_mgmt
06-07 11:55:32.248 I/wpa_supplicant( 5780): [CTRL_IFACE]wlan0: GET_NETWORK 0 auth_alg
06-07 11:55:32.258 I/wpa_supplicant( 5780): [CTRL_IFACE]wlan0: GET_NETWORK 0 pairwise
06-07 11:55:32.258 I/wpa_supplicant( 5780): [CTRL_IFACE]wlan0: GET_NETWORK 0 group
06-07 11:55:32.258 I/wpa_supplicant( 5780): [CTRL_IFACE]wlan0: GET_NETWORK 0 eap
06-07 11:55:32.258 I/wpa_supplicant( 5780): [CTRL_IFACE]wlan0: GET_NETWORK 0 phase2
06-07 11:55:32.258 I/wpa_supplicant( 5780): [CTRL_IFACE]wlan0: GET_NETWORK 0 identity
06-07 11:55:32.258 I/wpa_supplicant( 5780): [CTRL_IFACE]wlan0: GET_NETWORK 0 anonymous_identity
06-07 11:55:32.258 I/wpa_supplicant( 5780): [CTRL_IFACE]wlan0: GET_NETWORK 0 password
06-07 11:55:32.258 I/wpa_supplicant( 5780): [CTRL_IFACE]wlan0: GET_NETWORK 0 client_cert
06-07 11:55:32.258 I/wpa_supplicant( 5780): [CTRL_IFACE]wlan0: GET_NETWORK 0 engine
06-07 11:55:32.258 I/wpa_supplicant( 5780): [CTRL_IFACE]wlan0: GET_NETWORK 0 engine_id
06-07 11:55:32.258 I/wpa_supplicant( 5780): [CTRL_IFACE]wlan0: GET_NETWORK 0 key_id
06-07 11:55:32.258 I/wpa_supplicant( 5780): [CTRL_IFACE]wlan0: GET_NETWORK 0 ca_cert
06-07 11:55:32.258 I/wpa_supplicant( 5780): [CTRL_IFACE]wlan0: GET_NETWORK 0 private_key
06-07 11:55:32.258 I/wpa_supplicant( 5780): [CTRL_IFACE]wlan0: GET_NETWORK 1 ssid
06-07 11:55:32.258 I/wpa_supplicant( 5780): [CTRL_IFACE]wlan0: GET_NETWORK 1 bssid
06-07 11:55:32.258 I/wpa_supplicant( 5780): [CTRL_IFACE]wlan0: GET_NETWORK 1 priority
06-07 11:55:32.258 I/wpa_supplicant( 5780): [CTRL_IFACE]wlan0: GET_NETWORK 1 scan_ssid
06-07 11:55:32.258 I/wpa_supplicant( 5780): [CTRL_IFACE]wlan0: GET_NETWORK 1 wep_tx_keyidx
06-07 11:55:32.258 I/wpa_supplicant( 5780): [CTRL_IFACE]wlan0: GET_NETWORK 1 wep_key0
06-07 11:55:32.258 I/wpa_supplicant( 5780): [CTRL_IFACE]wlan0: GET_NETWORK 1 wep_key1
06-07 11:55:32.258 I/wpa_supplicant( 5780): [CTRL_IFACE]wlan0: GET_NETWORK 1 wep_key2
06-07 11:55:32.258 I/wpa_supplicant( 5780): [CTRL_IFACE]wlan0: GET_NETWORK 1 wep_key3
06-07 11:55:32.258 I/wpa_supplicant( 5780): [CTRL_IFACE]wlan0: GET_NETWORK 1 psk
06-07 11:55:32.258 I/wpa_supplicant( 5780): [CTRL_IFACE]wlan0: GET_NETWORK 1 proto
06-07 11:55:32.258 I/wpa_supplicant( 5780): [CTRL_IFACE]wlan0: GET_NETWORK 1 key_mgmt
06-07 11:55:32.258 I/wpa_supplicant( 5780): [CTRL_IFACE]wlan0: GET_NETWORK 1 auth_alg
06-07 11:55:32.258 I/wpa_supplicant( 5780): [CTRL_IFACE]wlan0: GET_NETWORK 1 pairwise
06-07 11:55:32.258 I/wpa_supplicant( 5780): [CTRL_IFACE]wlan0: GET_NETWORK 1 group
06-07 11:55:32.258 I/wpa_supplicant( 5780): [CTRL_IFACE]wlan0: GET_NETWORK 1 eap
06-07 11:55:32.258 I/wpa_supplicant( 5780): [CTRL_IFACE]wlan0: GET_NETWORK 1 phase2
06-07 11:55:32.258 I/wpa_supplicant( 5780): [CTRL_IFACE]wlan0: GET_NETWORK 1 identity
06-07 11:55:32.258 I/wpa_supplicant( 5780): [CTRL_IFACE]wlan0: GET_NETWORK 1 anonymous_identity
06-07 11:55:32.258 I/wpa_supplicant( 5780): [CTRL_IFACE]wlan0: GET_NETWORK 1 password
06-07 11:55:32.258 I/wpa_supplicant( 5780): [CTRL_IFACE]wlan0: GET_NETWORK 1 client_cert
06-07 11:55:32.258 I/wpa_supplicant( 5780): [CTRL_IFACE]wlan0: GET_NETWORK 1 engine
06-07 11:55:32.258 I/wpa_supplicant( 5780): [CTRL_IFACE]wlan0: GET_NETWORK 1 engine_id
06-07 11:55:32.258 I/wpa_supplicant( 5780): [CTRL_IFACE]wlan0: GET_NETWORK 1 key_id
06-07 11:55:32.258 I/wpa_supplicant( 5780): [CTRL_IFACE]wlan0: GET_NETWORK 1 ca_cert
06-07 11:55:32.258 I/wpa_supplicant( 5780): [CTRL_IFACE]wlan0: GET_NETWORK 1 private_key
06-07 11:55:32.258 I/wpa_supplicant( 5780): [CTRL_IFACE]wlan0: GET_NETWORK 2 ssid
06-07 11:55:32.268 I/wpa_supplicant( 5780): [CTRL_IFACE]wlan0: GET_NETWORK 2 bssid
06-07 11:55:32.268 I/wpa_supplicant( 5780): [CTRL_IFACE]wlan0: GET_NETWORK 2 priority
06-07 11:55:32.268 I/wpa_supplicant( 5780): [CTRL_IFACE]wlan0: GET_NETWORK 2 scan_ssid
06-07 11:55:32.268 I/wpa_supplicant( 5780): [CTRL_IFACE]wlan0: GET_NETWORK 2 wep_tx_keyidx
06-07 11:55:32.268 I/wpa_supplicant( 5780): [CTRL_IFACE]wlan0: GET_NETWORK 2 wep_key0
06-07 11:55:32.268 I/wpa_supplicant( 5780): [CTRL_IFACE]wlan0: GET_NETWORK 2 wep_key1
06-07 11:55:32.268 I/wpa_supplicant( 5780): [CTRL_IFACE]wlan0: GET_NETWORK 2 wep_key2
06-07 11:55:32.268 I/wpa_supplicant( 5780): [CTRL_IFACE]wlan0: GET_NETWORK 2 wep_key3
06-07 11:55:32.268 I/wpa_supplicant( 5780): [CTRL_IFACE]wlan0: GET_NETWORK 2 psk
06-07 11:55:32.268 I/wpa_supplicant( 5780): [CTRL_IFACE]wlan0: GET_NETWORK 2 proto
06-07 11:55:32.268 I/wpa_supplicant( 5780): [CTRL_IFACE]wlan0: GET_NETWORK 2 key_mgmt
