05-31 21:02:11.388 W/ActivityManager( 1265): No content provider found for permission revoke: file:///data/local/tmp/questionnaire-debug.apk
05-31 21:02:11.388 W/PackageManager( 1265): processPendingInstall called
05-31 21:02:12.188 W/ActivityManager( 1265): Permission denied: checkComponentPermission() owningUid=10039
05-31 21:02:12.188 W/ActivityManager( 1265): Permission denied: checkComponentPermission() owningUid=10039
05-31 21:02:12.248 I/ActivityManager( 1265): Force stopping package org.dom uid=10068
05-31 21:02:12.508 D/BackupManagerService( 1265): Received broadcast Intent { act=android.intent.action.PACKAGE_ADDED dat=package:org.dom flg=0x8000010 (has extras) }
05-31 21:02:12.568 V/BackupManagerService( 1265): addPackageParticipantsLocked: #1
05-31 21:02:12.738 W/ActivityManager( 1265): Permission denied: checkComponentPermission() owningUid=10039
05-31 21:02:12.738 W/ActivityManager( 1265): Permission denied: checkComponentPermission() owningUid=10039
05-31 21:02:12.758 D/AlarmManager( 1265): overriden alarm callingpackages[0] com.android.vending
05-31 21:02:12.928 W/ActivityManager( 1265): Permission denied: checkComponentPermission() owningUid=10039
05-31 21:02:12.928 W/ActivityManager( 1265): Permission denied: checkComponentPermission() owningUid=10039
05-31 21:02:12.998 W/ActivityManager( 1265): Permission denied: checkComponentPermission() owningUid=10039
05-31 21:02:12.998 W/ActivityManager( 1265): Permission denied: checkComponentPermission() owningUid=10039
05-31 21:02:13.468 I/ActivityManager( 1265): START {act=android.intent.action.MAIN flg=0x10000000 cmp=org.dom/.MainActivity u=0} from pid 4801
05-31 21:02:13.768 I/ActivityManager( 1265): Start proc org.dom for activity org.dom/.MainActivity: pid=4811 uid=10068 gids={1028}
05-31 21:02:16.028 I/ActivityManager( 1265): START {cmp=org.dom/.SelectActivity u=0} from pid 4811
05-31 21:03:23.708 I/ActivityManager( 1265): START {act=android.intent.action.MAIN cat=[android.intent.category.HOME] flg=0x10200000 cmp=com.android.launcher/com.android.launcher2.Launcher u=0} from pid 1265
05-31 21:03:26.898 I/ActivityManager( 1265): Killing 3996:org.questionnaire/u0a71: remove task
05-31 21:03:26.938 I/WindowState( 1265): WIN DEATH: Window{416e63b0 org.questionnaire/org.questionnaire.MainActivity paused=true}
05-31 21:03:28.198 I/ActivityManager( 1265): Killing 4811:org.dom/u0a68: remove task
05-31 21:03:28.228 I/WindowState( 1265): WIN DEATH: Window{41166830 org.dom/org.dom.SelectActivity paused=true}
05-31 21:03:28.238 I/WindowState( 1265): WIN DEATH: Window{4115af90 org.dom/org.dom.MainActivity paused=true}
05-31 21:03:28.238 I/WindowManager( 1265): WINDOW DIED Window{4115af90 org.dom/org.dom.MainActivity paused=true}
05-31 21:03:29.148 W/InputMethodManagerService( 1265): Window already focused, ignoring focus gain of: com.android.internal.view.IInputMethodClient$Stub$Proxy@414f7cf8 attribute=null
05-31 21:03:33.178 I/ActivityManager( 1265): START {act=android.intent.action.MAIN cat=[android.intent.category.LAUNCHER] flg=0x10200000 cmp=org.dom/.MainActivity u=0} from pid 1481
05-31 21:03:33.298 I/ActivityManager( 1265): Start proc org.dom for activity org.dom/.MainActivity: pid=4848 uid=10068 gids={1028}
05-31 21:03:34.868 I/ActivityManager( 1265): START {cmp=org.dom/.SelectActivity u=0} from pid 4848
05-31 21:03:36.898 W/ActivityManager( 1265): Activity destroy timeout for ActivityRecord{416a3a18 org.questionnaire/.MainActivity}
05-31 21:03:38.178 W/ActivityManager( 1265): Activity destroy timeout for ActivityRecord{41125410 org.dom/.MainActivity}
05-31 21:03:38.198 W/ActivityManager( 1265): Activity destroy timeout for ActivityRecord{4114b820 org.dom/.SelectActivity}
05-31 21:04:47.778 I/ActivityManager( 1265): Force stopping package org.dom uid=10068
05-31 21:04:47.778 I/ActivityManager( 1265): Killing proc 4848:org.dom/u0a68: force stop
05-31 21:04:47.778 W/ActivityManager( 1265): Force removing ActivityRecord{416a9cc8 org.dom/.SelectActivity}: app died, no saved state
05-31 21:04:47.778 I/ActivityManager( 1265):   Force finishing activity ActivityRecord{416a3490 org.dom/.MainActivity}
05-31 21:04:47.798 I/WindowManager( 1265): WINDOW DIED Window{415ae400 org.dom/org.dom.MainActivity paused=true}
05-31 21:04:47.808 I/WindowManager( 1265): WINDOW DIED Window{416475b8 org.dom/org.dom.SelectActivity paused=false}
05-31 21:04:47.818 W/WindowManager( 1265): Failed looking up window
05-31 21:04:47.818 W/WindowManager( 1265): java.lang.IllegalArgumentException: Requested window android.os.BinderProxy@4165a830 does not exist
05-31 21:04:47.818 W/WindowManager( 1265): 	at com.android.server.wm.WindowManagerService.windowForClientLocked(WindowManagerService.java:7652)
05-31 21:04:47.818 W/WindowManager( 1265): 	at com.android.server.wm.WindowManagerService.windowForClientLocked(WindowManagerService.java:7643)
05-31 21:04:47.818 W/WindowManager( 1265): 	at com.android.server.wm.WindowState$DeathRecipient.binderDied(WindowState.java:854)
05-31 21:04:47.818 W/WindowManager( 1265): 	at android.os.BinderProxy.sendDeathNotice(Binder.java:449)
05-31 21:04:47.818 W/WindowManager( 1265): 	at dalvik.system.NativeStart.run(Native Method)
05-31 21:04:47.818 I/WindowState( 1265): WIN DEATH: null
05-31 21:04:49.298 I/ActivityManager( 1265): Force stopping package org.dom uid=10068
05-31 21:04:49.658 W/InputMethodManagerService( 1265): Got RemoteException sending setActive(false) notification to pid 4848 uid 10068
05-31 21:04:49.688 D/AlarmManager( 1265): overriden alarm callingpackages[0] com.android.vending
05-31 21:04:50.158 D/BackupManagerService( 1265): Received broadcast Intent { act=android.intent.action.PACKAGE_REMOVED dat=package:org.dom flg=0x8000010 (has extras) }
05-31 21:04:50.158 V/BackupManagerService( 1265): removePackageParticipantsLocked: uid=10068 #1
05-31 21:04:51.008 W/ActivityManager( 1265): No content provider found for permission revoke: file:///data/local/tmp/questionnaire-debug.apk
05-31 21:04:51.018 W/ActivityManager( 1265): No content provider found for permission revoke: file:///data/local/tmp/questionnaire-debug.apk
05-31 21:04:51.018 W/PackageManager( 1265): processPendingInstall called
05-31 21:04:51.178 I/ActivityManager( 1265): Force stopping package org.dom uid=10068
05-31 21:04:51.298 W/ActivityManager( 1265): Permission denied: checkComponentPermission() owningUid=10039
05-31 21:04:51.298 W/ActivityManager( 1265): Permission denied: checkComponentPermission() owningUid=10039
05-31 21:04:51.448 D/BackupManagerService( 1265): Received broadcast Intent { act=android.intent.action.PACKAGE_ADDED dat=package:org.dom flg=0x8000010 (has extras) }
05-31 21:04:51.578 V/BackupManagerService( 1265): addPackageParticipantsLocked: #1
05-31 21:04:51.658 D/AlarmManager( 1265): overriden alarm callingpackages[0] com.android.vending
05-31 21:04:51.828 W/ActivityManager( 1265): Permission denied: checkComponentPermission() owningUid=10039
05-31 21:04:51.828 W/ActivityManager( 1265): Permission denied: checkComponentPermission() owningUid=10039
05-31 21:04:51.898 W/ActivityManager( 1265): Permission denied: checkComponentPermission() owningUid=10039
05-31 21:04:51.898 W/ActivityManager( 1265): Permission denied: checkComponentPermission() owningUid=10039
05-31 21:04:52.368 I/ActivityManager( 1265): START {act=android.intent.action.MAIN flg=0x10000000 cmp=org.dom/.MainActivity u=0} from pid 4921
05-31 21:04:52.498 I/ActivityManager( 1265): Start proc org.dom for activity org.dom/.MainActivity: pid=4931 uid=10068 gids={1028}
05-31 21:04:54.198 I/ActivityManager( 1265): START {cmp=org.dom/.SelectActivity u=0} from pid 4931
05-31 21:05:05.928 W/InputMethodManagerService( 1265): Window already focused, ignoring focus gain of: com.android.internal.view.IInputMethodClient$Stub$Proxy@415e02c0 attribute=null
05-31 21:05:07.708 I/ActivityManager( 1265): START {cmp=org.dom/.SelectActivity u=0} from pid 4931
05-31 21:05:10.188 I/ActivityManager( 1265): START {cmp=org.dom/.SelectActivity u=0} from pid 4931
05-31 21:05:11.728 I/ActivityManager( 1265): START {cmp=org.dom/.SelectActivity u=0} from pid 4931
05-31 21:05:14.968 I/ActivityManager( 1265): START {cmp=org.dom/.SelectActivity u=0} from pid 4931
05-31 21:05:16.148 I/ActivityManager( 1265): START {cmp=org.dom/.SelectActivity u=0} from pid 4931
05-31 21:05:25.838 W/ThrottleService( 1265): unable to find stats for iface rmnet0
05-31 21:06:06.028 I/ActivityManager( 1265): START {cmp=org.dom/.SelectActivity u=0} from pid 4931
05-31 21:06:07.998 W/InputMethodManagerService( 1265): Window already focused, ignoring focus gain of: com.android.internal.view.IInputMethodClient$Stub$Proxy@415cc978 attribute=null
05-31 21:06:09.698 I/ActivityManager( 1265): START {cmp=org.dom/.SelectActivity u=0} from pid 4931
05-31 21:06:12.038 I/ActivityManager( 1265): START {cmp=org.dom/.SelectActivity u=0} from pid 4931
05-31 21:06:14.418 I/ActivityManager( 1265): START {cmp=org.dom/.SelectActivity u=0} from pid 4931
05-31 21:06:16.848 I/ActivityManager( 1265): START {cmp=org.dom/.Confirmation u=0} from pid 4931
05-31 21:06:28.478 D/AlarmManager( 1265): overriden alarm callingpackages[0] com.google.android.gms
05-31 21:06:28.478 D/AlarmManager( 1265): overriden alarm callingpackages[0] com.google.android.gms
05-31 21:06:29.888 D/AlarmManager( 1265): overriden alarm callingpackages[0] com.google.android.gms
05-31 21:06:29.998 D/AlarmManager( 1265): overriden alarm callingpackages[0] com.google.android.gms
05-31 21:09:40.698 I/ActivityManager( 1265): Force stopping package org.dom uid=10068
05-31 21:09:40.698 I/ActivityManager( 1265): Killing proc 4931:org.dom/u0a68: force stop
05-31 21:09:40.698 W/ActivityManager( 1265): Force removing ActivityRecord{415ed038 org.dom/.Confirmation}: app died, no saved state
05-31 21:09:40.698 I/ActivityManager( 1265):   Force finishing activity ActivityRecord{4166e8b0 org.dom/.MainActivity}
05-31 21:09:40.708 W/ActivityManager( 1265): Unable to retrieve gids
05-31 21:09:40.708 W/ActivityManager( 1265): android.content.pm.PackageManager$NameNotFoundException: org.dom
05-31 21:09:40.708 W/ActivityManager( 1265): 	at android.app.ApplicationPackageManager.getPackageGids(ApplicationPackageManager.java:141)
05-31 21:09:40.708 W/ActivityManager( 1265): 	at com.android.server.am.ActivityManagerService.startProcessLocked(ActivityManagerService.java:2022)
05-31 21:09:40.708 W/ActivityManager( 1265): 	at com.android.server.am.ActivityManagerService.startProcessLocked(ActivityManagerService.java:1989)
05-31 21:09:40.708 W/ActivityManager( 1265): 	at com.android.server.am.ActivityStack.startSpecificActivityLocked(ActivityStack.java:810)
05-31 21:09:40.708 W/ActivityManager( 1265): 	at com.android.server.am.ActivityStack.resumeTopActivityLocked(ActivityStack.java:1743)
05-31 21:09:40.708 W/ActivityManager( 1265): 	at com.android.server.am.ActivityStack.resumeTopActivityLocked(ActivityStack.java:1381)
05-31 21:09:40.708 W/ActivityManager( 1265): 	at com.android.server.am.ActivityStack.finishCurrentActivityLocked(ActivityStack.java:3794)
05-31 21:09:40.708 W/ActivityManager( 1265): 	at com.android.server.am.ActivityStack.finishActivityLocked(ActivityStack.java:3705)
05-31 21:09:40.708 W/ActivityManager( 1265): 	at com.android.server.am.ActivityManagerService.forceStopPackageLocked(ActivityManagerService.java:3766)
05-31 21:09:40.708 W/ActivityManager( 1265): 	at com.android.server.am.ActivityManagerService.access$300(ActivityManagerService.java:160)
05-31 21:09:40.708 W/ActivityManager( 1265): 	at com.android.server.am.ActivityManagerService$2.handleMessage(ActivityManagerService.java:1126)
05-31 21:09:40.708 W/ActivityManager( 1265): 	at android.os.Handler.dispatchMessage(Handler.java:99)
05-31 21:09:40.708 W/ActivityManager( 1265): 	at android.os.Looper.loop(Looper.java:137)
05-31 21:09:40.708 W/ActivityManager( 1265): 	at com.android.server.am.ActivityManagerService$AThread.run(ActivityManagerService.java:1436)
05-31 21:09:40.728 I/WindowState( 1265): WIN DEATH: Window{4173dae0 org.dom/org.dom.SelectActivity paused=false}
05-31 21:09:40.728 I/WindowState( 1265): WIN DEATH: Window{4193f928 org.dom/org.dom.MainActivity paused=true}
05-31 21:09:40.728 I/WindowState( 1265): WIN DEATH: Window{415b91b0 org.dom/org.dom.SelectActivity paused=false}
05-31 21:09:40.738 I/WindowState( 1265): WIN DEATH: Window{41958a00 org.dom/org.dom.SelectActivity paused=false}
05-31 21:09:40.738 I/WindowState( 1265): WIN DEATH: Window{41125f60 org.dom/org.dom.SelectActivity paused=false}
05-31 21:09:40.738 I/WindowState( 1265): WIN DEATH: Window{41149ff0 org.dom/org.dom.SelectActivity paused=false}
05-31 21:09:40.748 I/WindowState( 1265): WIN DEATH: Window{4115af90 org.dom/org.dom.SelectActivity paused=false}
05-31 21:09:40.748 I/WindowState( 1265): WIN DEATH: Window{41179140 org.dom/org.dom.SelectActivity paused=false}
05-31 21:09:40.748 I/WindowState( 1265): WIN DEATH: Window{4117c5b0 org.dom/org.dom.SelectActivity paused=false}
05-31 21:09:40.748 I/WindowState( 1265): WIN DEATH: Window{415ac090 org.dom/org.dom.SelectActivity paused=false}
05-31 21:09:40.758 I/WindowManager( 1265): WINDOW DIED Window{41179140 org.dom/org.dom.SelectActivity paused=false}
05-31 21:09:40.758 I/WindowManager( 1265): WINDOW DIED Window{416878f0 org.dom/org.dom.SelectActivity paused=false}
05-31 21:09:40.758 W/WindowManager( 1265): Failed looking up window
05-31 21:09:40.758 W/WindowManager( 1265): java.lang.IllegalArgumentException: Requested window android.os.BinderProxy@416f0600 does not exist
05-31 21:09:40.758 W/WindowManager( 1265): 	at com.android.server.wm.WindowManagerService.windowForClientLocked(WindowManagerService.java:7652)
05-31 21:09:40.758 W/WindowManager( 1265): 	at com.android.server.wm.WindowManagerService.windowForClientLocked(WindowManagerService.java:7643)
05-31 21:09:40.758 W/WindowManager( 1265): 	at com.android.server.wm.WindowState$DeathRecipient.binderDied(WindowState.java:854)
05-31 21:09:40.758 W/WindowManager( 1265): 	at android.os.BinderProxy.sendDeathNotice(Binder.java:449)
05-31 21:09:40.758 W/WindowManager( 1265): 	at dalvik.system.NativeStart.run(Native Method)
05-31 21:09:40.758 I/WindowState( 1265): WIN DEATH: null
05-31 21:09:40.758 I/WindowState( 1265): WIN DEATH: Window{415e4360 org.dom/org.dom.Confirmation paused=false}
05-31 21:09:40.768 I/WindowManager( 1265): WINDOW DIED Window{415e4360 org.dom/org.dom.Confirmation paused=false}
05-31 21:09:40.768 I/ActivityManager( 1265): Start proc org.dom for activity org.dom/.SelectActivity: pid=4985 uid=10068 gids={}
05-31 21:09:40.778 I/ActivityManager( 1265):   Force finishing activity ActivityRecord{41173cf0 org.dom/.SelectActivity}
05-31 21:09:41.548 W/ActivityManager( 1265): Failed trying to unstop package org.dom: java.lang.IllegalArgumentException: Unknown package: org.dom
05-31 21:09:41.548 I/ActivityManager( 1265):   Force finishing activity ActivityRecord{415b07b0 org.dom/.SelectActivity}
05-31 21:09:41.548 W/ActivityManager( 1265): Failed trying to unstop package org.dom: java.lang.IllegalArgumentException: Unknown package: org.dom
05-31 21:09:41.548 I/ActivityManager( 1265):   Force finishing activity ActivityRecord{416f3638 org.dom/.SelectActivity}
05-31 21:09:41.548 W/ActivityManager( 1265): Failed trying to unstop package org.dom: java.lang.IllegalArgumentException: Unknown package: org.dom
05-31 21:09:41.548 I/ActivityManager( 1265):   Force finishing activity ActivityRecord{414c74b0 org.dom/.SelectActivity}
05-31 21:09:41.548 W/ActivityManager( 1265): Failed trying to unstop package org.dom: java.lang.IllegalArgumentException: Unknown package: org.dom
05-31 21:09:41.548 I/ActivityManager( 1265):   Force finishing activity ActivityRecord{411515c0 org.dom/.SelectActivity}
05-31 21:09:41.558 W/ActivityManager( 1265): Failed trying to unstop package org.dom: java.lang.IllegalArgumentException: Unknown package: org.dom
05-31 21:09:41.558 I/ActivityManager( 1265):   Force finishing activity ActivityRecord{4117c740 org.dom/.SelectActivity}
05-31 21:09:41.558 W/ActivityManager( 1265): Failed trying to unstop package org.dom: java.lang.IllegalArgumentException: Unknown package: org.dom
05-31 21:09:41.558 I/ActivityManager( 1265):   Force finishing activity ActivityRecord{414268a0 org.dom/.SelectActivity}
05-31 21:09:41.558 W/ActivityManager( 1265): Failed trying to unstop package org.dom: java.lang.IllegalArgumentException: Unknown package: org.dom
05-31 21:09:41.558 I/ActivityManager( 1265):   Force finishing activity ActivityRecord{414a8ba0 org.dom/.SelectActivity}
05-31 21:09:41.558 W/ActivityManager( 1265): Failed trying to unstop package org.dom: java.lang.IllegalArgumentException: Unknown package: org.dom
05-31 21:09:41.558 I/ActivityManager( 1265):   Force finishing activity ActivityRecord{4155b2a8 org.dom/.SelectActivity}
05-31 21:09:41.558 W/ActivityManager( 1265): Failed trying to unstop package org.dom: java.lang.IllegalArgumentException: Unknown package: org.dom
05-31 21:09:41.558 I/ActivityManager( 1265):   Force finishing activity ActivityRecord{415b1998 org.dom/.SelectActivity}
05-31 21:09:41.588 I/ActivityManager( 1265): Force stopping package org.dom uid=10068
05-31 21:09:41.588 I/ActivityManager( 1265): Killing proc 4985:org.dom/u0a68: force stop
05-31 21:09:41.908 W/InputMethodManagerService( 1265): Got RemoteException sending setActive(false) notification to pid 4931 uid 10068
05-31 21:09:42.338 D/BackupManagerService( 1265): Received broadcast Intent { act=android.intent.action.PACKAGE_REMOVED dat=package:org.dom flg=0x8000010 (has extras) }
05-31 21:09:42.338 V/BackupManagerService( 1265): removePackageParticipantsLocked: uid=10068 #1
05-31 21:09:42.788 D/AlarmManager( 1265): overriden alarm callingpackages[0] com.android.vending
05-31 21:09:43.548 W/ActivityManager( 1265): No content provider found for permission revoke: file:///data/local/tmp/questionnaire-debug.apk
05-31 21:09:43.548 W/ActivityManager( 1265): No content provider found for permission revoke: file:///data/local/tmp/questionnaire-debug.apk
05-31 21:09:43.548 W/PackageManager( 1265): processPendingInstall called
05-31 21:09:43.668 I/ActivityManager( 1265): Force stopping package org.dom uid=10068
05-31 21:09:45.328 W/ActivityManager( 1265): Permission denied: checkComponentPermission() owningUid=10039
05-31 21:09:45.328 W/ActivityManager( 1265): Permission denied: checkComponentPermission() owningUid=10039
05-31 21:09:45.368 D/BackupManagerService( 1265): Received broadcast Intent { act=android.intent.action.PACKAGE_ADDED dat=package:org.dom flg=0x8000010 (has extras) }
05-31 21:09:45.528 V/BackupManagerService( 1265): addPackageParticipantsLocked: #1
05-31 21:09:45.628 D/AlarmManager( 1265): overriden alarm callingpackages[0] com.android.vending
05-31 21:09:45.768 W/ActivityManager( 1265): Permission denied: checkComponentPermission() owningUid=10039
05-31 21:09:45.768 W/ActivityManager( 1265): Permission denied: checkComponentPermission() owningUid=10039
05-31 21:09:45.868 W/ActivityManager( 1265): Permission denied: checkComponentPermission() owningUid=10039
05-31 21:09:45.868 W/ActivityManager( 1265): Permission denied: checkComponentPermission() owningUid=10039
05-31 21:09:46.368 I/ActivityManager( 1265): START {act=android.intent.action.MAIN flg=0x10000000 cmp=org.dom/.MainActivity u=0} from pid 5043
05-31 21:09:46.628 I/ActivityManager( 1265): Start proc org.dom for activity org.dom/.MainActivity: pid=5054 uid=10068 gids={1028}
05-31 21:09:49.328 I/ActivityManager( 1265): START {cmp=org.dom/.SelectActivity u=0} from pid 5054
05-31 21:09:52.898 W/InputMethodManagerService( 1265): Window already focused, ignoring focus gain of: com.android.internal.view.IInputMethodClient$Stub$Proxy@415b0068 attribute=null
05-31 21:11:13.498 D/AlarmManager( 1265): overriden alarm callingpackages[0] com.google.android.gms
05-31 21:11:13.498 D/AlarmManager( 1265): overriden alarm callingpackages[0] com.google.android.gms
05-31 21:11:14.888 D/AlarmManager( 1265): overriden alarm callingpackages[0] com.google.android.gms
05-31 21:11:15.038 D/AlarmManager( 1265): overriden alarm callingpackages[0] com.google.android.gms
05-31 21:14:15.048 I/ActivityManager( 1265): Force stopping package org.dom uid=10068
05-31 21:14:15.048 I/ActivityManager( 1265): Killing proc 5054:org.dom/u0a68: force stop
05-31 21:14:15.048 W/ActivityManager( 1265): Force removing ActivityRecord{416efab0 org.dom/.SelectActivity}: app died, no saved state
05-31 21:14:15.048 I/ActivityManager( 1265):   Force finishing activity ActivityRecord{413fd4f0 org.dom/.MainActivity}
05-31 21:14:15.068 I/WindowState( 1265): WIN DEATH: Window{415ff3c8 org.dom/org.dom.SelectActivity paused=false}
05-31 21:14:15.078 I/WindowState( 1265): WIN DEATH: Window{415f1550 org.dom/org.dom.MainActivity paused=true}
05-31 21:14:15.078 I/WindowManager( 1265): WINDOW DIED Window{415f1550 org.dom/org.dom.MainActivity paused=true}
05-31 21:14:15.848 I/ActivityManager( 1265): Force stopping package org.dom uid=10068
05-31 21:14:16.148 D/AlarmManager( 1265): overriden alarm callingpackages[0] com.android.vending
05-31 21:14:16.398 W/InputMethodManagerService( 1265): Got RemoteException sending setActive(false) notification to pid 5054 uid 10068
05-31 21:14:16.548 D/BackupManagerService( 1265): Received broadcast Intent { act=android.intent.action.PACKAGE_REMOVED dat=package:org.dom flg=0x8000010 (has extras) }
05-31 21:14:16.548 V/BackupManagerService( 1265): removePackageParticipantsLocked: uid=10068 #1
05-31 21:14:17.288 W/ActivityManager( 1265): No content provider found for permission revoke: file:///data/local/tmp/questionnaire-debug.apk
05-31 21:14:17.318 W/ActivityManager( 1265): No content provider found for permission revoke: file:///data/local/tmp/questionnaire-debug.apk
05-31 21:14:17.318 W/PackageManager( 1265): processPendingInstall called
05-31 21:14:17.538 W/ActivityManager( 1265): Permission denied: checkComponentPermission() owningUid=10039
05-31 21:14:17.538 W/ActivityManager( 1265): Permission denied: checkComponentPermission() owningUid=10039
05-31 21:14:17.748 W/ActivityManager( 1265): Permission denied: checkComponentPermission() owningUid=10039
05-31 21:14:17.748 W/ActivityManager( 1265): Permission denied: checkComponentPermission() owningUid=10039
05-31 21:14:18.398 I/ActivityManager( 1265): Force stopping package org.dom uid=10068
05-31 21:14:18.808 D/AlarmManager( 1265): overriden alarm callingpackages[0] com.android.vending
05-31 21:14:19.068 D/BackupManagerService( 1265): Received broadcast Intent { act=android.intent.action.PACKAGE_ADDED dat=package:org.dom flg=0x8000010 (has extras) }
05-31 21:14:19.108 V/BackupManagerService( 1265): addPackageParticipantsLocked: #1
05-31 21:14:19.958 W/ActivityManager( 1265): Permission denied: checkComponentPermission() owningUid=10039
05-31 21:14:19.958 W/ActivityManager( 1265): Permission denied: checkComponentPermission() owningUid=10039
05-31 21:14:19.968 I/ActivityManager( 1265): START {act=android.intent.action.MAIN flg=0x10000000 cmp=org.dom/.MainActivity u=0} from pid 5138
05-31 21:14:20.098 W/ActivityManager( 1265): Permission denied: checkComponentPermission() owningUid=10039
05-31 21:14:20.098 W/ActivityManager( 1265): Permission denied: checkComponentPermission() owningUid=10039
05-31 21:14:20.208 I/ActivityManager( 1265): Start proc org.dom for activity org.dom/.MainActivity: pid=5148 uid=10068 gids={1028}
05-31 21:14:22.508 I/ActivityManager( 1265): START {cmp=org.dom/.SelectActivity u=0} from pid 5148
05-31 21:14:24.848 W/InputMethodManagerService( 1265): Window already focused, ignoring focus gain of: com.android.internal.view.IInputMethodClient$Stub$Proxy@41452838 attribute=null
05-31 21:14:29.948 W/InputMethodManagerService( 1265): Window already focused, ignoring focus gain of: com.android.internal.view.IInputMethodClient$Stub$Proxy@4150edd8 attribute=null
05-31 21:14:45.968 D/AlarmManager( 1265): overriden alarm callingpackages[0] com.google.android.gms
05-31 21:15:25.848 I/ActivityManager( 1265): No longer want com.android.chrome (pid 2448): hidden #16
05-31 21:15:25.848 W/ThrottleService( 1265): unable to find stats for iface rmnet0
05-31 21:15:36.438 D/AlarmManager( 1265): overriden alarm callingpackages[0] com.google.android.gms
05-31 21:15:38.888 D/AlarmManager( 1265): overriden alarm callingpackages[0] com.google.android.gms
05-31 21:15:41.888 D/ConnectivityService( 1265): handleInetConditionHoldEnd: net=1, condition=0, published condition=100
05-31 21:15:46.408 I/ActivityManager( 1265): No longer want com.path:daemon (pid 4189): hidden #16
05-31 21:15:46.408 I/ActivityManager( 1265): No longer want com.adamrocker.android.input.simeji:heart (pid 4169): hidden #17
05-31 21:15:46.438 W/ActivityManager( 1265): Scheduling restart of crashed service com.adamrocker.android.input.simeji/jp.baidu.simeji.heartservice.ExternalHeartService in 5000ms
05-31 21:15:46.438 W/ActivityManager( 1265): Scheduling restart of crashed service com.path/.services.DaemonService in 14997ms
05-31 21:15:48.208 D/AlarmManager( 1265): overriden alarm callingpackages[0] com.google.android.gms
05-31 21:15:48.718 D/ConnectivityService( 1265): handleInetConditionHoldEnd: net=1, condition=100, published condition=0
05-31 21:15:51.468 I/ActivityManager( 1265): Start proc com.adamrocker.android.input.simeji:heart for service com.adamrocker.android.input.simeji/jp.baidu.simeji.heartservice.ExternalHeartService: pid=5176 uid=10055 gids={3003, 1015, 1028}
05-31 21:15:51.728 D/AlarmManager( 1265): overriden alarm callingpackages[0] com.adamrocker.android.input.simeji
05-31 21:15:51.728 D/AlarmManager( 1265): overriden alarm callingUid= 10055 type= 2
05-31 21:15:51.728 D/AlarmManager( 1265): overriden alarm force  AlarmManager.ELAPSED_REALTIME
05-31 21:15:58.518 D/AlarmManager( 1265): overriden alarm callingpackages[0] com.google.android.gms
05-31 21:15:58.518 D/AlarmManager( 1265): overriden alarm callingpackages[0] com.google.android.gms
05-31 21:15:59.908 D/AlarmManager( 1265): overriden alarm callingpackages[0] com.google.android.gms
05-31 21:15:59.968 D/AlarmManager( 1265): overriden alarm callingpackages[0] com.google.android.gms
05-31 21:16:01.478 I/ActivityManager( 1265): Start proc com.path:daemon for service com.path/.services.DaemonService: pid=5194 uid=10059 gids={3003, 1015, 1006, 1028}
05-31 21:18:45.338 V/BackupManagerService( 1265): Running a backup pass
05-31 21:18:45.338 V/BackupManagerService( 1265): clearing pending backups
05-31 21:18:45.348 V/PerformBackupTask( 1265): Beginning backup of 4 targets
05-31 21:18:45.388 D/PerformBackupTask( 1265): invokeAgentForBackup on @pm@
05-31 21:18:45.408 D/PerformBackupTask( 1265): starting agent for backup of BackupRequest{pkg=android}
05-31 21:18:45.408 D/BackupManagerService( 1265): awaiting agent for ApplicationInfo{4121e4c8 android}
05-31 21:18:45.408 D/BackupManagerService( 1265): agentConnected pkg=android agent=android.app.backup.BackupAgent$BackupServiceBinder@4194e4e8
05-31 21:18:45.408 I/BackupManagerService( 1265): got agent android.app.backup.BackupAgent$BackupServiceBinder@4194e4e8
05-31 21:18:45.408 D/PerformBackupTask( 1265): invokeAgentForBackup on android
05-31 21:18:45.418 D/PerformBackupTask( 1265): starting agent for backup of BackupRequest{pkg=com.android.vending}
05-31 21:18:45.418 D/BackupManagerService( 1265): awaiting agent for ApplicationInfo{411ff348 com.android.vending}
05-31 21:18:45.428 D/BackupManagerService( 1265): agentConnected pkg=com.android.vending agent=android.os.BinderProxy@41434288
05-31 21:18:45.428 I/BackupManagerService( 1265): got agent android.app.IBackupAgent$Stub$Proxy@41174608
05-31 21:18:45.428 D/PerformBackupTask( 1265): invokeAgentForBackup on com.android.vending
05-31 21:18:45.458 D/PerformBackupTask( 1265): starting agent for backup of BackupRequest{pkg=com.google.android.gm}
05-31 21:18:45.468 I/ActivityManager( 1265): Start proc com.google.android.gm for backup com.google.android.gm/.persistence.GmailBackupAgent: pid=5213 uid=10019 gids={3003, 1015, 1028}
05-31 21:18:45.468 D/BackupManagerService( 1265): awaiting agent for ApplicationInfo{41251770 com.google.android.gm}
05-31 21:18:45.808 D/ActivityThread( 5213): Loading provider com.android.gmail.ui: com.google.android.gm.provider.GmailProvider
05-31 21:18:45.978 I/ActivityManager( 1265): Start proc com.google.android.gsf.login for service com.google.android.gsf.login/com.google.android.gsf.loginservice.GoogleLoginService: pid=5230 uid=10021 gids={3003, 1015, 1028, 1007, 1006, 3002, 3001, 2001, 3006}
05-31 21:18:46.018 D/BackupManagerService( 1265): agentConnected pkg=com.google.android.gm agent=android.os.BinderProxy@411682d8
05-31 21:18:46.018 I/BackupManagerService( 1265): got agent android.app.IBackupAgent$Stub$Proxy@4166d8c8
05-31 21:18:46.018 D/PerformBackupTask( 1265): invokeAgentForBackup on com.google.android.gm
05-31 21:18:46.628 I/ActivityManager( 1265): No longer want com.path (pid 4345): hidden #16
05-31 21:18:46.628 I/ActivityManager( 1265): No longer want com.dropbox.android (pid 4144): hidden #17
05-31 21:18:46.628 I/PerformBackupTask( 1265): no backup data written; not calling transport
05-31 21:18:46.638 W/ActivityManager( 1265): Scheduling restart of crashed service com.dropbox.android/.service.CameraUploadService in 5000ms
05-31 21:18:46.648 D/PerformBackupTask( 1265): starting agent for backup of BackupRequest{pkg=com.android.providers.settings}
05-31 21:18:46.648 D/BackupManagerService( 1265): awaiting agent for ApplicationInfo{41246ac8 com.android.providers.settings}
05-31 21:18:46.658 D/BackupManagerService( 1265): agentConnected pkg=com.android.providers.settings agent=android.app.backup.BackupAgent$BackupServiceBinder@416471e0
05-31 21:18:46.658 I/BackupManagerService( 1265): got agent android.app.backup.BackupAgent$BackupServiceBinder@416471e0
05-31 21:18:46.658 D/PerformBackupTask( 1265): invokeAgentForBackup on com.android.providers.settings
05-31 21:18:46.698 I/PerformBackupTask( 1265): Backup pass finished.
05-31 21:18:50.958 W/ActivityManager( 1265): Unable to start service Intent { act=com.google.android.gms.analytics.service.START cmp=com.google.android.gms/.analytics.service.AnalyticsService (has extras) }: not found
05-31 21:18:51.668 I/ActivityManager( 1265): Start proc com.dropbox.android for service com.dropbox.android/.service.CameraUploadService: pid=5284 uid=10064 gids={3003, 1028, 1015}
05-31 21:18:55.968 W/ActivityManager( 1265): Unable to start service Intent { act=com.google.android.gms.analytics.service.START cmp=com.google.android.gms/.analytics.service.AnalyticsService (has extras) }: not found
05-31 21:20:43.538 D/AlarmManager( 1265): overriden alarm callingpackages[0] com.google.android.gms
05-31 21:20:43.538 D/AlarmManager( 1265): overriden alarm callingpackages[0] com.google.android.gms
05-31 21:20:44.938 D/AlarmManager( 1265): overriden alarm callingpackages[0] com.google.android.gms
05-31 21:20:44.988 D/AlarmManager( 1265): overriden alarm callingpackages[0] com.google.android.gms
05-31 21:24:33.028 I/StorageNotification( 1405): UMS connection changed to false (media state mounted)
05-31 21:24:38.058 I/StorageNotification( 1405): UMS connection changed to true (media state mounted)
05-31 21:24:38.108 W/TabletStatusBar( 1405): Notification has fullScreenIntent and activity is not immersive; sending fullScreenIntent
05-31 21:24:38.108 I/ActivityManager( 1265): START {flg=0x10000000 cmp=com.android.systemui/.usb.UsbStorageActivity u=0} from pid -1
05-31 21:24:38.238 D/VoldCmdListener( 1044): volume shared /mnt/sdcard ums
05-31 21:25:25.858 W/ThrottleService( 1265): unable to find stats for iface rmnet0
05-31 21:25:28.548 D/AlarmManager( 1265): overriden alarm callingpackages[0] com.google.android.gms
05-31 21:25:28.558 D/AlarmManager( 1265): overriden alarm callingpackages[0] com.google.android.gms
05-31 21:25:29.938 D/AlarmManager( 1265): overriden alarm callingpackages[0] com.google.android.gms
05-31 21:25:30.038 D/AlarmManager( 1265): overriden alarm callingpackages[0] com.google.android.gms
05-31 21:29:59.988 I/ActivityManager( 1265): No longer want com.path:xmpp (pid 4266): hidden #16
05-31 21:30:13.568 D/AlarmManager( 1265): overriden alarm callingpackages[0] com.google.android.gms
05-31 21:30:13.578 D/AlarmManager( 1265): overriden alarm callingpackages[0] com.google.android.gms
05-31 21:30:14.958 D/AlarmManager( 1265): overriden alarm callingpackages[0] com.google.android.gms
05-31 21:30:15.008 D/AlarmManager( 1265): overriden alarm callingpackages[0] com.google.android.gms
05-31 21:30:48.228 D/AlarmManager( 1265): overriden alarm callingpackages[0] com.google.android.gms
05-31 21:30:48.638 D/AlarmManager( 1265): overriden alarm callingpackages[0] com.google.android.gms
05-31 21:30:51.638 D/ConnectivityService( 1265): handleInetConditionHoldEnd: net=1, condition=0, published condition=100
05-31 21:31:01.868 D/AlarmManager( 1265): overriden alarm callingpackages[0] com.google.android.gms
05-31 21:31:02.378 D/ConnectivityService( 1265): handleInetConditionHoldEnd: net=1, condition=100, published condition=0
05-31 21:33:26.538 I/ActivityManager( 1265): Force stopping package org.dom uid=10068
05-31 21:33:26.538 I/ActivityManager( 1265): Killing proc 5148:org.dom/u0a68: force stop
05-31 21:33:26.538 I/ActivityManager( 1265):   Force finishing activity ActivityRecord{41125410 org.dom/.MainActivity}
05-31 21:33:26.538 I/ActivityManager( 1265):   Force finishing activity ActivityRecord{41623de0 org.dom/.SelectActivity}
05-31 21:33:26.558 I/WindowState( 1265): WIN DEATH: Window{4159f0e8 org.dom/org.dom.MainActivity paused=true}
05-31 21:33:26.558 I/WindowState( 1265): WIN DEATH: Window{419492e8 org.dom/org.dom.SelectActivity paused=true}
05-31 21:33:26.568 I/WindowManager( 1265): WINDOW DIED Window{419492e8 org.dom/org.dom.SelectActivity paused=true}
05-31 21:33:28.048 D/BackupManagerService( 1265): Now staging backup of android
05-31 21:33:28.048 I/ActivityManager( 1265): Force stopping package org.dom uid=10068
05-31 21:33:28.308 D/AlarmManager( 1265): overriden alarm callingpackages[0] com.android.vending
05-31 21:33:28.898 D/BackupManagerService( 1265): Received broadcast Intent { act=android.intent.action.PACKAGE_REMOVED dat=package:org.dom flg=0x8000010 (has extras) }
05-31 21:33:28.898 V/BackupManagerService( 1265): removePackageParticipantsLocked: uid=10068 #1
05-31 21:33:29.038 I/StorageNotification( 1405): UMS connection changed to false (media state mounted)
05-31 21:33:29.328 W/InputMethodManagerService( 1265): Starting input on non-focused client com.android.internal.view.IInputMethodClient$Stub$Proxy@4128f3e0 (uid=10044 pid=1405)
05-31 21:33:29.628 W/ActivityManager( 1265): Permission denied: checkComponentPermission() owningUid=10039
05-31 21:33:29.628 W/ActivityManager( 1265): Permission denied: checkComponentPermission() owningUid=10039
05-31 21:33:29.938 W/ActivityManager( 1265): Permission denied: checkComponentPermission() owningUid=10039
05-31 21:33:29.938 W/ActivityManager( 1265): Permission denied: checkComponentPermission() owningUid=10039
05-31 21:33:29.988 W/ActivityManager( 1265): Permission denied: checkComponentPermission() owningUid=10039
05-31 21:33:29.988 W/ActivityManager( 1265): Permission denied: checkComponentPermission() owningUid=10039
05-31 21:33:51.938 I/StorageNotification( 1405): UMS connection changed to true (media state mounted)
05-31 21:33:51.988 W/TabletStatusBar( 1405): Notification has fullScreenIntent and activity is not immersive; sending fullScreenIntent
05-31 21:33:51.988 I/ActivityManager( 1265): START {flg=0x10000000 cmp=com.android.systemui/.usb.UsbStorageActivity u=0} from pid -1
05-31 21:33:52.308 D/VoldCmdListener( 1044): volume shared /mnt/sdcard ums
05-31 21:33:52.608 W/PowerUI ( 1405): unknown intent: Intent { act=android.intent.action.ACTION_POWER_CONNECTED flg=0x8000010 }
05-31 21:33:52.608 I/ActivityManager( 1265): Start proc com.android.chrome for broadcast com.android.chrome/com.google.android.apps.chrome.precache.PrecacheServiceLauncher: pid=5406 uid=10053 gids={1006, 3003, 1015, 1028}
05-31 21:33:53.008 I/StorageNotification( 1405): UMS connection changed to false (media state mounted)
05-31 21:33:53.268 I/ActivityManager( 1265): Start proc com.facebook.katana for broadcast com.facebook.katana/com.facebook.vault.service.VaultPowerConnectionReceiver: pid=5443 uid=10058 gids={1006, 1015, 3003, 1028}
05-31 21:33:57.058 I/ActivityManager( 1265): No longer want com.svox.pico (pid 3968): hidden #16
05-31 21:34:15.238 I/StorageNotification( 1405): UMS connection changed to true (media state mounted)
05-31 21:34:15.278 W/TabletStatusBar( 1405): Notification has fullScreenIntent and activity is not immersive; sending fullScreenIntent
05-31 21:34:15.278 I/ActivityManager( 1265): START {flg=0x10000000 cmp=com.android.systemui/.usb.UsbStorageActivity u=0} from pid -1
05-31 21:34:15.608 D/VoldCmdListener( 1044): volume shared /mnt/sdcard ums
05-31 21:34:16.558 I/StorageNotification( 1405): UMS connection changed to false (media state mounted)
05-31 21:34:28.478 W/PowerUI ( 1405): unknown intent: Intent { act=android.intent.action.ACTION_POWER_CONNECTED flg=0x8000010 }
05-31 21:34:41.258 I/StorageNotification( 1405): UMS connection changed to true (media state mounted)
05-31 21:34:41.298 W/TabletStatusBar( 1405): Notification has fullScreenIntent and activity is not immersive; sending fullScreenIntent
05-31 21:34:41.298 I/ActivityManager( 1265): START {flg=0x10000000 cmp=com.android.systemui/.usb.UsbStorageActivity u=0} from pid -1
05-31 21:34:41.448 D/VoldCmdListener( 1044): volume shared /mnt/sdcard ums
05-31 21:34:50.168 I/ActivityManager( 1265): START {act=android.intent.action.MAIN cat=[android.intent.category.HOME] flg=0x10200000 cmp=com.android.launcher/com.android.launcher2.Launcher u=0} from pid 1265
05-31 21:34:52.378 W/PackageManager( 1265): Package named 'org.dom' doesn't exist.
05-31 21:34:53.188 W/ActivityManager( 1265): No content provider found for permission revoke: file:///data/local/tmp/questionnaire-debug.apk
05-31 21:34:53.188 W/ActivityManager( 1265): No content provider found for permission revoke: file:///data/local/tmp/questionnaire-debug.apk
05-31 21:34:53.188 W/PackageManager( 1265): processPendingInstall called
05-31 21:34:53.978 I/ActivityManager( 1265): Force stopping package org.dom uid=10068
05-31 21:34:54.968 I/ActivityManager( 1265): Start proc com.svox.pico for broadcast com.svox.pico/.VoiceDataInstallerReceiver: pid=5774 uid=10037 gids={1015, 1028}
05-31 21:34:55.088 D/AlarmManager( 1265): overriden alarm callingpackages[0] com.android.vending
05-31 21:34:55.368 D/BackupManagerService( 1265): Received broadcast Intent { act=android.intent.action.PACKAGE_ADDED dat=package:org.dom flg=0x8000010 (has extras) }
05-31 21:34:55.418 V/BackupManagerService( 1265): addPackageParticipantsLocked: #1
05-31 21:34:55.848 I/ActivityManager( 1265): START {act=android.intent.action.MAIN flg=0x10000000 cmp=org.dom/.MainActivity u=0} from pid 5797
05-31 21:34:55.908 I/ActivityManager( 1265): Start proc org.dom for activity org.dom/.MainActivity: pid=5807 uid=10068 gids={1028}
05-31 21:34:56.378 W/ActivityManager( 1265): Permission denied: checkComponentPermission() owningUid=10039
05-31 21:34:56.378 W/ActivityManager( 1265): Permission denied: checkComponentPermission() owningUid=10039
05-31 21:34:56.548 W/ActivityManager( 1265): Permission denied: checkComponentPermission() owningUid=10039
05-31 21:34:56.548 W/ActivityManager( 1265): Permission denied: checkComponentPermission() owningUid=10039
05-31 21:34:58.578 D/AlarmManager( 1265): overriden alarm callingpackages[0] com.google.android.gms
05-31 21:34:58.588 D/AlarmManager( 1265): overriden alarm callingpackages[0] com.google.android.gms
05-31 21:34:59.978 D/AlarmManager( 1265): overriden alarm callingpackages[0] com.google.android.gms
05-31 21:35:00.048 D/AlarmManager( 1265): overriden alarm callingpackages[0] com.google.android.gms
05-31 21:35:03.228 I/ActivityManager( 1265): No longer want com.google.android.gsf.login (pid 5230): hidden #16
05-31 21:35:25.858 W/ThrottleService( 1265): unable to find stats for iface rmnet0
05-31 21:39:43.598 D/AlarmManager( 1265): overriden alarm callingpackages[0] com.google.android.gms
05-31 21:39:43.598 D/AlarmManager( 1265): overriden alarm callingpackages[0] com.google.android.gms
05-31 21:39:44.998 D/AlarmManager( 1265): overriden alarm callingpackages[0] com.google.android.gms
05-31 21:39:45.048 D/AlarmManager( 1265): overriden alarm callingpackages[0] com.google.android.gms
05-31 21:44:28.618 D/AlarmManager( 1265): overriden alarm callingpackages[0] com.google.android.gms
05-31 21:44:28.618 D/AlarmManager( 1265): overriden alarm callingpackages[0] com.google.android.gms
05-31 21:44:30.008 D/AlarmManager( 1265): overriden alarm callingpackages[0] com.google.android.gms
05-31 21:44:30.078 D/AlarmManager( 1265): overriden alarm callingpackages[0] com.google.android.gms
05-31 21:44:46.048 D/AlarmManager( 1265): overriden alarm callingpackages[0] com.google.android.gms
05-31 21:45:25.868 W/ThrottleService( 1265): unable to find stats for iface rmnet0
05-31 21:45:59.988 I/ActivityManager( 1265): No longer want com.adamrocker.android.input.simeji:heart (pid 5176): hidden #16
05-31 21:46:00.008 W/ActivityManager( 1265): Scheduling restart of crashed service com.adamrocker.android.input.simeji/jp.baidu.simeji.heartservice.ExternalHeartService in 5000ms
05-31 21:46:01.868 I/ActivityManager( 1265): No longer want com.path:daemon (pid 5194): hidden #16
05-31 21:46:01.888 D/AlarmManager( 1265): overriden alarm callingpackages[0] com.google.android.gms
05-31 21:46:01.898 W/ActivityManager( 1265): Scheduling restart of crashed service com.path/.services.DaemonService in 13116ms
05-31 21:46:02.288 D/AlarmManager( 1265): overriden alarm callingpackages[0] com.google.android.gms
05-31 21:46:05.038 I/ActivityManager( 1265): Start proc com.adamrocker.android.input.simeji:heart for service com.adamrocker.android.input.simeji/jp.baidu.simeji.heartservice.ExternalHeartService: pid=5844 uid=10055 gids={3003, 1015, 1028}
05-31 21:46:05.278 D/ConnectivityService( 1265): handleInetConditionHoldEnd: net=1, condition=0, published condition=100
05-31 21:46:05.308 D/AlarmManager( 1265): overriden alarm callingpackages[0] com.adamrocker.android.input.simeji
05-31 21:46:05.308 D/AlarmManager( 1265): overriden alarm callingUid= 10055 type= 2
05-31 21:46:05.308 D/AlarmManager( 1265): overriden alarm force  AlarmManager.ELAPSED_REALTIME
05-31 21:46:15.048 I/ActivityManager( 1265): Start proc com.path:daemon for service com.path/.services.DaemonService: pid=5863 uid=10059 gids={3003, 1015, 1006, 1028}
05-31 21:46:19.198 I/ActivityManager( 1265): Start proc com.path:xmpp for service com.path/.messageservice.RemoteXmppService: pid=5938 uid=10059 gids={3003, 1015, 1006, 1028}
05-31 21:46:19.568 D/AlarmManager( 1265): overriden alarm callingpackages[0] com.google.android.gms
05-31 21:46:20.078 D/ConnectivityService( 1265): handleInetConditionHoldEnd: net=1, condition=100, published condition=0
05-31 21:46:41.568 I/ActivityManager( 1265): Start proc com.path for service com.path/.services.UploadService: pid=6010 uid=10059 gids={3003, 1015, 1006, 1028}
05-31 21:46:43.238 I/ActivityManager( 1265): No longer want com.google.android.gm (pid 5213): hidden #16
05-31 21:48:59.988 I/ActivityManager( 1265): No longer want com.dropbox.android (pid 5284): hidden #16
05-31 21:49:00.018 W/ActivityManager( 1265): Scheduling restart of crashed service com.dropbox.android/.service.CameraUploadService in 5000ms
05-31 21:49:05.048 I/ActivityManager( 1265): Start proc com.dropbox.android for service com.dropbox.android/.service.CameraUploadService: pid=6095 uid=10064 gids={3003, 1028, 1015}
05-31 21:49:13.638 D/AlarmManager( 1265): overriden alarm callingpackages[0] com.google.android.gms
05-31 21:49:13.648 D/AlarmManager( 1265): overriden alarm callingpackages[0] com.google.android.gms
05-31 21:49:15.038 D/AlarmManager( 1265): overriden alarm callingpackages[0] com.google.android.gms
05-31 21:49:15.088 D/AlarmManager( 1265): overriden alarm callingpackages[0] com.google.android.gms
05-31 21:53:58.658 D/AlarmManager( 1265): overriden alarm callingpackages[0] com.google.android.gms
05-31 21:53:58.658 D/AlarmManager( 1265): overriden alarm callingpackages[0] com.google.android.gms
05-31 21:54:00.038 D/AlarmManager( 1265): overriden alarm callingpackages[0] com.google.android.gms
05-31 21:54:00.118 D/AlarmManager( 1265): overriden alarm callingpackages[0] com.google.android.gms
05-31 21:55:25.868 W/ThrottleService( 1265): unable to find stats for iface rmnet0
05-31 21:58:43.668 D/AlarmManager( 1265): overriden alarm callingpackages[0] com.google.android.gms
05-31 21:58:43.678 D/AlarmManager( 1265): overriden alarm callingpackages[0] com.google.android.gms
05-31 21:58:45.048 D/AlarmManager( 1265): overriden alarm callingpackages[0] com.google.android.gms
05-31 21:58:45.098 D/AlarmManager( 1265): overriden alarm callingpackages[0] com.google.android.gms
05-31 22:00:39.738 I/ActivityManager( 1265): Force stopping package org.dom uid=10068
05-31 22:00:39.738 I/ActivityManager( 1265): Killing proc 5807:org.dom/u0a68: force stop
05-31 22:00:39.738 W/ActivityManager( 1265): Force removing ActivityRecord{41627ec8 org.dom/.MainActivity}: app died, no saved state
05-31 22:00:39.758 I/WindowState( 1265): WIN DEATH: Window{4164f8f8 org.dom/org.dom.MainActivity paused=false}
05-31 22:00:40.558 I/ActivityManager( 1265): Force stopping package org.dom uid=10068
05-31 22:00:40.888 D/AlarmManager( 1265): overriden alarm callingpackages[0] com.android.vending
05-31 22:00:41.148 W/InputMethodManagerService( 1265): Got RemoteException sending setActive(false) notification to pid 5807 uid 10068
05-31 22:00:41.238 D/BackupManagerService( 1265): Received broadcast Intent { act=android.intent.action.PACKAGE_REMOVED dat=package:org.dom flg=0x8000010 (has extras) }
05-31 22:00:41.238 V/BackupManagerService( 1265): removePackageParticipantsLocked: uid=10068 #1
05-31 22:00:41.978 W/ActivityManager( 1265): No content provider found for permission revoke: file:///data/local/tmp/questionnaire-debug.apk
05-31 22:00:41.988 W/ActivityManager( 1265): No content provider found for permission revoke: file:///data/local/tmp/questionnaire-debug.apk
05-31 22:00:41.988 W/PackageManager( 1265): processPendingInstall called
05-31 22:00:42.128 W/ActivityManager( 1265): Permission denied: checkComponentPermission() owningUid=10039
05-31 22:00:42.128 W/ActivityManager( 1265): Permission denied: checkComponentPermission() owningUid=10039
05-31 22:00:42.138 I/ActivityManager( 1265): Force stopping package org.dom uid=10068
05-31 22:00:43.128 W/ActivityManager( 1265): Permission denied: checkComponentPermission() owningUid=10039
05-31 22:00:43.128 W/ActivityManager( 1265): Permission denied: checkComponentPermission() owningUid=10039
05-31 22:00:43.168 D/AlarmManager( 1265): overriden alarm callingpackages[0] com.android.vending
05-31 22:00:43.378 W/ActivityManager( 1265): Permission denied: checkComponentPermission() owningUid=10039
05-31 22:00:43.378 W/ActivityManager( 1265): Permission denied: checkComponentPermission() owningUid=10039
05-31 22:00:43.408 W/ActivityManager( 1265): Permission denied: checkComponentPermission() owningUid=10039
05-31 22:00:43.408 W/ActivityManager( 1265): Permission denied: checkComponentPermission() owningUid=10039
05-31 22:00:43.468 W/ActivityManager( 1265): Permission denied: checkComponentPermission() owningUid=10039
05-31 22:00:43.468 W/ActivityManager( 1265): Permission denied: checkComponentPermission() owningUid=10039
05-31 22:00:43.688 D/BackupManagerService( 1265): Received broadcast Intent { act=android.intent.action.PACKAGE_ADDED dat=package:org.dom flg=0x8000010 (has extras) }
05-31 22:00:43.728 V/BackupManagerService( 1265): addPackageParticipantsLocked: #1
05-31 22:00:44.138 I/ActivityManager( 1265): START {act=android.intent.action.MAIN flg=0x10000000 cmp=org.dom/.MainActivity u=0} from pid 6203
05-31 22:00:44.218 I/ActivityManager( 1265): Start proc org.dom for activity org.dom/.MainActivity: pid=6214 uid=10068 gids={1028}
05-31 22:01:19.588 D/AlarmManager( 1265): overriden alarm callingpackages[0] com.google.android.gms
05-31 22:01:20.958 D/AlarmManager( 1265): overriden alarm callingpackages[0] com.google.android.gms
05-31 22:01:23.958 D/ConnectivityService( 1265): handleInetConditionHoldEnd: net=1, condition=0, published condition=100
05-31 22:01:28.438 D/AlarmManager( 1265): overriden alarm callingpackages[0] com.google.android.gms
05-31 22:01:28.798 I/ActivityManager( 1265): Force stopping package org.dom uid=10068
05-31 22:01:28.798 I/ActivityManager( 1265): Killing proc 6214:org.dom/u0a68: force stop
05-31 22:01:28.798 W/ActivityManager( 1265): Force removing ActivityRecord{411494c8 org.dom/.MainActivity}: app died, no saved state
05-31 22:01:28.818 I/WindowState( 1265): WIN DEATH: Window{414b5af8 org.dom/org.dom.MainActivity paused=false}
05-31 22:01:28.898 I/ActivityManager( 1265): Force stopping package org.dom uid=10068
05-31 22:01:28.948 D/ConnectivityService( 1265): handleInetConditionHoldEnd: net=1, condition=100, published condition=0
05-31 22:01:29.058 D/BackupManagerService( 1265): Received broadcast Intent { act=android.intent.action.PACKAGE_REMOVED dat=package:org.dom flg=0x8000010 (has extras) }
05-31 22:01:29.088 V/BackupManagerService( 1265): removePackageParticipantsLocked: uid=10068 #1
05-31 22:01:29.328 W/InputMethodManagerService( 1265): Got RemoteException sending setActive(false) notification to pid 6214 uid 10068
05-31 22:01:30.718 D/AlarmManager( 1265): overriden alarm callingpackages[0] com.android.vending
05-31 22:01:31.168 W/ActivityManager( 1265): No content provider found for permission revoke: file:///data/local/tmp/questionnaire-debug.apk
