05-31 22:01:31.178 W/ActivityManager( 1265): No content provider found for permission revoke: file:///data/local/tmp/questionnaire-debug.apk
05-31 22:01:31.178 W/PackageManager( 1265): processPendingInstall called
05-31 22:01:31.948 W/ActivityManager( 1265): Permission denied: checkComponentPermission() owningUid=10039
05-31 22:01:31.948 W/ActivityManager( 1265): Permission denied: checkComponentPermission() owningUid=10039
05-31 22:01:31.978 W/ActivityManager( 1265): Permission denied: checkComponentPermission() owningUid=10039
05-31 22:01:31.978 W/ActivityManager( 1265): Permission denied: checkComponentPermission() owningUid=10039
05-31 22:01:32.038 W/ActivityManager( 1265): Permission denied: checkComponentPermission() owningUid=10039
05-31 22:01:32.038 W/ActivityManager( 1265): Permission denied: checkComponentPermission() owningUid=10039
05-31 22:01:32.058 I/ActivityManager( 1265): Force stopping package org.dom uid=10068
05-31 22:01:32.448 D/AlarmManager( 1265): overriden alarm callingpackages[0] com.android.vending
05-31 22:01:32.708 D/BackupManagerService( 1265): Received broadcast Intent { act=android.intent.action.PACKAGE_ADDED dat=package:org.dom flg=0x8000010 (has extras) }
05-31 22:01:32.738 V/BackupManagerService( 1265): addPackageParticipantsLocked: #1
05-31 22:01:33.208 I/ActivityManager( 1265): START {act=android.intent.action.MAIN flg=0x10000000 cmp=org.dom/.MainActivity u=0} from pid 6298
05-31 22:01:33.268 I/ActivityManager( 1265): Start proc org.dom for activity org.dom/.MainActivity: pid=6308 uid=10068 gids={1028}
05-31 22:01:33.538 W/ActivityManager( 1265): Permission denied: checkComponentPermission() owningUid=10039
05-31 22:01:33.538 W/ActivityManager( 1265): Permission denied: checkComponentPermission() owningUid=10039
05-31 22:01:36.018 W/ActivityManager( 1265): Permission denied: checkComponentPermission() owningUid=10039
05-31 22:01:36.018 W/ActivityManager( 1265): Permission denied: checkComponentPermission() owningUid=10039
05-31 22:02:13.808 I/ActivityManager( 1265): Force stopping package org.dom uid=10068
05-31 22:02:13.808 I/ActivityManager( 1265): Killing proc 6308:org.dom/u0a68: force stop
05-31 22:02:13.808 W/ActivityManager( 1265): Force removing ActivityRecord{417447c8 org.dom/.MainActivity}: app died, no saved state
05-31 22:02:13.828 I/WindowState( 1265): WIN DEATH: Window{41175330 org.dom/org.dom.MainActivity paused=false}
05-31 22:02:14.608 I/ActivityManager( 1265): Force stopping package org.dom uid=10068
05-31 22:02:14.738 D/BackupManagerService( 1265): Received broadcast Intent { act=android.intent.action.PACKAGE_REMOVED dat=package:org.dom flg=0x8000010 (has extras) }
05-31 22:02:14.738 V/BackupManagerService( 1265): removePackageParticipantsLocked: uid=10068 #1
--------- beginning of /dev/log/main
05-31 22:02:14.808 W/Service ( 3901): mClassName= com.android.providers.contactstoInt= 1146869735
05-31 22:02:14.808 D/VoicemailCleanupService( 3901): Cleaning up data for package: org.dom
05-31 22:02:14.858 D/dalvikvm( 1265): GC_CONCURRENT freed 1300K, 34% free 11374K/17159K, paused 25ms+9ms, total 157ms
05-31 22:02:14.858 D/dalvikvm( 1265): WAIT_FOR_CONCURRENT_GC blocked 105ms
05-31 22:02:14.888 D/dalvikvm( 1481): GC_CONCURRENT freed 3933K, 43% free 25624K/44935K, paused 20ms+15ms, total 87ms
05-31 22:02:14.898 E/BufferQueue( 1050): [com.android.launcher/com.android.launcher2.Launcher] dequeueBuffer: can't dequeue multiple buffers without setting the buffer count
05-31 22:02:14.968 D/dalvikvm( 1265): GC_EXPLICIT freed 63K, 35% free 11313K/17159K, paused 4ms+8ms, total 113ms
05-31 22:02:14.968 D/dalvikvm( 1265): WAIT_FOR_CONCURRENT_GC blocked 184ms
05-31 22:02:14.968 D/dalvikvm( 1265): WAIT_FOR_CONCURRENT_GC blocked 163ms
05-31 22:02:14.968 D/dalvikvm( 1265): WAIT_FOR_CONCURRENT_GC blocked 174ms
05-31 22:02:14.968 D/dalvikvm( 1265): WAIT_FOR_CONCURRENT_GC blocked 184ms
05-31 22:02:14.968 D/dalvikvm( 1265): WAIT_FOR_CONCURRENT_GC blocked 205ms
05-31 22:02:15.018 W/InputMethodManagerService( 1265): Got RemoteException sending setActive(false) notification to pid 6308 uid 10068
05-31 22:02:15.188 D/dalvikvm( 1265): GC_EXPLICIT freed 351K, 35% free 11261K/17159K, paused 14ms+26ms, total 208ms
05-31 22:02:15.408 D/dalvikvm( 1481): WAIT_FOR_CONCURRENT_GC blocked 0ms
05-31 22:02:15.468 D/dalvikvm( 1481): GC_EXPLICIT freed 438K, 43% free 25693K/44935K, paused 4ms+6ms, total 64ms
05-31 22:02:15.678 I/wpa_supplicant( 1377): [CTRL_IFACE]wlan0: SIGNAL_POLL
05-31 22:02:15.798 D/AndroidRuntime( 6329): Shutting down VM
05-31 22:02:15.798 D/dalvikvm( 6329): GC_CONCURRENT freed 97K, 89% free 451K/4096K, paused 0ms+0ms, total 6ms
05-31 22:02:15.828 W/Service ( 3008): mClassName= com.android.defcontainertoInt= -1613770802
05-31 22:02:15.838 W/Service ( 4520): mClassName= com.android.keychaintoInt= 1500172648
05-31 22:02:15.858 W/Service ( 3946): mClassName= com.android.musicfxtoInt= -917159941
05-31 22:02:15.878 I/InternalIcingCorporaPro( 1939): Updating corpora: APPS=org.dom, CONTACTS=MAYBE
05-31 22:02:15.888 W/Service ( 1939): mClassName= com.google.android.googlequicksearchboxtoInt= -79313952
05-31 22:02:15.908 D/AlarmManager( 1265): overriden alarm callingpackages[0] com.android.vending
05-31 22:02:15.938 D/PackageBroadcastService( 1622): Received broadcast action=android.intent.action.PACKAGE_REMOVED and uri=org.dom
05-31 22:02:15.938 W/Service ( 1622): mClassName= com.google.android.gmstoInt= 400313326
05-31 22:02:15.948 W/Service ( 1622): mClassName= com.google.android.gmstoInt= 400313326
05-31 22:02:15.958 W/Service ( 1622): mClassName= com.google.android.gmstoInt= 400313326
05-31 22:02:15.968 W/Service ( 1622): mClassName= com.google.android.gmstoInt= 400313326
05-31 22:02:15.988 W/Service ( 4542): mClassName= com.google.android.gmstoInt= 400313326
05-31 22:02:15.988 D/Drive.UninstallOperation( 4542): Uninstall org.dom
05-31 22:02:15.988 W/Service ( 1622): mClassName= com.google.android.gmstoInt= 400313326
05-31 22:02:15.988 W/Service ( 1622): mClassName= com.google.android.gmstoInt= 400313326
05-31 22:02:15.998 D/DatabaseModelLoader( 4542): Uninstalled org.dom
05-31 22:02:15.998 I/PeopleContactsSync( 1622): CP2 sync disabled
05-31 22:02:15.998 W/Service ( 1529): mClassName= com.google.android.gmstoInt= 400313326
05-31 22:02:16.028 D/dalvikvm( 1622): GC_CONCURRENT freed 421K, 10% free 7392K/8199K, paused 3ms+6ms, total 78ms
05-31 22:02:16.038 W/Service ( 1622): mClassName= com.google.android.gmstoInt= 400313326
05-31 22:02:16.048 W/Service ( 1529): mClassName= com.google.android.gmstoInt= 400313326
05-31 22:02:16.048 I/Icing   ( 1622): doRemovePackageData org.dom
05-31 22:02:16.048 I/InternalIcingCorporaPro( 1939): UpdateCorporaTask done [took 175 ms] updated apps [took 175 ms] 
05-31 22:02:16.238 D/AL_LIBC ( 6361): pid = 6361
05-31 22:02:16.238 D/appproc ( 6361): Zygote process start...
05-31 22:02:16.238 D/appproc ( 6361): Zygote runtime initialized...
05-31 22:02:16.238 D/AndroidRuntime( 6361): 
05-31 22:02:16.238 D/AndroidRuntime( 6361): >>>>>> AndroidRuntime START com.android.internal.os.RuntimeInit <<<<<<
05-31 22:02:16.238 D/AndroidRuntime( 6361): start vm...
05-31 22:02:16.238 D/AndroidRuntime( 6361): CheckJNI is OFF
05-31 22:02:16.238 D/AndroidRuntime( 6361): JNI_CreateJavaVM start
05-31 22:02:16.248 D/dalvikvm( 6361): Trying to load lib libjavacore.so 0x0
05-31 22:02:16.258 D/dalvikvm( 6361): Added shared lib libjavacore.so 0x0
05-31 22:02:16.268 D/dalvikvm( 6361): Trying to load lib libnativehelper.so 0x0
05-31 22:02:16.268 D/dalvikvm( 6361): Added shared lib libnativehelper.so 0x0
05-31 22:02:16.328 D/AndroidRuntime( 6361): AndroidRuntime VM started
05-31 22:02:16.458 D/ethernet( 6361): Loading ethernet jni class
05-31 22:02:16.478 D/AndroidRuntime( 6361): AndroidRuntime Register natives
05-31 22:02:16.478 D/AndroidRuntime( 6361): AndroidRuntime VM start java main: com.android.internal.os.RuntimeInit
05-31 22:02:16.508 D/AndroidRuntime( 6361): Calling main entry com.android.commands.pm.Pm
05-31 22:02:16.518 W/ActivityManager( 1265): No content provider found for permission revoke: file:///data/local/tmp/questionnaire-debug.apk
05-31 22:02:16.528 W/Service ( 3008): mClassName= com.android.defcontainertoInt= -1613770802
05-31 22:02:16.528 W/ActivityManager( 1265): No content provider found for permission revoke: file:///data/local/tmp/questionnaire-debug.apk
05-31 22:02:16.528 W/PackageManager( 1265): processPendingInstall called
05-31 22:02:16.568 I/PackageManager( 1265): Running dexopt on: org.dom
05-31 22:02:16.668 I/ActivityManager( 1265): Force stopping package org.dom uid=10068
05-31 22:02:16.758 D/PackageManager( 1265): New package installed in /data/app/org.dom-1.apk
05-31 22:02:16.848 D/dalvikvm( 1265): WAIT_FOR_CONCURRENT_GC blocked 0ms
05-31 22:02:16.878 I/InputReader( 1265): Reconfiguring input devices.  changes=0x00000010
05-31 22:02:16.948 W/Service ( 3946): mClassName= com.android.musicfxtoInt= -917159941
05-31 22:02:16.988 I/InternalIcingCorporaPro( 1939): Updating corpora: APPS=org.dom, CONTACTS=MAYBE
05-31 22:02:16.998 W/Service ( 1939): mClassName= com.google.android.googlequicksearchboxtoInt= -79313952
05-31 22:02:17.018 D/AlarmManager( 1265): overriden alarm callingpackages[0] com.android.vending
05-31 22:02:17.048 I/Icing   ( 1622): Indexing 69E6F7C51BF6602660D9BB1A10BEF430F14859E0 from com.google.android.googlequicksearchbox
05-31 22:02:17.118 D/PackageBroadcastService( 1622): Received broadcast action=android.intent.action.PACKAGE_ADDED and uri=org.dom
05-31 22:02:17.138 W/Service ( 1529): mClassName= com.google.android.gmstoInt= 400313326
05-31 22:02:17.148 W/Service ( 1622): mClassName= com.google.android.gmstoInt= 400313326
05-31 22:02:17.168 W/Service ( 1622): mClassName= com.google.android.gmstoInt= 400313326
05-31 22:02:17.178 W/Service ( 1622): mClassName= com.google.android.gmstoInt= 400313326
05-31 22:02:17.178 D/dalvikvm( 1265): GC_EXPLICIT freed 1115K, 34% free 11393K/17159K, paused 3ms+13ms, total 334ms
05-31 22:02:17.178 D/PackageManager( 1265): generateServicesMap(android.accounts.AccountAuthenticator): 9 services unchanged
05-31 22:02:17.188 D/AndroidRuntime( 6361): Shutting down VM
05-31 22:02:17.188 I/PeopleContactsSync( 1622): CP2 sync disabled
05-31 22:02:17.198 D/dalvikvm( 6361): GC_CONCURRENT freed 98K, 89% free 454K/4096K, paused 1ms+1ms, total 7ms
05-31 22:02:17.198 I/Icing   ( 1622): Not enough disk space for indexing trimmable
05-31 22:02:17.198 W/ActivityManager( 1265): Permission denied: checkComponentPermission() owningUid=10039
05-31 22:02:17.198 W/ActivityManager( 1265): Permission denied: checkComponentPermission() owningUid=10039
05-31 22:02:17.208 W/Service ( 1622): mClassName= com.google.android.gmstoInt= 400313326
05-31 22:02:17.258 W/ActivityManager( 1265): Permission denied: checkComponentPermission() owningUid=10039
05-31 22:02:17.258 W/ActivityManager( 1265): Permission denied: checkComponentPermission() owningUid=10039
05-31 22:02:17.278 D/PackageManager( 1265): generateServicesMap(android.content.SyncAdapter): 19 services unchanged
05-31 22:02:17.278 D/BackupManagerService( 1265): Received broadcast Intent { act=android.intent.action.PACKAGE_ADDED dat=package:org.dom flg=0x8000010 (has extras) }
05-31 22:02:17.318 W/InternalIcingCorporaPro( 1939): Table change notification failed for TableStorageSpec[applications]
05-31 22:02:17.318 I/InternalIcingCorporaPro( 1939): UpdateCorporaTask done [took 331 ms] updated apps [took 331 ms] 
05-31 22:02:17.318 V/BackupManagerService( 1265): addPackageParticipantsLocked: #1
05-31 22:02:17.328 I/Icing   ( 1622): Not enough disk space for indexing trimmable
05-31 22:02:17.328 W/ActivityManager( 1265): Permission denied: checkComponentPermission() owningUid=10039
05-31 22:02:17.328 W/ActivityManager( 1265): Permission denied: checkComponentPermission() owningUid=10039
05-31 22:02:17.358 I/Icing   ( 1622): Indexing done 69E6F7C51BF6602660D9BB1A10BEF430F14859E0
05-31 22:02:17.368 W/Service ( 1622): mClassName= com.google.android.gmstoInt= 400313326
05-31 22:02:17.378 D/dalvikvm( 1939): GC_CONCURRENT freed 454K, 11% free 7770K/8647K, paused 2ms+3ms, total 33ms
05-31 22:02:17.618 D/AL_LIBC ( 6385): pid = 6385
05-31 22:02:17.618 D/appproc ( 6385): Zygote process start...
05-31 22:02:17.618 D/appproc ( 6385): Zygote runtime initialized...
05-31 22:02:17.618 D/AndroidRuntime( 6385): 
05-31 22:02:17.618 D/AndroidRuntime( 6385): >>>>>> AndroidRuntime START com.android.internal.os.RuntimeInit <<<<<<
05-31 22:02:17.618 D/AndroidRuntime( 6385): start vm...
05-31 22:02:17.618 D/AndroidRuntime( 6385): CheckJNI is OFF
05-31 22:02:17.618 D/AndroidRuntime( 6385): JNI_CreateJavaVM start
05-31 22:02:17.628 D/dalvikvm( 6385): Trying to load lib libjavacore.so 0x0
05-31 22:02:17.638 D/dalvikvm( 6385): Added shared lib libjavacore.so 0x0
05-31 22:02:17.648 D/dalvikvm( 6385): Trying to load lib libnativehelper.so 0x0
05-31 22:02:17.648 D/dalvikvm( 6385): Added shared lib libnativehelper.so 0x0
05-31 22:02:17.718 D/AndroidRuntime( 6385): AndroidRuntime VM started
05-31 22:02:17.838 D/ethernet( 6385): Loading ethernet jni class
05-31 22:02:17.868 D/AndroidRuntime( 6385): AndroidRuntime Register natives
05-31 22:02:17.868 D/AndroidRuntime( 6385): AndroidRuntime VM start java main: com.android.internal.os.RuntimeInit
05-31 22:02:17.898 D/AndroidRuntime( 6385): Calling main entry com.android.commands.am.Am
05-31 22:02:17.908 I/ActivityManager( 1265): START {act=android.intent.action.MAIN flg=0x10000000 cmp=org.dom/.MainActivity u=0} from pid 6385
05-31 22:02:17.938 D/AndroidRuntime( 6385): Shutting down VM
05-31 22:02:17.958 D/dalvikvm( 6385): GC_CONCURRENT freed 98K, 89% free 485K/4096K, paused 1ms+1ms, total 11ms
05-31 22:02:17.958 D/dalvikvm( 6395): Late-enabling CheckJNI
05-31 22:02:17.968 I/ActivityManager( 1265): Start proc org.dom for activity org.dom/.MainActivity: pid=6395 uid=10068 gids={1028}
05-31 22:02:17.998 E/Trace   ( 6395): error opening trace file: No such file or directory (2)
05-31 22:02:18.178 D/libEGL  ( 6395): loaded /system/lib/egl/libEGL_VIVANTE.so
05-31 22:02:18.188 D/libEGL  ( 6395): loaded /system/lib/egl/libGLESv1_CM_VIVANTE.so
05-31 22:02:18.198 D/libEGL  ( 6395): loaded /system/lib/egl/libGLESv2_VIVANTE.so
05-31 22:02:18.238 E/BufferQueue( 1050): [org.dom/org.dom.MainActivity] dequeueBuffer: can't dequeue multiple buffers without setting the buffer count
05-31 22:02:18.268 D/OpenGLRenderer( 6395): Enabling debug mode 0
05-31 22:02:18.368 I/ActivityManager( 1265): Displayed org.dom/.MainActivity: +430ms
05-31 22:02:18.688 I/wpa_supplicant( 1377): [CTRL_IFACE]wlan0: SIGNAL_POLL
05-31 22:02:21.688 I/wpa_supplicant( 1377): [CTRL_IFACE]wlan0: SIGNAL_POLL
05-31 22:02:22.158 W/Service ( 1529): mClassName= com.google.android.gmstoInt= 400313326
05-31 22:02:22.328 W/Service ( 1622): mClassName= com.google.android.gmstoInt= 400313326
05-31 22:02:22.888 I/ActivityManager( 1265): START {cmp=org.dom/.SelectActivity u=0} from pid 6395
05-31 22:02:23.038 E/BufferQueue( 1050): [org.dom/org.dom.SelectActivity] dequeueBuffer: can't dequeue multiple buffers without setting the buffer count
05-31 22:02:23.058 D/dalvikvm( 1454): WAIT_FOR_CONCURRENT_GC blocked 0ms
05-31 22:02:23.128 D/dalvikvm( 1454): GC_EXPLICIT freed 139K, 12% free 7506K/8519K, paused 6ms+4ms, total 63ms
05-31 22:02:23.178 W/ResourceType( 1265): Skipping entry 0x7f040001 in package table 0 because it is not complex!
05-31 22:02:23.178 I/ActivityManager( 1265): Displayed org.dom/.SelectActivity: +262ms
05-31 22:02:23.178 W/ResourceType( 1265): Skipping entry 0x7f040002 in package table 0 because it is not complex!
05-31 22:02:24.688 I/wpa_supplicant( 1377): [CTRL_IFACE]wlan0: SIGNAL_POLL
05-31 22:02:27.698 I/wpa_supplicant( 1377): [CTRL_IFACE]wlan0: SIGNAL_POLL
05-31 22:02:30.698 I/wpa_supplicant( 1377): [CTRL_IFACE]wlan0: SIGNAL_POLL
05-31 22:02:32.038 W/Service ( 2114): mClassName= com.android.vendingtoInt= 1483848391
05-31 22:02:32.158 D/dalvikvm( 2114): GC_CONCURRENT freed 1194K, 16% free 9850K/11719K, paused 3ms+4ms, total 53ms
05-31 22:02:32.178 D/Finsky  ( 2114): [1] 5.onFinished: Installation state replication succeeded.
05-31 22:02:32.178 W/Service ( 2114): mClassName= com.android.vendingtoInt= 1483848391
05-31 22:02:33.708 I/wpa_supplicant( 1377): [CTRL_IFACE]wlan0: SIGNAL_POLL
05-31 22:02:36.708 I/wpa_supplicant( 1377): [CTRL_IFACE]wlan0: SIGNAL_POLL
05-31 22:02:39.408 E/BufferQueue( 1050): [] dequeueBuffer: can't dequeue multiple buffers without setting the buffer count
05-31 22:02:39.428 D/dalvikvm( 6395): GC_CONCURRENT freed 154K, 7% free 6326K/6791K, paused 12ms+5ms, total 58ms
05-31 22:02:39.708 I/wpa_supplicant( 1377): [CTRL_IFACE]wlan0: SIGNAL_POLL
05-31 22:02:42.718 I/wpa_supplicant( 1377): [CTRL_IFACE]wlan0: SIGNAL_POLL
05-31 22:02:45.718 I/wpa_supplicant( 1377): [CTRL_IFACE]wlan0: SIGNAL_POLL
05-31 22:02:48.728 I/wpa_supplicant( 1377): [CTRL_IFACE]wlan0: SIGNAL_POLL
05-31 22:02:51.738 I/wpa_supplicant( 1377): [CTRL_IFACE]wlan0: SIGNAL_POLL
05-31 22:02:54.738 I/wpa_supplicant( 1377): [CTRL_IFACE]wlan0: SIGNAL_POLL
05-31 22:02:57.748 I/wpa_supplicant( 1377): [CTRL_IFACE]wlan0: SIGNAL_POLL
05-31 22:03:00.748 I/wpa_supplicant( 1377): [CTRL_IFACE]wlan0: SIGNAL_POLL
05-31 22:03:03.758 I/wpa_supplicant( 1377): [CTRL_IFACE]wlan0: SIGNAL_POLL
05-31 22:03:06.758 I/wpa_supplicant( 1377): [CTRL_IFACE]wlan0: SIGNAL_POLL
05-31 22:03:09.768 I/wpa_supplicant( 1377): [CTRL_IFACE]wlan0: SIGNAL_POLL
05-31 22:03:12.768 I/wpa_supplicant( 1377): [CTRL_IFACE]wlan0: SIGNAL_POLL
05-31 22:03:15.778 I/wpa_supplicant( 1377): [CTRL_IFACE]wlan0: SIGNAL_POLL
05-31 22:03:18.778 I/wpa_supplicant( 1377): [CTRL_IFACE]wlan0: SIGNAL_POLL
05-31 22:03:21.788 I/wpa_supplicant( 1377): [CTRL_IFACE]wlan0: SIGNAL_POLL
05-31 22:03:23.288 D/AL_LIBC ( 6417): pid = 6417
05-31 22:03:23.288 D/appproc ( 6417): Zygote process start...
05-31 22:03:23.288 D/appproc ( 6417): Zygote runtime initialized...
05-31 22:03:23.288 D/AndroidRuntime( 6417): 
05-31 22:03:23.288 D/AndroidRuntime( 6417): >>>>>> AndroidRuntime START com.android.internal.os.RuntimeInit <<<<<<
05-31 22:03:23.288 D/AndroidRuntime( 6417): start vm...
05-31 22:03:23.288 D/AndroidRuntime( 6417): CheckJNI is OFF
05-31 22:03:23.288 D/AndroidRuntime( 6417): JNI_CreateJavaVM start
05-31 22:03:23.298 D/dalvikvm( 6417): Trying to load lib libjavacore.so 0x0
05-31 22:03:23.308 D/dalvikvm( 6417): Added shared lib libjavacore.so 0x0
05-31 22:03:23.318 D/dalvikvm( 6417): Trying to load lib libnativehelper.so 0x0
05-31 22:03:23.318 D/dalvikvm( 6417): Added shared lib libnativehelper.so 0x0
05-31 22:03:23.368 D/AndroidRuntime( 6417): AndroidRuntime VM started
05-31 22:03:23.498 D/ethernet( 6417): Loading ethernet jni class
05-31 22:03:23.528 D/AndroidRuntime( 6417): AndroidRuntime Register natives
05-31 22:03:23.528 D/AndroidRuntime( 6417): AndroidRuntime VM start java main: com.android.internal.os.RuntimeInit
05-31 22:03:23.548 D/AndroidRuntime( 6417): Calling main entry com.android.commands.pm.Pm
05-31 22:03:23.548 I/PackageManager( 1265): Removing non-system package:org.dom
05-31 22:03:23.548 I/ActivityManager( 1265): Force stopping package org.dom uid=10068
05-31 22:03:23.548 I/ActivityManager( 1265): Killing proc 6395:org.dom/u0a68: force stop
05-31 22:03:23.558 W/ActivityManager( 1265): Force removing ActivityRecord{41945c28 org.dom/.SelectActivity}: app died, no saved state
05-31 22:03:23.568 I/ActivityManager( 1265):   Force finishing activity ActivityRecord{41176f60 org.dom/.MainActivity}
05-31 22:03:23.578 I/WindowState( 1265): WIN DEATH: Window{41624570 org.dom/org.dom.SelectActivity paused=false}
05-31 22:03:23.588 I/WindowState( 1265): WIN DEATH: Window{416df980  paused=false}
05-31 22:03:23.588 I/WindowState( 1265): WIN DEATH: Window{4161ed70 org.dom/org.dom.MainActivity paused=true}
05-31 22:03:23.688 I/ActivityManager( 1265): Force stopping package org.dom uid=10068
05-31 22:03:23.698 D/dalvikvm( 1939): WAIT_FOR_CONCURRENT_GC blocked 0ms
05-31 22:03:23.718 D/dalvikvm( 3901): WAIT_FOR_CONCURRENT_GC blocked 0ms
05-31 22:03:23.788 D/dalvikvm( 1939): GC_EXPLICIT freed 15K, 11% free 7755K/8647K, paused 3ms+5ms, total 92ms
05-31 22:03:23.808 I/InputReader( 1265): Reconfiguring input devices.  changes=0x00000010
05-31 22:03:23.828 D/dalvikvm( 1481): GC_FOR_ALLOC freed 1183K, 43% free 25860K/44935K, paused 132ms, total 142ms
05-31 22:03:23.838 D/PackageManager( 1265): generateServicesMap(android.accounts.AccountAuthenticator): 9 services unchanged
05-31 22:03:23.838 D/dalvikvm( 3901): GC_EXPLICIT freed 375K, 10% free 6356K/7047K, paused 4ms+24ms, total 117ms
05-31 22:03:23.858 I/dalvikvm-heap( 1481): Grow heap (frag case) to 29.168MB for 3850256-byte allocation
05-31 22:03:23.888 D/dalvikvm( 1265): GC_CONCURRENT freed 1343K, 34% free 11394K/17159K, paused 13ms+10ms, total 224ms
05-31 22:03:23.888 D/dalvikvm( 1265): WAIT_FOR_CONCURRENT_GC blocked 39ms
05-31 22:03:23.888 D/dalvikvm( 1265): WAIT_FOR_CONCURRENT_GC blocked 39ms
05-31 22:03:23.898 D/dalvikvm( 1265): WAIT_FOR_CONCURRENT_GC blocked 40ms
05-31 22:03:23.898 D/dalvikvm( 1265): WAIT_FOR_CONCURRENT_GC blocked 44ms
05-31 22:03:23.898 D/PackageManager( 1265): generateServicesMap(android.content.SyncAdapter): 19 services unchanged
05-31 22:03:23.898 D/dalvikvm( 1265): WAIT_FOR_CONCURRENT_GC blocked 47ms
05-31 22:03:23.898 D/dalvikvm( 1265): WAIT_FOR_CONCURRENT_GC blocked 0ms
05-31 22:03:23.898 D/BackupManagerService( 1265): Received broadcast Intent { act=android.intent.action.PACKAGE_REMOVED dat=package:org.dom flg=0x8000010 (has extras) }
05-31 22:03:23.898 V/BackupManagerService( 1265): removePackageParticipantsLocked: uid=10068 #1
05-31 22:03:23.918 D/dalvikvm( 1481): GC_FOR_ALLOC freed 88K, 35% free 29532K/44935K, paused 60ms, total 60ms
05-31 22:03:23.948 W/Service ( 3901): mClassName= com.android.providers.contactstoInt= 1146869735
05-31 22:03:23.948 D/VoicemailCleanupService( 3901): Cleaning up data for package: org.dom
05-31 22:03:23.988 D/dalvikvm( 1481): GC_CONCURRENT freed 130K, 35% free 29403K/44935K, paused 13ms+5ms, total 69ms
05-31 22:03:24.018 E/BufferQueue( 1050): [com.android.launcher/com.android.launcher2.Launcher] dequeueBuffer: can't dequeue multiple buffers without setting the buffer count
05-31 22:03:24.038 W/InputMethodManagerService( 1265): Got RemoteException sending setActive(false) notification to pid 6395 uid 10068
05-31 22:03:24.138 D/dalvikvm( 1265): GC_EXPLICIT freed 519K, 35% free 11302K/17159K, paused 21ms+20ms, total 237ms
05-31 22:03:24.138 D/dalvikvm( 1265): WAIT_FOR_CONCURRENT_GC blocked 219ms
05-31 22:03:24.238 D/dalvikvm( 1265): GC_EXPLICIT freed 76K, 35% free 11257K/17159K, paused 5ms+9ms, total 103ms
05-31 22:03:24.458 D/dalvikvm( 1481): WAIT_FOR_CONCURRENT_GC blocked 0ms
05-31 22:03:24.528 D/dalvikvm( 1481): GC_EXPLICIT freed 4230K, 43% free 25694K/44935K, paused 5ms+10ms, total 65ms
05-31 22:03:24.748 D/AndroidRuntime( 6417): Shutting down VM
05-31 22:03:24.748 D/dalvikvm( 6417): GC_CONCURRENT freed 97K, 89% free 451K/4096K, paused 1ms+1ms, total 6ms
05-31 22:03:24.768 W/Service ( 3008): mClassName= com.android.defcontainertoInt= -1613770802
05-31 22:03:24.778 W/Service ( 4520): mClassName= com.android.keychaintoInt= 1500172648
05-31 22:03:24.778 W/Service ( 3946): mClassName= com.android.musicfxtoInt= -917159941
05-31 22:03:24.788 I/wpa_supplicant( 1377): [CTRL_IFACE]wlan0: SIGNAL_POLL
05-31 22:03:24.798 I/InternalIcingCorporaPro( 1939): Updating corpora: APPS=org.dom, CONTACTS=MAYBE
05-31 22:03:24.808 W/Service ( 1939): mClassName= com.google.android.googlequicksearchboxtoInt= -79313952
05-31 22:03:24.848 D/AlarmManager( 1265): overriden alarm callingpackages[0] com.android.vending
05-31 22:03:24.868 W/Service ( 1622): mClassName= com.google.android.gmstoInt= 400313326
05-31 22:03:24.898 W/Service ( 1622): mClassName= com.google.android.gmstoInt= 400313326
05-31 22:03:24.918 W/Service ( 1622): mClassName= com.google.android.gmstoInt= 400313326
05-31 22:03:24.918 D/PackageBroadcastService( 1622): Received broadcast action=android.intent.action.PACKAGE_REMOVED and uri=org.dom
05-31 22:03:24.928 W/Service ( 1529): mClassName= com.google.android.gmstoInt= 400313326
05-31 22:03:24.938 D/Drive.UninstallOperation( 4542): Uninstall org.dom
05-31 22:03:24.938 D/DatabaseModelLoader( 4542): Uninstalled org.dom
05-31 22:03:24.948 W/Service ( 4542): mClassName= com.google.android.gmstoInt= 400313326
05-31 22:03:24.948 W/Service ( 1529): mClassName= com.google.android.gmstoInt= 400313326
05-31 22:03:24.978 W/Service ( 1622): mClassName= com.google.android.gmstoInt= 400313326
05-31 22:03:24.988 W/Service ( 1622): mClassName= com.google.android.gmstoInt= 400313326
05-31 22:03:24.988 W/Service ( 1622): mClassName= com.google.android.gmstoInt= 400313326
05-31 22:03:24.998 I/PeopleContactsSync( 1622): CP2 sync disabled
05-31 22:03:24.998 I/Icing   ( 1622): doRemovePackageData org.dom
05-31 22:03:24.998 I/InternalIcingCorporaPro( 1939): UpdateCorporaTask done [took 203 ms] updated apps [took 203 ms] 
05-31 22:03:25.018 W/Service ( 1622): mClassName= com.google.android.gmstoInt= 400313326
05-31 22:03:25.198 D/AL_LIBC ( 6449): pid = 6449
05-31 22:03:25.198 D/appproc ( 6449): Zygote process start...
05-31 22:03:25.198 D/appproc ( 6449): Zygote runtime initialized...
05-31 22:03:25.198 D/AndroidRuntime( 6449): 
05-31 22:03:25.198 D/AndroidRuntime( 6449): >>>>>> AndroidRuntime START com.android.internal.os.RuntimeInit <<<<<<
05-31 22:03:25.198 D/AndroidRuntime( 6449): start vm...
05-31 22:03:25.198 D/AndroidRuntime( 6449): CheckJNI is OFF
05-31 22:03:25.198 D/AndroidRuntime( 6449): JNI_CreateJavaVM start
05-31 22:03:25.208 D/dalvikvm( 6449): Trying to load lib libjavacore.so 0x0
05-31 22:03:25.218 D/dalvikvm( 6449): Added shared lib libjavacore.so 0x0
05-31 22:03:25.228 D/dalvikvm( 6449): Trying to load lib libnativehelper.so 0x0
05-31 22:03:25.228 D/dalvikvm( 6449): Added shared lib libnativehelper.so 0x0
05-31 22:03:25.278 D/AndroidRuntime( 6449): AndroidRuntime VM started
05-31 22:03:25.418 D/ethernet( 6449): Loading ethernet jni class
05-31 22:03:25.438 D/AndroidRuntime( 6449): AndroidRuntime Register natives
05-31 22:03:25.438 D/AndroidRuntime( 6449): AndroidRuntime VM start java main: com.android.internal.os.RuntimeInit
05-31 22:03:25.468 D/AndroidRuntime( 6449): Calling main entry com.android.commands.pm.Pm
05-31 22:03:25.478 W/ActivityManager( 1265): No content provider found for permission revoke: file:///data/local/tmp/questionnaire-debug.apk
05-31 22:03:25.488 W/Service ( 3008): mClassName= com.android.defcontainertoInt= -1613770802
05-31 22:03:25.488 W/ActivityManager( 1265): No content provider found for permission revoke: file:///data/local/tmp/questionnaire-debug.apk
05-31 22:03:25.488 W/PackageManager( 1265): processPendingInstall called
05-31 22:03:25.998 I/Icing   ( 1622): Indexing 69E6F7C51BF6602660D9BB1A10BEF430F14859E0 from com.google.android.googlequicksearchbox
05-31 22:03:26.038 D/dalvikvm( 1622): GC_CONCURRENT freed 524K, 11% free 7374K/8263K, paused 2ms+4ms, total 31ms
05-31 22:03:26.238 I/Icing   ( 1622): Not enough disk space for indexing trimmable
05-31 22:03:26.238 I/PackageManager( 1265): Running dexopt on: org.dom
05-31 22:03:26.238 W/ActivityManager( 1265): Permission denied: checkComponentPermission() owningUid=10039
05-31 22:03:26.238 W/ActivityManager( 1265): Permission denied: checkComponentPermission() owningUid=10039
05-31 22:03:26.288 I/Icing   ( 1622): Not enough disk space for indexing trimmable
05-31 22:03:26.288 W/ActivityManager( 1265): Permission denied: checkComponentPermission() owningUid=10039
05-31 22:03:26.288 W/ActivityManager( 1265): Permission denied: checkComponentPermission() owningUid=10039
05-31 22:03:26.308 I/Icing   ( 1622): Indexing done 69E6F7C51BF6602660D9BB1A10BEF430F14859E0
05-31 22:03:26.308 W/Service ( 1622): mClassName= com.google.android.gmstoInt= 400313326
05-31 22:03:26.348 I/ActivityManager( 1265): Force stopping package org.dom uid=10068
05-31 22:03:26.498 D/PackageManager( 1265): New package installed in /data/app/org.dom-1.apk
05-31 22:03:26.648 D/dalvikvm( 1265): WAIT_FOR_CONCURRENT_GC blocked 0ms
05-31 22:03:26.668 I/InputReader( 1265): Reconfiguring input devices.  changes=0x00000010
05-31 22:03:26.738 W/Service ( 3946): mClassName= com.android.musicfxtoInt= -917159941
05-31 22:03:26.828 W/Service ( 1939): mClassName= com.google.android.googlequicksearchboxtoInt= -79313952
05-31 22:03:26.828 I/InternalIcingCorporaPro( 1939): Updating corpora: APPS=org.dom, CONTACTS=MAYBE
05-31 22:03:26.828 D/dalvikvm( 1265): JIT code cache reset in 5 ms (1048572 bytes 2/0)
05-31 22:03:26.838 D/dalvikvm( 1265): GC_EXPLICIT freed 1016K, 35% free 11313K/17159K, paused 3ms+17ms, total 190ms
05-31 22:03:26.838 D/AndroidRuntime( 6449): Shutting down VM
05-31 22:03:26.848 D/dalvikvm( 6449): GC_CONCURRENT freed 98K, 89% free 454K/4096K, paused 0ms+0ms, total 6ms
05-31 22:03:26.958 D/dalvikvm( 1939): GC_CONCURRENT freed 434K, 11% free 7771K/8647K, paused 2ms+2ms, total 32ms
05-31 22:03:26.978 W/Service ( 1622): mClassName= com.google.android.gmstoInt= 400313326
05-31 22:03:27.088 W/Service ( 1529): mClassName= com.google.android.gmstoInt= 400313326
05-31 22:03:27.088 D/AlarmManager( 1265): overriden alarm callingpackages[0] com.android.vending
05-31 22:03:27.108 D/PackageManager( 1265): generateServicesMap(android.accounts.AccountAuthenticator): 9 services unchanged
05-31 22:03:27.138 I/InternalIcingCorporaPro( 1939): UpdateCorporaTask done [took 317 ms] updated apps [took 317 ms] 
05-31 22:03:27.178 D/PackageBroadcastService( 1622): Received broadcast action=android.intent.action.PACKAGE_ADDED and uri=org.dom
05-31 22:03:27.188 W/Service ( 1622): mClassName= com.google.android.gmstoInt= 400313326
05-31 22:03:27.238 W/Service ( 1622): mClassName= com.google.android.gmstoInt= 400313326
05-31 22:03:27.248 D/PackageManager( 1265): generateServicesMap(android.content.SyncAdapter): 19 services unchanged
05-31 22:03:27.258 W/Service ( 1622): mClassName= com.google.android.gmstoInt= 400313326
05-31 22:03:27.258 I/PeopleContactsSync( 1622): CP2 sync disabled
05-31 22:03:27.258 D/BackupManagerService( 1265): Received broadcast Intent { act=android.intent.action.PACKAGE_ADDED dat=package:org.dom flg=0x8000010 (has extras) }
05-31 22:03:27.308 W/Service ( 1622): mClassName= com.google.android.gmstoInt= 400313326
05-31 22:03:27.328 V/BackupManagerService( 1265): addPackageParticipantsLocked: #1
05-31 22:03:27.348 D/AL_LIBC ( 6470): pid = 6470
05-31 22:03:27.358 D/appproc ( 6470): Zygote process start...
05-31 22:03:27.358 D/appproc ( 6470): Zygote runtime initialized...
05-31 22:03:27.358 D/AndroidRuntime( 6470): 
05-31 22:03:27.358 D/AndroidRuntime( 6470): >>>>>> AndroidRuntime START com.android.internal.os.RuntimeInit <<<<<<
05-31 22:03:27.358 D/AndroidRuntime( 6470): start vm...
05-31 22:03:27.358 D/AndroidRuntime( 6470): CheckJNI is OFF
05-31 22:03:27.358 D/AndroidRuntime( 6470): JNI_CreateJavaVM start
05-31 22:03:27.368 D/dalvikvm( 6470): Trying to load lib libjavacore.so 0x0
05-31 22:03:27.378 D/dalvikvm( 6470): Added shared lib libjavacore.so 0x0
05-31 22:03:27.388 D/dalvikvm( 6470): Trying to load lib libnativehelper.so 0x0
05-31 22:03:27.388 D/dalvikvm( 6470): Added shared lib libnativehelper.so 0x0
05-31 22:03:27.458 D/AndroidRuntime( 6470): AndroidRuntime VM started
05-31 22:03:27.598 D/ethernet( 6470): Loading ethernet jni class
05-31 22:03:27.628 D/AndroidRuntime( 6470): AndroidRuntime Register natives
05-31 22:03:27.628 D/AndroidRuntime( 6470): AndroidRuntime VM start java main: com.android.internal.os.RuntimeInit
05-31 22:03:27.648 D/AndroidRuntime( 6470): Calling main entry com.android.commands.am.Am
05-31 22:03:27.658 I/ActivityManager( 1265): START {act=android.intent.action.MAIN flg=0x10000000 cmp=org.dom/.MainActivity u=0} from pid 6470
05-31 22:03:27.698 D/AndroidRuntime( 6470): Shutting down VM
05-31 22:03:27.708 D/dalvikvm( 6470): GC_CONCURRENT freed 98K, 89% free 485K/4096K, paused 1ms+1ms, total 10ms
05-31 22:03:27.728 D/dalvikvm( 6483): Late-enabling CheckJNI
05-31 22:03:27.728 I/ActivityManager( 1265): Start proc org.dom for activity org.dom/.MainActivity: pid=6483 uid=10068 gids={1028}
05-31 22:03:27.798 I/wpa_supplicant( 1377): [CTRL_IFACE]wlan0: SIGNAL_POLL
05-31 22:03:27.798 E/Trace   ( 6483): error opening trace file: No such file or directory (2)
05-31 22:03:27.978 D/libEGL  ( 6483): loaded /system/lib/egl/libEGL_VIVANTE.so
05-31 22:03:27.988 D/libEGL  ( 6483): loaded /system/lib/egl/libGLESv1_CM_VIVANTE.so
05-31 22:03:27.998 D/libEGL  ( 6483): loaded /system/lib/egl/libGLESv2_VIVANTE.so
05-31 22:03:28.058 E/BufferQueue( 1050): [org.dom/org.dom.MainActivity] dequeueBuffer: can't dequeue multiple buffers without setting the buffer count
05-31 22:03:28.088 D/OpenGLRenderer( 6483): Enabling debug mode 0
05-31 22:03:28.138 I/Icing   ( 1622): Indexing 69E6F7C51BF6602660D9BB1A10BEF430F14859E0 from com.google.android.googlequicksearchbox
05-31 22:03:28.148 I/Icing   ( 1622): Not enough disk space for indexing trimmable
05-31 22:03:28.158 W/ActivityManager( 1265): Permission denied: checkComponentPermission() owningUid=10039
05-31 22:03:28.158 W/ActivityManager( 1265): Permission denied: checkComponentPermission() owningUid=10039
05-31 22:03:28.228 I/ActivityManager( 1265): Displayed org.dom/.MainActivity: +523ms
05-31 22:03:28.258 I/Icing   ( 1622): Not enough disk space for indexing trimmable
05-31 22:03:28.258 W/ActivityManager( 1265): Permission denied: checkComponentPermission() owningUid=10039
05-31 22:03:28.258 W/ActivityManager( 1265): Permission denied: checkComponentPermission() owningUid=10039
05-31 22:03:28.288 W/ActivityManager( 1265): Permission denied: checkComponentPermission() owningUid=10039
05-31 22:03:28.288 W/ActivityManager( 1265): Permission denied: checkComponentPermission() owningUid=10039
05-31 22:03:28.298 I/Icing   ( 1622): Indexing done 69E6F7C51BF6602660D9BB1A10BEF430F14859E0
05-31 22:03:28.318 W/Service ( 1622): mClassName= com.google.android.gmstoInt= 400313326
05-31 22:03:28.678 I/wpa_supplicant( 1377): [CTRL_IFACE]wlan0: AP_SCAN 2
05-31 22:03:28.678 I/wpa_supplicant( 1377): [CTRL_IFACE]wlan0: SCAN
05-31 22:03:28.678 D/AlarmManager( 1265): overriden alarm callingpackages[0] com.google.android.gms
05-31 22:03:28.678 D/AlarmManager( 1265): overriden alarm callingpackages[0] com.google.android.gms
05-31 22:03:30.048 I/wpa_supplicant( 1377): [CTRL_IFACE]wlan0: AP_SCAN 1
05-31 22:03:30.048 I/wpa_supplicant( 1377): [CTRL_IFACE]wlan0: SCAN_RESULTS
05-31 22:03:30.068 D/AlarmManager( 1265): overriden alarm callingpackages[0] com.google.android.gms
05-31 22:03:30.118 D/dalvikvm( 1265): WAIT_FOR_CONCURRENT_GC blocked 0ms
05-31 22:03:30.138 D/dalvikvm( 1750): GC_CONCURRENT freed 509K, 12% free 7275K/8199K, paused 2ms+3ms, total 36ms
05-31 22:03:30.138 D/dalvikvm( 1750): WAIT_FOR_CONCURRENT_GC blocked 21ms
05-31 22:03:30.218 D/dalvikvm( 1265): GC_EXPLICIT freed 696K, 34% free 11457K/17159K, paused 5ms+8ms, total 95ms
05-31 22:03:30.228 D/AlarmManager( 1265): overriden alarm callingpackages[0] com.google.android.gms
05-31 22:03:30.798 I/wpa_supplicant( 1377): [CTRL_IFACE]wlan0: SIGNAL_POLL
05-31 22:03:32.088 W/Service ( 1529): mClassName= com.google.android.gmstoInt= 400313326
05-31 22:03:32.148 W/Service ( 1622): mClassName= com.google.android.gmstoInt= 400313326
05-31 22:03:33.798 I/wpa_supplicant( 1377): [CTRL_IFACE]wlan0: SIGNAL_POLL
05-31 22:03:36.808 I/wpa_supplicant( 1377): [CTRL_IFACE]wlan0: SIGNAL_POLL
05-31 22:03:39.808 I/wpa_supplicant( 1377): [CTRL_IFACE]wlan0: SIGNAL_POLL
05-31 22:03:42.068 W/Service ( 2114): mClassName= com.android.vendingtoInt= 1483848391
05-31 22:03:42.178 D/Finsky  ( 2114): [1] 5.onFinished: Installation state replication succeeded.
05-31 22:03:42.188 W/Service ( 2114): mClassName= com.android.vendingtoInt= 1483848391
05-31 22:03:42.818 I/wpa_supplicant( 1377): [CTRL_IFACE]wlan0: SIGNAL_POLL
05-31 22:03:45.828 I/wpa_supplicant( 1377): [CTRL_IFACE]wlan0: SIGNAL_POLL
05-31 22:03:48.828 I/wpa_supplicant( 1377): [CTRL_IFACE]wlan0: SIGNAL_POLL
05-31 22:03:51.838 I/wpa_supplicant( 1377): [CTRL_IFACE]wlan0: SIGNAL_POLL
05-31 22:03:54.838 I/wpa_supplicant( 1377): [CTRL_IFACE]wlan0: SIGNAL_POLL
05-31 22:03:57.848 I/wpa_supplicant( 1377): [CTRL_IFACE]wlan0: SIGNAL_POLL
05-31 22:04:00.848 I/wpa_supplicant( 1377): [CTRL_IFACE]wlan0: SIGNAL_POLL
05-31 22:04:03.858 I/wpa_supplicant( 1377): [CTRL_IFACE]wlan0: SIGNAL_POLL
05-31 22:04:06.858 I/wpa_supplicant( 1377): [CTRL_IFACE]wlan0: SIGNAL_POLL
05-31 22:04:09.868 I/wpa_supplicant( 1377): [CTRL_IFACE]wlan0: SIGNAL_POLL
05-31 22:04:12.878 I/wpa_supplicant( 1377): [CTRL_IFACE]wlan0: SIGNAL_POLL
05-31 22:04:15.878 I/wpa_supplicant( 1377): [CTRL_IFACE]wlan0: SIGNAL_POLL
05-31 22:04:16.518 I/BluetoothService( 1265): ACTION_BATTERY_CHANGED pluggedType: 2
05-31 22:04:16.518 D/EthernetService( 1265): Intent.ACTION_BATTERY_CHANGED
05-31 22:04:18.888 I/wpa_supplicant( 1377): [CTRL_IFACE]wlan0: SIGNAL_POLL
05-31 22:04:21.898 I/wpa_supplicant( 1377): [CTRL_IFACE]wlan0: SIGNAL_POLL
05-31 22:04:24.898 I/wpa_supplicant( 1377): [CTRL_IFACE]wlan0: SIGNAL_POLL
05-31 22:04:27.908 I/wpa_supplicant( 1377): [CTRL_IFACE]wlan0: SIGNAL_POLL
05-31 22:04:30.918 I/wpa_supplicant( 1377): [CTRL_IFACE]wlan0: SIGNAL_POLL
05-31 22:04:33.918 I/wpa_supplicant( 1377): [CTRL_IFACE]wlan0: SIGNAL_POLL
05-31 22:04:34.548 I/wpa_supplicant( 1377): wlan0: CTRL-EVENT-DISCONNECTED bssid=00:1d:93:5e:7b:a4 reason=0
05-31 22:04:34.568 D/Tethering( 1265): InitialState.processMessage what=4
05-31 22:04:34.568 D/Tethering( 1265): sendTetherStateChangedBroadcast 0, 0, 0
05-31 22:04:34.568 I/wpa_supplicant( 1377): [CTRL_IFACE]wlan0: SET ps 1
05-31 22:04:34.578 I/wpa_supplicant( 1377): [CTRL_IFACE]wlan0: DRIVER BTCOEXMODE 2
05-31 22:04:34.578 D/CommandListener( 1047): Clearing all IP addresses on wlan0
05-31 22:04:34.588 D/ConnectivityService( 1265): ConnectivityChange for WIFI: DISCONNECTED/DISCONNECTED
05-31 22:04:34.618 D/EthernetStateTracker( 1265): reconnect
05-31 22:04:34.618 D/ConnectivityService( 1265): Attempting to switch to mobile
05-31 22:04:34.618 D/ConnectivityService( 1265): Attempting to switch to ethernet
05-31 22:04:34.628 D/NetUtils( 1265): android_net_utils_resetConnections in env=0x64c61ee0 clazz=0x50b00001 iface=wlan0 mask=0x3
05-31 22:04:34.628 D/ConnectivityService( 1265): resetConnections(wlan0, 3)
05-31 22:04:34.658 W/Smack/Packet( 1529): notify conn break (IOEx), close connection
05-31 22:04:34.788 D/ConnectivityService( 1265): ConnectivityChange for WIFI: DISCONNECTED/DISCONNECTED
05-31 22:04:34.788 D/ConnectivityService( 1265): Attempting to switch to mobile
05-31 22:04:34.798 D/EthernetStateTracker( 1265): reconnect
05-31 22:04:34.798 D/NetUtils( 1265): android_net_utils_resetConnections in env=0x64c61ee0 clazz=0x53500001 iface=wlan0 mask=0x3
05-31 22:04:34.798 D/EthernetStateTracker( 1265): getLinkProperties()
05-31 22:04:34.798 D/EthernetStateTracker( 1265): getLinkProperties()
05-31 22:04:34.798 D/ConnectivityService( 1265): Attempting to switch to ethernet
05-31 22:04:34.798 D/ConnectivityService( 1265): resetConnections(wlan0, 3)
05-31 22:04:34.808 I/qtaguid ( 1529): Failed write_ctrl(u 82) res=-1 errno=22
05-31 22:04:34.808 I/qtaguid ( 1529): Untagging socket 82 failed errno=-22
05-31 22:04:34.808 W/NetworkManagementSocketTagger( 1529): untagSocket(82) failed with errno -22
05-31 22:04:34.828 D/EthernetStateTracker( 1265): getLinkProperties()
05-31 22:04:34.828 D/EthernetStateTracker( 1265): getLinkProperties()
05-31 22:04:34.838 D/AlarmManager( 1265): overriden alarm callingpackages[0] com.google.android.gms
05-31 22:04:34.968 D/EthernetStateTracker( 1265): getLinkProperties()
05-31 22:04:34.968 D/EthernetStateTracker( 1265): getLinkProperties()
05-31 22:04:34.968 D/ConnectivityService( 1265): handleInetConditionChange: no active default network - ignore
05-31 22:04:34.978 D/EthernetStateTracker( 1265): getLinkProperties()
05-31 22:04:34.978 D/EthernetStateTracker( 1265): getLinkProperties()
05-31 22:04:36.008 I/wpa_supplicant( 1377): [CTRL_IFACE]wlan0: AP_SCAN 1
05-31 22:04:36.008 I/wpa_supplicant( 1377): [CTRL_IFACE]wlan0: SCAN_RESULTS
05-31 22:04:36.028 D/AlarmManager( 1265): overriden alarm callingpackages[0] com.google.android.gms
05-31 22:04:36.028 D/AlarmManager( 1265): overriden alarm callingpackages[0] com.google.android.gms
05-31 22:04:37.808 D/Tethering( 1265): MasterInitialState.processMessage what=3
05-31 22:04:37.838 I/ActivityManager( 1265): No longer want com.android.chrome (pid 5406): hidden #16
05-31 22:04:37.888 I/ActivityManager( 1265): Start proc com.amazon.kindle for broadcast com.amazon.kindle/com.amazon.kcp.periodicals.NewsstandSyncBroadcastEventTracker: pid=6504 uid=10051 gids={3003, 1015, 1028}
05-31 22:04:37.908 E/Trace   ( 6504): error opening trace file: No such file or directory (2)
05-31 22:04:37.918 D/dalvikvm( 6504): WAIT_FOR_CONCURRENT_GC blocked 0ms
05-31 22:04:37.968 D/Tethering( 1265): MasterInitialState.processMessage what=3
05-31 22:04:38.028 D/dalvikvm( 6504): GC_CONCURRENT freed 163K, 7% free 6380K/6791K, paused 12ms+2ms, total 33ms
05-31 22:04:38.028 D/dalvikvm( 6504): WAIT_FOR_CONCURRENT_GC blocked 7ms
05-31 22:04:38.148 D/dalvikvm( 6504): GC_CONCURRENT freed 129K, 7% free 6674K/7111K, paused 1ms+11ms, total 34ms
05-31 22:04:38.408 I/ActivityThread( 6504): Pub com.amazon.identity.auth.device.MapInfoProvider.StandaloneMAPInformationProvider: com.amazon.kindle.map.StandaloneMAPInformationProvider
05-31 22:04:38.458 I/Unknown/com.amazon.identity.platform.util.PlatformUtils( 6504): The platform does not have com.amazon.dcp.settings.SettingBoolean
05-31 22:04:38.458 I/Unknown/com.amazon.identity.platform.util.PlatformUtils( 6504): The platform does not have com.amazon.dcp.settings.SettingBoolean
05-31 22:04:38.458 W/Unknown/com.amazon.identity.auth.device.utils.ReflectionHelper( 6504): Failed to locate class named com.amazon.acos.util.AmazonBuild. If this is not a Kindle device, you can ignore this warning.
05-31 22:04:38.458 I/Unknown/com.amazon.identity.platform.util.PlatformUtils( 6504): The platform does not have com.amazon.dcp.settings.SettingsCache
05-31 22:04:38.478 I/Unknown/com.amazon.identity.platform.util.PlatformUtils( 6504): The platform does not have com.amazon.dcp.settings.SettingLong
05-31 22:04:38.478 I/Unknown/com.amazon.identity.platform.util.PlatformUtils( 6504): The platform does not have com.amazon.dcp.settings.SettingLong
05-31 22:04:38.488 I/Unknown/com.amazon.identity.platform.util.PlatformUtils( 6504): The platform does not have com.amazon.dcp.settings.SettingInteger
05-31 22:04:38.488 I/Unknown/com.amazon.identity.platform.util.PlatformUtils( 6504): The platform does not have com.amazon.dcp.settings.SettingInteger
05-31 22:04:38.488 I/Unknown/com.amazon.identity.platform.util.PlatformUtils( 6504): The platform does not have com.amazon.dcp.settings.SettingLong
05-31 22:04:38.498 I/com.amazon.kindle/com.amazon.identity.auth.device.api.MAPInit( 6504): Initalizing MAP (110036410) for app com.amazon.kindle
05-31 22:04:38.498 I/com.amazon.kindle/com.amazon.identity.auth.device.api.MAPInit( 6504): Initalizing MAP SSO
05-31 22:04:38.518 I/ActivityThread( 6504): Pub kindle: com.amazon.kcp.search.SearchProvider
05-31 22:04:38.528 I/ActivityThread( 6504): Pub com.amazon.kindle.downloadprogressprovider: com.amazon.kcp.content.KindleDownloadProvider
05-31 22:04:38.528 I/ActivityThread( 6504): Pub kindlereader: com.amazon.kcp.search.ReaderSearchProvider
05-31 22:04:38.528 I/ActivityThread( 6504): Pub com.amazon.kindle.bookmetadataprovider: com.amazon.kindle.contentprovider.ExternalQueryRouter
05-31 22:04:38.558 I/com.amazon.kindle/com.amazon.identity.auth.device.api.MAPInit( 6504): MAP Components already initalized
05-31 22:04:38.758 D/dalvikvm( 6504): GC_CONCURRENT freed 322K, 8% free 6922K/7495K, paused 152ms+3ms, total 179ms
05-31 22:04:38.758 D/dalvikvm( 6504): WAIT_FOR_CONCURRENT_GC blocked 12ms
05-31 22:04:38.758 D/dalvikvm( 6504): WAIT_FOR_CONCURRENT_GC blocked 12ms
05-31 22:04:38.758 D/dalvikvm( 6504): WAIT_FOR_CONCURRENT_GC blocked 12ms
05-31 22:04:38.768 I/com.amazon.kindle/com.amazon.identity.auth.device.features.FeatureCache( 6504): Setting feature OverrideDeviceAttributes to true
05-31 22:04:38.778 W/com.amazon.kindle/com.amazon.identity.auth.device.utils.ResourceHelper( 6504): The String resource MetricsDomain has not been found
05-31 22:04:38.788 I/com.amazon.kindle/com.amazon.identity.platform.util.PlatformUtils( 6504): The platform does not have com.amazon.dcp.settings.SettingInteger
05-31 22:04:38.788 I/com.amazon.kindle/com.amazon.identity.platform.util.PlatformUtils( 6504): The platform does not have com.amazon.dcp.settings.SettingInteger
05-31 22:04:38.788 I/com.amazon.kindle/com.amazon.identity.platform.util.PlatformUtils( 6504): The platform does not have com.amazon.dcp.settings.SettingBoolean
05-31 22:04:38.788 I/com.amazon.kindle/com.amazon.identity.platform.util.PlatformUtils( 6504): The platform does not have com.amazon.dcp.settings.SettingBoolean
05-31 22:04:38.798 I/com.amazon.kindle/com.amazon.identity.platform.util.PlatformUtils( 6504): The platform does not have com.amazon.dcp.settings.SettingLong
05-31 22:04:38.808 I/com.amazon.kindle/com.amazon.identity.platform.util.PlatformUtils( 6504): The platform does not have com.amazon.dcp.settings.SettingString
05-31 22:04:38.808 I/com.amazon.kindle/com.amazon.identity.auth.accounts.MultipleAccountPluginHolder( 6504): Returning Default multiple profile settings
05-31 22:04:38.808 I/com.amazon.kindle/com.amazon.identity.platform.util.PlatformUtils( 6504): The platform does not have com.amazon.dcp.settings.SettingString
05-31 22:04:38.808 I/com.amazon.kindle/com.amazon.identity.platform.util.PlatformUtils( 6504): The platform does not have com.amazon.dcp.settings.SettingString
05-31 22:04:38.868 D/dalvikvm( 6504): GC_CONCURRENT freed 440K, 10% free 6961K/7687K, paused 2ms+3ms, total 26ms
05-31 22:04:38.868 D/dalvikvm( 6504): Trying to load lib /data/data/com.amazon.kindle/lib/libNativeLibraryWrapper.so 0x411354a0
05-31 22:04:38.878 D/dalvikvm( 6504): Added shared lib /data/data/com.amazon.kindle/lib/libNativeLibraryWrapper.so 0x411354a0
05-31 22:04:38.898 I/ActivityManager( 1265): Start proc com.twitter.android for broadcast com.twitter.android/.client.AppBroadcastReceiver: pid=6527 uid=10057 gids={3003, 1015, 1028}
05-31 22:04:38.898 I/ActivityManager( 1265): No longer want com.path (pid 6010): hidden #16
05-31 22:04:38.938 E/Trace   ( 6527): error opening trace file: No such file or directory (2)
05-31 22:04:38.948 D/dalvikvm( 6504): GC_FOR_ALLOC freed 108K, 10% free 6984K/7751K, paused 24ms, total 24ms
05-31 22:04:39.018 I/com.amazon.kindle/com.amazon.identity.platform.util.PlatformUtils( 6504): The platform does not have com.amazon.dcp.settings.SettingString
05-31 22:04:39.018 I/com.amazon.kindle/com.amazon.identity.platform.util.PlatformUtils( 6504): The platform does not have com.amazon.dcp.settings.SettingString
05-31 22:04:39.018 E/com.amazon.kindle/com.amazon.identity.auth.device.utils.DeviceTypeHelpers( 6504): Device code is invalid. Device appears to be configured incorrectly.
05-31 22:04:39.028 I/com.amazon.kindle/com.amazon.identity.platform.util.PlatformUtils( 6504): The platform does not have com.amazon.dcp.settings.SettingString
05-31 22:04:39.028 I/com.amazon.kindle/com.amazon.identity.auth.device.attribute.DeviceAttributeCache( 6504): Setting device attribute CentralAPK to false
05-31 22:04:39.028 I/com.amazon.kindle/com.amazon.identity.auth.device.attribute.DeviceAttributeCache( 6504): Setting device attribute CentralDeviceType to A1MPSLFC7L5AFK
05-31 22:04:39.058 I/com.amazon.kindle/com.amazon.identity.auth.device.storage.DistributedDataStorage( 6504): Am the latest application. Setting up alarm to clean database
05-31 22:04:39.068 I/com.amazon.kindle/com.amazon.identity.platform.util.PlatformUtils( 6504): The platform does not have com.amazon.dcp.settings.SettingLong
05-31 22:04:39.068 D/dalvikvm( 6527): GC_CONCURRENT freed 167K, 7% free 6377K/6791K, paused 12ms+2ms, total 33ms
05-31 22:04:39.068 D/dalvikvm( 6527): WAIT_FOR_CONCURRENT_GC blocked 10ms
05-31 22:04:39.278 I/ActivityThread( 6527): Pub com.twitter.android.provider.GlobalDatabaseProvider: com.twitter.library.provider.GlobalDatabaseProvider
05-31 22:04:39.308 I/ActivityThread( 6527): Pub com.twitter.android.provider.SuggestionsProvider: com.twitter.android.provider.SuggestionsProvider
05-31 22:04:39.428 I/ActivityThread( 6527): Pub com.twitter.android.provider.TwitterProvider: com.twitter.library.provider.TwitterProvider
05-31 22:04:39.428 D/dalvikvm( 6527): GC_CONCURRENT freed 172K, 7% free 6678K/7111K, paused 12ms+2ms, total 38ms
05-31 22:04:39.448 D/Crashlytics( 6527): Initializing Crashlytics 0.9.10 (10) Enterprise
05-31 22:04:39.668 D/dalvikvm( 6527): GC_CONCURRENT freed 310K, 8% free 6937K/7495K, paused 12ms+4ms, total 42ms
05-31 22:04:39.668 D/dalvikvm( 6527): WAIT_FOR_CONCURRENT_GC blocked 13ms
05-31 22:04:39.668 D/dalvikvm( 6527): WAIT_FOR_CONCURRENT_GC blocked 8ms
05-31 22:04:39.748 W/Service ( 6527): mClassName= com.twitter.androidtoInt= 671123407
05-31 22:04:39.748 W/Service ( 6527): mClassName= com.twitter.androidtoInt= 671123407
05-31 22:04:39.768 W/Service ( 1622): mClassName= com.google.android.gmstoInt= 400313326
05-31 22:04:39.798 I/SystemUpdateService( 1622): acquiring wakelock
05-31 22:04:39.828 I/SystemUpdateService( 1622): releasing wakelock
05-31 22:04:39.848 D/GCM     ( 1529): GcmService start Intent { act=android.net.conn.CONNECTIVITY_CHANGE flg=0x8000010 cmp=com.google.android.gms/.gcm.GcmService (has extras) } android.net.conn.CONNECTIVITY_CHANGE
05-31 22:04:39.888 I/ActivityManager( 1265): Start proc com.android.chrome for broadcast com.android.chrome/com.google.android.apps.chrome.precache.PrecacheServiceLauncher: pid=6555 uid=10053 gids={1006, 3003, 1015, 1028}
