03-07 14:23:14.668 E/ActivityThread(  692): 	at com.android.emailcommon.service.AccountServiceProxy.getDeviceId(AccountServiceProxy.java:116)
03-07 14:23:14.668 E/ActivityThread(  692): 	at com.android.exchange.ExchangeService.getDeviceId(ExchangeService.java:1249)
03-07 14:23:14.668 E/ActivityThread(  692): 	at com.android.exchange.ExchangeService$7.run(ExchangeService.java:1856)
03-07 14:23:14.668 E/ActivityThread(  692): 	at com.android.emailcommon.utility.Utility$2.doInBackground(Utility.java:551)
03-07 14:23:14.668 E/ActivityThread(  692): 	at com.android.emailcommon.utility.Utility$2.doInBackground(Utility.java:549)
03-07 14:23:14.668 E/ActivityThread(  692): 	at android.os.AsyncTask$2.call(AsyncTask.java:287)
03-07 14:23:14.668 E/ActivityThread(  692): 	at java.util.concurrent.FutureTask.run(FutureTask.java:234)
03-07 14:23:14.668 E/ActivityThread(  692): 	at java.util.concurrent.ThreadPoolExecutor.runWorker(ThreadPoolExecutor.java:1080)
03-07 14:23:14.668 E/ActivityThread(  692): 	at java.util.concurrent.ThreadPoolExecutor$Worker.run(ThreadPoolExecutor.java:573)
03-07 14:23:14.668 E/ActivityThread(  692): 	at java.lang.Thread.run(Thread.java:856)
03-07 14:23:14.708 E/StrictMode(  692): null
03-07 14:23:14.708 E/StrictMode(  692): android.app.ServiceConnectionLeaked: Service com.android.exchange.ExchangeService has leaked ServiceConnection com.android.emailcommon.service.ServiceProxy$ProxyConnection@40d17bf0 that was originally bound here
03-07 14:23:14.708 E/StrictMode(  692): 	at android.app.LoadedApk$ServiceDispatcher.<init>(LoadedApk.java:969)
03-07 14:23:14.708 E/StrictMode(  692): 	at android.app.LoadedApk.getServiceDispatcher(LoadedApk.java:863)
03-07 14:23:14.708 E/StrictMode(  692): 	at android.app.ContextImpl.bindService(ContextImpl.java:1418)
03-07 14:23:14.708 E/StrictMode(  692): 	at android.app.ContextImpl.bindService(ContextImpl.java:1407)
03-07 14:23:14.708 E/StrictMode(  692): 	at android.content.ContextWrapper.bindService(ContextWrapper.java:473)
03-07 14:23:14.708 E/StrictMode(  692): 	at com.android.emailcommon.service.ServiceProxy.setTask(ServiceProxy.java:157)
03-07 14:23:14.708 E/StrictMode(  692): 	at com.android.emailcommon.service.ServiceProxy.setTask(ServiceProxy.java:145)
03-07 14:23:14.708 E/StrictMode(  692): 	at com.android.emailcommon.service.AccountServiceProxy.getDeviceId(AccountServiceProxy.java:116)
03-07 14:23:14.708 E/StrictMode(  692): 	at com.android.exchange.ExchangeService.getDeviceId(ExchangeService.java:1249)
03-07 14:23:14.708 E/StrictMode(  692): 	at com.android.exchange.ExchangeService$7.run(ExchangeService.java:1856)
03-07 14:23:14.708 E/StrictMode(  692): 	at com.android.emailcommon.utility.Utility$2.doInBackground(Utility.java:551)
03-07 14:23:14.708 E/StrictMode(  692): 	at com.android.emailcommon.utility.Utility$2.doInBackground(Utility.java:549)
03-07 14:23:14.708 E/StrictMode(  692): 	at android.os.AsyncTask$2.call(AsyncTask.java:287)
03-07 14:23:14.708 E/StrictMode(  692): 	at java.util.concurrent.FutureTask.run(FutureTask.java:234)
03-07 14:23:14.708 E/StrictMode(  692): 	at java.util.concurrent.ThreadPoolExecutor.runWorker(ThreadPoolExecutor.java:1080)
03-07 14:23:14.708 E/StrictMode(  692): 	at java.util.concurrent.ThreadPoolExecutor$Worker.run(ThreadPoolExecutor.java:573)
03-07 14:23:14.708 E/StrictMode(  692): 	at java.lang.Thread.run(Thread.java:856)
03-07 14:23:14.708 W/ActivityManager(  311): Unbind failed: could not find connection for android.os.BinderProxy@413330a8
03-07 14:23:14.718 E/ActivityThread(  692): Service com.android.exchange.ExchangeService has leaked ServiceConnection com.android.emailcommon.service.ServiceProxy$ProxyConnection@40d176a8 that was originally bound here
03-07 14:23:14.718 E/ActivityThread(  692): android.app.ServiceConnectionLeaked: Service com.android.exchange.ExchangeService has leaked ServiceConnection com.android.emailcommon.service.ServiceProxy$ProxyConnection@40d176a8 that was originally bound here
03-07 14:23:14.718 E/ActivityThread(  692): 	at android.app.LoadedApk$ServiceDispatcher.<init>(LoadedApk.java:969)
03-07 14:23:14.718 E/ActivityThread(  692): 	at android.app.LoadedApk.getServiceDispatcher(LoadedApk.java:863)
03-07 14:23:14.718 E/ActivityThread(  692): 	at android.app.ContextImpl.bindService(ContextImpl.java:1418)
03-07 14:23:14.718 E/ActivityThread(  692): 	at android.app.ContextImpl.bindService(ContextImpl.java:1407)
03-07 14:23:14.718 E/ActivityThread(  692): 	at android.content.ContextWrapper.bindService(ContextWrapper.java:473)
03-07 14:23:14.718 E/ActivityThread(  692): 	at com.android.emailcommon.service.ServiceProxy.setTask(ServiceProxy.java:157)
03-07 14:23:14.718 E/ActivityThread(  692): 	at com.android.emailcommon.service.ServiceProxy.setTask(ServiceProxy.java:145)
03-07 14:23:14.718 E/ActivityThread(  692): 	at com.android.emailcommon.service.ServiceProxy.test(ServiceProxy.java:191)
03-07 14:23:14.718 E/ActivityThread(  692): 	at com.android.exchange.ExchangeService$7.run(ExchangeService.java:1850)
03-07 14:23:14.718 E/ActivityThread(  692): 	at com.android.emailcommon.utility.Utility$2.doInBackground(Utility.java:551)
03-07 14:23:14.718 E/ActivityThread(  692): 	at com.android.emailcommon.utility.Utility$2.doInBackground(Utility.java:549)
03-07 14:23:14.718 E/ActivityThread(  692): 	at android.os.AsyncTask$2.call(AsyncTask.java:287)
03-07 14:23:14.718 E/ActivityThread(  692): 	at java.util.concurrent.FutureTask.run(FutureTask.java:234)
03-07 14:23:14.718 E/ActivityThread(  692): 	at java.util.concurrent.ThreadPoolExecutor.runWorker(ThreadPoolExecutor.java:1080)
03-07 14:23:14.718 E/ActivityThread(  692): 	at java.util.concurrent.ThreadPoolExecutor$Worker.run(ThreadPoolExecutor.java:573)
03-07 14:23:14.718 E/ActivityThread(  692): 	at java.lang.Thread.run(Thread.java:856)
03-07 14:23:14.739 E/StrictMode(  692): null
03-07 14:23:14.739 E/StrictMode(  692): android.app.ServiceConnectionLeaked: Service com.android.exchange.ExchangeService has leaked ServiceConnection com.android.emailcommon.service.ServiceProxy$ProxyConnection@40d176a8 that was originally bound here
03-07 14:23:14.739 E/StrictMode(  692): 	at android.app.LoadedApk$ServiceDispatcher.<init>(LoadedApk.java:969)
03-07 14:23:14.739 E/StrictMode(  692): 	at android.app.LoadedApk.getServiceDispatcher(LoadedApk.java:863)
03-07 14:23:14.739 E/StrictMode(  692): 	at android.app.ContextImpl.bindService(ContextImpl.java:1418)
03-07 14:23:14.739 E/StrictMode(  692): 	at android.app.ContextImpl.bindService(ContextImpl.java:1407)
03-07 14:23:14.739 E/StrictMode(  692): 	at android.content.ContextWrapper.bindService(ContextWrapper.java:473)
03-07 14:23:14.739 E/StrictMode(  692): 	at com.android.emailcommon.service.ServiceProxy.setTask(ServiceProxy.java:157)
03-07 14:23:14.739 E/StrictMode(  692): 	at com.android.emailcommon.service.ServiceProxy.setTask(ServiceProxy.java:145)
03-07 14:23:14.739 E/StrictMode(  692): 	at com.android.emailcommon.service.ServiceProxy.test(ServiceProxy.java:191)
03-07 14:23:14.739 E/StrictMode(  692): 	at com.android.exchange.ExchangeService$7.run(ExchangeService.java:1850)
03-07 14:23:14.739 E/StrictMode(  692): 	at com.android.emailcommon.utility.Utility$2.doInBackground(Utility.java:551)
03-07 14:23:14.739 E/StrictMode(  692): 	at com.android.emailcommon.utility.Utility$2.doInBackground(Utility.java:549)
03-07 14:23:14.739 E/StrictMode(  692): 	at android.os.AsyncTask$2.call(AsyncTask.java:287)
03-07 14:23:14.739 E/StrictMode(  692): 	at java.util.concurrent.FutureTask.run(FutureTask.java:234)
03-07 14:23:14.739 E/StrictMode(  692): 	at java.util.concurrent.ThreadPoolExecutor.runWorker(ThreadPoolExecutor.java:1080)
03-07 14:23:14.739 E/StrictMode(  692): 	at java.util.concurrent.ThreadPoolExecutor$Worker.run(ThreadPoolExecutor.java:573)
03-07 14:23:14.739 E/StrictMode(  692): 	at java.lang.Thread.run(Thread.java:856)
03-07 14:23:14.758 D/dalvikvm(  692): GC_CONCURRENT freed 455K, 22% free 2463K/3120K, paused 5ms+8ms, total 77ms
03-07 14:23:14.769 W/ActivityManager(  311): Unbind failed: could not find connection for android.os.BinderProxy@41649758
03-07 14:23:59.666 D/ExchangeService(  692): Received deviceId from Email app: null
03-07 14:23:59.666 D/ExchangeService(  692): !!! deviceId unknown; stopping self and retrying
03-07 14:24:04.689 D/ExchangeService(  692): !!! EAS ExchangeService, onStartCommand, startingUp = false, running = false
03-07 14:24:04.699 W/ActivityManager(  311): Unable to start service Intent { act=com.android.email.ACCOUNT_INTENT } U=0: not found
03-07 14:24:04.709 D/ExchangeService(  692): !!! Email application not found; stopping self
03-07 14:24:04.719 W/ActivityManager(  311): Unable to start service Intent { act=com.android.email.ACCOUNT_INTENT } U=0: not found
03-07 14:24:04.739 E/ActivityThread(  692): Service com.android.exchange.ExchangeService has leaked ServiceConnection com.android.emailcommon.service.ServiceProxy$ProxyConnection@40d12490 that was originally bound here
03-07 14:24:04.739 E/ActivityThread(  692): android.app.ServiceConnectionLeaked: Service com.android.exchange.ExchangeService has leaked ServiceConnection com.android.emailcommon.service.ServiceProxy$ProxyConnection@40d12490 that was originally bound here
03-07 14:24:04.739 E/ActivityThread(  692): 	at android.app.LoadedApk$ServiceDispatcher.<init>(LoadedApk.java:969)
03-07 14:24:04.739 E/ActivityThread(  692): 	at android.app.LoadedApk.getServiceDispatcher(LoadedApk.java:863)
03-07 14:24:04.739 E/ActivityThread(  692): 	at android.app.ContextImpl.bindService(ContextImpl.java:1418)
03-07 14:24:04.739 E/ActivityThread(  692): 	at android.app.ContextImpl.bindService(ContextImpl.java:1407)
03-07 14:24:04.739 E/ActivityThread(  692): 	at android.content.ContextWrapper.bindService(ContextWrapper.java:473)
03-07 14:24:04.739 E/ActivityThread(  692): 	at com.android.emailcommon.service.ServiceProxy.setTask(ServiceProxy.java:157)
03-07 14:24:04.739 E/ActivityThread(  692): 	at com.android.emailcommon.service.ServiceProxy.setTask(ServiceProxy.java:145)
03-07 14:24:04.739 E/ActivityThread(  692): 	at com.android.emailcommon.service.ServiceProxy.test(ServiceProxy.java:191)
03-07 14:24:04.739 E/ActivityThread(  692): 	at com.android.exchange.ExchangeService$7.run(ExchangeService.java:1850)
03-07 14:24:04.739 E/ActivityThread(  692): 	at com.android.emailcommon.utility.Utility$2.doInBackground(Utility.java:551)
03-07 14:24:04.739 E/ActivityThread(  692): 	at com.android.emailcommon.utility.Utility$2.doInBackground(Utility.java:549)
03-07 14:24:04.739 E/ActivityThread(  692): 	at android.os.AsyncTask$2.call(AsyncTask.java:287)
03-07 14:24:04.739 E/ActivityThread(  692): 	at java.util.concurrent.FutureTask.run(FutureTask.java:234)
03-07 14:24:04.739 E/ActivityThread(  692): 	at java.util.concurrent.ThreadPoolExecutor.runWorker(ThreadPoolExecutor.java:1080)
03-07 14:24:04.739 E/ActivityThread(  692): 	at java.util.concurrent.ThreadPoolExecutor$Worker.run(ThreadPoolExecutor.java:573)
03-07 14:24:04.739 E/ActivityThread(  692): 	at java.lang.Thread.run(Thread.java:856)
03-07 14:24:04.739 E/StrictMode(  692): null
03-07 14:24:04.739 E/StrictMode(  692): android.app.ServiceConnectionLeaked: Service com.android.exchange.ExchangeService has leaked ServiceConnection com.android.emailcommon.service.ServiceProxy$ProxyConnection@40d12490 that was originally bound here
03-07 14:24:04.739 E/StrictMode(  692): 	at android.app.LoadedApk$ServiceDispatcher.<init>(LoadedApk.java:969)
03-07 14:24:04.739 E/StrictMode(  692): 	at android.app.LoadedApk.getServiceDispatcher(LoadedApk.java:863)
03-07 14:24:04.739 E/StrictMode(  692): 	at android.app.ContextImpl.bindService(ContextImpl.java:1418)
03-07 14:24:04.739 E/StrictMode(  692): 	at android.app.ContextImpl.bindService(ContextImpl.java:1407)
03-07 14:24:04.739 E/StrictMode(  692): 	at android.content.ContextWrapper.bindService(ContextWrapper.java:473)
03-07 14:24:04.739 E/StrictMode(  692): 	at com.android.emailcommon.service.ServiceProxy.setTask(ServiceProxy.java:157)
03-07 14:24:04.739 E/StrictMode(  692): 	at com.android.emailcommon.service.ServiceProxy.setTask(ServiceProxy.java:145)
03-07 14:24:04.739 E/StrictMode(  692): 	at com.android.emailcommon.service.ServiceProxy.test(ServiceProxy.java:191)
03-07 14:24:04.739 E/StrictMode(  692): 	at com.android.exchange.ExchangeService$7.run(ExchangeService.java:1850)
03-07 14:24:04.739 E/StrictMode(  692): 	at com.android.emailcommon.utility.Utility$2.doInBackground(Utility.java:551)
03-07 14:24:04.739 E/StrictMode(  692): 	at com.android.emailcommon.utility.Utility$2.doInBackground(Utility.java:549)
03-07 14:24:04.739 E/StrictMode(  692): 	at android.os.AsyncTask$2.call(AsyncTask.java:287)
03-07 14:24:04.739 E/StrictMode(  692): 	at java.util.concurrent.FutureTask.run(FutureTask.java:234)
03-07 14:24:04.739 E/StrictMode(  692): 	at java.util.concurrent.ThreadPoolExecutor.runWorker(ThreadPoolExecutor.java:1080)
03-07 14:24:04.739 E/StrictMode(  692): 	at java.util.concurrent.ThreadPoolExecutor$Worker.run(ThreadPoolExecutor.java:573)
03-07 14:24:04.739 E/StrictMode(  692): 	at java.lang.Thread.run(Thread.java:856)
03-07 14:24:04.749 W/ActivityManager(  311): Unbind failed: could not find connection for android.os.BinderProxy@415c4488
03-07 14:24:04.759 E/ActivityThread(  692): Service com.android.exchange.ExchangeService has leaked ServiceConnection com.android.emailcommon.service.ServiceProxy$ProxyConnection@40d12738 that was originally bound here
03-07 14:24:04.759 E/ActivityThread(  692): android.app.ServiceConnectionLeaked: Service com.android.exchange.ExchangeService has leaked ServiceConnection com.android.emailcommon.service.ServiceProxy$ProxyConnection@40d12738 that was originally bound here
03-07 14:24:04.759 E/ActivityThread(  692): 	at android.app.LoadedApk$ServiceDispatcher.<init>(LoadedApk.java:969)
03-07 14:24:04.759 E/ActivityThread(  692): 	at android.app.LoadedApk.getServiceDispatcher(LoadedApk.java:863)
03-07 14:24:04.759 E/ActivityThread(  692): 	at android.app.ContextImpl.bindService(ContextImpl.java:1418)
03-07 14:24:04.759 E/ActivityThread(  692): 	at android.app.ContextImpl.bindService(ContextImpl.java:1407)
03-07 14:24:04.759 E/ActivityThread(  692): 	at android.content.ContextWrapper.bindService(ContextWrapper.java:473)
03-07 14:24:04.759 E/ActivityThread(  692): 	at com.android.emailcommon.service.ServiceProxy.setTask(ServiceProxy.java:157)
03-07 14:24:04.759 E/ActivityThread(  692): 	at com.android.emailcommon.service.ServiceProxy.setTask(ServiceProxy.java:145)
03-07 14:24:04.759 E/ActivityThread(  692): 	at com.android.emailcommon.service.AccountServiceProxy.getDeviceId(AccountServiceProxy.java:116)
03-07 14:24:04.759 E/ActivityThread(  692): 	at com.android.exchange.ExchangeService.getDeviceId(ExchangeService.java:1249)
03-07 14:24:04.759 E/ActivityThread(  692): 	at com.android.exchange.ExchangeService$7.run(ExchangeService.java:1856)
03-07 14:24:04.759 E/ActivityThread(  692): 	at com.android.emailcommon.utility.Utility$2.doInBackground(Utility.java:551)
03-07 14:24:04.759 E/ActivityThread(  692): 	at com.android.emailcommon.utility.Utility$2.doInBackground(Utility.java:549)
03-07 14:24:04.759 E/ActivityThread(  692): 	at android.os.AsyncTask$2.call(AsyncTask.java:287)
03-07 14:24:04.759 E/ActivityThread(  692): 	at java.util.concurrent.FutureTask.run(FutureTask.java:234)
03-07 14:24:04.759 E/ActivityThread(  692): 	at java.util.concurrent.ThreadPoolExecutor.runWorker(ThreadPoolExecutor.java:1080)
03-07 14:24:04.759 E/ActivityThread(  692): 	at java.util.concurrent.ThreadPoolExecutor$Worker.run(ThreadPoolExecutor.java:573)
03-07 14:24:04.759 E/ActivityThread(  692): 	at java.lang.Thread.run(Thread.java:856)
03-07 14:24:04.778 E/StrictMode(  692): null
03-07 14:24:04.778 E/StrictMode(  692): android.app.ServiceConnectionLeaked: Service com.android.exchange.ExchangeService has leaked ServiceConnection com.android.emailcommon.service.ServiceProxy$ProxyConnection@40d12738 that was originally bound here
03-07 14:24:04.778 E/StrictMode(  692): 	at android.app.LoadedApk$ServiceDispatcher.<init>(LoadedApk.java:969)
03-07 14:24:04.778 E/StrictMode(  692): 	at android.app.LoadedApk.getServiceDispatcher(LoadedApk.java:863)
03-07 14:24:04.778 E/StrictMode(  692): 	at android.app.ContextImpl.bindService(ContextImpl.java:1418)
03-07 14:24:04.778 E/StrictMode(  692): 	at android.app.ContextImpl.bindService(ContextImpl.java:1407)
03-07 14:24:04.778 E/StrictMode(  692): 	at android.content.ContextWrapper.bindService(ContextWrapper.java:473)
03-07 14:24:04.778 E/StrictMode(  692): 	at com.android.emailcommon.service.ServiceProxy.setTask(ServiceProxy.java:157)
03-07 14:24:04.778 E/StrictMode(  692): 	at com.android.emailcommon.service.ServiceProxy.setTask(ServiceProxy.java:145)
03-07 14:24:04.778 E/StrictMode(  692): 	at com.android.emailcommon.service.AccountServiceProxy.getDeviceId(AccountServiceProxy.java:116)
03-07 14:24:04.778 E/StrictMode(  692): 	at com.android.exchange.ExchangeService.getDeviceId(ExchangeService.java:1249)
03-07 14:24:04.778 E/StrictMode(  692): 	at com.android.exchange.ExchangeService$7.run(ExchangeService.java:1856)
03-07 14:24:04.778 E/StrictMode(  692): 	at com.android.emailcommon.utility.Utility$2.doInBackground(Utility.java:551)
03-07 14:24:04.778 E/StrictMode(  692): 	at com.android.emailcommon.utility.Utility$2.doInBackground(Utility.java:549)
03-07 14:24:04.778 E/StrictMode(  692): 	at android.os.AsyncTask$2.call(AsyncTask.java:287)
03-07 14:24:04.778 E/StrictMode(  692): 	at java.util.concurrent.FutureTask.run(FutureTask.java:234)
03-07 14:24:04.778 E/StrictMode(  692): 	at java.util.concurrent.ThreadPoolExecutor.runWorker(ThreadPoolExecutor.java:1080)
03-07 14:24:04.778 E/StrictMode(  692): 	at java.util.concurrent.ThreadPoolExecutor$Worker.run(ThreadPoolExecutor.java:573)
03-07 14:24:04.778 E/StrictMode(  692): 	at java.lang.Thread.run(Thread.java:856)
03-07 14:24:04.778 W/ActivityManager(  311): Unbind failed: could not find connection for android.os.BinderProxy@412f21d8
03-07 14:24:49.733 D/ExchangeService(  692): Received deviceId from Email app: null
03-07 14:24:49.733 D/ExchangeService(  692): !!! deviceId unknown; stopping self and retrying
03-07 14:29:05.078 E/StrictMode(  692): null
03-07 14:29:05.078 E/StrictMode(  692): android.app.ServiceConnectionLeaked: Service com.android.exchange.ExchangeService has leaked ServiceConnection com.android.emailcommon.service.ServiceProxy$ProxyConnection@40d0bd70 that was originally bound here
03-07 14:29:05.078 E/StrictMode(  692): 	at android.app.LoadedApk$ServiceDispatcher.<init>(LoadedApk.java:969)
03-07 14:29:05.078 E/StrictMode(  692): 	at android.app.LoadedApk.getServiceDispatcher(LoadedApk.java:863)
03-07 14:29:05.078 E/StrictMode(  692): 	at android.app.ContextImpl.bindService(ContextImpl.java:1418)
03-07 14:29:05.078 E/StrictMode(  692): 	at android.app.ContextImpl.bindService(ContextImpl.java:1407)
03-07 14:29:05.078 E/StrictMode(  692): 	at android.content.ContextWrapper.bindService(ContextWrapper.java:473)
03-07 14:29:05.078 E/StrictMode(  692): 	at com.android.emailcommon.service.ServiceProxy.setTask(ServiceProxy.java:157)
03-07 14:29:05.078 E/StrictMode(  692): 	at com.android.emailcommon.service.ServiceProxy.setTask(ServiceProxy.java:145)
03-07 14:29:05.078 E/StrictMode(  692): 	at com.android.emailcommon.service.AccountServiceProxy.getDeviceId(AccountServiceProxy.java:116)
03-07 14:29:05.078 E/StrictMode(  692): 	at com.android.exchange.ExchangeService.getDeviceId(ExchangeService.java:1249)
03-07 14:29:05.078 E/StrictMode(  692): 	at com.android.exchange.ExchangeService$7.run(ExchangeService.java:1856)
03-07 14:29:05.078 E/StrictMode(  692): 	at com.android.emailcommon.utility.Utility$2.doInBackground(Utility.java:551)
03-07 14:29:05.078 E/StrictMode(  692): 	at com.android.emailcommon.utility.Utility$2.doInBackground(Utility.java:549)
03-07 14:29:05.078 E/StrictMode(  692): 	at android.os.AsyncTask$2.call(AsyncTask.java:287)
03-07 14:29:05.078 E/StrictMode(  692): 	at java.util.concurrent.FutureTask.run(FutureTask.java:234)
03-07 14:29:05.078 E/StrictMode(  692): 	at java.util.concurrent.ThreadPoolExecutor.runWorker(ThreadPoolExecutor.java:1080)
03-07 14:29:05.078 E/StrictMode(  692): 	at java.util.concurrent.ThreadPoolExecutor$Worker.run(ThreadPoolExecutor.java:573)
03-07 14:29:05.078 E/StrictMode(  692): 	at java.lang.Thread.run(Thread.java:856)
03-07 14:29:05.078 W/ActivityManager(  311): Unbind failed: could not find connection for android.os.BinderProxy@4120e438
03-07 14:29:05.090 E/ActivityThread(  692): Service com.android.exchange.ExchangeService has leaked ServiceConnection com.android.emailcommon.service.ServiceProxy$ProxyConnection@40d0baf8 that was originally bound here
03-07 14:29:05.090 E/ActivityThread(  692): android.app.ServiceConnectionLeaked: Service com.android.exchange.ExchangeService has leaked ServiceConnection com.android.emailcommon.service.ServiceProxy$ProxyConnection@40d0baf8 that was originally bound here
03-07 14:29:05.090 E/ActivityThread(  692): 	at android.app.LoadedApk$ServiceDispatcher.<init>(LoadedApk.java:969)
03-07 14:29:05.090 E/ActivityThread(  692): 	at android.app.LoadedApk.getServiceDispatcher(LoadedApk.java:863)
03-07 14:29:05.090 E/ActivityThread(  692): 	at android.app.ContextImpl.bindService(ContextImpl.java:1418)
03-07 14:29:05.090 E/ActivityThread(  692): 	at android.app.ContextImpl.bindService(ContextImpl.java:1407)
03-07 14:29:05.090 E/ActivityThread(  692): 	at android.content.ContextWrapper.bindService(ContextWrapper.java:473)
03-07 14:29:05.090 E/ActivityThread(  692): 	at com.android.emailcommon.service.ServiceProxy.setTask(ServiceProxy.java:157)
03-07 14:29:05.090 E/ActivityThread(  692): 	at com.android.emailcommon.service.ServiceProxy.setTask(ServiceProxy.java:145)
03-07 14:29:05.090 E/ActivityThread(  692): 	at com.android.emailcommon.service.ServiceProxy.test(ServiceProxy.java:191)
03-07 14:29:05.090 E/ActivityThread(  692): 	at com.android.exchange.ExchangeService$7.run(ExchangeService.java:1850)
03-07 14:29:05.090 E/ActivityThread(  692): 	at com.android.emailcommon.utility.Utility$2.doInBackground(Utility.java:551)
03-07 14:29:05.090 E/ActivityThread(  692): 	at com.android.emailcommon.utility.Utility$2.doInBackground(Utility.java:549)
03-07 14:29:05.090 E/ActivityThread(  692): 	at android.os.AsyncTask$2.call(AsyncTask.java:287)
03-07 14:29:05.090 E/ActivityThread(  692): 	at java.util.concurrent.FutureTask.run(FutureTask.java:234)
03-07 14:29:05.090 E/ActivityThread(  692): 	at java.util.concurrent.ThreadPoolExecutor.runWorker(ThreadPoolExecutor.java:1080)
03-07 14:29:05.090 E/ActivityThread(  692): 	at java.util.concurrent.ThreadPoolExecutor$Worker.run(ThreadPoolExecutor.java:573)
03-07 14:29:05.090 E/ActivityThread(  692): 	at java.lang.Thread.run(Thread.java:856)
03-07 14:29:05.098 E/StrictMode(  692): null
03-07 14:29:05.098 E/StrictMode(  692): android.app.ServiceConnectionLeaked: Service com.android.exchange.ExchangeService has leaked ServiceConnection com.android.emailcommon.service.ServiceProxy$ProxyConnection@40d0baf8 that was originally bound here
03-07 14:29:05.098 E/StrictMode(  692): 	at android.app.LoadedApk$ServiceDispatcher.<init>(LoadedApk.java:969)
03-07 14:29:05.098 E/StrictMode(  692): 	at android.app.LoadedApk.getServiceDispatcher(LoadedApk.java:863)
03-07 14:29:05.098 E/StrictMode(  692): 	at android.app.ContextImpl.bindService(ContextImpl.java:1418)
03-07 14:29:05.098 E/StrictMode(  692): 	at android.app.ContextImpl.bindService(ContextImpl.java:1407)
03-07 14:29:05.098 E/StrictMode(  692): 	at android.content.ContextWrapper.bindService(ContextWrapper.java:473)
03-07 14:29:05.098 E/StrictMode(  692): 	at com.android.emailcommon.service.ServiceProxy.setTask(ServiceProxy.java:157)
03-07 14:29:05.098 E/StrictMode(  692): 	at com.android.emailcommon.service.ServiceProxy.setTask(ServiceProxy.java:145)
03-07 14:29:05.098 E/StrictMode(  692): 	at com.android.emailcommon.service.ServiceProxy.test(ServiceProxy.java:191)
03-07 14:29:05.098 E/StrictMode(  692): 	at com.android.exchange.ExchangeService$7.run(ExchangeService.java:1850)
03-07 14:29:05.098 E/StrictMode(  692): 	at com.android.emailcommon.utility.Utility$2.doInBackground(Utility.java:551)
03-07 14:29:05.098 E/StrictMode(  692): 	at com.android.emailcommon.utility.Utility$2.doInBackground(Utility.java:549)
03-07 14:29:05.098 E/StrictMode(  692): 	at android.os.AsyncTask$2.call(AsyncTask.java:287)
03-07 14:29:05.098 E/StrictMode(  692): 	at java.util.concurrent.FutureTask.run(FutureTask.java:234)
03-07 14:29:05.098 E/StrictMode(  692): 	at java.util.concurrent.ThreadPoolExecutor.runWorker(ThreadPoolExecutor.java:1080)
03-07 14:29:05.098 E/StrictMode(  692): 	at java.util.concurrent.ThreadPoolExecutor$Worker.run(ThreadPoolExecutor.java:573)
03-07 14:29:05.098 E/StrictMode(  692): 	at java.lang.Thread.run(Thread.java:856)
03-07 14:29:05.098 W/ActivityManager(  311): Unbind failed: could not find connection for android.os.BinderProxy@41235240
03-07 14:29:50.067 D/ExchangeService(  692): Received deviceId from Email app: null
03-07 14:29:50.067 D/ExchangeService(  692): !!! deviceId unknown; stopping self and retrying
03-07 14:29:55.078 D/ExchangeService(  692): !!! EAS ExchangeService, onCreate
03-07 14:29:55.088 D/ExchangeService(  692): !!! EAS ExchangeService, onStartCommand, startingUp = false, running = false
03-07 14:29:55.088 D/ExchangeService(  692): !!! EAS ExchangeService, onStartCommand, startingUp = true, running = false
03-07 14:29:55.098 W/ActivityManager(  311): Unable to start service Intent { act=com.android.email.ACCOUNT_INTENT } U=0: not found
03-07 14:29:55.098 D/ExchangeService(  692): !!! Email application not found; stopping self
03-07 14:29:55.108 W/ActivityManager(  311): Unable to start service Intent { act=com.android.email.ACCOUNT_INTENT } U=0: not found
03-07 14:29:55.118 E/ActivityThread(  692): Service com.android.exchange.ExchangeService has leaked ServiceConnection com.android.emailcommon.service.ServiceProxy$ProxyConnection@40ced4f8 that was originally bound here
03-07 14:29:55.118 E/ActivityThread(  692): android.app.ServiceConnectionLeaked: Service com.android.exchange.ExchangeService has leaked ServiceConnection com.android.emailcommon.service.ServiceProxy$ProxyConnection@40ced4f8 that was originally bound here
03-07 14:29:55.118 E/ActivityThread(  692): 	at android.app.LoadedApk$ServiceDispatcher.<init>(LoadedApk.java:969)
03-07 14:29:55.118 E/ActivityThread(  692): 	at android.app.LoadedApk.getServiceDispatcher(LoadedApk.java:863)
03-07 14:29:55.118 E/ActivityThread(  692): 	at android.app.ContextImpl.bindService(ContextImpl.java:1418)
03-07 14:29:55.118 E/ActivityThread(  692): 	at android.app.ContextImpl.bindService(ContextImpl.java:1407)
03-07 14:29:55.118 E/ActivityThread(  692): 	at android.content.ContextWrapper.bindService(ContextWrapper.java:473)
03-07 14:29:55.118 E/ActivityThread(  692): 	at com.android.emailcommon.service.ServiceProxy.setTask(ServiceProxy.java:157)
03-07 14:29:55.118 E/ActivityThread(  692): 	at com.android.emailcommon.service.ServiceProxy.setTask(ServiceProxy.java:145)
03-07 14:29:55.118 E/ActivityThread(  692): 	at com.android.emailcommon.service.ServiceProxy.test(ServiceProxy.java:191)
03-07 14:29:55.118 E/ActivityThread(  692): 	at com.android.exchange.ExchangeService$7.run(ExchangeService.java:1850)
03-07 14:29:55.118 E/ActivityThread(  692): 	at com.android.emailcommon.utility.Utility$2.doInBackground(Utility.java:551)
03-07 14:29:55.118 E/ActivityThread(  692): 	at com.android.emailcommon.utility.Utility$2.doInBackground(Utility.java:549)
03-07 14:29:55.118 E/ActivityThread(  692): 	at android.os.AsyncTask$2.call(AsyncTask.java:287)
03-07 14:29:55.118 E/ActivityThread(  692): 	at java.util.concurrent.FutureTask.run(FutureTask.java:234)
03-07 14:29:55.118 E/ActivityThread(  692): 	at java.util.concurrent.ThreadPoolExecutor.runWorker(ThreadPoolExecutor.java:1080)
03-07 14:29:55.118 E/ActivityThread(  692): 	at java.util.concurrent.ThreadPoolExecutor$Worker.run(ThreadPoolExecutor.java:573)
03-07 14:29:55.118 E/ActivityThread(  692): 	at java.lang.Thread.run(Thread.java:856)
03-07 14:29:55.128 E/StrictMode(  692): null
03-07 14:29:55.128 E/StrictMode(  692): android.app.ServiceConnectionLeaked: Service com.android.exchange.ExchangeService has leaked ServiceConnection com.android.emailcommon.service.ServiceProxy$ProxyConnection@40ced4f8 that was originally bound here
03-07 14:29:55.128 E/StrictMode(  692): 	at android.app.LoadedApk$ServiceDispatcher.<init>(LoadedApk.java:969)
03-07 14:29:55.128 E/StrictMode(  692): 	at android.app.LoadedApk.getServiceDispatcher(LoadedApk.java:863)
03-07 14:29:55.128 E/StrictMode(  692): 	at android.app.ContextImpl.bindService(ContextImpl.java:1418)
03-07 14:29:55.128 E/StrictMode(  692): 	at android.app.ContextImpl.bindService(ContextImpl.java:1407)
03-07 14:29:55.128 E/StrictMode(  692): 	at android.content.ContextWrapper.bindService(ContextWrapper.java:473)
03-07 14:29:55.128 E/StrictMode(  692): 	at com.android.emailcommon.service.ServiceProxy.setTask(ServiceProxy.java:157)
03-07 14:29:55.128 E/StrictMode(  692): 	at com.android.emailcommon.service.ServiceProxy.setTask(ServiceProxy.java:145)
03-07 14:29:55.128 E/StrictMode(  692): 	at com.android.emailcommon.service.ServiceProxy.test(ServiceProxy.java:191)
03-07 14:29:55.128 E/StrictMode(  692): 	at com.android.exchange.ExchangeService$7.run(ExchangeService.java:1850)
03-07 14:29:55.128 E/StrictMode(  692): 	at com.android.emailcommon.utility.Utility$2.doInBackground(Utility.java:551)
03-07 14:29:55.128 E/StrictMode(  692): 	at com.android.emailcommon.utility.Utility$2.doInBackground(Utility.java:549)
03-07 14:29:55.128 E/StrictMode(  692): 	at android.os.AsyncTask$2.call(AsyncTask.java:287)
03-07 14:29:55.128 E/StrictMode(  692): 	at java.util.concurrent.FutureTask.run(FutureTask.java:234)
03-07 14:29:55.128 E/StrictMode(  692): 	at java.util.concurrent.ThreadPoolExecutor.runWorker(ThreadPoolExecutor.java:1080)
03-07 14:29:55.128 E/StrictMode(  692): 	at java.util.concurrent.ThreadPoolExecutor$Worker.run(ThreadPoolExecutor.java:573)
03-07 14:29:55.128 E/StrictMode(  692): 	at java.lang.Thread.run(Thread.java:856)
03-07 14:29:55.128 W/ActivityManager(  311): Unbind failed: could not find connection for android.os.BinderProxy@40f89ee0
03-07 14:29:55.139 E/ActivityThread(  692): Service com.android.exchange.ExchangeService has leaked ServiceConnection com.android.emailcommon.service.ServiceProxy$ProxyConnection@40cf6b78 that was originally bound here
03-07 14:29:55.139 E/ActivityThread(  692): android.app.ServiceConnectionLeaked: Service com.android.exchange.ExchangeService has leaked ServiceConnection com.android.emailcommon.service.ServiceProxy$ProxyConnection@40cf6b78 that was originally bound here
03-07 14:29:55.139 E/ActivityThread(  692): 	at android.app.LoadedApk$ServiceDispatcher.<init>(LoadedApk.java:969)
03-07 14:29:55.139 E/ActivityThread(  692): 	at android.app.LoadedApk.getServiceDispatcher(LoadedApk.java:863)
03-07 14:29:55.139 E/ActivityThread(  692): 	at android.app.ContextImpl.bindService(ContextImpl.java:1418)
03-07 14:29:55.139 E/ActivityThread(  692): 	at android.app.ContextImpl.bindService(ContextImpl.java:1407)
03-07 14:29:55.139 E/ActivityThread(  692): 	at android.content.ContextWrapper.bindService(ContextWrapper.java:473)
03-07 14:29:55.139 E/ActivityThread(  692): 	at com.android.emailcommon.service.ServiceProxy.setTask(ServiceProxy.java:157)
03-07 14:29:55.139 E/ActivityThread(  692): 	at com.android.emailcommon.service.ServiceProxy.setTask(ServiceProxy.java:145)
03-07 14:29:55.139 E/ActivityThread(  692): 	at com.android.emailcommon.service.AccountServiceProxy.getDeviceId(AccountServiceProxy.java:116)
03-07 14:29:55.139 E/ActivityThread(  692): 	at com.android.exchange.ExchangeService.getDeviceId(ExchangeService.java:1249)
03-07 14:29:55.139 E/ActivityThread(  692): 	at com.android.exchange.ExchangeService$7.run(ExchangeService.java:1856)
03-07 14:29:55.139 E/ActivityThread(  692): 	at com.android.emailcommon.utility.Utility$2.doInBackground(Utility.java:551)
03-07 14:29:55.139 E/ActivityThread(  692): 	at com.android.emailcommon.utility.Utility$2.doInBackground(Utility.java:549)
03-07 14:29:55.139 E/ActivityThread(  692): 	at android.os.AsyncTask$2.call(AsyncTask.java:287)
03-07 14:29:55.139 E/ActivityThread(  692): 	at java.util.concurrent.FutureTask.run(FutureTask.java:234)
03-07 14:29:55.139 E/ActivityThread(  692): 	at java.util.concurrent.ThreadPoolExecutor.runWorker(ThreadPoolExecutor.java:1080)
03-07 14:29:55.139 E/ActivityThread(  692): 	at java.util.concurrent.ThreadPoolExecutor$Worker.run(ThreadPoolExecutor.java:573)
03-07 14:29:55.139 E/ActivityThread(  692): 	at java.lang.Thread.run(Thread.java:856)
03-07 14:29:55.149 E/StrictMode(  692): null
03-07 14:29:55.149 E/StrictMode(  692): android.app.ServiceConnectionLeaked: Service com.android.exchange.ExchangeService has leaked ServiceConnection com.android.emailcommon.service.ServiceProxy$ProxyConnection@40cf6b78 that was originally bound here
03-07 14:29:55.149 E/StrictMode(  692): 	at android.app.LoadedApk$ServiceDispatcher.<init>(LoadedApk.java:969)
03-07 14:29:55.149 E/StrictMode(  692): 	at android.app.LoadedApk.getServiceDispatcher(LoadedApk.java:863)
03-07 14:29:55.149 E/StrictMode(  692): 	at android.app.ContextImpl.bindService(ContextImpl.java:1418)
03-07 14:29:55.149 E/StrictMode(  692): 	at android.app.ContextImpl.bindService(ContextImpl.java:1407)
03-07 14:29:55.149 E/StrictMode(  692): 	at android.content.ContextWrapper.bindService(ContextWrapper.java:473)
03-07 14:29:55.149 E/StrictMode(  692): 	at com.android.emailcommon.service.ServiceProxy.setTask(ServiceProxy.java:157)
03-07 14:29:55.149 E/StrictMode(  692): 	at com.android.emailcommon.service.ServiceProxy.setTask(ServiceProxy.java:145)
03-07 14:29:55.149 E/StrictMode(  692): 	at com.android.emailcommon.service.AccountServiceProxy.getDeviceId(AccountServiceProxy.java:116)
03-07 14:29:55.149 E/StrictMode(  692): 	at com.android.exchange.ExchangeService.getDeviceId(ExchangeService.java:1249)
03-07 14:29:55.149 E/StrictMode(  692): 	at com.android.exchange.ExchangeService$7.run(ExchangeService.java:1856)
03-07 14:29:55.149 E/StrictMode(  692): 	at com.android.emailcommon.utility.Utility$2.doInBackground(Utility.java:551)
03-07 14:29:55.149 E/StrictMode(  692): 	at com.android.emailcommon.utility.Utility$2.doInBackground(Utility.java:549)
03-07 14:29:55.149 E/StrictMode(  692): 	at android.os.AsyncTask$2.call(AsyncTask.java:287)
03-07 14:29:55.149 E/StrictMode(  692): 	at java.util.concurrent.FutureTask.run(FutureTask.java:234)
03-07 14:29:55.149 E/StrictMode(  692): 	at java.util.concurrent.ThreadPoolExecutor.runWorker(ThreadPoolExecutor.java:1080)
03-07 14:29:55.149 E/StrictMode(  692): 	at java.util.concurrent.ThreadPoolExecutor$Worker.run(ThreadPoolExecutor.java:573)
03-07 14:29:55.149 E/StrictMode(  692): 	at java.lang.Thread.run(Thread.java:856)
03-07 14:29:55.159 W/ActivityManager(  311): Unbind failed: could not find connection for android.os.BinderProxy@41206ba8
03-07 14:30:40.124 D/ExchangeService(  692): Received deviceId from Email app: null
03-07 14:30:40.124 D/ExchangeService(  692): !!! deviceId unknown; stopping self and retrying
03-07 14:30:45.139 D/ExchangeService(  692): !!! EAS ExchangeService, onStartCommand, startingUp = false, running = false
03-07 14:30:45.150 W/ActivityManager(  311): Unable to start service Intent { act=com.android.email.ACCOUNT_INTENT } U=0: not found
03-07 14:30:45.150 D/ExchangeService(  692): !!! Email application not found; stopping self
03-07 14:30:45.159 W/ActivityManager(  311): Unable to start service Intent { act=com.android.email.ACCOUNT_INTENT } U=0: not found
03-07 14:30:45.169 E/ActivityThread(  692): Service com.android.exchange.ExchangeService has leaked ServiceConnection com.android.emailcommon.service.ServiceProxy$ProxyConnection@40d34a28 that was originally bound here
03-07 14:30:45.169 E/ActivityThread(  692): android.app.ServiceConnectionLeaked: Service com.android.exchange.ExchangeService has leaked ServiceConnection com.android.emailcommon.service.ServiceProxy$ProxyConnection@40d34a28 that was originally bound here
03-07 14:30:45.169 E/ActivityThread(  692): 	at android.app.LoadedApk$ServiceDispatcher.<init>(LoadedApk.java:969)
03-07 14:30:45.169 E/ActivityThread(  692): 	at android.app.LoadedApk.getServiceDispatcher(LoadedApk.java:863)
03-07 14:30:45.169 E/ActivityThread(  692): 	at android.app.ContextImpl.bindService(ContextImpl.java:1418)
03-07 14:30:45.169 E/ActivityThread(  692): 	at android.app.ContextImpl.bindService(ContextImpl.java:1407)
03-07 14:30:45.169 E/ActivityThread(  692): 	at android.content.ContextWrapper.bindService(ContextWrapper.java:473)
03-07 14:30:45.169 E/ActivityThread(  692): 	at com.android.emailcommon.service.ServiceProxy.setTask(ServiceProxy.java:157)
03-07 14:30:45.169 E/ActivityThread(  692): 	at com.android.emailcommon.service.ServiceProxy.setTask(ServiceProxy.java:145)
03-07 14:30:45.169 E/ActivityThread(  692): 	at com.android.emailcommon.service.AccountServiceProxy.getDeviceId(AccountServiceProxy.java:116)
03-07 14:30:45.169 E/ActivityThread(  692): 	at com.android.exchange.ExchangeService.getDeviceId(ExchangeService.java:1249)
03-07 14:30:45.169 E/ActivityThread(  692): 	at com.android.exchange.ExchangeService$7.run(ExchangeService.java:1856)
03-07 14:30:45.169 E/ActivityThread(  692): 	at com.android.emailcommon.utility.Utility$2.doInBackground(Utility.java:551)
03-07 14:30:45.169 E/ActivityThread(  692): 	at com.android.emailcommon.utility.Utility$2.doInBackground(Utility.java:549)
03-07 14:30:45.169 E/ActivityThread(  692): 	at android.os.AsyncTask$2.call(AsyncTask.java:287)
03-07 14:30:45.169 E/ActivityThread(  692): 	at java.util.concurrent.FutureTask.run(FutureTask.java:234)
03-07 14:30:45.169 E/ActivityThread(  692): 	at java.util.concurrent.ThreadPoolExecutor.runWorker(ThreadPoolExecutor.java:1080)
03-07 14:30:45.169 E/ActivityThread(  692): 	at java.util.concurrent.ThreadPoolExecutor$Worker.run(ThreadPoolExecutor.java:573)
03-07 14:30:45.169 E/ActivityThread(  692): 	at java.lang.Thread.run(Thread.java:856)
03-07 14:30:45.199 E/StrictMode(  692): null
03-07 14:30:45.199 E/StrictMode(  692): android.app.ServiceConnectionLeaked: Service com.android.exchange.ExchangeService has leaked ServiceConnection com.android.emailcommon.service.ServiceProxy$ProxyConnection@40d34a28 that was originally bound here
03-07 14:30:45.199 E/StrictMode(  692): 	at android.app.LoadedApk$ServiceDispatcher.<init>(LoadedApk.java:969)
03-07 14:30:45.199 E/StrictMode(  692): 	at android.app.LoadedApk.getServiceDispatcher(LoadedApk.java:863)
03-07 14:30:45.199 E/StrictMode(  692): 	at android.app.ContextImpl.bindService(ContextImpl.java:1418)
03-07 14:30:45.199 E/StrictMode(  692): 	at android.app.ContextImpl.bindService(ContextImpl.java:1407)
03-07 14:30:45.199 E/StrictMode(  692): 	at android.content.ContextWrapper.bindService(ContextWrapper.java:473)
03-07 14:30:45.199 E/StrictMode(  692): 	at com.android.emailcommon.service.ServiceProxy.setTask(ServiceProxy.java:157)
03-07 14:30:45.199 E/StrictMode(  692): 	at com.android.emailcommon.service.ServiceProxy.setTask(ServiceProxy.java:145)
03-07 14:30:45.199 E/StrictMode(  692): 	at com.android.emailcommon.service.AccountServiceProxy.getDeviceId(AccountServiceProxy.java:116)
03-07 14:30:45.199 E/StrictMode(  692): 	at com.android.exchange.ExchangeService.getDeviceId(ExchangeService.java:1249)
03-07 14:30:45.199 E/StrictMode(  692): 	at com.android.exchange.ExchangeService$7.run(ExchangeService.java:1856)
03-07 14:30:45.199 E/StrictMode(  692): 	at com.android.emailcommon.utility.Utility$2.doInBackground(Utility.java:551)
03-07 14:30:45.199 E/StrictMode(  692): 	at com.android.emailcommon.utility.Utility$2.doInBackground(Utility.java:549)
03-07 14:30:45.199 E/StrictMode(  692): 	at android.os.AsyncTask$2.call(AsyncTask.java:287)
03-07 14:30:45.199 E/StrictMode(  692): 	at java.util.concurrent.FutureTask.run(FutureTask.java:234)
03-07 14:30:45.199 E/StrictMode(  692): 	at java.util.concurrent.ThreadPoolExecutor.runWorker(ThreadPoolExecutor.java:1080)
03-07 14:30:45.199 E/StrictMode(  692): 	at java.util.concurrent.ThreadPoolExecutor$Worker.run(ThreadPoolExecutor.java:573)
03-07 14:30:45.199 E/StrictMode(  692): 	at java.lang.Thread.run(Thread.java:856)
03-07 14:30:45.209 W/ActivityManager(  311): Unbind failed: could not find connection for android.os.BinderProxy@41239910
03-07 14:30:45.209 E/ActivityThread(  692): Service com.android.exchange.ExchangeService has leaked ServiceConnection com.android.emailcommon.service.ServiceProxy$ProxyConnection@40d34660 that was originally bound here
03-07 14:30:45.209 E/ActivityThread(  692): android.app.ServiceConnectionLeaked: Service com.android.exchange.ExchangeService has leaked ServiceConnection com.android.emailcommon.service.ServiceProxy$ProxyConnection@40d34660 that was originally bound here
03-07 14:30:45.209 E/ActivityThread(  692): 	at android.app.LoadedApk$ServiceDispatcher.<init>(LoadedApk.java:969)
03-07 14:30:45.209 E/ActivityThread(  692): 	at android.app.LoadedApk.getServiceDispatcher(LoadedApk.java:863)
03-07 14:30:45.209 E/ActivityThread(  692): 	at android.app.ContextImpl.bindService(ContextImpl.java:1418)
03-07 14:30:45.209 E/ActivityThread(  692): 	at android.app.ContextImpl.bindService(ContextImpl.java:1407)
03-07 14:30:45.209 E/ActivityThread(  692): 	at android.content.ContextWrapper.bindService(ContextWrapper.java:473)
03-07 14:30:45.209 E/ActivityThread(  692): 	at com.android.emailcommon.service.ServiceProxy.setTask(ServiceProxy.java:157)
03-07 14:30:45.209 E/ActivityThread(  692): 	at com.android.emailcommon.service.ServiceProxy.setTask(ServiceProxy.java:145)
03-07 14:30:45.209 E/ActivityThread(  692): 	at com.android.emailcommon.service.ServiceProxy.test(ServiceProxy.java:191)
03-07 14:30:45.209 E/ActivityThread(  692): 	at com.android.exchange.ExchangeService$7.run(ExchangeService.java:1850)
03-07 14:30:45.209 E/ActivityThread(  692): 	at com.android.emailcommon.utility.Utility$2.doInBackground(Utility.java:551)
03-07 14:30:45.209 E/ActivityThread(  692): 	at com.android.emailcommon.utility.Utility$2.doInBackground(Utility.java:549)
03-07 14:30:45.209 E/ActivityThread(  692): 	at android.os.AsyncTask$2.call(AsyncTask.java:287)
03-07 14:30:45.209 E/ActivityThread(  692): 	at java.util.concurrent.FutureTask.run(FutureTask.java:234)
03-07 14:30:45.209 E/ActivityThread(  692): 	at java.util.concurrent.ThreadPoolExecutor.runWorker(ThreadPoolExecutor.java:1080)
03-07 14:30:45.209 E/ActivityThread(  692): 	at java.util.concurrent.ThreadPoolExecutor$Worker.run(ThreadPoolExecutor.java:573)
03-07 14:30:45.209 E/ActivityThread(  692): 	at java.lang.Thread.run(Thread.java:856)
03-07 14:30:45.239 E/StrictMode(  692): null
03-07 14:30:45.239 E/StrictMode(  692): android.app.ServiceConnectionLeaked: Service com.android.exchange.ExchangeService has leaked ServiceConnection com.android.emailcommon.service.ServiceProxy$ProxyConnection@40d34660 that was originally bound here
03-07 14:30:45.239 E/StrictMode(  692): 	at android.app.LoadedApk$ServiceDispatcher.<init>(LoadedApk.java:969)
03-07 14:30:45.239 E/StrictMode(  692): 	at android.app.LoadedApk.getServiceDispatcher(LoadedApk.java:863)
03-07 14:30:45.239 E/StrictMode(  692): 	at android.app.ContextImpl.bindService(ContextImpl.java:1418)
03-07 14:30:45.239 E/StrictMode(  692): 	at android.app.ContextImpl.bindService(ContextImpl.java:1407)
03-07 14:30:45.239 E/StrictMode(  692): 	at android.content.ContextWrapper.bindService(ContextWrapper.java:473)
03-07 14:30:45.239 E/StrictMode(  692): 	at com.android.emailcommon.service.ServiceProxy.setTask(ServiceProxy.java:157)
03-07 14:30:45.239 E/StrictMode(  692): 	at com.android.emailcommon.service.ServiceProxy.setTask(ServiceProxy.java:145)
03-07 14:30:45.239 E/StrictMode(  692): 	at com.android.emailcommon.service.ServiceProxy.test(ServiceProxy.java:191)
03-07 14:30:45.239 E/StrictMode(  692): 	at com.android.exchange.ExchangeService$7.run(ExchangeService.java:1850)
03-07 14:30:45.239 E/StrictMode(  692): 	at com.android.emailcommon.utility.Utility$2.doInBackground(Utility.java:551)
03-07 14:30:45.239 E/StrictMode(  692): 	at com.android.emailcommon.utility.Utility$2.doInBackground(Utility.java:549)
03-07 14:30:45.239 E/StrictMode(  692): 	at android.os.AsyncTask$2.call(AsyncTask.java:287)
03-07 14:30:45.239 E/StrictMode(  692): 	at java.util.concurrent.FutureTask.run(FutureTask.java:234)
03-07 14:30:45.239 E/StrictMode(  692): 	at java.util.concurrent.ThreadPoolExecutor.runWorker(ThreadPoolExecutor.java:1080)
03-07 14:30:45.239 E/StrictMode(  692): 	at java.util.concurrent.ThreadPoolExecutor$Worker.run(ThreadPoolExecutor.java:573)
03-07 14:30:45.239 E/StrictMode(  692): 	at java.lang.Thread.run(Thread.java:856)
03-07 14:30:45.239 D/dalvikvm(  692): GC_CONCURRENT freed 428K, 20% free 2496K/3104K, paused 6ms+13ms, total 66ms
03-07 14:30:45.249 W/ActivityManager(  311): Unbind failed: could not find connection for android.os.BinderProxy@411e57f0
03-07 14:31:30.170 D/ExchangeService(  692): Received deviceId from Email app: null
03-07 14:31:30.170 D/ExchangeService(  692): !!! deviceId unknown; stopping self and retrying
03-07 14:31:35.188 D/ExchangeService(  692): !!! EAS ExchangeService, onStartCommand, startingUp = false, running = false
03-07 14:31:35.198 W/ActivityManager(  311): Unable to start service Intent { act=com.android.email.ACCOUNT_INTENT } U=0: not found
03-07 14:31:35.198 D/ExchangeService(  692): !!! Email application not found; stopping self
03-07 14:31:35.198 W/ActivityManager(  311): Unable to start service Intent { act=com.android.email.ACCOUNT_INTENT } U=0: not found
03-07 14:31:35.218 E/ActivityThread(  692): Service com.android.exchange.ExchangeService has leaked ServiceConnection com.android.emailcommon.service.ServiceProxy$ProxyConnection@40d2ae80 that was originally bound here
03-07 14:31:35.218 E/ActivityThread(  692): android.app.ServiceConnectionLeaked: Service com.android.exchange.ExchangeService has leaked ServiceConnection com.android.emailcommon.service.ServiceProxy$ProxyConnection@40d2ae80 that was originally bound here
03-07 14:31:35.218 E/ActivityThread(  692): 	at android.app.LoadedApk$ServiceDispatcher.<init>(LoadedApk.java:969)
03-07 14:31:35.218 E/ActivityThread(  692): 	at android.app.LoadedApk.getServiceDispatcher(LoadedApk.java:863)
03-07 14:31:35.218 E/ActivityThread(  692): 	at android.app.ContextImpl.bindService(ContextImpl.java:1418)
03-07 14:31:35.218 E/ActivityThread(  692): 	at android.app.ContextImpl.bindService(ContextImpl.java:1407)
03-07 14:31:35.218 E/ActivityThread(  692): 	at android.content.ContextWrapper.bindService(ContextWrapper.java:473)
03-07 14:31:35.218 E/ActivityThread(  692): 	at com.android.emailcommon.service.ServiceProxy.setTask(ServiceProxy.java:157)
03-07 14:31:35.218 E/ActivityThread(  692): 	at com.android.emailcommon.service.ServiceProxy.setTask(ServiceProxy.java:145)
03-07 14:31:35.218 E/ActivityThread(  692): 	at com.android.emailcommon.service.AccountServiceProxy.getDeviceId(AccountServiceProxy.java:116)
03-07 14:31:35.218 E/ActivityThread(  692): 	at com.android.exchange.ExchangeService.getDeviceId(ExchangeService.java:1249)
03-07 14:31:35.218 E/ActivityThread(  692): 	at com.android.exchange.ExchangeService$7.run(ExchangeService.java:1856)
03-07 14:31:35.218 E/ActivityThread(  692): 	at com.android.emailcommon.utility.Utility$2.doInBackground(Utility.java:551)
03-07 14:31:35.218 E/ActivityThread(  692): 	at com.android.emailcommon.utility.Utility$2.doInBackground(Utility.java:549)
03-07 14:31:35.218 E/ActivityThread(  692): 	at android.os.AsyncTask$2.call(AsyncTask.java:287)
03-07 14:31:35.218 E/ActivityThread(  692): 	at java.util.concurrent.FutureTask.run(FutureTask.java:234)
03-07 14:31:35.218 E/ActivityThread(  692): 	at java.util.concurrent.ThreadPoolExecutor.runWorker(ThreadPoolExecutor.java:1080)
03-07 14:31:35.218 E/ActivityThread(  692): 	at java.util.concurrent.ThreadPoolExecutor$Worker.run(ThreadPoolExecutor.java:573)
03-07 14:31:35.218 E/ActivityThread(  692): 	at java.lang.Thread.run(Thread.java:856)
03-07 14:31:35.218 E/StrictMode(  692): null
03-07 14:31:35.218 E/StrictMode(  692): android.app.ServiceConnectionLeaked: Service com.android.exchange.ExchangeService has leaked ServiceConnection com.android.emailcommon.service.ServiceProxy$ProxyConnection@40d2ae80 that was originally bound here
03-07 14:31:35.218 E/StrictMode(  692): 	at android.app.LoadedApk$ServiceDispatcher.<init>(LoadedApk.java:969)
03-07 14:31:35.218 E/StrictMode(  692): 	at android.app.LoadedApk.getServiceDispatcher(LoadedApk.java:863)
03-07 14:31:35.218 E/StrictMode(  692): 	at android.app.ContextImpl.bindService(ContextImpl.java:1418)
03-07 14:31:35.218 E/StrictMode(  692): 	at android.app.ContextImpl.bindService(ContextImpl.java:1407)
03-07 14:31:35.218 E/StrictMode(  692): 	at android.content.ContextWrapper.bindService(ContextWrapper.java:473)
03-07 14:31:35.218 E/StrictMode(  692): 	at com.android.emailcommon.service.ServiceProxy.setTask(ServiceProxy.java:157)
03-07 14:31:35.218 E/StrictMode(  692): 	at com.android.emailcommon.service.ServiceProxy.setTask(ServiceProxy.java:145)
03-07 14:31:35.218 E/StrictMode(  692): 	at com.android.emailcommon.service.AccountServiceProxy.getDeviceId(AccountServiceProxy.java:116)
03-07 14:31:35.218 E/StrictMode(  692): 	at com.android.exchange.ExchangeService.getDeviceId(ExchangeService.java:1249)
03-07 14:31:35.218 E/StrictMode(  692): 	at com.android.exchange.ExchangeService$7.run(ExchangeService.java:1856)
03-07 14:31:35.218 E/StrictMode(  692): 	at com.android.emailcommon.utility.Utility$2.doInBackground(Utility.java:551)
