06-07 13:20:44.218 D/usbmond ( 1048): read /sys/class/android_usb/android0/iSerial :0123456789ABCDEF 16
06-07 13:20:44.218 D/usbmond ( 1048): read /sys/class/android_usb/android0/functions :mass_storage,adb
06-07 13:20:44.218 D/usbmond ( 1048):  17
06-07 13:20:44.218 D/usbmond ( 1048): read /sys/class/android_usb/android0/enable :1
06-07 13:20:44.218 D/usbmond ( 1048):  2
06-07 13:20:44.278 I/BluetoothService( 1271): ACTION_BATTERY_CHANGED pluggedType: 2
06-07 13:20:44.278 D/EthernetService( 1271): Intent.ACTION_BATTERY_CHANGED
06-07 13:20:44.368 I/wpa_supplicant( 6767): wlan0: CTRL-EVENT-ASSOC-REJECT status_code=1
06-07 13:20:44.368 E/wpa_supplicant( 6767): Retrying assoc Iteration:1
06-07 13:20:44.408 W/PowerUI ( 1432): unknown intent: Intent { act=android.intent.action.ACTION_POWER_CONNECTED flg=0x8000010 }
06-07 13:20:45.788 D/usbmond ( 1048): string is 
06-07 13:20:45.788 D/usbmond ( 1048): length is 0
06-07 13:20:45.788 D/usbmond ( 1048): string is 0000
06-07 13:20:45.788 D/usbmond ( 1048): length is 4
06-07 13:20:45.788 D/usbmond ( 1048): string is 0
06-07 13:20:45.788 D/usbmond ( 1048): length is 1
06-07 13:20:45.788 D/usbmond ( 1048): string is 0c02
06-07 13:20:45.788 D/usbmond ( 1048): length is 4
06-07 13:20:45.788 D/usbmond ( 1048): string is 10d6
06-07 13:20:45.788 D/usbmond ( 1048): length is 4
06-07 13:20:45.788 D/usbmond ( 1048): string is 0
06-07 13:20:45.788 D/usbmond ( 1048): length is 1
06-07 13:20:45.788 D/usbmond ( 1048): string is 0
06-07 13:20:45.788 D/usbmond ( 1048): length is 1
06-07 13:20:45.788 D/usbmond ( 1048): string is 0
06-07 13:20:45.788 D/usbmond ( 1048): length is 1
06-07 13:20:45.788 D/usbmond ( 1048): string is 0202
06-07 13:20:45.788 D/usbmond ( 1048): length is 4
06-07 13:20:45.788 D/usbmond ( 1048): string is ainol
06-07 13:20:45.788 D/usbmond ( 1048): length is 5
06-07 13:20:45.788 D/usbmond ( 1048): string is Novo7 Venus
06-07 13:20:45.788 D/usbmond ( 1048): length is 11
06-07 13:20:45.788 D/usbmond ( 1048): string is 0123456789ABCDEF
06-07 13:20:45.788 D/usbmond ( 1048): length is 16
06-07 13:20:45.788 D/usbmond ( 1048): string is mass_storage,adb
06-07 13:20:45.788 D/usbmond ( 1048): length is 16
06-07 13:20:45.788 D/usbmond ( 1048): length is 22  ainol,Novo7 Venus,3.00
06-07 13:20:45.788 D/usbmond ( 1048): string is 1
06-07 13:20:45.798 D/usbmond ( 1048): length is 1
06-07 13:20:46.688 I/wpa_supplicant( 6767): wlan0: Trying to associate with 00:1d:93:5e:7b:a4 (SSID='URoad-5E7BA4' freq=2422 MHz)
06-07 13:20:46.698 I/wpa_supplicant( 6767): [CTRL_IFACE]wlan0: AP_SCAN 1
06-07 13:20:46.698 I/wpa_supplicant( 6767): [CTRL_IFACE]wlan0: SCAN_RESULTS
06-07 13:20:46.718 D/AlarmManager( 1271): overriden alarm callingpackages[0] com.google.android.gsf
06-07 13:20:46.728 I/wpa_supplicant( 6767): wlan0: CTRL-EVENT-ASSOC-REJECT status_code=1
06-07 13:20:46.728 E/wpa_supplicant( 6767): Retrying assoc Iteration:1
06-07 13:20:46.728 D/AlarmManager( 1271): overriden alarm callingpackages[0] com.google.android.gsf
06-07 13:20:47.118 I/StorageNotification( 1432): UMS connection changed to true (media state mounted)
06-07 13:20:47.588 I/ActivityManager( 1271): START {act=android.net.wifi.PICK_WIFI_NETWORK cmp=com.android.settings/.wifi.WifiPickerActivity bnds=[920,736][1280,800] u=0} from pid -1
06-07 13:20:47.618 W/ActivityManager( 1271): startActivity called from non-Activity context; forcing Intent.FLAG_ACTIVITY_NEW_TASK for: Intent { act=android.net.wifi.PICK_WIFI_NETWORK cmp=com.android.settings/.wifi.WifiPickerActivity bnds=[920,736][1280,800] }
06-07 13:20:47.668 W/KeyguardViewMediator( 1271): verifyUnlock called when not externally disabled
06-07 13:20:48.508 I/Choreographer( 1432): Skipped 30 frames!  The application may be doing too much work on its main thread.
06-07 13:20:48.838 D/libEGL  ( 3167): loaded /system/lib/egl/libEGL_VIVANTE.so
06-07 13:20:48.848 D/libEGL  ( 3167): loaded /system/lib/egl/libGLESv1_CM_VIVANTE.so
06-07 13:20:48.868 D/libEGL  ( 3167): loaded /system/lib/egl/libGLESv2_VIVANTE.so
06-07 13:20:48.898 E/BufferQueue( 1052): [com.android.settings/com.android.settings.wifi.WifiPickerActivity] dequeueBuffer: can't dequeue multiple buffers without setting the buffer count
06-07 13:20:48.908 D/OpenGLRenderer( 3167): Enabling debug mode 0
06-07 13:20:48.998 E/BufferQueue( 1052): [NotificationPanel] dequeueBuffer: can't dequeue multiple buffers without setting the buffer count
06-07 13:20:49.008 D/OpenGLRenderer( 1432): Enabling debug mode 0
06-07 13:20:49.038 I/wpa_supplicant( 6767): wlan0: Trying to associate with 00:1d:93:5e:7b:a4 (SSID='URoad-5E7BA4' freq=2422 MHz)
06-07 13:20:49.048 I/wpa_supplicant( 6767): [CTRL_IFACE]wlan0: AP_SCAN 1
06-07 13:20:49.048 I/wpa_supplicant( 6767): [CTRL_IFACE]wlan0: SCAN_RESULTS
06-07 13:20:49.068 D/AlarmManager( 1271): overriden alarm callingpackages[0] com.google.android.gsf
06-07 13:20:49.068 D/AlarmManager( 1271): overriden alarm callingpackages[0] com.google.android.gsf
06-07 13:20:49.078 I/wpa_supplicant( 6767): wlan0: CTRL-EVENT-ASSOC-REJECT status_code=1
06-07 13:20:49.078 E/wpa_supplicant( 6767): Retrying assoc Iteration:1
06-07 13:20:49.088 I/ActivityManager( 1271): Displayed com.android.settings/.wifi.WifiPickerActivity: +1s416ms
06-07 13:20:49.118 I/wpa_supplicant( 6767): [CTRL_IFACE]wlan0: DRIVER SCAN-ACTIVE
06-07 13:20:49.118 I/wpa_supplicant( 6767): [CTRL_IFACE]wlan0: SCAN
06-07 13:20:49.118 I/wpa_supplicant( 6767): [CTRL_IFACE]wlan0: DRIVER SCAN-PASSIVE
06-07 13:20:49.128 D/dalvikvm( 3167): GC_CONCURRENT freed 158K, 8% free 6457K/6983K, paused 13ms+3ms, total 46ms
06-07 13:20:49.228 D/dalvikvm( 1432): GC_CONCURRENT freed 577K, 59% free 8126K/19591K, paused 13ms+11ms, total 85ms
06-07 13:20:49.298 D/v_gal   ( 1432): [tid=1432] libGAL: Performing a software resolve!
06-07 13:20:49.698 D/dalvikvm( 3167): GC_CONCURRENT freed 191K, 7% free 6680K/7175K, paused 1ms+13ms, total 34ms
06-07 13:20:50.418 I/wpa_supplicant( 6767): wlan0: Trying to associate with 00:1d:93:5e:7b:a4 (SSID='URoad-5E7BA4' freq=2422 MHz)
06-07 13:20:50.428 I/wpa_supplicant( 6767): [CTRL_IFACE]wlan0: AP_SCAN 1
06-07 13:20:50.428 I/wpa_supplicant( 6767): [CTRL_IFACE]wlan0: SCAN_RESULTS
06-07 13:20:50.458 D/AlarmManager( 1271): overriden alarm callingpackages[0] com.google.android.gsf
06-07 13:20:50.458 D/AlarmManager( 1271): overriden alarm callingpackages[0] com.google.android.gsf
06-07 13:20:50.518 I/wpa_supplicant( 6767): wlan0: CTRL-EVENT-ASSOC-REJECT status_code=1
06-07 13:20:50.518 E/wpa_supplicant( 6767): Retrying assoc Iteration:1
06-07 13:20:52.828 I/wpa_supplicant( 6767): wlan0: Trying to associate with 00:1d:93:5e:7b:a4 (SSID='URoad-5E7BA4' freq=2422 MHz)
06-07 13:20:52.838 I/wpa_supplicant( 6767): [CTRL_IFACE]wlan0: AP_SCAN 1
06-07 13:20:52.838 I/wpa_supplicant( 6767): [CTRL_IFACE]wlan0: SCAN_RESULTS
06-07 13:20:52.848 D/AlarmManager( 1271): overriden alarm callingpackages[0] com.google.android.gsf
06-07 13:20:52.848 D/AlarmManager( 1271): overriden alarm callingpackages[0] com.google.android.gsf
06-07 13:20:52.878 I/wpa_supplicant( 6767): wlan0: CTRL-EVENT-ASSOC-REJECT status_code=1
06-07 13:20:52.878 E/wpa_supplicant( 6767): Retrying assoc Iteration:1
06-07 13:20:54.188 W/InputMethodManagerService( 1271): Window already focused, ignoring focus gain of: com.android.internal.view.IInputMethodClient$Stub$Proxy@41cf9370 attribute=null
06-07 13:20:55.178 I/wpa_supplicant( 6767): wlan0: Trying to associate with 00:1d:93:5e:7b:a4 (SSID='URoad-5E7BA4' freq=2422 MHz)
06-07 13:20:55.188 I/wpa_supplicant( 6767): [CTRL_IFACE]wlan0: AP_SCAN 1
06-07 13:20:55.188 I/wpa_supplicant( 6767): [CTRL_IFACE]wlan0: SCAN_RESULTS
06-07 13:20:55.208 D/AlarmManager( 1271): overriden alarm callingpackages[0] com.google.android.gsf
06-07 13:20:55.208 D/AlarmManager( 1271): overriden alarm callingpackages[0] com.google.android.gsf
06-07 13:20:55.228 I/wpa_supplicant( 6767): wlan0: CTRL-EVENT-ASSOC-REJECT status_code=1
06-07 13:20:55.228 E/wpa_supplicant( 6767): Retrying assoc Iteration:1
06-07 13:20:55.278 D/dalvikvm( 3167): GC_CONCURRENT freed 444K, 10% free 6694K/7431K, paused 13ms+14ms, total 58ms
06-07 13:20:55.418 E/BufferQueue( 1052): [NotificationPanel] dequeueBuffer: can't dequeue multiple buffers without setting the buffer count
06-07 13:20:56.218 I/BluetoothService( 1271): ACTION_BATTERY_CHANGED pluggedType: 2
06-07 13:20:56.218 D/EthernetService( 1271): Intent.ACTION_BATTERY_CHANGED
06-07 13:20:57.528 I/wpa_supplicant( 6767): wlan0: Trying to associate with 00:1d:93:5e:7b:a4 (SSID='URoad-5E7BA4' freq=2422 MHz)
06-07 13:20:57.538 I/wpa_supplicant( 6767): [CTRL_IFACE]wlan0: AP_SCAN 1
06-07 13:20:57.538 I/wpa_supplicant( 6767): [CTRL_IFACE]wlan0: SCAN_RESULTS
06-07 13:20:57.558 D/AlarmManager( 1271): overriden alarm callingpackages[0] com.google.android.gsf
06-07 13:20:57.558 D/AlarmManager( 1271): overriden alarm callingpackages[0] com.google.android.gsf
06-07 13:20:57.578 I/wpa_supplicant( 6767): wlan0: CTRL-EVENT-ASSOC-REJECT status_code=1
06-07 13:20:57.578 E/wpa_supplicant( 6767): Retrying assoc Iteration:1
06-07 13:20:59.108 I/wpa_supplicant( 6767): [CTRL_IFACE]wlan0: DRIVER SCAN-ACTIVE
06-07 13:20:59.108 I/wpa_supplicant( 6767): [CTRL_IFACE]wlan0: SCAN
06-07 13:20:59.108 I/wpa_supplicant( 6767): [CTRL_IFACE]wlan0: DRIVER SCAN-PASSIVE
06-07 13:20:59.738 W/InputMethodManagerService( 1271): Window already focused, ignoring focus gain of: com.android.internal.view.IInputMethodClient$Stub$Proxy@41da7f48 attribute=null
06-07 13:20:59.898 I/wpa_supplicant( 6767): wlan0: Trying to associate with 00:1d:93:5e:7b:a4 (SSID='URoad-5E7BA4' freq=2422 MHz)
06-07 13:20:59.908 I/wpa_supplicant( 6767): [CTRL_IFACE]wlan0: AP_SCAN 1
06-07 13:20:59.908 I/wpa_supplicant( 6767): [CTRL_IFACE]wlan0: SCAN_RESULTS
06-07 13:20:59.928 D/AlarmManager( 1271): overriden alarm callingpackages[0] com.google.android.gsf
06-07 13:20:59.928 D/AlarmManager( 1271): overriden alarm callingpackages[0] com.google.android.gsf
06-07 13:20:59.988 D/dalvikvm( 3167): GC_CONCURRENT freed 522K, 11% free 6622K/7431K, paused 2ms+4ms, total 27ms
06-07 13:21:00.038 I/wpa_supplicant( 6767): wlan0: CTRL-EVENT-ASSOC-REJECT status_code=1
06-07 13:21:00.038 E/wpa_supplicant( 6767): Retrying assoc Iteration:1
06-07 13:21:01.698 D/CommandListener( 1049): Clearing all IP addresses on wlan0
06-07 13:21:01.698 D/WifiService( 1271): setWifiEnabled: false pid=3167, uid=1000
06-07 13:21:01.708 I/wpa_supplicant( 6767): [CTRL_IFACE]wlan0: TERMINATE
06-07 13:21:01.738 D/BackupManagerService( 1271): Now staging backup of com.android.providers.settings
06-07 13:21:01.888 I/wpa_supplicant( 6767): wlan0: CTRL-EVENT-TERMINATING 
06-07 13:21:02.508 W/Netd    ( 1049): No subsystem found in netlink event
06-07 13:21:02.508 D/NetlinkEvent( 1049): Unexpected netlink message. type=0x11
06-07 13:21:02.888 I/ActivityManager( 1271): START {act=android.intent.action.MAIN cat=[android.intent.category.HOME] flg=0x10200000 cmp=com.android.launcher/com.android.launcher2.Launcher u=0} from pid 1271
06-07 13:21:03.048 D/dalvikvm( 1544): GC_FOR_ALLOC freed 3773K, 22% free 21507K/27335K, paused 100ms, total 100ms
06-07 13:21:03.048 I/dalvikvm-heap( 1544): Grow heap (frag case) to 24.916MB for 3850256-byte allocation
06-07 13:21:03.068 D/dalvikvm( 1271): GC_CONCURRENT freed 1395K, 25% free 11389K/15175K, paused 5ms+11ms, total 161ms
06-07 13:21:03.108 D/dalvikvm( 1544): GC_FOR_ALLOC freed 0K, 8% free 25267K/27335K, paused 58ms, total 58ms
06-07 13:21:03.118 D/AlarmManager( 1271): overriden alarm callingpackages[0] com.google.android.gsf
06-07 13:21:03.118 D/AlarmManager( 1271): overriden alarm callingpackages[0] com.google.android.gsf
06-07 13:21:03.138 D/dalvikvm( 1271): WAIT_FOR_CONCURRENT_GC blocked 0ms
06-07 13:21:03.218 D/dalvikvm( 1544): GC_CONCURRENT freed 3834K, 22% free 21451K/27335K, paused 13ms+6ms, total 109ms
06-07 13:21:03.318 D/dalvikvm( 1271): GC_EXPLICIT freed 189K, 26% free 11236K/15175K, paused 12ms+12ms, total 178ms
06-07 13:21:03.358 E/BufferQueue( 1052): [com.android.launcher/com.android.launcher2.Launcher] dequeueBuffer: can't dequeue multiple buffers without setting the buffer count
06-07 13:21:17.388 D/AlarmManager( 1271): overriden alarm callingpackages[0] com.google.android.gsf
06-07 13:21:17.408 D/AlarmManager( 1271): overriden alarm callingpackages[0] com.google.android.gsf
06-07 13:21:28.758 D/AL_LIBC ( 6893): pid = 6893
06-07 13:21:28.758 D/appproc ( 6893): Zygote process start...
06-07 13:21:28.758 D/appproc ( 6893): Zygote runtime initialized...
06-07 13:21:28.758 D/AndroidRuntime( 6893): 
06-07 13:21:28.758 D/AndroidRuntime( 6893): >>>>>> AndroidRuntime START com.android.internal.os.RuntimeInit <<<<<<
06-07 13:21:28.758 D/AndroidRuntime( 6893): start vm...
06-07 13:21:28.758 D/AndroidRuntime( 6893): CheckJNI is OFF
06-07 13:21:28.758 D/AndroidRuntime( 6893): JNI_CreateJavaVM start
06-07 13:21:28.768 D/dalvikvm( 6893): Trying to load lib libjavacore.so 0x0
06-07 13:21:28.788 D/dalvikvm( 6893): Added shared lib libjavacore.so 0x0
06-07 13:21:28.798 D/dalvikvm( 6893): Trying to load lib libnativehelper.so 0x0
06-07 13:21:28.798 D/dalvikvm( 6893): Added shared lib libnativehelper.so 0x0
06-07 13:21:28.858 D/AndroidRuntime( 6893): AndroidRuntime VM started
06-07 13:21:29.008 D/ethernet( 6893): Loading ethernet jni class
06-07 13:21:29.028 D/AndroidRuntime( 6893): AndroidRuntime Register natives
06-07 13:21:29.028 D/AndroidRuntime( 6893): AndroidRuntime VM start java main: com.android.internal.os.RuntimeInit
06-07 13:21:29.048 D/AndroidRuntime( 6893): Calling main entry com.android.commands.pm.Pm
06-07 13:21:29.058 I/PackageManager( 1271): Removing non-system package:org.dom
06-07 13:21:29.058 I/ActivityManager( 1271): Force stopping package org.dom uid=10068
06-07 13:21:29.938 D/BackupManagerService( 1271): Now staging backup of android
06-07 13:21:29.938 I/ActivityManager( 1271): Force stopping package org.dom uid=10068
06-07 13:21:29.948 D/dalvikvm( 1544): WAIT_FOR_CONCURRENT_GC blocked 0ms
06-07 13:21:29.958 D/dalvikvm( 2673): WAIT_FOR_CONCURRENT_GC blocked 0ms
06-07 13:21:29.968 E/com.amazon.kindle/com.amazon.identity.auth.device.framework.MAPApplicationInformationQueryer( 3244): Notified by action android.intent.action.PACKAGE_REMOVED to invalidate app cache
06-07 13:21:29.998 I/InputReader( 1271): Reconfiguring input devices.  changes=0x00000010
06-07 13:21:30.028 D/dalvikvm( 2673): GC_EXPLICIT freed 294K, 9% free 6354K/6919K, paused 3ms+3ms, total 71ms
06-07 13:21:30.038 D/dalvikvm( 1271): WAIT_FOR_CONCURRENT_GC blocked 0ms
06-07 13:21:30.038 D/dalvikvm( 1544): GC_EXPLICIT freed 11K, 22% free 21504K/27335K, paused 4ms+5ms, total 93ms
06-07 13:21:30.088 W/Service ( 2673): mClassName= com.android.providers.contactstoInt= 1146869735
06-07 13:21:30.088 D/VoicemailCleanupService( 2673): Cleaning up data for package: org.dom
06-07 13:21:30.158 I/ActivityManager( 1271): Start proc com.android.gallery3d for broadcast com.android.gallery3d/.app.PackagesMonitor: pid=6906 uid=10018 gids={1006, 3003, 1015, 1028}
06-07 13:21:30.198 E/Trace   ( 6906): error opening trace file: No such file or directory (2)
06-07 13:21:30.368 I/ActivityThread( 6906): Pub com.android.gallery3d.provider: com.android.gallery3d.provider.GalleryProvider
06-07 13:21:30.438 D/dalvikvm( 6906): GC_CONCURRENT freed 215K, 7% free 6318K/6791K, paused 12ms+3ms, total 41ms
06-07 13:21:30.438 I/ActivityManager( 1271): Start proc com.android.keychain for broadcast com.android.keychain/.KeyChainBroadcastReceiver: pid=6930 uid=1000 gids={1015, 3002, 3001, 3003, 1028, 3007}
06-07 13:21:30.468 E/Trace   ( 6930): error opening trace file: No such file or directory (2)
06-07 13:21:30.498 D/dalvikvm( 1271): GC_EXPLICIT freed 814K, 26% free 11339K/15175K, paused 20ms+12ms, total 463ms
06-07 13:21:30.518 I/PackageManager( 1271): Observer no longer exists.
06-07 13:21:30.518 W/Service ( 2719): mClassName= com.android.musicfxtoInt= -917159941
06-07 13:21:30.528 W/Service ( 6930): mClassName= com.android.keychaintoInt= 1500172648
06-07 13:21:30.538 D/dalvikvm( 1054): WAIT_FOR_CONCURRENT_GC blocked 0ms
06-07 13:21:30.538 I/ActivityManager( 1271): Start proc com.noshufou.android.su for broadcast com.noshufou.android.su/.UninstallReceiver: pid=6945 uid=10043 gids={3003, 1015, 1028}
06-07 13:21:30.558 I/dalvikvm( 6945): Turning on JNI app bug workarounds for target SDK version 11...
06-07 13:21:30.568 D/PackageManager( 1271): generateServicesMap(android.accounts.AccountAuthenticator): 9 services unchanged
06-07 13:21:30.578 D/dalvikvm( 1054): GC_EXPLICIT freed 38K, 8% free 6039K/6531K, paused 2ms+4ms, total 33ms
06-07 13:21:30.578 D/dalvikvm( 1054): WAIT_FOR_CONCURRENT_GC blocked 0ms
06-07 13:21:30.608 D/dalvikvm( 1054): GC_EXPLICIT freed <1K, 8% free 6039K/6531K, paused 2ms+2ms, total 30ms
06-07 13:21:30.608 D/dalvikvm( 1054): WAIT_FOR_CONCURRENT_GC blocked 0ms
06-07 13:21:30.638 D/dalvikvm( 1054): GC_EXPLICIT freed <1K, 8% free 6039K/6531K, paused 3ms+3ms, total 31ms
06-07 13:21:30.658 I/ActivityManager( 1271): Start proc com.android.defcontainer for service com.android.defcontainer/.DefaultContainerService: pid=6958 uid=10010 gids={1015, 2001, 1028}
06-07 13:21:30.668 D/PackageManager( 1271): generateServicesMap(android.content.SyncAdapter): 19 services unchanged
06-07 13:21:30.668 E/Trace   ( 6945): error opening trace file: No such file or directory (2)
06-07 13:21:30.678 D/BackupManagerService( 1271): Received broadcast Intent { act=android.intent.action.PACKAGE_REMOVED dat=package:org.dom flg=0x8000010 (has extras) }
06-07 13:21:30.678 V/BackupManagerService( 1271): removePackageParticipantsLocked: uid=10068 #1
06-07 13:21:30.698 E/Trace   ( 6958): error opening trace file: No such file or directory (2)
06-07 13:21:30.728 W/Service ( 6958): mClassName= com.android.defcontainertoInt= -1613770802
06-07 13:21:30.738 I/ActivityThread( 6945): Pub com.noshufou.android.su.provider: com.noshufou.android.su.provider.PermissionsProvider
06-07 13:21:30.738 I/ActivityManager( 1271): No longer want com.google.android.gsf.login (pid 1756): hidden #16
06-07 13:21:30.788 I/ActivityManager( 1271): No longer want com.path (pid 2891): hidden #16
06-07 13:21:30.808 I/InternalIcingCorporaPro( 2031): Updating corpora: APPS=org.dom, CONTACTS=MAYBE
06-07 13:21:30.808 W/Service ( 2031): mClassName= com.google.android.googlequicksearchboxtoInt= -79313952
06-07 13:21:30.838 W/Service ( 2982): mClassName= com.pathtoInt= -1078496038
06-07 13:21:30.838 D/AlarmManager( 1271): overriden alarm callingpackages[0] com.android.vending
06-07 13:21:30.868 D/PackageBroadcastService( 1649): Received broadcast action=android.intent.action.PACKAGE_REMOVED and uri=org.dom
06-07 13:21:30.878 W/Service ( 1649): mClassName= com.google.android.gmstoInt= 400313326
06-07 13:21:30.888 I/ActivityManager( 1271): Start proc com.google.android.gms.drive for broadcast com.google.android.gms/.drive.api.DriveSystemBroadcastReceiver: pid=6976 uid=10021 gids={3003, 1015, 1028, 1007, 1006, 3002, 3001, 2001, 3006}
06-07 13:21:30.908 W/Service ( 1649): mClassName= com.google.android.gmstoInt= 400313326
06-07 13:21:30.918 E/Trace   ( 6976): error opening trace file: No such file or directory (2)
06-07 13:21:30.918 W/Service ( 1649): mClassName= com.google.android.gmstoInt= 400313326
06-07 13:21:30.948 W/Service ( 1649): mClassName= com.google.android.gmstoInt= 400313326
06-07 13:21:30.988 W/Service ( 1649): mClassName= com.google.android.gmstoInt= 400313326
06-07 13:21:30.988 W/Service ( 1572): mClassName= com.google.android.gmstoInt= 400313326
06-07 13:21:30.988 W/Service ( 1649): mClassName= com.google.android.gmstoInt= 400313326
06-07 13:21:30.998 I/PeopleContactsSync( 1649): CP2 sync disabled
06-07 13:21:30.998 D/dalvikvm( 1649): GC_CONCURRENT freed 411K, 10% free 7328K/8135K, paused 14ms+3ms, total 65ms
06-07 13:21:31.008 W/Service ( 1649): mClassName= com.google.android.gmstoInt= 400313326
06-07 13:21:31.028 W/Service ( 1572): mClassName= com.google.android.gmstoInt= 400313326
06-07 13:21:31.038 I/InternalIcingCorporaPro( 2031): UpdateCorporaTask done [took 231 ms] updated apps [took 230 ms] 
06-07 13:21:31.038 I/Icing   ( 1649): doRemovePackageData org.dom
06-07 13:21:31.048 D/dalvikvm( 1649): WAIT_FOR_CONCURRENT_GC blocked 0ms
06-07 13:21:31.088 D/dalvikvm( 1649): GC_EXPLICIT freed 63K, 11% free 7289K/8135K, paused 3ms+5ms, total 45ms
06-07 13:21:31.088 D/dalvikvm( 6976): GC_CONCURRENT freed 158K, 6% free 6386K/6791K, paused 12ms+2ms, total 42ms
06-07 13:21:31.088 D/dalvikvm( 6976): WAIT_FOR_CONCURRENT_GC blocked 15ms
06-07 13:21:31.108 I/MultiDex( 6976): load(/data/app/com.google.android.gms-2.apk, forceReload=false)
06-07 13:21:31.208 D/dalvikvm( 6976): GC_CONCURRENT freed 150K, 7% free 6712K/7175K, paused 2ms+2ms, total 22ms
06-07 13:21:31.228 I/MultiDex( 6976): Need extracted file /data/data/com.google.android.gms/files/secondary-dexes/com.google.android.gms-2.apk.classes2.zip
06-07 13:21:31.228 I/MultiDex( 6976): No extraction needed for /data/data/com.google.android.gms/files/secondary-dexes/com.google.android.gms-2.apk.classes2.zip of size 1809539
06-07 13:21:31.228 I/ActivityThread( 6976): Pub com.google.android.gms.drive: com.google.android.gms.drive.data.sync.syncadapter.DatabaseNotificationContentProvider
06-07 13:21:31.258 D/GCM     ( 1572): GcmService start Intent { act=com.google.android.gms.INITIALIZE flg=0x10 pkg=com.google.android.gms cmp=com.google.android.gms/.gcm.GcmService } com.google.android.gms.INITIALIZE
06-07 13:21:31.268 W/Service ( 6976): mClassName= com.google.android.gmstoInt= 400313326
06-07 13:21:31.268 D/Drive.UninstallOperation( 6976): Uninstall org.dom
06-07 13:21:31.298 W/Service ( 1649): mClassName= com.google.android.gmstoInt= 400313326
06-07 13:21:31.428 D/AlarmManager( 1271): overriden alarm callingpackages[0] com.google.android.gsf
06-07 13:21:31.508 D/dalvikvm( 6976): GC_CONCURRENT freed 264K, 8% free 6862K/7431K, paused 12ms+4ms, total 34ms
06-07 13:21:31.528 D/DatabaseModelLoader( 6976): Uninstalled org.dom
06-07 13:21:31.548 V/SubscriptionIntentCache( 6976): Loaded 0 cache items in 127 milliseconds
06-07 13:21:31.548 I/LegacyContentMigrator( 6976): Migrating any legacy content...
06-07 13:21:31.548 W/Service ( 6976): mClassName= com.google.android.gmstoInt= 400313326
06-07 13:21:31.558 I/LegacyContentMigrator( 6976): Content migration complete.
06-07 13:21:31.558 I/PinnedContentDownloader( 6976): Started downloading pinned content.
06-07 13:21:31.558 I/PinnedContentDownloader( 6976): Stopped downloading pinned content because the device is offline.
06-07 13:21:32.038 I/Icing   ( 1649): Indexing 69E6F7C51BF6602660D9BB1A10BEF430F14859E0 from com.google.android.googlequicksearchbox
06-07 13:21:32.068 I/Icing   ( 1649): Not enough disk space for indexing trimmable
06-07 13:21:32.068 W/ActivityManager( 1271): Permission denied: checkComponentPermission() owningUid=10039
06-07 13:21:32.068 W/ActivityManager( 1271): Permission denied: checkComponentPermission() owningUid=10039
06-07 13:21:32.128 I/Icing   ( 1649): Not enough disk space for indexing trimmable
06-07 13:21:32.128 W/ActivityManager( 1271): Permission denied: checkComponentPermission() owningUid=10039
06-07 13:21:32.128 W/ActivityManager( 1271): Permission denied: checkComponentPermission() owningUid=10039
06-07 13:21:32.148 D/dalvikvm( 2031): GC_CONCURRENT freed 698K, 12% free 7805K/8775K, paused 2ms+2ms, total 35ms
06-07 13:21:32.158 I/Icing   ( 1649): Indexing done 69E6F7C51BF6602660D9BB1A10BEF430F14859E0
06-07 13:21:32.168 W/Service ( 1649): mClassName= com.google.android.gmstoInt= 400313326
06-07 13:21:34.208 I/BluetoothService( 1271): ACTION_BATTERY_CHANGED pluggedType: 2
06-07 13:21:34.208 D/EthernetService( 1271): Intent.ACTION_BATTERY_CHANGED
06-07 13:21:36.018 W/Service ( 1572): mClassName= com.google.android.gmstoInt= 400313326
06-07 13:21:36.038 W/Service ( 1649): mClassName= com.google.android.gmstoInt= 400313326
06-07 13:21:45.768 D/switch event { '%s', '%s', '%s', '%s' }
( 1048): change
06-07 13:21:45.768 D/usbmond ( 1048): read /sys/class/android_usb/f_rndis/manufacturer :
06-07 13:21:45.768 D/usbmond ( 1048):  1
06-07 13:21:45.768 D/usbmond ( 1048): read /sys/class/android_usb/f_rndis/vendorID :0000
06-07 13:21:45.768 D/usbmond ( 1048):  5
06-07 13:21:45.768 D/usbmond ( 1048): read /sys/class/android_usb/f_rndis/wceis :0
06-07 13:21:45.768 D/usbmond ( 1048):  2
06-07 13:21:45.768 D/usbmond ( 1048): read /sys/class/android_usb/android0/idProduct :0c02
06-07 13:21:45.768 D/usbmond ( 1048):  5
06-07 13:21:45.768 D/usbmond ( 1048): read /sys/class/android_usb/android0/idVendor :10d6
06-07 13:21:45.768 D/usbmond ( 1048):  5
06-07 13:21:45.768 D/usbmond ( 1048): read /sys/class/android_usb/android0/bDeviceClass :0
06-07 13:21:45.768 D/usbmond ( 1048):  2
06-07 13:21:45.768 D/usbmond ( 1048): read /sys/class/android_usb/android0/bDeviceProtocol :0
06-07 13:21:45.768 D/usbmond ( 1048):  2
06-07 13:21:45.768 D/usbmond ( 1048): read /sys/class/android_usb/android0/bDeviceSubClass :0
06-07 13:21:45.768 D/usbmond ( 1048):  2
06-07 13:21:45.768 D/usbmond ( 1048): read /sys/class/android_usb/android0/bcdDevice :0202
06-07 13:21:45.768 D/usbmond ( 1048):  5
06-07 13:21:45.768 D/usbmond ( 1048): read /sys/class/android_usb/android0/iManufacturer :ainol 5
06-07 13:21:45.768 D/usbmond ( 1048): read /sys/class/android_usb/android0/iProduct :Novo7 Venus 11
06-07 13:21:45.768 D/usbmond ( 1048): read /sys/class/android_usb/android0/iSerial :0123456789ABCDEF 16
06-07 13:21:45.768 D/usbmond ( 1048): read /sys/class/android_usb/android0/functions :mass_storage,adb
06-07 13:21:45.768 D/usbmond ( 1048):  17
06-07 13:21:45.768 D/usbmond ( 1048): read /sys/class/android_usb/android0/enable :1
06-07 13:21:45.768 D/usbmond ( 1048):  2
06-07 13:21:45.818 I/StorageNotification( 1432): UMS connection changed to false (media state mounted)
06-07 13:21:45.858 W/Service ( 2121): mClassName= com.android.vendingtoInt= 1483848391
06-07 13:21:45.988 D/Finsky  ( 2121): [1] 5.onFinished: Installation state replication succeeded.
06-07 13:21:45.988 W/Service ( 2121): mClassName= com.android.vendingtoInt= 1483848391
06-07 13:21:46.258 I/BluetoothService( 1271): ACTION_BATTERY_CHANGED pluggedType: 0
06-07 13:21:46.258 D/EthernetService( 1271): Intent.ACTION_BATTERY_CHANGED
06-07 13:21:46.928 D/usbmond ( 1048): string is 
06-07 13:21:46.928 D/usbmond ( 1048): length is 0
06-07 13:21:46.928 D/usbmond ( 1048): string is 0000
06-07 13:21:46.928 D/usbmond ( 1048): length is 4
06-07 13:21:46.928 D/usbmond ( 1048): string is 0
06-07 13:21:46.928 D/usbmond ( 1048): length is 1
06-07 13:21:46.928 D/usbmond ( 1048): string is 0c02
06-07 13:21:46.928 D/usbmond ( 1048): length is 4
06-07 13:21:46.928 D/usbmond ( 1048): string is 10d6
06-07 13:21:46.928 D/usbmond ( 1048): length is 4
06-07 13:21:46.928 D/usbmond ( 1048): string is 0
06-07 13:21:46.928 D/usbmond ( 1048): length is 1
06-07 13:21:46.928 D/usbmond ( 1048): string is 0
06-07 13:21:46.928 D/usbmond ( 1048): length is 1
06-07 13:21:46.928 D/usbmond ( 1048): string is 0
06-07 13:21:46.928 D/usbmond ( 1048): length is 1
06-07 13:21:46.928 D/usbmond ( 1048): string is 0202
06-07 13:21:46.928 D/usbmond ( 1048): length is 4
06-07 13:21:46.928 D/usbmond ( 1048): string is ainol
06-07 13:21:46.928 D/usbmond ( 1048): length is 5
06-07 13:21:46.928 D/usbmond ( 1048): string is Novo7 Venus
06-07 13:21:46.928 D/usbmond ( 1048): length is 11
06-07 13:21:46.928 D/usbmond ( 1048): string is 0123456789ABCDEF
06-07 13:21:46.928 D/usbmond ( 1048): length is 16
06-07 13:21:46.928 D/usbmond ( 1048): string is mass_storage,adb
06-07 13:21:46.928 D/usbmond ( 1048): length is 16
06-07 13:21:46.928 D/usbmond ( 1048): length is 22  ainol,Novo7 Venus,3.00
06-07 13:21:46.928 D/usbmond ( 1048): string is 1
06-07 13:21:46.938 D/usbmond ( 1048): length is 1
06-07 13:21:47.178 D/switch event { '%s', '%s', '%s', '%s' }
( 1048): change
06-07 13:21:47.178 D/usbmond ( 1048): read /sys/class/android_usb/f_rndis/manufacturer :
06-07 13:21:47.178 D/usbmond ( 1048):  1
06-07 13:21:47.178 D/usbmond ( 1048): read /sys/class/android_usb/f_rndis/vendorID :0000
06-07 13:21:47.178 D/usbmond ( 1048):  5
06-07 13:21:47.178 D/usbmond ( 1048): read /sys/class/android_usb/f_rndis/wceis :0
06-07 13:21:47.178 D/usbmond ( 1048):  2
06-07 13:21:47.178 D/usbmond ( 1048): read /sys/class/android_usb/android0/idProduct :0c02
06-07 13:21:47.178 D/usbmond ( 1048):  5
06-07 13:21:47.178 D/usbmond ( 1048): read /sys/class/android_usb/android0/idVendor :10d6
06-07 13:21:47.178 D/usbmond ( 1048):  5
06-07 13:21:47.178 D/usbmond ( 1048): read /sys/class/android_usb/android0/bDeviceClass :0
06-07 13:21:47.178 D/usbmond ( 1048):  2
06-07 13:21:47.178 D/usbmond ( 1048): read /sys/class/android_usb/android0/bDeviceProtocol :0
06-07 13:21:47.178 D/usbmond ( 1048):  2
06-07 13:21:47.178 D/usbmond ( 1048): read /sys/class/android_usb/android0/bDeviceSubClass :0
06-07 13:21:47.178 D/usbmond ( 1048):  2
06-07 13:21:47.178 D/usbmond ( 1048): read /sys/class/android_usb/android0/bcdDevice :0202
06-07 13:21:47.178 D/usbmond ( 1048):  5
06-07 13:21:47.178 D/usbmond ( 1048): read /sys/class/android_usb/android0/iManufacturer :ainol 5
06-07 13:21:47.178 D/usbmond ( 1048): read /sys/class/android_usb/android0/iProduct :Novo7 Venus 11
06-07 13:21:47.178 D/usbmond ( 1048): read /sys/class/android_usb/android0/iSerial :0123456789ABCDEF 16
06-07 13:21:47.178 D/usbmond ( 1048): read /sys/class/android_usb/android0/functions :mass_storage,adb
06-07 13:21:47.178 D/usbmond ( 1048):  17
06-07 13:21:47.178 D/usbmond ( 1048): read /sys/class/android_usb/android0/enable :1
06-07 13:21:47.178 D/usbmond ( 1048):  2
06-07 13:21:48.258 I/BluetoothService( 1271): ACTION_BATTERY_CHANGED pluggedType: 2
06-07 13:21:48.258 D/EthernetService( 1271): Intent.ACTION_BATTERY_CHANGED
06-07 13:21:48.298 W/PowerUI ( 1432): unknown intent: Intent { act=android.intent.action.ACTION_POWER_CONNECTED flg=0x8000010 }
06-07 13:21:48.708 D/usbmond ( 1048): string is 
06-07 13:21:48.708 D/usbmond ( 1048): length is 0
06-07 13:21:48.708 D/usbmond ( 1048): string is 0000
06-07 13:21:48.708 D/usbmond ( 1048): length is 4
06-07 13:21:48.708 D/usbmond ( 1048): string is 0
06-07 13:21:48.708 D/usbmond ( 1048): length is 1
06-07 13:21:48.708 D/usbmond ( 1048): string is 0c02
06-07 13:21:48.708 D/usbmond ( 1048): length is 4
06-07 13:21:48.708 D/usbmond ( 1048): string is 10d6
06-07 13:21:48.708 D/usbmond ( 1048): length is 4
06-07 13:21:48.708 D/usbmond ( 1048): string is 0
06-07 13:21:48.708 D/usbmond ( 1048): length is 1
06-07 13:21:48.708 D/usbmond ( 1048): string is 0
06-07 13:21:48.708 D/usbmond ( 1048): length is 1
06-07 13:21:48.708 D/usbmond ( 1048): string is 0
06-07 13:21:48.708 D/usbmond ( 1048): length is 1
06-07 13:21:48.708 D/usbmond ( 1048): string is 0202
06-07 13:21:48.708 D/usbmond ( 1048): length is 4
06-07 13:21:48.708 D/usbmond ( 1048): string is ainol
06-07 13:21:48.708 D/usbmond ( 1048): length is 5
06-07 13:21:48.708 D/usbmond ( 1048): string is Novo7 Venus
06-07 13:21:48.708 D/usbmond ( 1048): length is 11
06-07 13:21:48.708 D/usbmond ( 1048): string is 0123456789ABCDEF
06-07 13:21:48.708 D/usbmond ( 1048): length is 16
06-07 13:21:48.708 D/usbmond ( 1048): string is mass_storage,adb
06-07 13:21:48.708 D/usbmond ( 1048): length is 16
06-07 13:21:48.708 D/usbmond ( 1048): length is 22  ainol,Novo7 Venus,3.00
06-07 13:21:48.708 D/usbmond ( 1048): string is 1
06-07 13:21:48.718 D/usbmond ( 1048): length is 1
06-07 13:21:49.168 I/StorageNotification( 1432): UMS connection changed to true (media state mounted)
06-07 13:22:00.258 I/BluetoothService( 1271): ACTION_BATTERY_CHANGED pluggedType: 2
06-07 13:22:00.258 D/EthernetService( 1271): Intent.ACTION_BATTERY_CHANGED
06-07 13:22:03.688 D/AbstractMetricsFactoryImpl( 3244): record : No data points in metrics event
06-07 13:22:38.258 I/BluetoothService( 1271): ACTION_BATTERY_CHANGED pluggedType: 2
06-07 13:22:38.258 D/EthernetService( 1271): Intent.ACTION_BATTERY_CHANGED
06-07 13:23:00.778 D/ExternalHeartService( 3227): onStartCommand url: http://msg.simeji.baidu.jp/getmsg?id=DB593F99-B7C7-AD3F-EBFE-D63629F87261&app_ver=7.2.2&ver_code=444&os_ver=4.1.1&referrer=organic&keyboard_ja=keyboard_simeji_flick&keyboard_en=keyboard_simeji_alphabet_qwerty&flag=1&isActive=0&date=2014-06-07_13:23:00&from_ext_heartservice=1
06-07 13:23:00.778 D/EthernetStateTracker( 1271): getLinkProperties()
06-07 13:23:16.478 I/EventLogService( 1649): Aggregate from 1402116796410 (log), 1402116796410 (data)
06-07 13:23:16.488 W/Service ( 1649): mClassName= com.google.android.gmstoInt= 400313326
06-07 13:23:16.518 D/AlarmManager( 1271): overriden alarm callingpackages[0] com.google.android.gsf
06-07 13:23:42.258 I/BluetoothService( 1271): ACTION_BATTERY_CHANGED pluggedType: 2
06-07 13:23:42.258 D/EthernetService( 1271): Intent.ACTION_BATTERY_CHANGED
06-07 13:24:05.098 D/dalvikvm( 1271): GC_CONCURRENT freed 1139K, 25% free 11403K/15175K, paused 3ms+8ms, total 77ms
06-07 13:24:46.258 I/BluetoothService( 1271): ACTION_BATTERY_CHANGED pluggedType: 2
06-07 13:24:46.258 D/EthernetService( 1271): Intent.ACTION_BATTERY_CHANGED
06-07 13:24:54.308 I/Metrics:BatchTransmitte( 3244): QueuePusher.sendBatches - Drained batch queue.; Number of batches sent: 0
06-07 13:25:50.258 I/BluetoothService( 1271): ACTION_BATTERY_CHANGED pluggedType: 2
06-07 13:25:50.258 D/EthernetService( 1271): Intent.ACTION_BATTERY_CHANGED
06-07 13:26:02.408 D/AlarmManager( 1271): overriden alarm callingpackages[0] com.google.android.gsf
06-07 13:26:02.428 D/AlarmManager( 1271): overriden alarm callingpackages[0] com.google.android.gsf
06-07 13:26:54.258 I/BluetoothService( 1271): ACTION_BATTERY_CHANGED pluggedType: 2
06-07 13:26:54.258 D/EthernetService( 1271): Intent.ACTION_BATTERY_CHANGED
06-07 13:27:03.668 D/AL_LIBC ( 7167): pid = 7167
06-07 13:27:03.668 D/appproc ( 7167): Zygote process start...
06-07 13:27:03.668 D/appproc ( 7167): Zygote runtime initialized...
06-07 13:27:03.668 D/AndroidRuntime( 7167): 
06-07 13:27:03.668 D/AndroidRuntime( 7167): >>>>>> AndroidRuntime START com.android.internal.os.RuntimeInit <<<<<<
06-07 13:27:03.668 D/AndroidRuntime( 7167): start vm...
06-07 13:27:03.668 D/AndroidRuntime( 7167): CheckJNI is OFF
06-07 13:27:03.668 D/AndroidRuntime( 7167): JNI_CreateJavaVM start
06-07 13:27:03.678 D/dalvikvm( 7167): Trying to load lib libjavacore.so 0x0
06-07 13:27:03.678 D/dalvikvm( 7167): Added shared lib libjavacore.so 0x0
06-07 13:27:03.688 D/dalvikvm( 7167): Trying to load lib libnativehelper.so 0x0
06-07 13:27:03.688 D/AbstractMetricsFactoryImpl( 3244): record : No data points in metrics event
06-07 13:27:03.688 D/dalvikvm( 7167): Added shared lib libnativehelper.so 0x0
06-07 13:27:03.748 D/AndroidRuntime( 7167): AndroidRuntime VM started
06-07 13:27:03.878 D/ethernet( 7167): Loading ethernet jni class
06-07 13:27:03.908 D/AndroidRuntime( 7167): AndroidRuntime Register natives
06-07 13:27:03.908 D/AndroidRuntime( 7167): AndroidRuntime VM start java main: com.android.internal.os.RuntimeInit
06-07 13:27:03.948 D/AndroidRuntime( 7167): Calling main entry com.android.commands.pm.Pm
06-07 13:27:03.948 D/dalvikvm( 1271): WAIT_FOR_CONCURRENT_GC blocked 0ms
06-07 13:27:03.948 W/PackageManager( 1271): Package named 'org.dom' doesn't exist.
06-07 13:27:04.038 D/dalvikvm( 1271): GC_EXPLICIT freed 273K, 26% free 11247K/15175K, paused 4ms+6ms, total 87ms
06-07 13:27:04.038 D/AndroidRuntime( 7167): Shutting down VM
06-07 13:27:04.038 D/dalvikvm( 7167): GC_CONCURRENT freed 97K, 89% free 451K/4096K, paused 0ms+0ms, total 4ms
06-07 13:27:04.478 D/AL_LIBC ( 7180): pid = 7180
06-07 13:27:04.478 D/appproc ( 7180): Zygote process start...
06-07 13:27:04.478 D/appproc ( 7180): Zygote runtime initialized...
06-07 13:27:04.478 D/AndroidRuntime( 7180): 
06-07 13:27:04.478 D/AndroidRuntime( 7180): >>>>>> AndroidRuntime START com.android.internal.os.RuntimeInit <<<<<<
06-07 13:27:04.478 D/AndroidRuntime( 7180): start vm...
06-07 13:27:04.478 D/AndroidRuntime( 7180): CheckJNI is OFF
06-07 13:27:04.478 D/AndroidRuntime( 7180): JNI_CreateJavaVM start
06-07 13:27:04.488 D/dalvikvm( 7180): Trying to load lib libjavacore.so 0x0
06-07 13:27:04.488 D/dalvikvm( 7180): Added shared lib libjavacore.so 0x0
06-07 13:27:04.498 D/dalvikvm( 7180): Trying to load lib libnativehelper.so 0x0
06-07 13:27:04.498 D/dalvikvm( 7180): Added shared lib libnativehelper.so 0x0
06-07 13:27:04.558 D/AndroidRuntime( 7180): AndroidRuntime VM started
06-07 13:27:04.688 D/ethernet( 7180): Loading ethernet jni class
06-07 13:27:04.708 D/AndroidRuntime( 7180): AndroidRuntime Register natives
06-07 13:27:04.708 D/AndroidRuntime( 7180): AndroidRuntime VM start java main: com.android.internal.os.RuntimeInit
06-07 13:27:04.738 D/AndroidRuntime( 7180): Calling main entry com.android.commands.pm.Pm
06-07 13:27:04.758 W/Service ( 6958): mClassName= com.android.defcontainertoInt= -1613770802
06-07 13:27:04.758 W/ActivityManager( 1271): No content provider found for permission revoke: file:///data/local/tmp/questionnaire-debug.apk
06-07 13:27:04.758 W/ActivityManager( 1271): No content provider found for permission revoke: file:///data/local/tmp/questionnaire-debug.apk
06-07 13:27:04.758 W/PackageManager( 1271): processPendingInstall called
06-07 13:27:04.828 I/PackageManager( 1271): Running dexopt on: org.dom
06-07 13:27:05.638 I/ActivityManager( 1271): Force stopping package org.dom uid=10068
06-07 13:27:06.498 D/PackageManager( 1271): New package installed in /data/app/org.dom-1.apk
06-07 13:27:06.608 D/dalvikvm( 1271): WAIT_FOR_CONCURRENT_GC blocked 0ms
06-07 13:27:06.628 E/com.amazon.kindle/com.amazon.identity.auth.device.framework.MAPApplicationInformationQueryer( 3244): Notified by action android.intent.action.PACKAGE_ADDED to invalidate app cache
06-07 13:27:06.628 I/InputReader( 1271): Reconfiguring input devices.  changes=0x00000010
06-07 13:27:06.698 W/Service ( 2719): mClassName= com.android.musicfxtoInt= -917159941
06-07 13:27:06.728 I/ActivityManager( 1271): Start proc com.svox.pico for broadcast com.svox.pico/.VoiceDataInstallerReceiver: pid=7194 uid=10037 gids={1015, 1028}
06-07 13:27:06.808 E/Trace   ( 7194): error opening trace file: No such file or directory (2)
06-07 13:27:06.828 I/ActivityThread( 7194): Pub com.svox.pico.providers.SettingsProvider: com.svox.pico.providers.SettingsProvider
06-07 13:27:06.838 D/dalvikvm( 1271): GC_EXPLICIT freed 723K, 26% free 11347K/15175K, paused 3ms+9ms, total 235ms
06-07 13:27:06.838 D/AndroidRuntime( 7180): Shutting down VM
06-07 13:27:06.848 D/dalvikvm( 7180): GC_CONCURRENT freed 98K, 89% free 454K/4096K, paused 1ms+0ms, total 5ms
06-07 13:27:06.868 I/InternalIcingCorporaPro( 2031): Updating corpora: APPS=org.dom, CONTACTS=MAYBE
06-07 13:27:06.878 W/Service ( 2031): mClassName= com.google.android.googlequicksearchboxtoInt= -79313952
06-07 13:27:06.888 D/AlarmManager( 1271): overriden alarm callingpackages[0] com.android.vending
06-07 13:27:06.918 I/ActivityManager( 1271): Start proc jp.cggames.anipla for broadcast jp.cggames.anipla/jp.basicinc.gamefeat.android.sdk.receiver.GameFeatBroadcastReceiver: pid=7214 uid=10061 gids={3003, 1015, 1028}
06-07 13:27:06.928 I/dalvikvm( 7214): Turning on JNI app bug workarounds for target SDK version 9...
06-07 13:27:06.948 E/Trace   ( 7214): error opening trace file: No such file or directory (2)
06-07 13:27:06.948 W/Service ( 1649): mClassName= com.google.android.gmstoInt= 400313326
06-07 13:27:06.978 W/Service ( 1649): mClassName= com.google.android.gmstoInt= 400313326
06-07 13:27:06.988 D/PackageManager( 1271): generateServicesMap(android.accounts.AccountAuthenticator): 9 services unchanged
06-07 13:27:06.988 W/Service ( 1572): mClassName= com.google.android.gmstoInt= 400313326
06-07 13:27:07.048 W/Service ( 1572): mClassName= com.google.android.gmstoInt= 400313326
06-07 13:27:07.048 I/InternalIcingCorporaPro( 2031): UpdateCorporaTask done [took 184 ms] updated apps [took 184 ms] 
06-07 13:27:07.068 D/PackageManager( 1271): generateServicesMap(android.content.SyncAdapter): 19 services unchanged
06-07 13:27:07.068 D/BackupManagerService( 1271): Received broadcast Intent { act=android.intent.action.PACKAGE_ADDED dat=package:org.dom flg=0x8000010 (has extras) }
06-07 13:27:07.128 D/dalvikvm( 7214): GC_CONCURRENT freed 155K, 6% free 6388K/6791K, paused 13ms+2ms, total 49ms
06-07 13:27:07.128 D/dalvikvm( 7214): WAIT_FOR_CONCURRENT_GC blocked 7ms
06-07 13:27:07.128 V/BackupManagerService( 1271): addPackageParticipantsLocked: #1
06-07 13:27:07.268 D/dalvikvm( 7214): GC_CONCURRENT freed 136K, 6% free 6704K/7111K, paused 12ms+3ms, total 50ms
06-07 13:27:07.308 D/AL_LIBC ( 7234): pid = 7234
06-07 13:27:07.318 D/appproc ( 7234): Zygote process start...
06-07 13:27:07.318 D/appproc ( 7234): Zygote runtime initialized...
06-07 13:27:07.318 D/AndroidRuntime( 7234): 
06-07 13:27:07.318 D/AndroidRuntime( 7234): >>>>>> AndroidRuntime START com.android.internal.os.RuntimeInit <<<<<<
06-07 13:27:07.318 D/AndroidRuntime( 7234): start vm...
06-07 13:27:07.318 D/AndroidRuntime( 7234): CheckJNI is OFF
06-07 13:27:07.318 D/AndroidRuntime( 7234): JNI_CreateJavaVM start
06-07 13:27:07.338 D/dalvikvm( 7234): Trying to load lib libjavacore.so 0x0
06-07 13:27:07.338 D/dalvikvm( 7234): Added shared lib libjavacore.so 0x0
06-07 13:27:07.358 D/dalvikvm( 7234): Trying to load lib libnativehelper.so 0x0
06-07 13:27:07.358 D/dalvikvm( 7234): Added shared lib libnativehelper.so 0x0
06-07 13:27:07.438 D/AndroidRuntime( 7234): AndroidRuntime VM started
06-07 13:27:07.598 D/ethernet( 7234): Loading ethernet jni class
06-07 13:27:07.618 D/dalvikvm( 7214): GC_CONCURRENT freed 266K, 8% free 6878K/7431K, paused 2ms+16ms, total 43ms
06-07 13:27:07.638 D/AndroidRuntime( 7234): AndroidRuntime Register natives
06-07 13:27:07.638 D/AndroidRuntime( 7234): AndroidRuntime VM start java main: com.android.internal.os.RuntimeInit
06-07 13:27:07.678 D/AndroidRuntime( 7234): Calling main entry com.android.commands.am.Am
06-07 13:27:07.698 I/ActivityManager( 1271): START {act=android.intent.action.MAIN flg=0x10000000 cmp=org.dom/.MainActivity u=0} from pid 7234
06-07 13:27:07.738 D/AndroidRuntime( 7234): Shutting down VM
06-07 13:27:07.768 D/dalvikvm( 7234): GC_CONCURRENT freed 98K, 89% free 485K/4096K, paused 1ms+1ms, total 14ms
06-07 13:27:07.768 D/dalvikvm( 7301): Late-enabling CheckJNI
06-07 13:27:07.778 I/ActivityManager( 1271): Start proc org.dom for activity org.dom/.MainActivity: pid=7301 uid=10068 gids={1015, 1028}
06-07 13:27:07.838 E/Trace   ( 7301): error opening trace file: No such file or directory (2)
06-07 13:27:08.048 I/Icing   ( 1649): Indexing 69E6F7C51BF6602660D9BB1A10BEF430F14859E0 from com.google.android.googlequicksearchbox
06-07 13:27:08.118 I/Icing   ( 1649): Not enough disk space for indexing trimmable
06-07 13:27:08.118 W/ActivityManager( 1271): Permission denied: checkComponentPermission() owningUid=10039
06-07 13:27:08.118 W/ActivityManager( 1271): Permission denied: checkComponentPermission() owningUid=10039
06-07 13:27:08.788 D/libEGL  ( 7301): loaded /system/lib/egl/libEGL_VIVANTE.so
06-07 13:27:08.788 D/libEGL  ( 7301): loaded /system/lib/egl/libGLESv1_CM_VIVANTE.so
06-07 13:27:08.808 D/libEGL  ( 7301): loaded /system/lib/egl/libGLESv2_VIVANTE.so
06-07 13:27:08.838 E/BufferQueue( 1052): [org.dom/org.dom.MainActivity] dequeueBuffer: can't dequeue multiple buffers without setting the buffer count
06-07 13:27:08.848 D/OpenGLRenderer( 7301): Enabling debug mode 0
06-07 13:27:08.928 I/ActivityManager( 1271): Displayed org.dom/.MainActivity: +1s187ms
06-07 13:27:11.838 I/Icing   ( 1649): Not enough disk space for indexing trimmable
06-07 13:27:11.848 W/ActivityManager( 1271): Permission denied: checkComponentPermission() owningUid=10039
06-07 13:27:11.848 W/ActivityManager( 1271): Permission denied: checkComponentPermission() owningUid=10039
06-07 13:27:11.858 D/dalvikvm( 1649): GC_CONCURRENT freed 370K, 11% free 7318K/8135K, paused 13ms+6ms, total 52ms
06-07 13:27:11.868 I/ActivityManager( 1271): No longer want com.path:xmpp (pid 2982): hidden #16
06-07 13:27:11.888 D/AndroidRuntime( 7301): Shutting down VM
06-07 13:27:11.888 W/dalvikvm( 7301): threadid=1: thread exiting with uncaught exception (group=0x41454300)
06-07 13:27:11.898 I/Icing   ( 1649): Indexing done 69E6F7C51BF6602660D9BB1A10BEF430F14859E0
06-07 13:27:11.908 D/PackageBroadcastService( 1649): Received broadcast action=android.intent.action.PACKAGE_ADDED and uri=org.dom
06-07 13:27:11.908 W/Service ( 1649): mClassName= com.google.android.gmstoInt= 400313326
06-07 13:27:11.908 E/AndroidRuntime( 7301): FATAL EXCEPTION: main
06-07 13:27:11.908 E/AndroidRuntime( 7301): java.lang.NullPointerException
06-07 13:27:11.908 E/AndroidRuntime( 7301): 	at org.dom.MainActivity.onListItemClick(MainActivity.java:69)
06-07 13:27:11.908 E/AndroidRuntime( 7301): 	at android.app.ListActivity$2.onItemClick(ListActivity.java:319)
06-07 13:27:11.908 E/AndroidRuntime( 7301): 	at android.widget.AdapterView.performItemClick(AdapterView.java:298)
06-07 13:27:11.908 E/AndroidRuntime( 7301): 	at android.widget.AbsListView.performItemClick(AbsListView.java:1086)
06-07 13:27:11.908 E/AndroidRuntime( 7301): 	at android.widget.AbsListView$PerformClick.run(AbsListView.java:2855)
06-07 13:27:11.908 E/AndroidRuntime( 7301): 	at android.widget.AbsListView$1.run(AbsListView.java:3529)
06-07 13:27:11.908 E/AndroidRuntime( 7301): 	at android.os.Handler.handleCallback(Handler.java:615)
06-07 13:27:11.908 E/AndroidRuntime( 7301): 	at android.os.Handler.dispatchMessage(Handler.java:92)
06-07 13:27:11.908 E/AndroidRuntime( 7301): 	at android.os.Looper.loop(Looper.java:137)
06-07 13:27:11.908 E/AndroidRuntime( 7301): 	at android.app.ActivityThread.main(ActivityThread.java:4746)
06-07 13:27:11.908 E/AndroidRuntime( 7301): 	at java.lang.reflect.Method.invokeNative(Native Method)
06-07 13:27:11.908 E/AndroidRuntime( 7301): 	at java.lang.reflect.Method.invoke(Method.java:511)
06-07 13:27:11.908 E/AndroidRuntime( 7301): 	at com.android.internal.os.ZygoteInit$MethodAndArgsCaller.run(ZygoteInit.java:917)
06-07 13:27:11.908 E/AndroidRuntime( 7301): 	at com.android.internal.os.ZygoteInit.main(ZygoteInit.java:684)
06-07 13:27:11.908 E/AndroidRuntime( 7301): 	at dalvik.system.NativeStart.main(Native Method)
06-07 13:27:11.918 W/Service ( 1649): mClassName= com.google.android.gmstoInt= 400313326
06-07 13:27:11.928 W/Service ( 1649): mClassName= com.google.android.gmstoInt= 400313326
06-07 13:27:11.938 I/PeopleContactsSync( 1649): CP2 sync disabled
06-07 13:27:11.938 W/Service ( 1649): mClassName= com.google.android.gmstoInt= 400313326
06-07 13:27:11.938 W/ActivityManager( 1271):   Force finishing activity org.dom/.MainActivity
06-07 13:27:11.968 W/Service ( 1649): mClassName= com.google.android.gmstoInt= 400313326
06-07 13:27:11.988 W/Service ( 1649): mClassName= com.google.android.gmstoInt= 400313326
06-07 13:27:11.988 W/Service ( 1649): mClassName= com.google.android.gmstoInt= 400313326
06-07 13:27:12.038 W/Service ( 1572): mClassName= com.google.android.gmstoInt= 400313326
06-07 13:27:12.058 W/Service ( 1649): mClassName= com.google.android.gmstoInt= 400313326
06-07 13:27:12.458 W/ActivityManager( 1271): Activity pause timeout for ActivityRecord{41e5a090 org.dom/.MainActivity}
06-07 13:27:12.518 D/dalvikvm( 1544): GC_FOR_ALLOC freed 388K, 22% free 21507K/27335K, paused 26ms, total 26ms
06-07 13:27:12.528 I/dalvikvm-heap( 1544): Grow heap (frag case) to 24.916MB for 3850256-byte allocation
06-07 13:27:12.558 D/dalvikvm( 1544): GC_FOR_ALLOC freed 8K, 8% free 25258K/27335K, paused 27ms, total 27ms
06-07 13:27:12.598 D/dalvikvm( 1544): GC_CONCURRENT freed 0K, 8% free 25258K/27335K, paused 12ms+4ms, total 40ms
06-07 13:27:12.618 E/BufferQueue( 1052): [com.android.launcher/com.android.launcher2.Launcher] dequeueBuffer: can't dequeue multiple buffers without setting the buffer count
06-07 13:27:13.108 I/ActivityManager( 1271): No longer want com.amazon.kindle (pid 3244): hidden #16
06-07 13:27:13.698 I/Process ( 7301): Sending signal. PID: 7301 SIG: 9
06-07 13:27:13.718 I/WindowState( 1271): WIN DEATH: Window{41e74d98 org.dom/org.dom.MainActivity paused=false}
06-07 13:27:13.718 I/ActivityManager( 1271): Process org.dom (pid 7301) has died.
06-07 13:27:13.738 W/InputMethodManagerService( 1271): Got RemoteException sending setActive(false) notification to pid 7301 uid 10068
