06-07 07:52:06.750 D/NetworkManagementService( 1271): enabling bandwidth control
06-07 07:52:06.960 D/SystemUIService( 1432): loading: class com.android.systemui.statusbar.tablet.TabletStatusBar
06-07 07:52:06.970 D/SystemUIService( 1432): running: com.android.systemui.statusbar.tablet.TabletStatusBar@41aaf0c0
06-07 07:52:07.000 I/StatusBarManagerService( 1271): registerStatusBar bar=com.android.internal.statusbar.IStatusBar$Stub$Proxy@41e8d398
06-07 07:52:07.000 V/BackupManagerService( 1271): Connected to Google transport
06-07 07:52:07.000 V/BackupManagerService( 1271): Registering transport com.google.android.backup/.BackupTransportService = com.google.android.backup.BackupTransportService$1@41e45650
06-07 07:52:07.280 I/ActivityManager( 1271): Config changed: {1.0 0mcc0mnc ja_JP sw800dp w1280dp h752dp xlrg land finger -keyb/v/h -nav/h s.4}
06-07 07:52:07.940 D/StorageNotification( 1432): Startup with UMS connection false (Flash state unmounted)
06-07 07:52:07.940 D/SystemUIService( 1432): loading: class com.android.systemui.power.PowerUI
06-07 07:52:07.940 D/SystemUIService( 1432): running: com.android.systemui.power.PowerUI@41c07e50
06-07 07:52:07.940 D/SystemUIService( 1432): loading: class com.android.systemui.media.RingtonePlayer
06-07 07:52:07.940 D/SystemUIService( 1432): running: com.android.systemui.media.RingtonePlayer@41c09350
06-07 07:52:07.950 I/StorageNotification( 1432): UMS connection changed to false (media state unmounted)
06-07 07:52:07.950 W/InputMethodManagerService( 1271): Ignoring setImeWindowStatus of uid 1000 token: null
06-07 07:52:07.950 D/WifiService( 1271): New client listening to asynchronous messages
06-07 07:52:08.040 I/ActivityManager( 1271): Start proc com.adamrocker.android.input.simeji for service com.adamrocker.android.input.simeji/.OpenWnnSimeji: pid=1493 uid=10055 gids={3003, 1015, 1028}
06-07 07:52:08.130 W/SocketClient( 1049): write error (Broken pipe)
06-07 07:52:08.140 W/ThrottleService( 1271): unable to find stats for iface rmnet0
06-07 07:52:08.170 I/ActivityManager( 1271): Start proc com.android.phone for added application com.android.phone: pid=1515 uid=1001 gids={3002, 3001, 3003, 1015, 1028}
06-07 07:52:08.190 I/ActivityManager( 1271): START {act=android.intent.action.MAIN cat=[android.intent.category.HOME] flg=0x10000000 cmp=com.android.launcher/com.android.launcher2.Launcher u=0} from pid 0
06-07 07:52:08.240 I/ActivityManager( 1271): Start proc com.android.launcher for activity com.android.launcher/com.android.launcher2.Launcher: pid=1544 uid=10028 gids={1028}
06-07 07:52:08.310 I/ActivityManager( 1271): Start proc android.process.media for broadcast com.android.providers.media/.UsbReceiver: pid=1559 uid=10012 gids={1015, 1023, 1024, 1028, 2001, 3003, 3007}
06-07 07:52:08.490 I/ActivityManager( 1271): Start proc com.google.process.gapps for service com.google.android.location/.NetworkLocationService: pid=1572 uid=10021 gids={3003, 1015, 1028, 1007, 1006, 3002, 3001, 2001, 3006}
06-07 07:52:08.490 D/LocationManagerService( 1271): addProvider gps with wifi
06-07 07:52:09.480 I/ActivityManager( 1271): Start proc com.android.settings for broadcast com.android.settings/.widget.SettingsAppWidgetProvider: pid=1594 uid=1000 gids={1015, 3002, 3001, 3003, 1028, 3007}
06-07 07:52:09.820 I/TabletStatusBar( 1432): DISABLE_CLOCK: yes
06-07 07:52:09.890 D/DownloadManager( 1559): deleting spurious file /data/data/com.android.providers.downloads/cache/downloadfile-1.apk
06-07 07:52:09.890 D/DownloadManager( 1559): deleting spurious file /data/data/com.android.providers.downloads/cache/downloadfile.apk
06-07 07:52:09.940 I/ActivityManager( 1271): Start proc com.android.smspush for service com.android.smspush/.WapPushManager: pid=1614 uid=10049 gids={1028}
06-07 07:52:10.030 W/WindowManager( 1271): Window freeze timeout expired.
06-07 07:52:10.030 W/WindowManager( 1271): Force clearing orientation change: Window{41dca2f0 SystemBar paused=false}
06-07 07:52:10.030 W/WindowManager( 1271): Force clearing orientation change: Window{41f8f548 com.android.systemui.ImageWallpaper paused=false}
06-07 07:52:10.160 I/ActivityManager( 1271): Start proc android.process.acore for content provider com.android.providers.contacts/.CallLogProvider: pid=1628 uid=10002 gids={3003, 1015, 1028}
06-07 07:52:10.280 I/ActivityManager( 1271): Start proc com.google.android.gms for broadcast com.google.android.gms/com.google.android.location.internal.NlpNetworkProviderSettingsUpdateReceiver: pid=1649 uid=10021 gids={3003, 1015, 1028, 1007, 1006, 3002, 3001, 2001, 3006}
06-07 07:52:10.510 W/ActivityManager( 1271): Unable to start service Intent { act=com.android.ussd.IExtendedNetworkService }: not found
06-07 07:52:11.740 D/AlarmManager( 1271): overriden alarm callingpackages[0] com.adamrocker.android.input.simeji
06-07 07:52:11.740 D/AlarmManager( 1271): init allow package list 
06-07 07:52:11.740 D/AlarmManager( 1271): overriden alarm callingUid= 10055 type= 0
06-07 07:52:11.740 D/AlarmManager( 1271): overriden alarm force  AlarmManager.RTC
06-07 07:52:11.790 D/AlarmManager( 1271): overriden alarm callingpackages[0] com.adamrocker.android.input.simeji
06-07 07:52:11.790 D/AlarmManager( 1271): overriden alarm callingUid= 10055 type= 2
06-07 07:52:11.790 D/AlarmManager( 1271): overriden alarm force  AlarmManager.ELAPSED_REALTIME
06-07 07:52:12.300 I/LocationManagerService( 1271): request network (pid 1271) 86400000 86400000
06-07 07:52:12.310 I/LocationManagerService( 1271): request passive (pid 1271) 0 0
06-07 07:52:12.820 I/ActivityManager( 1271): Start proc com.google.process.location for service com.google.android.gms/com.google.android.location.internal.server.GoogleLocationService: pid=1704 uid=10021 gids={3003, 1015, 1028, 1007, 1006, 3002, 3001, 2001, 3006}
06-07 07:52:12.900 D/AlarmManager( 1271): overriden alarm callingpackages[0] com.google.android.gsf
06-07 07:52:13.120 D/AlarmManager( 1271): overriden alarm callingpackages[0] com.google.android.gsf
06-07 07:52:13.130 D/AlarmManager( 1271): overriden alarm callingpackages[0] com.google.android.gsf
06-07 07:52:13.140 D/AlarmManager( 1271): overriden alarm callingpackages[0] com.google.android.gsf
06-07 07:52:13.140 D/AlarmManager( 1271): overriden alarm callingpackages[0] com.google.android.gsf
06-07 07:52:13.150 D/AlarmManager( 1271): overriden alarm callingpackages[0] com.google.android.gsf
06-07 07:52:13.150 D/AlarmManager( 1271): overriden alarm callingpackages[0] com.google.android.gsf
06-07 07:52:13.160 D/AlarmManager( 1271): overriden alarm callingpackages[0] com.google.android.gsf
06-07 07:52:13.160 D/AlarmManager( 1271): overriden alarm callingpackages[0] com.google.android.gsf
06-07 07:52:13.170 D/AlarmManager( 1271): overriden alarm callingpackages[0] com.google.android.gsf
06-07 07:52:13.180 D/AlarmManager( 1271): overriden alarm callingpackages[0] com.google.android.gsf
06-07 07:52:13.180 D/AlarmManager( 1271): overriden alarm callingpackages[0] com.google.android.gsf
06-07 07:52:13.200 D/AlarmManager( 1271): overriden alarm callingpackages[0] com.google.android.gsf
06-07 07:52:13.210 D/AlarmManager( 1271): overriden alarm callingpackages[0] com.google.android.gsf
06-07 07:52:13.360 I/ActivityManager( 1271): Start proc com.facebook.katana for content provider com.facebook.katana/.provider.AttributionIdProvider: pid=1733 uid=10058 gids={1006, 1015, 3003, 1028}
06-07 07:52:13.570 W/ProcessStats( 1271): Skipping unknown process pid 1718
06-07 07:52:13.570 W/ProcessStats( 1271): Skipping unknown process pid 1751
06-07 07:52:13.620 D/ConnectivityService( 1271): ConnectivityChange for WIFI: CONNECTED/CONNECTED
06-07 07:52:13.690 D/ConnectivityService( 1271): ConnectivityChange for WIFI: CONNECTED/CONNECTED
06-07 07:52:13.710 D/ConnectivityService( 1271): handleConnectivityChange: address are the same reset per doReset linkProperty[1]: resetMask=0
06-07 07:52:13.780 D/AlarmManager( 1271): overriden alarm callingpackages[0] com.google.android.gsf
06-07 07:52:14.050 I/ActivityManager( 1271): Start proc com.google.android.gsf.login for on-hold: pid=1756 uid=10021 gids={3003, 1015, 1028, 1007, 1006, 3002, 3001, 2001, 3006}
06-07 07:52:14.090 D/PowerManagerService( 1271): bootCompleted
06-07 07:52:14.120 V/DevicePolicyManagerService( 1271): Sending password expiration notifications for action android.intent.action.BOOT_COMPLETED
06-07 07:52:14.120 D/VoldCmdListener( 1046): volume mount /mnt/sd-ext
06-07 07:52:14.120 I/Vold    ( 1046): /dev/block/vold/179:1 being considered for volume sdcard
06-07 07:52:14.120 D/Vold    ( 1046): Volume sdcard state changing 1 (Idle-Unmounted) -> 3 (Checking)
06-07 07:52:14.120 D/MountService( 1271): volume state changed for /mnt/sd-ext (unmounted -> checking)
06-07 07:52:14.130 I/StorageNotification( 1432): Media {/mnt/sd-ext} state changed from {unmounted} -> {checking}
06-07 07:52:14.130 I/Vold    ( 1046): Device(/dev/block/vold/179:1) is Fat(32)
06-07 07:52:14.130 D/MountService( 1271): sendStorageIntent Intent { act=android.intent.action.MEDIA_CHECKING dat=file:///mnt/sd-ext (has extras) }
06-07 07:52:14.180 V/WiredAccessoryObserver( 1271): init()
06-07 07:52:14.240 I/ActivityManager( 1271): Start proc jp.naver.line.android for broadcast jp.naver.line.android/.service.SimStateChangedReceiver: pid=1777 uid=10070 gids={1006, 3003, 1015, 1028, 3002}
06-07 07:52:14.540 D/AlarmManager( 1271): overriden alarm callingpackages[0] com.google.android.gsf
06-07 07:52:15.230 D/AlarmManager( 1271): overriden alarm callingpackages[0] com.google.android.gsf
06-07 07:52:15.340 I/LocationManagerService( 1271): request passive (pid 1704) 0 0
06-07 07:52:15.410 I/Vold    ( 1046): Filesystem check completed OK
06-07 07:52:15.430 I/Vold    ( 1046): Device /dev/block/vold/179:1, target /mnt/sd-ext mounted @ /mnt/secure/staging
06-07 07:52:15.430 D/Vold    ( 1046): Volume sdcard state changing 3 (Checking) -> 4 (Mounted)
06-07 07:52:15.430 E/VoldConnector( 1271): NDC Command {8 volume mount /mnt/sd-ext} took too long (1312ms)
06-07 07:52:15.430 D/MountService( 1271): volume state changed for /mnt/sd-ext (checking -> mounted)
06-07 07:52:15.430 D/VoldCmdListener( 1046): volume mount /mnt/sdcard
06-07 07:52:15.430 D/MountService( 1271): sendStorageIntent Intent { act=android.intent.action.MEDIA_MOUNTED dat=file:///mnt/sd-ext (has extras) }
06-07 07:52:15.430 I/StorageNotification( 1432): Media {/mnt/sd-ext} state changed from {checking} -> {mounted}
06-07 07:52:15.430 I/Vold    ( 1046): /dev/block/vold/93:72 being considered for volume flash
06-07 07:52:15.430 D/Vold    ( 1046): Volume flash state changing 1 (Idle-Unmounted) -> 3 (Checking)
06-07 07:52:15.440 D/MountService( 1271): volume state changed for /mnt/sdcard (unmounted -> checking)
06-07 07:52:15.440 D/MountService( 1271): sendStorageIntent Intent { act=android.intent.action.MEDIA_CHECKING dat=file:///mnt/sdcard (has extras) }
06-07 07:52:15.450 I/StorageNotification( 1432): Media {/mnt/sdcard} state changed from {unmounted} -> {checking}
06-07 07:52:15.640 D/AlarmManager( 1271): overriden alarm callingpackages[0] com.google.android.gsf
06-07 07:52:15.820 D/AlarmManager( 1271): overriden alarm callingpackages[0] com.google.android.gsf
06-07 07:52:16.170 I/Vold    ( 1046): Device(/dev/block/vold/93:72) is Fat(32)
06-07 07:52:16.280 D/AlarmManager( 1271): overriden alarm callingpackages[0] com.google.android.gsf
06-07 07:52:16.590 I/LocationManagerService( 1271): request passive (pid 1704) 0 0
06-07 07:52:17.090 D/AlarmManager( 1271): overriden alarm callingpackages[0] com.google.android.gsf
06-07 07:52:17.380 D/AlarmManager( 1271): overriden alarm callingpackages[0] com.google.android.gsf
06-07 07:52:17.390 D/AlarmManager( 1271): overriden alarm callingpackages[0] com.google.android.gsf
06-07 07:52:17.400 D/AlarmManager( 1271): overriden alarm callingpackages[0] com.google.android.gsf
06-07 07:52:17.400 D/AlarmManager( 1271): overriden alarm callingpackages[0] com.google.android.gsf
06-07 07:52:17.410 D/AlarmManager( 1271): overriden alarm callingpackages[0] com.google.android.gsf
06-07 07:52:17.450 D/AlarmManager( 1271): overriden alarm callingpackages[0] com.google.android.gsf
06-07 07:52:17.450 D/AlarmManager( 1271): overriden alarm callingpackages[0] com.google.android.gsf
06-07 07:52:17.450 D/AlarmManager( 1271): overriden alarm callingpackages[0] com.google.android.gsf
06-07 07:52:22.660 I/Vold    ( 1046): Filesystem check completed OK
06-07 07:52:22.690 I/Vold    ( 1046): Device /dev/block/vold/93:72, target /mnt/sdcard mounted @ /mnt/secure/staging
06-07 07:52:22.690 D/Vold    ( 1046): Volume flash state changing 3 (Checking) -> 4 (Mounted)
06-07 07:52:22.690 D/MountService( 1271): volume state changed for /mnt/sdcard (checking -> mounted)
06-07 07:52:22.690 E/VoldConnector( 1271): NDC Command {9 volume mount /mnt/sdcard} took too long (7153ms)
06-07 07:52:22.700 I/StorageNotification( 1432): Media {/mnt/sdcard} state changed from {checking} -> {mounted}
06-07 07:52:22.700 D/MountService( 1271): sendStorageIntent Intent { act=android.intent.action.MEDIA_MOUNTED dat=file:///mnt/sdcard (has extras) }
06-07 07:52:22.710 D/VoldCmdListener( 1046): asec list
06-07 07:52:22.710 I/ActivityManager( 1271): Start proc com.adamrocker.android.input.simeji:heart for service com.adamrocker.android.input.simeji/jp.baidu.simeji.heartservice.ExternalHeartService: pid=1863 uid=10055 gids={3003, 1015, 1028}
06-07 07:52:23.260 D/AlarmManager( 1271): overriden alarm callingpackages[0] com.adamrocker.android.input.simeji
06-07 07:52:23.260 D/AlarmManager( 1271): overriden alarm callingUid= 10055 type= 2
06-07 07:52:23.260 D/AlarmManager( 1271): overriden alarm force  AlarmManager.ELAPSED_REALTIME
06-07 07:52:23.630 E/VoldConnector( 1271): NDC Command {10 asec list} took too long (926ms)
06-07 07:52:23.630 D/VoldCmdListener( 1046): asec fspath com.aldiko.android-1
06-07 07:52:23.640 D/VoldCmdListener( 1046): asec path com.aldiko.android-1
06-07 07:52:23.640 D/VoldCmdListener( 1046): asec fspath com.idisplay.virtualscreen-1
06-07 07:52:23.640 D/VoldCmdListener( 1046): asec path com.idisplay.virtualscreen-1
06-07 07:52:23.700 W/PackageManager( 1271): Application package com.idisplay.virtualscreen already installed.  Skipping duplicate.
06-07 07:52:23.700 I/PackageManager( 1271): Failed to install pkg from  /mnt/asec/com.idisplay.virtualscreen-1/pkg.apk from sdcard
06-07 07:52:23.710 D/VoldCmdListener( 1046): asec mount com.aldiko.android-1 {} 1000
06-07 07:52:24.550 E/VoldConnector( 1271): NDC Command {15 asec mount com.aldiko.android-1 d0829903d7cec769a15e46285bb4511a 1000} took too long (842ms)
06-07 07:52:24.550 D/VoldCmdListener( 1046): asec path com.aldiko.android-1
06-07 07:52:24.550 I/ActivityManager( 1271): Start proc com.android.providers.calendar for broadcast com.android.providers.calendar/.CalendarReceiver: pid=1901 uid=10008 gids={3003, 1015, 1028}
06-07 07:52:24.710 D/AlarmManager( 1271): overriden alarm callingpackages[0] com.google.android.gsf
06-07 07:52:24.840 D/AlarmManager( 1271): overriden alarm callingpackages[0] com.android.providers.calendar
06-07 07:52:24.880 I/ActivityManager( 1271): Start proc com.android.deskclock for broadcast com.android.deskclock/.AlarmInitReceiver: pid=1921 uid=10011 gids={1028}
06-07 07:52:24.940 W/PackageParser( 1271): No actions in intent filter at /mnt/asec/com.aldiko.android-1/pkg.apk Binary XML file line #99
06-07 07:52:24.950 I/PackageManager( 1271): Linking native library dir for /mnt/asec/com.aldiko.android-1/pkg.apk
06-07 07:52:24.970 D/VoldCmdListener( 1046): asec fixperms com.aldiko.android-1 -1 null
06-07 07:52:25.020 W/PackageManager( 1271): Unknown permission android.permission.ADD_SYSTEM_SERVICE in package com.android.phone
06-07 07:52:25.020 W/PackageManager( 1271): Unknown permission com.skt.aom.permission.AOM_RECEIVE in package jp.naver.line.android
06-07 07:52:25.020 W/PackageManager( 1271): Unknown permission com.kddi.market.permission.USE_ALML in package jp.naver.line.android
06-07 07:52:25.030 W/PackageManager( 1271): Unknown permission com.android.vending.billing.IBillingAccountService.BIND2 in package com.google.android.gsf.login
06-07 07:52:25.030 W/PackageManager( 1271): Not granting permission android.permission.SEND_DOWNLOAD_COMPLETED_INTENTS to package com.android.browser (protectionLevel=2 flags=0x9be45)
06-07 07:52:25.030 W/PackageManager( 1271): Unknown permission android.permission.INTERACT_ACROSS_USERS in package com.google.android.gms
06-07 07:52:25.030 W/PackageManager( 1271): Unknown permission android.permission.RECOVERY in package com.google.android.gms
06-07 07:52:25.030 W/PackageManager( 1271): Unknown permission android.permission.READ_DREAM_STATE in package com.google.android.gms
06-07 07:52:25.030 W/PackageManager( 1271): Unknown permission android.permission.RECEIVE_DATA_ACTIVITY_CHANGE in package com.google.android.gms
06-07 07:52:25.030 W/PackageManager( 1271): Unknown permission android.permission.LOCATION_HARDWARE in package com.google.android.gms
06-07 07:52:25.030 W/PackageManager( 1271): Unknown permission android.permission.GET_APP_OPS_STATS in package com.google.android.gms
06-07 07:52:25.030 W/PackageManager( 1271): Unknown permission android.permission.UPDATE_APP_OPS_STATS in package com.google.android.gms
06-07 07:52:25.030 W/PackageManager( 1271): Unknown permission android.permission.CAPTURE_AUDIO_HOTWORD in package com.google.android.gms
06-07 07:52:25.030 W/PackageManager( 1271): Unknown permission com.google.android.hangouts.START_HANGOUT in package com.google.android.gms
06-07 07:52:25.030 W/PackageManager( 1271): Unknown permission android.permission.ACCESS_NETWORK_CONDITIONS in package com.google.android.gms
06-07 07:52:25.030 W/PackageManager( 1271): Unknown permission android.permission.MANAGE_DEVICE_ADMINS in package com.google.android.gms
06-07 07:52:25.040 W/PackageManager( 1271): Not granting permission android.permission.MODIFY_PHONE_STATE to package com.google.android.gms (protectionLevel=18 flags=0x83e44)
06-07 07:52:25.040 W/PackageManager( 1271): Not granting permission android.permission.MANAGE_USB to package com.google.android.gms (protectionLevel=18 flags=0x83e44)
06-07 07:52:25.040 W/PackageManager( 1271): Not granting permission android.permission.CALL_PRIVILEGED to package com.google.android.gms (protectionLevel=18 flags=0x83e44)
06-07 07:52:25.040 W/PackageManager( 1271): Unknown permission android.permission.BLUETOOTH_PRIVILEGED in package com.google.android.gms
06-07 07:52:25.040 W/PackageManager( 1271): Unknown permission android.permission.CAPTURE_AUDIO_OUTPUT in package com.google.android.gms
06-07 07:52:25.040 W/PackageManager( 1271): Unknown permission android.permission.CAPTURE_VIDEO_OUTPUT in package com.google.android.gms
06-07 07:52:25.040 W/PackageManager( 1271): Unknown permission android.permission.CAPTURE_SECURE_VIDEO_OUTPUT in package com.google.android.gms
06-07 07:52:25.040 W/PackageManager( 1271): Not granting permission android.permission.READ_FRAME_BUFFER to package com.google.android.gms (protectionLevel=18 flags=0x83e44)
06-07 07:52:25.040 W/PackageManager( 1271): Unknown permission com.google.android.wearable.READ_SETTINGS in package com.google.android.gms
06-07 07:52:25.040 W/PackageManager( 1271): Unknown permission com.sonymobile.permission.CAMERA_ADDON in package com.evernote
06-07 07:52:25.040 W/PackageManager( 1271): Unknown permission com.amazon.dcp.sso.permission.AMAZON_ACCOUNT_PROPERTY in package com.amazon.kindle
06-07 07:52:25.040 W/PackageManager( 1271): Unknown permission com.amazon.dcp.metrics.permission.METRICS_PERMISSION in package com.amazon.kindle
06-07 07:52:25.040 W/PackageManager( 1271): Unknown permission com.amazon.dcp.config.permission.DYN_CONFIG_VALUES_UPDATED in package com.amazon.kindle
06-07 07:52:25.040 W/PackageManager( 1271): Unknown permission com.amazon.dcp.settings.permission.READ_SETTINGS in package com.amazon.kindle
06-07 07:52:25.040 W/PackageManager( 1271): Unknown permission com.amazon.identity.permission.GENERIC_IPC in package com.amazon.kindle
06-07 07:52:25.040 W/PackageManager( 1271): Unknown permission com.amazon.dcp.sso.permission.USE_DEVICE_CREDENTIALS in package com.amazon.kindle
06-07 07:52:25.040 W/PackageManager( 1271): Unknown permission com.amazon.dcp.sso.permission.EXPIRE_ACCESS_TOKEN in package com.amazon.kindle
06-07 07:52:25.040 W/PackageManager( 1271): Unknown permission com.amazon.dcp.sso.permission.MANAGE_COR_PFM in package com.amazon.kindle
06-07 07:52:25.040 W/PackageManager( 1271): Unknown permission com.amazon.dcp.sso.permission.CUSTOMER_ATTRIBUTE_SERVICE in package com.amazon.kindle
06-07 07:52:25.040 W/PackageManager( 1271): Unknown permission amazon.permission.COLLECT_METRICS in package com.amazon.kindle
06-07 07:52:25.040 W/PackageManager( 1271): Not granting permission android.permission.SET_ORIENTATION to package com.path (protectionLevel=2 flags=0x8bc44)
06-07 07:52:25.040 W/PackageManager( 1271): Unknown permission com.facebook.orca.provider.ACCESS in package com.facebook.katana
06-07 07:52:25.040 W/PackageManager( 1271): Unknown permission com.amazon.device.messaging.permission.RECEIVE in package com.facebook.katana
06-07 07:52:25.040 W/PackageManager( 1271): Unknown permission com.sec.android.provider.badge.permission.READ in package com.facebook.katana
06-07 07:52:25.040 W/PackageManager( 1271): Unknown permission com.sec.android.provider.badge.permission.WRITE in package com.facebook.katana
06-07 07:52:25.040 W/PackageManager( 1271): Unknown permission com.htc.launcher.permission.READ_SETTINGS in package com.facebook.katana
06-07 07:52:25.040 W/PackageManager( 1271): Unknown permission com.htc.launcher.permission.UPDATE_SHORTCUT in package com.facebook.katana
06-07 07:52:25.040 W/PackageManager( 1271): Unknown permission com.sonyericsson.home.permission.BROADCAST_BADGE in package com.facebook.katana
06-07 07:52:25.040 W/PackageManager( 1271): Unknown permission com.google.android.voicesearch.SHORTCUTS_ACCESS in package com.google.android.googlequicksearchbox
06-07 07:52:25.040 W/PackageManager( 1271): Unknown permission com.google.android.ears.permission.WRITE in package com.google.android.googlequicksearchbox
06-07 07:52:25.040 W/PackageManager( 1271): Unknown permission android.permission.MEDIA_CONTENT_CONTROL in package com.google.android.googlequicksearchbox
06-07 07:52:25.040 W/PackageManager( 1271): Unknown permission com.google.googlenav.friend.permission.OPT_IN in package com.google.android.googlequicksearchbox
06-07 07:52:25.040 W/PackageManager( 1271): Unknown permission com.google.android.apps.maps.permission.PREFETCH in package com.google.android.googlequicksearchbox
06-07 07:52:25.040 W/PackageManager( 1271): Unknown permission com.google.android.apps.googlevoice.permission.AUTO_SEND in package com.google.android.googlequicksearchbox
06-07 07:52:25.040 W/PackageManager( 1271): Unknown permission android.permission.CAPTURE_AUDIO_HOTWORD in package com.google.android.googlequicksearchbox
06-07 07:52:25.040 W/PackageManager( 1271): Not granting permission android.permission.STOP_APP_SWITCHES to package com.google.android.googlequicksearchbox (protectionLevel=18 flags=0x1bbec5)
06-07 07:52:25.050 W/PackageManager( 1271): Not granting permission android.permission.STATUS_BAR to package com.google.android.googlequicksearchbox (protectionLevel=18 flags=0x1bbec5)
06-07 07:52:25.050 W/PackageManager( 1271): Unknown permission com.google.android.launcher.permission.CONTENT_REDIRECT in package com.google.android.googlequicksearchbox
06-07 07:52:25.050 W/PackageManager( 1271): Not granting permission android.permission.BIND_APPWIDGET to package com.google.android.googlequicksearchbox (protectionLevel=18 flags=0x1bbec5)
06-07 07:52:25.050 W/PackageManager( 1271): Not granting permission android.permission.SEND_DOWNLOAD_COMPLETED_INTENTS to package com.android.vending (protectionLevel=2 flags=0xabec5)
06-07 07:52:25.050 W/PackageManager( 1271): Unknown permission android.permission.MANAGE_USERS in package com.android.vending
06-07 07:52:25.050 W/PackageManager( 1271): Unknown permission android.permission.INTERACT_ACROSS_USERS in package com.android.vending
06-07 07:52:25.050 W/PackageManager( 1271): Not granting permission android.permission.WRITE_SECURE_SETTINGS to package com.android.vending (protectionLevel=50 flags=0xabec5)
06-07 07:52:25.050 W/PackageManager( 1271): Not granting permission android.permission.FORCE_STOP_PACKAGES to package com.android.vending (protectionLevel=2 flags=0xabec5)
06-07 07:52:25.050 W/PackageManager( 1271): Unknown permission android.webkit.permission.PLUGIN in package com.adobe.flashplayer
06-07 07:52:25.050 W/PackageManager( 1271): Not granting permission android.permission.READ_LOGS to package com.idisplay.virtualscreen (protectionLevel=50 flags=0x2018be44)
06-07 07:52:25.050 W/PackageManager( 1271): Unknown permission com.estrongs.android.pop.PERMISSION in package com.estrongs.android.pop
06-07 07:52:25.050 W/PackageManager( 1271): Not granting permission android.permission.DEVICE_POWER to package com.android.deskclock (protectionLevel=2 flags=0x8be45)
06-07 07:52:25.060 W/PackageManager( 1271): Unknown permission com.chrome.permission.DEVICE_EXTRAS in package com.android.chrome
06-07 07:52:25.060 W/PackageManager( 1271): Unknown permission com.sec.enterprise.knox.MDM_CONTENT_PROVIDER in package com.android.chrome
06-07 07:52:26.150 I/ActivityManager( 1271): Start proc com.android.email for broadcast com.android.email/.service.EmailBroadcastReceiver: pid=1944 uid=10014 gids={3003, 1015, 1028}
06-07 07:52:26.640 I/ActivityManager( 1271): Start proc com.android.exchange for service com.android.exchange/.ExchangeService: pid=1962 uid=10015 gids={3003, 1015, 1028}
06-07 07:52:26.810 D/BackupManagerService( 1271): Received broadcast Intent { act=android.intent.action.EXTERNAL_APPLICATIONS_AVAILABLE flg=0x8000010 (has extras) }
06-07 07:52:26.860 V/BackupManagerService( 1271): addPackageParticipantsLocked: #1
06-07 07:52:27.000 I/SystemUpdateService( 1572): cancelUpdate (empty URL)
06-07 07:52:27.170 I/ActivityManager( 1271): Start proc com.noshufou.android.su for broadcast com.noshufou.android.su/.UpdatePermissionsReceiver: pid=2005 uid=10043 gids={3003, 1015, 1028}
06-07 07:52:27.200 I/SystemUpdateService( 1572): cancelUpdate (empty URL)
06-07 07:52:27.590 I/ActivityManager( 1271): Start proc com.google.android.googlequicksearchbox:search for broadcast com.google.android.googlequicksearchbox/com.google.android.search.core.StartUpReceiver: pid=2031 uid=10039 gids={3003, 1028, 3002, 1015}
06-07 07:52:27.650 D/AlarmManager( 1271): overriden alarm callingpackages[0] com.facebook.katana
06-07 07:52:27.650 D/AlarmManager( 1271): overriden alarm callingUid= 10058 type= 2
06-07 07:52:27.650 D/AlarmManager( 1271): overriden alarm force  AlarmManager.ELAPSED_REALTIME
06-07 07:52:28.530 E/ActivityThread( 2031): Failed to find provider info for com.google.android.partnersetup.rlzappprovider
06-07 07:52:28.870 E/ActivityThread( 2031): Failed to find provider info for com.google.android.partnersetup.rlzappprovider
06-07 07:52:30.470 I/ActivityManager( 1271): Start proc com.google.android.gm for broadcast com.google.android.gm/.GoogleMailDeviceStartupReceiver: pid=2074 uid=10019 gids={3003, 1015, 1028}
06-07 07:52:30.620 D/AlarmManager( 1271): overriden alarm callingpackages[0] com.google.android.gsf
06-07 07:52:30.670 D/AlarmManager( 1271): overriden alarm callingpackages[0] com.google.android.gsf
06-07 07:52:30.670 D/AlarmManager( 1271): overriden alarm callingpackages[0] com.google.android.gsf
06-07 07:52:32.030 D/AlarmManager( 1271): overriden alarm callingpackages[0] com.google.android.gsf
06-07 07:52:32.150 D/AlarmManager( 1271): overriden alarm callingpackages[0] com.google.android.gsf
06-07 07:52:33.800 W/ActivityManager( 1271): Unable to start service Intent { act=com.google.android.gms.analytics.service.START cmp=com.google.android.gms/.analytics.service.AnalyticsService (has extras) }: not found
06-07 07:52:38.830 W/ActivityManager( 1271): Unable to start service Intent { act=com.google.android.gms.analytics.service.START cmp=com.google.android.gms/.analytics.service.AnalyticsService (has extras) }: not found
06-07 07:52:40.590 D/ActivityThread( 2074): Loading provider com.android.gmail.ui: com.google.android.gm.provider.GmailProvider
06-07 07:52:40.990 I/ActivityManager( 1271): Start proc com.android.vending for broadcast com.android.vending/com.google.android.finsky.receivers.BootCompletedReceiver: pid=2121 uid=10050 gids={3003, 1015, 1028}
06-07 07:52:41.170 D/AlarmManager( 1271): overriden alarm callingpackages[0] com.google.android.googlequicksearchbox
06-07 07:52:41.990 D/AlarmManager( 1271): overriden alarm callingpackages[0] com.adamrocker.android.input.simeji
06-07 07:52:41.990 D/AlarmManager( 1271): overriden alarm callingUid= 10055 type= 2
06-07 07:52:41.990 D/AlarmManager( 1271): overriden alarm force  AlarmManager.ELAPSED_REALTIME
06-07 07:52:42.010 I/ActivityManager( 1271): Start proc com.evernote for broadcast com.evernote/.BootReceiver: pid=2163 uid=10069 gids={3003, 1015, 1006, 1028}
06-07 07:52:45.830 W/ActivityManager( 1271): Unable to start service Intent { act=com.google.android.gms.analytics.service.START cmp=com.google.android.gms/.analytics.service.AnalyticsService (has extras) }: not found
06-07 07:52:50.830 W/ActivityManager( 1271): Unable to start service Intent { act=com.google.android.gms.analytics.service.START cmp=com.google.android.gms/.analytics.service.AnalyticsService (has extras) }: not found
06-07 07:52:52.860 I/ActivityManager( 1271): Start proc com.dropbox.android for broadcast com.dropbox.android/.service.BootReceiver: pid=2201 uid=10064 gids={3003, 1028, 1015}
06-07 07:52:52.960 D/AlarmManager( 1271): overriden alarm callingpackages[0] com.android.vending
06-07 07:52:55.350 I/ActivityManager( 1271): Start proc com.path for broadcast com.path/.receivers.BootReceiver: pid=2238 uid=10059 gids={3003, 1015, 1006, 1028}
06-07 07:52:58.010 D/AlarmManager( 1271): overriden alarm callingpackages[0] com.google.android.gsf
06-07 07:53:00.470 D/AlarmManager( 1271): overriden alarm callingpackages[0] com.google.android.gsf
06-07 07:53:03.910 D/AlarmManager( 1271): overriden alarm callingpackages[0] com.google.android.gsf
06-07 07:53:03.960 D/AlarmManager( 1271): overriden alarm callingpackages[0] com.google.android.gsf
06-07 07:53:11.490 I/ActivityManager( 1271): Start proc com.path:daemon for service com.path/.services.DaemonService: pid=2272 uid=10059 gids={3003, 1015, 1006, 1028}
06-07 07:53:11.760 I/ActivityManager( 1271): Start proc com.wave18.adbwireless for broadcast com.wave18.adbwireless/.TrackShutdown: pid=2291 uid=10073 gids={3003, 1028}
06-07 07:53:11.990 W/ActivityManager( 1271): Permission denied: checkComponentPermission() owningUid=1000
06-07 07:53:11.990 W/BroadcastQueue( 1271): Permission Denial: broadcasting Intent { act=android.appwidget.action.APPWIDGET_UPDATE_OPTIONS flg=0x10 cmp=com.android.settings/.widget.SettingsAppWidgetProvider (has extras) } from android (pid=1544, uid=10028) is not exported from uid 1000 due to receiver com.android.settings/com.android.settings.widget.SettingsAppWidgetProvider
06-07 07:53:13.210 I/ActivityManager( 1271): Start proc com.amazon.kindle for broadcast com.amazon.kindle/com.amazon.kcp.periodicals.NewsstandSyncBroadcastEventTracker: pid=2318 uid=10051 gids={3003, 1015, 1028}
06-07 07:53:14.430 D/AlarmManager( 1271): overriden alarm callingpackages[0] com.google.android.gsf
06-07 07:53:14.930 I/ActivityManager( 1271): Start proc com.twitter.android for broadcast com.twitter.android/.client.AppBroadcastReceiver: pid=2394 uid=10057 gids={3003, 1015, 1028}
06-07 07:53:14.940 I/ActivityManager( 1271): No longer want jp.naver.line.android (pid 1777): hidden #16
06-07 07:53:15.230 D/ConnectivityService( 1271): handleInetConditionHoldEnd: net=1, condition=100, published condition=0
06-07 07:53:15.650 I/ActivityManager( 1271): Start proc com.path:xmpp for service com.path/.messageservice.RemoteXmppService: pid=2412 uid=10059 gids={3003, 1015, 1006, 1028}
06-07 07:53:16.190 I/ActivityManager( 1271): No longer want com.android.providers.calendar (pid 1901): hidden #16
06-07 07:53:16.270 D/AlarmManager( 1271): overriden alarm callingpackages[0] com.google.android.gsf
06-07 07:53:16.460 D/AlarmManager( 1271): overriden alarm callingpackages[0] com.google.android.gsf
06-07 07:53:16.520 I/ActivityManager( 1271): Start proc com.android.chrome for broadcast com.android.chrome/com.google.android.apps.chrome.precache.PrecacheServiceLauncher: pid=2431 uid=10053 gids={1006, 3003, 1015, 1028}
06-07 07:53:17.470 I/ActivityManager( 1271): Start proc jp.naver.line.android for broadcast jp.naver.line.android/.service.push.SystemBroadcastReceiver: pid=2445 uid=10070 gids={1006, 3003, 1015, 1028, 3002}
06-07 07:53:17.470 I/ActivityManager( 1271): No longer want com.android.deskclock (pid 1921): hidden #16
06-07 07:53:18.230 I/ActivityManager( 1271): No longer want android.process.acore (pid 1628): hidden #16
06-07 07:53:27.830 D/AlarmManager( 1271): overriden alarm callingpackages[0] jp.naver.line.android
06-07 07:53:27.830 D/AlarmManager( 1271): overriden alarm callingUid= 10070 type= 0
06-07 07:53:27.830 D/AlarmManager( 1271): overriden alarm force  AlarmManager.RTC
06-07 07:53:27.880 I/ActivityManager( 1271): Start proc com.android.calendar for broadcast com.android.calendar/.widget.CalendarAppWidgetService$CalendarFactory: pid=2500 uid=10007 gids={3003, 1028}
06-07 07:53:28.160 I/ActivityManager( 1271): Start proc com.android.deskclock for broadcast com.android.deskclock/.AlarmInitReceiver: pid=2519 uid=10011 gids={1028}
06-07 07:53:28.160 I/ActivityManager( 1271): No longer want com.android.exchange (pid 1962): hidden #16
06-07 07:53:28.200 I/ActivityManager( 1271): Start proc com.android.providers.calendar for content provider com.android.providers.calendar/.CalendarProvider2: pid=2530 uid=10008 gids={3003, 1015, 1028}
06-07 07:53:28.220 I/ActivityManager( 1271): No longer want com.android.email (pid 1944): hidden #16
06-07 07:53:28.320 I/ActivityManager( 1271): No longer want com.noshufou.android.su (pid 2005): hidden #16
06-07 07:53:28.430 D/AlarmManager( 1271): overriden alarm callingpackages[0] com.google.android.gsf
06-07 07:53:28.460 D/AlarmManager( 1271): overriden alarm callingpackages[0] com.google.android.gsf
06-07 07:53:28.600 D/AlarmManager( 1271): overriden alarm callingpackages[0] com.google.android.gsf
06-07 07:53:28.620 D/AlarmManager( 1271): overriden alarm callingpackages[0] com.google.android.gsf
06-07 07:53:33.720 D/AlarmManager( 1271): overriden alarm callingpackages[0] com.android.vending
06-07 07:53:38.130 D/AlarmManager( 1271): overriden alarm callingpackages[0] com.android.vending
06-07 07:53:38.270 W/ThrottleService( 1271): unable to find stats for iface rmnet0
06-07 07:53:38.320 D/AlarmManager( 1271): overriden alarm callingpackages[0] com.android.providers.calendar
06-07 07:53:42.020 D/AlarmManager( 1271): overriden alarm callingpackages[0] com.android.vending
06-07 07:54:24.990 I/ActivityManager( 1271): No longer want com.wave18.adbwireless (pid 2291): hidden #16
06-07 07:54:30.530 I/ActivityManager( 1271): No longer want com.android.settings (pid 1594): hidden #16
06-07 07:54:47.450 I/ActivityManager( 1271): Start proc com.android.defcontainer for service com.android.defcontainer/.DefaultContainerService: pid=2658 uid=10010 gids={1015, 2001, 1028}
06-07 07:54:47.580 W/ActivityManager( 1271): No content provider found for permission revoke: file:///data/data/com.android.vending/cache/patches/com.android.chrome-449319635.apk
06-07 07:54:48.130 W/ActivityManager( 1271): No content provider found for permission revoke: file:///data/data/com.android.vending/cache/patches/com.android.chrome-449319635.apk
06-07 07:54:48.130 W/PackageManager( 1271): processPendingInstall called
06-07 07:54:49.340 I/ActivityManager( 1271): Force stopping package com.android.chrome uid=10053
06-07 07:54:49.340 I/ActivityManager( 1271): Killing proc 2431:com.android.chrome/u0a53: force stop
06-07 07:55:09.660 I/PackageManager( 1271): Package com.android.chrome codePath changed from /data/app/com.android.chrome-1.apk to /data/app/com.android.chrome-2.apk; Retaining data and using new
06-07 07:55:35.000 I/ActivityManager( 1271): Force stopping package com.android.chrome uid=10053
06-07 07:55:35.000 W/PackageManager( 1271): Code path for pkg : com.android.chrome changing from /data/app/com.android.chrome-1.apk to /data/app/com.android.chrome-2.apk
06-07 07:55:35.000 W/PackageManager( 1271): Resource path for pkg : com.android.chrome changing from /data/app/com.android.chrome-1.apk to /data/app/com.android.chrome-2.apk
06-07 07:55:36.530 W/PackageManager( 1271): Unknown permission android.permission.ADD_SYSTEM_SERVICE in package com.android.phone
06-07 07:55:36.530 W/PackageManager( 1271): Unknown permission com.skt.aom.permission.AOM_RECEIVE in package jp.naver.line.android
06-07 07:55:36.530 W/PackageManager( 1271): Unknown permission com.kddi.market.permission.USE_ALML in package jp.naver.line.android
06-07 07:55:36.530 W/PackageManager( 1271): Unknown permission com.android.vending.billing.IBillingAccountService.BIND2 in package com.google.android.gsf.login
06-07 07:55:36.530 W/PackageManager( 1271): Not granting permission android.permission.SEND_DOWNLOAD_COMPLETED_INTENTS to package com.android.browser (protectionLevel=2 flags=0x9be45)
06-07 07:55:36.530 W/PackageManager( 1271): Unknown permission android.permission.INTERACT_ACROSS_USERS in package com.google.android.gms
06-07 07:55:36.530 W/PackageManager( 1271): Unknown permission android.permission.RECOVERY in package com.google.android.gms
06-07 07:55:36.530 W/PackageManager( 1271): Unknown permission android.permission.READ_DREAM_STATE in package com.google.android.gms
06-07 07:55:36.530 W/PackageManager( 1271): Unknown permission android.permission.RECEIVE_DATA_ACTIVITY_CHANGE in package com.google.android.gms
06-07 07:55:36.530 W/PackageManager( 1271): Unknown permission android.permission.LOCATION_HARDWARE in package com.google.android.gms
06-07 07:55:36.530 W/PackageManager( 1271): Unknown permission android.permission.GET_APP_OPS_STATS in package com.google.android.gms
06-07 07:55:36.530 W/PackageManager( 1271): Unknown permission android.permission.UPDATE_APP_OPS_STATS in package com.google.android.gms
06-07 07:55:36.530 W/PackageManager( 1271): Unknown permission android.permission.CAPTURE_AUDIO_HOTWORD in package com.google.android.gms
06-07 07:55:36.530 W/PackageManager( 1271): Unknown permission com.google.android.hangouts.START_HANGOUT in package com.google.android.gms
06-07 07:55:36.530 W/PackageManager( 1271): Unknown permission android.permission.ACCESS_NETWORK_CONDITIONS in package com.google.android.gms
06-07 07:55:36.530 W/PackageManager( 1271): Unknown permission android.permission.MANAGE_DEVICE_ADMINS in package com.google.android.gms
06-07 07:55:36.530 W/PackageManager( 1271): Not granting permission android.permission.MODIFY_PHONE_STATE to package com.google.android.gms (protectionLevel=18 flags=0x83e44)
06-07 07:55:36.530 W/PackageManager( 1271): Not granting permission android.permission.MANAGE_USB to package com.google.android.gms (protectionLevel=18 flags=0x83e44)
06-07 07:55:36.530 W/PackageManager( 1271): Not granting permission android.permission.CALL_PRIVILEGED to package com.google.android.gms (protectionLevel=18 flags=0x83e44)
06-07 07:55:36.530 W/PackageManager( 1271): Unknown permission android.permission.BLUETOOTH_PRIVILEGED in package com.google.android.gms
06-07 07:55:36.530 W/PackageManager( 1271): Unknown permission android.permission.CAPTURE_AUDIO_OUTPUT in package com.google.android.gms
06-07 07:55:36.530 W/PackageManager( 1271): Unknown permission android.permission.CAPTURE_VIDEO_OUTPUT in package com.google.android.gms
06-07 07:55:36.530 W/PackageManager( 1271): Unknown permission android.permission.CAPTURE_SECURE_VIDEO_OUTPUT in package com.google.android.gms
06-07 07:55:36.530 W/PackageManager( 1271): Not granting permission android.permission.READ_FRAME_BUFFER to package com.google.android.gms (protectionLevel=18 flags=0x83e44)
06-07 07:55:36.530 W/PackageManager( 1271): Unknown permission com.google.android.wearable.READ_SETTINGS in package com.google.android.gms
06-07 07:55:36.540 W/PackageManager( 1271): Unknown permission com.sonymobile.permission.CAMERA_ADDON in package com.evernote
06-07 07:55:36.540 W/PackageManager( 1271): Unknown permission com.amazon.dcp.sso.permission.AMAZON_ACCOUNT_PROPERTY in package com.amazon.kindle
06-07 07:55:36.540 W/PackageManager( 1271): Unknown permission com.amazon.dcp.metrics.permission.METRICS_PERMISSION in package com.amazon.kindle
06-07 07:55:36.540 W/PackageManager( 1271): Unknown permission com.amazon.dcp.config.permission.DYN_CONFIG_VALUES_UPDATED in package com.amazon.kindle
06-07 07:55:36.540 W/PackageManager( 1271): Unknown permission com.amazon.dcp.settings.permission.READ_SETTINGS in package com.amazon.kindle
06-07 07:55:36.540 W/PackageManager( 1271): Unknown permission com.amazon.identity.permission.GENERIC_IPC in package com.amazon.kindle
06-07 07:55:36.540 W/PackageManager( 1271): Unknown permission com.amazon.dcp.sso.permission.USE_DEVICE_CREDENTIALS in package com.amazon.kindle
06-07 07:55:36.540 W/PackageManager( 1271): Unknown permission com.amazon.dcp.sso.permission.EXPIRE_ACCESS_TOKEN in package com.amazon.kindle
06-07 07:55:36.540 W/PackageManager( 1271): Unknown permission com.amazon.dcp.sso.permission.MANAGE_COR_PFM in package com.amazon.kindle
06-07 07:55:36.540 W/PackageManager( 1271): Unknown permission com.amazon.dcp.sso.permission.CUSTOMER_ATTRIBUTE_SERVICE in package com.amazon.kindle
06-07 07:55:36.540 W/PackageManager( 1271): Unknown permission amazon.permission.COLLECT_METRICS in package com.amazon.kindle
06-07 07:55:36.540 W/PackageManager( 1271): Not granting permission android.permission.SET_ORIENTATION to package com.path (protectionLevel=2 flags=0x8bc44)
06-07 07:55:36.540 W/PackageManager( 1271): Unknown permission com.facebook.orca.provider.ACCESS in package com.facebook.katana
06-07 07:55:36.540 W/PackageManager( 1271): Unknown permission com.amazon.device.messaging.permission.RECEIVE in package com.facebook.katana
06-07 07:55:36.540 W/PackageManager( 1271): Unknown permission com.sec.android.provider.badge.permission.READ in package com.facebook.katana
06-07 07:55:36.540 W/PackageManager( 1271): Unknown permission com.sec.android.provider.badge.permission.WRITE in package com.facebook.katana
06-07 07:55:36.540 W/PackageManager( 1271): Unknown permission com.htc.launcher.permission.READ_SETTINGS in package com.facebook.katana
06-07 07:55:36.540 W/PackageManager( 1271): Unknown permission com.htc.launcher.permission.UPDATE_SHORTCUT in package com.facebook.katana
06-07 07:55:36.540 W/PackageManager( 1271): Unknown permission com.sonyericsson.home.permission.BROADCAST_BADGE in package com.facebook.katana
06-07 07:55:36.540 W/PackageManager( 1271): Unknown permission com.google.android.voicesearch.SHORTCUTS_ACCESS in package com.google.android.googlequicksearchbox
06-07 07:55:36.540 W/PackageManager( 1271): Unknown permission com.google.android.ears.permission.WRITE in package com.google.android.googlequicksearchbox
06-07 07:55:36.540 W/PackageManager( 1271): Unknown permission android.permission.MEDIA_CONTENT_CONTROL in package com.google.android.googlequicksearchbox
06-07 07:55:36.540 W/PackageManager( 1271): Unknown permission com.google.googlenav.friend.permission.OPT_IN in package com.google.android.googlequicksearchbox
06-07 07:55:36.540 W/PackageManager( 1271): Unknown permission com.google.android.apps.maps.permission.PREFETCH in package com.google.android.googlequicksearchbox
06-07 07:55:36.540 W/PackageManager( 1271): Unknown permission com.google.android.apps.googlevoice.permission.AUTO_SEND in package com.google.android.googlequicksearchbox
06-07 07:55:36.540 W/PackageManager( 1271): Unknown permission android.permission.CAPTURE_AUDIO_HOTWORD in package com.google.android.googlequicksearchbox
06-07 07:55:36.540 W/PackageManager( 1271): Not granting permission android.permission.STOP_APP_SWITCHES to package com.google.android.googlequicksearchbox (protectionLevel=18 flags=0x1bbec5)
06-07 07:55:36.540 W/PackageManager( 1271): Not granting permission android.permission.STATUS_BAR to package com.google.android.googlequicksearchbox (protectionLevel=18 flags=0x1bbec5)
06-07 07:55:36.540 W/PackageManager( 1271): Unknown permission com.google.android.launcher.permission.CONTENT_REDIRECT in package com.google.android.googlequicksearchbox
06-07 07:55:36.540 W/PackageManager( 1271): Not granting permission android.permission.BIND_APPWIDGET to package com.google.android.googlequicksearchbox (protectionLevel=18 flags=0x1bbec5)
06-07 07:55:36.540 W/PackageManager( 1271): Not granting permission android.permission.SEND_DOWNLOAD_COMPLETED_INTENTS to package com.android.vending (protectionLevel=2 flags=0xabec5)
06-07 07:55:36.540 W/PackageManager( 1271): Unknown permission android.permission.MANAGE_USERS in package com.android.vending
06-07 07:55:36.540 W/PackageManager( 1271): Unknown permission android.permission.INTERACT_ACROSS_USERS in package com.android.vending
06-07 07:55:36.540 W/PackageManager( 1271): Not granting permission android.permission.WRITE_SECURE_SETTINGS to package com.android.vending (protectionLevel=50 flags=0xabec5)
06-07 07:55:36.540 W/PackageManager( 1271): Not granting permission android.permission.FORCE_STOP_PACKAGES to package com.android.vending (protectionLevel=2 flags=0xabec5)
06-07 07:55:36.540 W/PackageManager( 1271): Unknown permission android.webkit.permission.PLUGIN in package com.adobe.flashplayer
06-07 07:55:36.540 W/PackageManager( 1271): Not granting permission android.permission.READ_LOGS to package com.idisplay.virtualscreen (protectionLevel=50 flags=0x2018be44)
06-07 07:55:36.550 W/PackageManager( 1271): Unknown permission com.estrongs.android.pop.PERMISSION in package com.estrongs.android.pop
06-07 07:55:36.550 W/PackageManager( 1271): Not granting permission android.permission.DEVICE_POWER to package com.android.deskclock (protectionLevel=2 flags=0x8be45)
06-07 07:55:36.550 W/PackageManager( 1271): Unknown permission com.chrome.permission.DEVICE_EXTRAS in package com.android.chrome
06-07 07:55:36.560 W/PackageManager( 1271): Unknown permission com.sec.enterprise.knox.MDM_CONTENT_PROVIDER in package com.android.chrome
06-07 07:55:37.360 I/ActivityManager( 1271): Force stopping package com.android.chrome uid=10053
06-07 07:55:37.400 I/ActivityManager( 1271): Start proc android.process.acore for broadcast com.android.providers.contacts/.PackageIntentReceiver: pid=2673 uid=10002 gids={3003, 1015, 1028}
06-07 07:55:38.570 D/BackupManagerService( 1271): Received broadcast Intent { act=android.intent.action.PACKAGE_REMOVED dat=package:com.android.chrome flg=0x8000010 (has extras) }
06-07 07:55:38.600 D/BackupManagerService( 1271): Received broadcast Intent { act=android.intent.action.PACKAGE_ADDED dat=package:com.android.chrome flg=0x8000010 (has extras) }
06-07 07:55:38.600 V/BackupManagerService( 1271): removePackageParticipantsLocked: uid=10053 #1
06-07 07:55:38.660 V/BackupManagerService( 1271): addPackageParticipantsLocked: #1
06-07 07:55:38.680 I/ActivityManager( 1271): Start proc com.android.gallery3d for broadcast com.android.gallery3d/.app.PackagesMonitor: pid=2690 uid=10018 gids={1006, 3003, 1015, 1028}
06-07 07:55:38.680 I/ActivityManager( 1271): No longer want com.evernote (pid 2163): hidden #16
06-07 07:55:39.220 I/ActivityManager( 1271): Start proc com.android.keychain for broadcast com.android.keychain/.KeyChainBroadcastReceiver: pid=2705 uid=1000 gids={1015, 3002, 3001, 3003, 1028, 3007}
06-07 07:55:39.220 I/ActivityManager( 1271): No longer want com.android.deskclock (pid 2519): hidden #16
06-07 07:55:39.300 I/ActivityManager( 1271): Start proc com.android.musicfx for broadcast com.android.musicfx/.Compatibility$Receiver: pid=2719 uid=10033 gids={3003, 3002, 1028}
06-07 07:55:39.340 I/ActivityManager( 1271): No longer want com.amazon.kindle (pid 2318): hidden #16
06-07 07:55:39.400 I/ActivityManager( 1271): Start proc com.noshufou.android.su for broadcast com.noshufou.android.su/.UninstallReceiver: pid=2733 uid=10043 gids={3003, 1015, 1028}
06-07 07:55:39.450 I/ActivityManager( 1271): No longer want com.twitter.android (pid 2394): hidden #16
06-07 07:55:39.560 I/ActivityManager( 1271): No longer want com.facebook.katana (pid 1733): hidden #16
06-07 07:55:39.650 D/AlarmManager( 1271): overriden alarm callingpackages[0] com.android.vending
06-07 07:55:39.720 I/ActivityManager( 1271): Start proc com.google.android.gms.drive for broadcast com.google.android.gms/.drive.api.DriveSystemBroadcastReceiver: pid=2748 uid=10021 gids={3003, 1015, 1028, 1007, 1006, 3002, 3001, 2001, 3006}
06-07 07:55:49.410 I/ActivityManager( 1271): No longer want com.path (pid 2238): hidden #16
06-07 07:55:49.490 I/ActivityManager( 1271): Start proc com.svox.pico for broadcast com.svox.pico/.VoiceDataInstallerReceiver: pid=2766 uid=10037 gids={1015, 1028}
06-07 07:55:49.540 I/ActivityManager( 1271): No longer want com.path:xmpp (pid 2412): hidden #16
06-07 07:55:49.580 D/AlarmManager( 1271): overriden alarm callingpackages[0] com.android.vending
06-07 07:55:49.610 I/ActivityManager( 1271): Start proc jp.cggames.anipla for broadcast jp.cggames.anipla/jp.basicinc.gamefeat.android.sdk.receiver.GameFeatBroadcastReceiver: pid=2780 uid=10061 gids={3003, 1015, 1028}
06-07 07:55:53.280 I/ActivityManager( 1271): No longer want jp.naver.line.android (pid 2445): hidden #16
06-07 07:55:53.360 I/ActivityManager( 1271): Start proc com.path for broadcast com.path/.receivers.ApplicationUpgradedReceiver: pid=2891 uid=10059 gids={3003, 1015, 1006, 1028}
