03-07 14:34:56.759 E/ActivityThread(  692): 	at android.app.ContextImpl.bindService(ContextImpl.java:1407)
03-07 14:34:56.759 E/ActivityThread(  692): 	at android.content.ContextWrapper.bindService(ContextWrapper.java:473)
03-07 14:34:56.759 E/ActivityThread(  692): 	at com.android.emailcommon.service.ServiceProxy.setTask(ServiceProxy.java:157)
03-07 14:34:56.759 E/ActivityThread(  692): 	at com.android.emailcommon.service.ServiceProxy.setTask(ServiceProxy.java:145)
03-07 14:34:56.759 E/ActivityThread(  692): 	at com.android.emailcommon.service.AccountServiceProxy.getDeviceId(AccountServiceProxy.java:116)
03-07 14:34:56.759 E/ActivityThread(  692): 	at com.android.exchange.ExchangeService.getDeviceId(ExchangeService.java:1249)
03-07 14:34:56.759 E/ActivityThread(  692): 	at com.android.exchange.ExchangeService$7.run(ExchangeService.java:1856)
03-07 14:34:56.759 E/ActivityThread(  692): 	at com.android.emailcommon.utility.Utility$2.doInBackground(Utility.java:551)
03-07 14:34:56.759 E/ActivityThread(  692): 	at com.android.emailcommon.utility.Utility$2.doInBackground(Utility.java:549)
03-07 14:34:56.759 E/ActivityThread(  692): 	at android.os.AsyncTask$2.call(AsyncTask.java:287)
03-07 14:34:56.759 E/ActivityThread(  692): 	at java.util.concurrent.FutureTask.run(FutureTask.java:234)
03-07 14:34:56.759 E/ActivityThread(  692): 	at java.util.concurrent.ThreadPoolExecutor.runWorker(ThreadPoolExecutor.java:1080)
03-07 14:34:56.759 E/ActivityThread(  692): 	at java.util.concurrent.ThreadPoolExecutor$Worker.run(ThreadPoolExecutor.java:573)
03-07 14:34:56.759 E/ActivityThread(  692): 	at java.lang.Thread.run(Thread.java:856)
03-07 14:34:56.769 E/StrictMode(  692): null
03-07 14:34:56.769 E/StrictMode(  692): android.app.ServiceConnectionLeaked: Service com.android.exchange.ExchangeService has leaked ServiceConnection com.android.emailcommon.service.ServiceProxy$ProxyConnection@40cebfe0 that was originally bound here
03-07 14:34:56.769 E/StrictMode(  692): 	at android.app.LoadedApk$ServiceDispatcher.<init>(LoadedApk.java:969)
03-07 14:34:56.769 E/StrictMode(  692): 	at android.app.LoadedApk.getServiceDispatcher(LoadedApk.java:863)
03-07 14:34:56.769 E/StrictMode(  692): 	at android.app.ContextImpl.bindService(ContextImpl.java:1418)
03-07 14:34:56.769 E/StrictMode(  692): 	at android.app.ContextImpl.bindService(ContextImpl.java:1407)
03-07 14:34:56.769 E/StrictMode(  692): 	at android.content.ContextWrapper.bindService(ContextWrapper.java:473)
03-07 14:34:56.769 E/StrictMode(  692): 	at com.android.emailcommon.service.ServiceProxy.setTask(ServiceProxy.java:157)
03-07 14:34:56.769 E/StrictMode(  692): 	at com.android.emailcommon.service.ServiceProxy.setTask(ServiceProxy.java:145)
03-07 14:34:56.769 E/StrictMode(  692): 	at com.android.emailcommon.service.AccountServiceProxy.getDeviceId(AccountServiceProxy.java:116)
03-07 14:34:56.769 E/StrictMode(  692): 	at com.android.exchange.ExchangeService.getDeviceId(ExchangeService.java:1249)
03-07 14:34:56.769 E/StrictMode(  692): 	at com.android.exchange.ExchangeService$7.run(ExchangeService.java:1856)
03-07 14:34:56.769 E/StrictMode(  692): 	at com.android.emailcommon.utility.Utility$2.doInBackground(Utility.java:551)
03-07 14:34:56.769 E/StrictMode(  692): 	at com.android.emailcommon.utility.Utility$2.doInBackground(Utility.java:549)
03-07 14:34:56.769 E/StrictMode(  692): 	at android.os.AsyncTask$2.call(AsyncTask.java:287)
03-07 14:34:56.769 E/StrictMode(  692): 	at java.util.concurrent.FutureTask.run(FutureTask.java:234)
03-07 14:34:56.769 E/StrictMode(  692): 	at java.util.concurrent.ThreadPoolExecutor.runWorker(ThreadPoolExecutor.java:1080)
03-07 14:34:56.769 E/StrictMode(  692): 	at java.util.concurrent.ThreadPoolExecutor$Worker.run(ThreadPoolExecutor.java:573)
03-07 14:34:56.769 E/StrictMode(  692): 	at java.lang.Thread.run(Thread.java:856)
03-07 14:34:56.789 W/ActivityManager(  311): Unbind failed: could not find connection for android.os.BinderProxy@411e0b08
03-07 14:34:57.048 D/dalvikvm(  489): GC_CONCURRENT freed 2207K, 40% free 12357K/20384K, paused 26ms+11ms, total 107ms
03-07 14:34:57.048 D/dalvikvm(  489): WAIT_FOR_CONCURRENT_GC blocked 43ms
03-07 14:34:57.188 D/dalvikvm(  311): GC_EXPLICIT freed 138K, 56% free 5739K/12860K, paused 23ms+59ms, total 6249ms
03-07 14:34:57.188 D/AndroidRuntime( 1536): Shutting down VM
03-07 14:34:57.208 D/dalvikvm( 1536): GC_CONCURRENT freed 91K, 17% free 459K/552K, paused 1ms+1ms, total 9ms
03-07 14:34:57.328 W/RecognitionManagerService(  311): no available voice recognition services found for user 0
03-07 14:34:58.179 D/AndroidRuntime( 1560): 
03-07 14:34:58.179 D/AndroidRuntime( 1560): >>>>>> AndroidRuntime START com.android.internal.os.RuntimeInit <<<<<<
03-07 14:34:58.179 D/AndroidRuntime( 1560): CheckJNI is ON
03-07 14:34:58.259 D/dalvikvm( 1560): Trying to load lib libjavacore.so 0x0
03-07 14:34:58.279 D/dalvikvm( 1560): Added shared lib libjavacore.so 0x0
03-07 14:34:58.339 D/dalvikvm( 1560): Trying to load lib libnativehelper.so 0x0
03-07 14:34:58.339 D/dalvikvm( 1560): Added shared lib libnativehelper.so 0x0
03-07 14:34:59.429 D/AndroidRuntime( 1560): Calling main entry com.android.commands.am.Am
03-07 14:34:59.429 D/dalvikvm( 1560): Note: class Landroid/app/ActivityManagerNative; has 157 unimplemented (abstract) methods
03-07 14:34:59.459 I/ActivityManager(  311): START u0 {act=android.intent.action.MAIN flg=0x10000000 cmp=org.dom/.MainActivity} from pid 1560
03-07 14:34:59.488 W/WindowManager(  311): Failure taking screenshot for (268x429) to layer 21005
03-07 14:34:59.549 D/AndroidRuntime( 1560): Shutting down VM
03-07 14:34:59.559 D/dalvikvm( 1560): GC_CONCURRENT freed 91K, 16% free 491K/584K, paused 1ms+1ms, total 11ms
03-07 14:34:59.589 D/dalvikvm( 1572): Not late-enabling CheckJNI (already on)
03-07 14:34:59.599 I/ActivityManager(  311): Start proc org.dom for activity org.dom/.MainActivity: pid=1572 uid=10048 gids={50048, 1015, 1028}
03-07 14:34:59.878 I/Choreographer(  489): Skipped 37 frames!  The application may be doing too much work on its main thread.
03-07 14:35:00.518 E/SurfaceFlinger(   36): ro.sf.lcd_density must be defined as a build property
03-07 14:35:01.229 E/Trace   ( 1572): error opening trace file: No such file or directory (2)
03-07 14:35:02.198 D/AndroidRuntime( 1572): Shutting down VM
03-07 14:35:02.278 W/dalvikvm( 1572): threadid=1: thread exiting with uncaught exception (group=0x40a71930)
03-07 14:35:02.278 E/AndroidRuntime( 1572): FATAL EXCEPTION: main
03-07 14:35:02.278 E/AndroidRuntime( 1572): android.app.SuperNotCalledException: Activity {org.dom/org.dom.MainActivity} did not call through to super.onCreate()
03-07 14:35:02.278 E/AndroidRuntime( 1572): 	at android.app.ActivityThread.performLaunchActivity(ActivityThread.java:2146)
03-07 14:35:02.278 E/AndroidRuntime( 1572): 	at android.app.ActivityThread.handleLaunchActivity(ActivityThread.java:2230)
03-07 14:35:02.278 E/AndroidRuntime( 1572): 	at android.app.ActivityThread.access$600(ActivityThread.java:141)
03-07 14:35:02.278 E/AndroidRuntime( 1572): 	at android.app.ActivityThread$H.handleMessage(ActivityThread.java:1234)
03-07 14:35:02.278 E/AndroidRuntime( 1572): 	at android.os.Handler.dispatchMessage(Handler.java:99)
03-07 14:35:02.278 E/AndroidRuntime( 1572): 	at android.os.Looper.loop(Looper.java:137)
03-07 14:35:02.278 E/AndroidRuntime( 1572): 	at android.app.ActivityThread.main(ActivityThread.java:5041)
03-07 14:35:02.278 E/AndroidRuntime( 1572): 	at java.lang.reflect.Method.invokeNative(Native Method)
03-07 14:35:02.278 E/AndroidRuntime( 1572): 	at java.lang.reflect.Method.invoke(Method.java:511)
03-07 14:35:02.278 E/AndroidRuntime( 1572): 	at com.android.internal.os.ZygoteInit$MethodAndArgsCaller.run(ZygoteInit.java:793)
03-07 14:35:02.278 E/AndroidRuntime( 1572): 	at com.android.internal.os.ZygoteInit.main(ZygoteInit.java:560)
03-07 14:35:02.278 E/AndroidRuntime( 1572): 	at dalvik.system.NativeStart.main(Native Method)
03-07 14:35:02.399 D/dalvikvm( 1572): GC_CONCURRENT freed 53K, 7% free 2762K/2944K, paused 5ms+82ms, total 384ms
03-07 14:35:02.865 W/ActivityManager(  311):   Force finishing activity org.dom/.MainActivity
03-07 14:35:02.869 W/WindowManager(  311): Failure taking screenshot for (263x421) to layer 22010
03-07 14:35:03.489 D/dalvikvm(  311): GC_FOR_ALLOC freed 207K, 55% free 5819K/12860K, paused 400ms, total 433ms
03-07 14:35:03.529 W/ActivityManager(  311): Activity pause timeout for ActivityRecord{40d2d618 u0 org.dom/.MainActivity}
03-07 14:35:03.879 D/dalvikvm(  311): GC_FOR_ALLOC freed 35K, 51% free 6408K/12860K, paused 207ms, total 210ms
03-07 14:35:04.328 I/Choreographer(  489): Skipped 148 frames!  The application may be doing too much work on its main thread.
03-07 14:35:05.109 I/Choreographer(  311): Skipped 54 frames!  The application may be doing too much work on its main thread.
03-07 14:35:05.129 I/Choreographer(  311): Skipped 79 frames!  The application may be doing too much work on its main thread.
03-07 14:35:05.159 E/SurfaceFlinger(   36): ro.sf.lcd_density must be defined as a build property
03-07 14:35:05.179 E/SurfaceFlinger(   36): ro.sf.lcd_density must be defined as a build property
03-07 14:35:06.679 I/Choreographer(  311): Skipped 56 frames!  The application may be doing too much work on its main thread.
03-07 14:35:12.279 I/Process ( 1572): Sending signal. PID: 1572 SIG: 9
03-07 14:35:12.289 I/ActivityManager(  311): Process org.dom (pid 1572) has died.
03-07 14:35:12.609 W/InputMethodManagerService(  311): Window already focused, ignoring focus gain of: com.android.internal.view.IInputMethodClient$Stub$Proxy@40f47858 attribute=android.view.inputmethod.EditorInfo@415e7d60, token = android.os.BinderProxy@41031200
03-07 14:35:41.292 D/ExchangeService(  692): Received deviceId from Email app: null
03-07 14:35:41.292 D/ExchangeService(  692): !!! deviceId unknown; stopping self and retrying
03-07 14:35:41.339 I/ActivityManager(  311): START u0 {act=android.intent.action.MAIN cat=[android.intent.category.LAUNCHER] flg=0x10200000 cmp=org.dom/.MainActivity} from pid 489
03-07 14:35:41.348 W/WindowManager(  311): Failure taking screenshot for (268x429) to layer 21005
03-07 14:35:41.769 E/SurfaceFlinger(   36): ro.sf.lcd_density must be defined as a build property
03-07 14:35:41.958 D/dalvikvm( 1596): Not late-enabling CheckJNI (already on)
03-07 14:35:41.978 I/ActivityManager(  311): Start proc org.dom for activity org.dom/.MainActivity: pid=1596 uid=10048 gids={50048, 1015, 1028}
03-07 14:35:42.389 E/Trace   ( 1596): error opening trace file: No such file or directory (2)
03-07 14:35:43.378 D/dalvikvm( 1596): GC_CONCURRENT freed 55K, 7% free 2731K/2916K, paused 5ms+47ms, total 269ms
03-07 14:35:43.378 D/AndroidRuntime( 1596): Shutting down VM
03-07 14:35:43.378 W/dalvikvm( 1596): threadid=1: thread exiting with uncaught exception (group=0x40a71930)
03-07 14:35:43.398 E/AndroidRuntime( 1596): FATAL EXCEPTION: main
03-07 14:35:43.398 E/AndroidRuntime( 1596): android.app.SuperNotCalledException: Activity {org.dom/org.dom.MainActivity} did not call through to super.onCreate()
03-07 14:35:43.398 E/AndroidRuntime( 1596): 	at android.app.ActivityThread.performLaunchActivity(ActivityThread.java:2146)
03-07 14:35:43.398 E/AndroidRuntime( 1596): 	at android.app.ActivityThread.handleLaunchActivity(ActivityThread.java:2230)
03-07 14:35:43.398 E/AndroidRuntime( 1596): 	at android.app.ActivityThread.access$600(ActivityThread.java:141)
03-07 14:35:43.398 E/AndroidRuntime( 1596): 	at android.app.ActivityThread$H.handleMessage(ActivityThread.java:1234)
03-07 14:35:43.398 E/AndroidRuntime( 1596): 	at android.os.Handler.dispatchMessage(Handler.java:99)
03-07 14:35:43.398 E/AndroidRuntime( 1596): 	at android.os.Looper.loop(Looper.java:137)
03-07 14:35:43.398 E/AndroidRuntime( 1596): 	at android.app.ActivityThread.main(ActivityThread.java:5041)
03-07 14:35:43.398 E/AndroidRuntime( 1596): 	at java.lang.reflect.Method.invokeNative(Native Method)
03-07 14:35:43.398 E/AndroidRuntime( 1596): 	at java.lang.reflect.Method.invoke(Method.java:511)
03-07 14:35:43.398 E/AndroidRuntime( 1596): 	at com.android.internal.os.ZygoteInit$MethodAndArgsCaller.run(ZygoteInit.java:793)
03-07 14:35:43.398 E/AndroidRuntime( 1596): 	at com.android.internal.os.ZygoteInit.main(ZygoteInit.java:560)
03-07 14:35:43.398 E/AndroidRuntime( 1596): 	at dalvik.system.NativeStart.main(Native Method)
03-07 14:35:43.730 W/ActivityManager(  311):   Force finishing activity org.dom/.MainActivity
03-07 14:35:43.749 W/WindowManager(  311): Failure taking screenshot for (263x421) to layer 21010
03-07 14:35:44.278 W/ActivityManager(  311): Activity pause timeout for ActivityRecord{41190bc8 u0 org.dom/.MainActivity}
03-07 14:35:44.409 E/SurfaceFlinger(   36): ro.sf.lcd_density must be defined as a build property
03-07 14:35:44.730 E/SurfaceFlinger(   36): ro.sf.lcd_density must be defined as a build property
03-07 14:35:46.308 D/ExchangeService(  692): !!! EAS ExchangeService, onCreate
03-07 14:35:46.358 D/ExchangeService(  692): !!! EAS ExchangeService, onStartCommand, startingUp = false, running = false
03-07 14:35:46.368 W/ActivityManager(  311): Unable to start service Intent { act=com.android.email.ACCOUNT_INTENT } U=0: not found
03-07 14:35:46.368 D/ExchangeService(  692): !!! Email application not found; stopping self
03-07 14:35:46.390 W/ActivityManager(  311): Unable to start service Intent { act=com.android.email.ACCOUNT_INTENT } U=0: not found
03-07 14:35:46.429 D/ExchangeService(  692): !!! EAS ExchangeService, onStartCommand, startingUp = true, running = false
03-07 14:35:46.589 E/ActivityThread(  692): Service com.android.exchange.ExchangeService has leaked ServiceConnection com.android.emailcommon.service.ServiceProxy$ProxyConnection@40d01068 that was originally bound here
03-07 14:35:46.589 E/ActivityThread(  692): android.app.ServiceConnectionLeaked: Service com.android.exchange.ExchangeService has leaked ServiceConnection com.android.emailcommon.service.ServiceProxy$ProxyConnection@40d01068 that was originally bound here
03-07 14:35:46.589 E/ActivityThread(  692): 	at android.app.LoadedApk$ServiceDispatcher.<init>(LoadedApk.java:969)
03-07 14:35:46.589 E/ActivityThread(  692): 	at android.app.LoadedApk.getServiceDispatcher(LoadedApk.java:863)
03-07 14:35:46.589 E/ActivityThread(  692): 	at android.app.ContextImpl.bindService(ContextImpl.java:1418)
03-07 14:35:46.589 E/ActivityThread(  692): 	at android.app.ContextImpl.bindService(ContextImpl.java:1407)
03-07 14:35:46.589 E/ActivityThread(  692): 	at android.content.ContextWrapper.bindService(ContextWrapper.java:473)
03-07 14:35:46.589 E/ActivityThread(  692): 	at com.android.emailcommon.service.ServiceProxy.setTask(ServiceProxy.java:157)
03-07 14:35:46.589 E/ActivityThread(  692): 	at com.android.emailcommon.service.ServiceProxy.setTask(ServiceProxy.java:145)
03-07 14:35:46.589 E/ActivityThread(  692): 	at com.android.emailcommon.service.AccountServiceProxy.getDeviceId(AccountServiceProxy.java:116)
03-07 14:35:46.589 E/ActivityThread(  692): 	at com.android.exchange.ExchangeService.getDeviceId(ExchangeService.java:1249)
03-07 14:35:46.589 E/ActivityThread(  692): 	at com.android.exchange.ExchangeService$7.run(ExchangeService.java:1856)
03-07 14:35:46.589 E/ActivityThread(  692): 	at com.android.emailcommon.utility.Utility$2.doInBackground(Utility.java:551)
03-07 14:35:46.589 E/ActivityThread(  692): 	at com.android.emailcommon.utility.Utility$2.doInBackground(Utility.java:549)
03-07 14:35:46.589 E/ActivityThread(  692): 	at android.os.AsyncTask$2.call(AsyncTask.java:287)
03-07 14:35:46.589 E/ActivityThread(  692): 	at java.util.concurrent.FutureTask.run(FutureTask.java:234)
03-07 14:35:46.589 E/ActivityThread(  692): 	at java.util.concurrent.ThreadPoolExecutor.runWorker(ThreadPoolExecutor.java:1080)
03-07 14:35:46.589 E/ActivityThread(  692): 	at java.util.concurrent.ThreadPoolExecutor$Worker.run(ThreadPoolExecutor.java:573)
03-07 14:35:46.589 E/ActivityThread(  692): 	at java.lang.Thread.run(Thread.java:856)
03-07 14:35:47.218 D/dalvikvm(  311): GC_CONCURRENT freed 867K, 51% free 6429K/12860K, paused 9ms+124ms, total 717ms
03-07 14:35:47.289 E/StrictMode(  692): null
03-07 14:35:47.289 E/StrictMode(  692): android.app.ServiceConnectionLeaked: Service com.android.exchange.ExchangeService has leaked ServiceConnection com.android.emailcommon.service.ServiceProxy$ProxyConnection@40d01068 that was originally bound here
03-07 14:35:47.289 E/StrictMode(  692): 	at android.app.LoadedApk$ServiceDispatcher.<init>(LoadedApk.java:969)
03-07 14:35:47.289 E/StrictMode(  692): 	at android.app.LoadedApk.getServiceDispatcher(LoadedApk.java:863)
03-07 14:35:47.289 E/StrictMode(  692): 	at android.app.ContextImpl.bindService(ContextImpl.java:1418)
03-07 14:35:47.289 E/StrictMode(  692): 	at android.app.ContextImpl.bindService(ContextImpl.java:1407)
03-07 14:35:47.289 E/StrictMode(  692): 	at android.content.ContextWrapper.bindService(ContextWrapper.java:473)
03-07 14:35:47.289 E/StrictMode(  692): 	at com.android.emailcommon.service.ServiceProxy.setTask(ServiceProxy.java:157)
03-07 14:35:47.289 E/StrictMode(  692): 	at com.android.emailcommon.service.ServiceProxy.setTask(ServiceProxy.java:145)
03-07 14:35:47.289 E/StrictMode(  692): 	at com.android.emailcommon.service.AccountServiceProxy.getDeviceId(AccountServiceProxy.java:116)
03-07 14:35:47.289 E/StrictMode(  692): 	at com.android.exchange.ExchangeService.getDeviceId(ExchangeService.java:1249)
03-07 14:35:47.289 E/StrictMode(  692): 	at com.android.exchange.ExchangeService$7.run(ExchangeService.java:1856)
03-07 14:35:47.289 E/StrictMode(  692): 	at com.android.emailcommon.utility.Utility$2.doInBackground(Utility.java:551)
03-07 14:35:47.289 E/StrictMode(  692): 	at com.android.emailcommon.utility.Utility$2.doInBackground(Utility.java:549)
03-07 14:35:47.289 E/StrictMode(  692): 	at android.os.AsyncTask$2.call(AsyncTask.java:287)
03-07 14:35:47.289 E/StrictMode(  692): 	at java.util.concurrent.FutureTask.run(FutureTask.java:234)
03-07 14:35:47.289 E/StrictMode(  692): 	at java.util.concurrent.ThreadPoolExecutor.runWorker(ThreadPoolExecutor.java:1080)
03-07 14:35:47.289 E/StrictMode(  692): 	at java.util.concurrent.ThreadPoolExecutor$Worker.run(ThreadPoolExecutor.java:573)
03-07 14:35:47.289 E/StrictMode(  692): 	at java.lang.Thread.run(Thread.java:856)
03-07 14:35:47.438 W/ActivityManager(  311): Unbind failed: could not find connection for android.os.BinderProxy@416ef7d8
03-07 14:35:47.448 E/ActivityThread(  692): Service com.android.exchange.ExchangeService has leaked ServiceConnection com.android.emailcommon.service.ServiceProxy$ProxyConnection@40d00cc0 that was originally bound here
03-07 14:35:47.448 E/ActivityThread(  692): android.app.ServiceConnectionLeaked: Service com.android.exchange.ExchangeService has leaked ServiceConnection com.android.emailcommon.service.ServiceProxy$ProxyConnection@40d00cc0 that was originally bound here
03-07 14:35:47.448 E/ActivityThread(  692): 	at android.app.LoadedApk$ServiceDispatcher.<init>(LoadedApk.java:969)
03-07 14:35:47.448 E/ActivityThread(  692): 	at android.app.LoadedApk.getServiceDispatcher(LoadedApk.java:863)
03-07 14:35:47.448 E/ActivityThread(  692): 	at android.app.ContextImpl.bindService(ContextImpl.java:1418)
03-07 14:35:47.448 E/ActivityThread(  692): 	at android.app.ContextImpl.bindService(ContextImpl.java:1407)
03-07 14:35:47.448 E/ActivityThread(  692): 	at android.content.ContextWrapper.bindService(ContextWrapper.java:473)
03-07 14:35:47.448 E/ActivityThread(  692): 	at com.android.emailcommon.service.ServiceProxy.setTask(ServiceProxy.java:157)
03-07 14:35:47.448 E/ActivityThread(  692): 	at com.android.emailcommon.service.ServiceProxy.setTask(ServiceProxy.java:145)
03-07 14:35:47.448 E/ActivityThread(  692): 	at com.android.emailcommon.service.ServiceProxy.test(ServiceProxy.java:191)
03-07 14:35:47.448 E/ActivityThread(  692): 	at com.android.exchange.ExchangeService$7.run(ExchangeService.java:1850)
03-07 14:35:47.448 E/ActivityThread(  692): 	at com.android.emailcommon.utility.Utility$2.doInBackground(Utility.java:551)
03-07 14:35:47.448 E/ActivityThread(  692): 	at com.android.emailcommon.utility.Utility$2.doInBackground(Utility.java:549)
03-07 14:35:47.448 E/ActivityThread(  692): 	at android.os.AsyncTask$2.call(AsyncTask.java:287)
03-07 14:35:47.448 E/ActivityThread(  692): 	at java.util.concurrent.FutureTask.run(FutureTask.java:234)
03-07 14:35:47.448 E/ActivityThread(  692): 	at java.util.concurrent.ThreadPoolExecutor.runWorker(ThreadPoolExecutor.java:1080)
03-07 14:35:47.448 E/ActivityThread(  692): 	at java.util.concurrent.ThreadPoolExecutor$Worker.run(ThreadPoolExecutor.java:573)
03-07 14:35:47.448 E/ActivityThread(  692): 	at java.lang.Thread.run(Thread.java:856)
03-07 14:35:48.129 E/StrictMode(  692): null
03-07 14:35:48.129 E/StrictMode(  692): android.app.ServiceConnectionLeaked: Service com.android.exchange.ExchangeService has leaked ServiceConnection com.android.emailcommon.service.ServiceProxy$ProxyConnection@40d00cc0 that was originally bound here
03-07 14:35:48.129 E/StrictMode(  692): 	at android.app.LoadedApk$ServiceDispatcher.<init>(LoadedApk.java:969)
03-07 14:35:48.129 E/StrictMode(  692): 	at android.app.LoadedApk.getServiceDispatcher(LoadedApk.java:863)
03-07 14:35:48.129 E/StrictMode(  692): 	at android.app.ContextImpl.bindService(ContextImpl.java:1418)
03-07 14:35:48.129 E/StrictMode(  692): 	at android.app.ContextImpl.bindService(ContextImpl.java:1407)
03-07 14:35:48.129 E/StrictMode(  692): 	at android.content.ContextWrapper.bindService(ContextWrapper.java:473)
03-07 14:35:48.129 E/StrictMode(  692): 	at com.android.emailcommon.service.ServiceProxy.setTask(ServiceProxy.java:157)
03-07 14:35:48.129 E/StrictMode(  692): 	at com.android.emailcommon.service.ServiceProxy.setTask(ServiceProxy.java:145)
03-07 14:35:48.129 E/StrictMode(  692): 	at com.android.emailcommon.service.ServiceProxy.test(ServiceProxy.java:191)
03-07 14:35:48.129 E/StrictMode(  692): 	at com.android.exchange.ExchangeService$7.run(ExchangeService.java:1850)
03-07 14:35:48.129 E/StrictMode(  692): 	at com.android.emailcommon.utility.Utility$2.doInBackground(Utility.java:551)
03-07 14:35:48.129 E/StrictMode(  692): 	at com.android.emailcommon.utility.Utility$2.doInBackground(Utility.java:549)
03-07 14:35:48.129 E/StrictMode(  692): 	at android.os.AsyncTask$2.call(AsyncTask.java:287)
03-07 14:35:48.129 E/StrictMode(  692): 	at java.util.concurrent.FutureTask.run(FutureTask.java:234)
03-07 14:35:48.129 E/StrictMode(  692): 	at java.util.concurrent.ThreadPoolExecutor.runWorker(ThreadPoolExecutor.java:1080)
03-07 14:35:48.129 E/StrictMode(  692): 	at java.util.concurrent.ThreadPoolExecutor$Worker.run(ThreadPoolExecutor.java:573)
03-07 14:35:48.129 E/StrictMode(  692): 	at java.lang.Thread.run(Thread.java:856)
03-07 14:35:48.139 W/ActivityManager(  311): Unbind failed: could not find connection for android.os.BinderProxy@41369108
03-07 14:35:48.178 D/dalvikvm(  692): GC_CONCURRENT freed 402K, 21% free 2467K/3104K, paused 5ms+4ms, total 369ms
03-07 14:35:56.759 W/ActivityManager(  311): Activity destroy timeout for ActivityRecord{41190bc8 u0 org.dom/.MainActivity}
03-07 14:35:58.349 I/Process ( 1596): Sending signal. PID: 1596 SIG: 9
03-07 14:35:58.608 I/ActivityManager(  311): Process org.dom (pid 1596) has died.
03-07 14:35:58.628 W/InputMethodManagerService(  311): Window already focused, ignoring focus gain of: com.android.internal.view.IInputMethodClient$Stub$Proxy@411bcd08 attribute=null, token = android.os.BinderProxy@41031200
03-07 14:35:59.999 I/ActivityManager(  311): No longer want com.android.music (pid 513): empty for 1809s
03-07 14:37:26.608 W/ActivityManager(  311): Unbind failed: could not find connection for android.os.BinderProxy@412f6eb8
03-07 14:37:26.608 E/ActivityThread(  692): Service com.android.exchange.ExchangeService has leaked ServiceConnection com.android.emailcommon.service.ServiceProxy$ProxyConnection@40ce5b60 that was originally bound here
03-07 14:37:26.608 E/ActivityThread(  692): android.app.ServiceConnectionLeaked: Service com.android.exchange.ExchangeService has leaked ServiceConnection com.android.emailcommon.service.ServiceProxy$ProxyConnection@40ce5b60 that was originally bound here
03-07 14:37:26.608 E/ActivityThread(  692): 	at android.app.LoadedApk$ServiceDispatcher.<init>(LoadedApk.java:969)
03-07 14:37:26.608 E/ActivityThread(  692): 	at android.app.LoadedApk.getServiceDispatcher(LoadedApk.java:863)
03-07 14:37:26.608 E/ActivityThread(  692): 	at android.app.ContextImpl.bindService(ContextImpl.java:1418)
03-07 14:37:26.608 E/ActivityThread(  692): 	at android.app.ContextImpl.bindService(ContextImpl.java:1407)
03-07 14:37:26.608 E/ActivityThread(  692): 	at android.content.ContextWrapper.bindService(ContextWrapper.java:473)
03-07 14:37:26.608 E/ActivityThread(  692): 	at com.android.emailcommon.service.ServiceProxy.setTask(ServiceProxy.java:157)
03-07 14:37:26.608 E/ActivityThread(  692): 	at com.android.emailcommon.service.ServiceProxy.setTask(ServiceProxy.java:145)
03-07 14:37:26.608 E/ActivityThread(  692): 	at com.android.emailcommon.service.ServiceProxy.test(ServiceProxy.java:191)
03-07 14:37:26.608 E/ActivityThread(  692): 	at com.android.exchange.ExchangeService$7.run(ExchangeService.java:1850)
03-07 14:37:26.608 E/ActivityThread(  692): 	at com.android.emailcommon.utility.Utility$2.doInBackground(Utility.java:551)
03-07 14:37:26.608 E/ActivityThread(  692): 	at com.android.emailcommon.utility.Utility$2.doInBackground(Utility.java:549)
03-07 14:37:26.608 E/ActivityThread(  692): 	at android.os.AsyncTask$2.call(AsyncTask.java:287)
03-07 14:37:26.608 E/ActivityThread(  692): 	at java.util.concurrent.FutureTask.run(FutureTask.java:234)
03-07 14:37:26.608 E/ActivityThread(  692): 	at java.util.concurrent.ThreadPoolExecutor.runWorker(ThreadPoolExecutor.java:1080)
03-07 14:37:26.608 E/ActivityThread(  692): 	at java.util.concurrent.ThreadPoolExecutor$Worker.run(ThreadPoolExecutor.java:573)
03-07 14:37:26.608 E/ActivityThread(  692): 	at java.lang.Thread.run(Thread.java:856)
03-07 14:37:26.618 E/StrictMode(  692): null
03-07 14:37:26.618 E/StrictMode(  692): android.app.ServiceConnectionLeaked: Service com.android.exchange.ExchangeService has leaked ServiceConnection com.android.emailcommon.service.ServiceProxy$ProxyConnection@40ce5b60 that was originally bound here
03-07 14:37:26.618 E/StrictMode(  692): 	at android.app.LoadedApk$ServiceDispatcher.<init>(LoadedApk.java:969)
03-07 14:37:26.618 E/StrictMode(  692): 	at android.app.LoadedApk.getServiceDispatcher(LoadedApk.java:863)
03-07 14:37:26.618 E/StrictMode(  692): 	at android.app.ContextImpl.bindService(ContextImpl.java:1418)
03-07 14:37:26.618 E/StrictMode(  692): 	at android.app.ContextImpl.bindService(ContextImpl.java:1407)
03-07 14:37:26.618 E/StrictMode(  692): 	at android.content.ContextWrapper.bindService(ContextWrapper.java:473)
03-07 14:37:26.618 E/StrictMode(  692): 	at com.android.emailcommon.service.ServiceProxy.setTask(ServiceProxy.java:157)
03-07 14:37:26.618 E/StrictMode(  692): 	at com.android.emailcommon.service.ServiceProxy.setTask(ServiceProxy.java:145)
03-07 14:37:26.618 E/StrictMode(  692): 	at com.android.emailcommon.service.ServiceProxy.test(ServiceProxy.java:191)
03-07 14:37:26.618 E/StrictMode(  692): 	at com.android.exchange.ExchangeService$7.run(ExchangeService.java:1850)
03-07 14:37:26.618 E/StrictMode(  692): 	at com.android.emailcommon.utility.Utility$2.doInBackground(Utility.java:551)
03-07 14:37:26.618 E/StrictMode(  692): 	at com.android.emailcommon.utility.Utility$2.doInBackground(Utility.java:549)
03-07 14:37:26.618 E/StrictMode(  692): 	at android.os.AsyncTask$2.call(AsyncTask.java:287)
03-07 14:37:26.618 E/StrictMode(  692): 	at java.util.concurrent.FutureTask.run(FutureTask.java:234)
03-07 14:37:26.618 E/StrictMode(  692): 	at java.util.concurrent.ThreadPoolExecutor.runWorker(ThreadPoolExecutor.java:1080)
03-07 14:37:26.618 E/StrictMode(  692): 	at java.util.concurrent.ThreadPoolExecutor$Worker.run(ThreadPoolExecutor.java:573)
03-07 14:37:26.618 E/StrictMode(  692): 	at java.lang.Thread.run(Thread.java:856)
03-07 14:37:26.618 W/ActivityManager(  311): Unbind failed: could not find connection for android.os.BinderProxy@415c9b00
03-07 14:37:53.869 D/AndroidRuntime( 1656): 
03-07 14:37:53.869 D/AndroidRuntime( 1656): >>>>>> AndroidRuntime START com.android.internal.os.RuntimeInit <<<<<<
03-07 14:37:53.869 D/AndroidRuntime( 1656): CheckJNI is ON
03-07 14:37:53.939 D/dalvikvm( 1656): Trying to load lib libjavacore.so 0x0
03-07 14:37:53.949 D/dalvikvm( 1656): Added shared lib libjavacore.so 0x0
03-07 14:37:53.989 D/dalvikvm( 1656): Trying to load lib libnativehelper.so 0x0
03-07 14:37:53.989 D/dalvikvm( 1656): Added shared lib libnativehelper.so 0x0
03-07 14:37:55.098 D/AndroidRuntime( 1656): Calling main entry com.android.commands.pm.Pm
03-07 14:37:55.189 W/ActivityManager(  311): No content provider found for permission revoke: file:///data/local/tmp/org.questionnaire.apk
03-07 14:37:55.209 W/ActivityManager(  311): No content provider found for permission revoke: file:///data/local/tmp/org.questionnaire.apk
03-07 14:37:55.209 I/PackageManager(  311): Copying native libraries to /data/app-lib/vmdl1373351498
03-07 14:37:55.438 I/PackageManager(  311): Removing non-system package:org.questionnaire
03-07 14:37:55.438 I/ActivityManager(  311): Force stopping package org.questionnaire appid=10047 user=-1
03-07 14:37:55.548 I/PackageManager(  311): Package org.questionnaire codePath changed from /data/app/org.questionnaire-2.apk to /data/app/org.questionnaire-1.apk; Retaining data and using new
03-07 14:37:55.558 I/PackageManager(  311): Running dexopt on: org.questionnaire
03-07 14:37:57.098 D/dalvikvm( 1668): DexOpt: load 278ms, verify+opt 934ms, 789980 bytes
03-07 14:37:57.128 I/ActivityManager(  311): Force stopping package org.questionnaire appid=10047 user=-1
03-07 14:37:57.138 W/PackageManager(  311): Code path for pkg : org.questionnaire changing from /data/app/org.questionnaire-2.apk to /data/app/org.questionnaire-1.apk
03-07 14:37:57.138 W/PackageManager(  311): Resource path for pkg : org.questionnaire changing from /data/app/org.questionnaire-2.apk to /data/app/org.questionnaire-1.apk
03-07 14:37:57.228 D/PackageManager(  311): New package installed in /data/app/org.questionnaire-1.apk
03-07 14:37:57.518 D/dalvikvm(  311): GC_CONCURRENT freed 856K, 50% free 6479K/12860K, paused 13ms+20ms, total 187ms
03-07 14:37:57.548 I/ActivityManager(  311): Force stopping package org.questionnaire appid=10047 user=0
03-07 14:37:57.708 I/InputReader(  311): Reconfiguring input devices.  changes=0x00000010
03-07 14:37:57.738 W/ContextImpl( 1061): Calling a method in the system process without a qualified user: android.app.ContextImpl.startService:1352 android.content.ContextWrapper.startService:450 android.content.ContextWrapper.startService:450 com.android.keychain.KeyChainBroadcastReceiver.onReceive:12 android.app.ActivityThread.handleReceiver:2376 
03-07 14:37:57.940 D/dalvikvm(  530): GC_EXPLICIT freed 377K, 16% free 2720K/3232K, paused 5ms+17ms, total 378ms
03-07 14:37:58.229 I/InputReader(  311): Reconfiguring input devices.  changes=0x00000010
03-07 14:37:58.459 W/InputMethodManagerService(  311): Found no subtypes in a system IME: com.android.inputmethod.pinyin
03-07 14:37:59.168 I/Choreographer(  489): Skipped 84 frames!  The application may be doing too much work on its main thread.
03-07 14:37:59.248 D/dalvikvm(  489): GC_CONCURRENT freed 8901K, 74% free 5400K/20036K, paused 12ms+53ms, total 262ms
03-07 14:37:59.878 D/dalvikvm(  489): GC_CONCURRENT freed 830K, 73% free 5547K/20036K, paused 24ms+20ms, total 171ms
03-07 14:38:00.639 I/Choreographer(  489): Skipped 114 frames!  The application may be doing too much work on its main thread.
03-07 14:38:01.208 D/dalvikvm(  489): GC_CONCURRENT freed 372K, 70% free 6180K/20036K, paused 24ms+12ms, total 131ms
03-07 14:38:01.208 D/dalvikvm(  489): WAIT_FOR_CONCURRENT_GC blocked 56ms
03-07 14:38:01.218 D/dalvikvm(  489): WAIT_FOR_CONCURRENT_GC blocked 123ms
03-07 14:38:01.228 D/dalvikvm(  489): WAIT_FOR_CONCURRENT_GC blocked 85ms
03-07 14:38:01.228 D/dalvikvm(  489): WAIT_FOR_CONCURRENT_GC blocked 98ms
03-07 14:38:01.238 I/dalvikvm-heap(  489): Grow heap (frag case) to 9.618MB for 2874640-byte allocation
03-07 14:38:01.339 D/dalvikvm(  489): GC_FOR_ALLOC freed 496K, 54% free 9224K/20036K, paused 98ms, total 99ms
03-07 14:38:01.648 I/Choreographer(  489): Skipped 51 frames!  The application may be doing too much work on its main thread.
03-07 14:38:02.169 D/dalvikvm(  489): GC_CONCURRENT freed 810K, 49% free 10411K/20036K, paused 8ms+8ms, total 315ms
03-07 14:38:02.169 D/dalvikvm(  489): WAIT_FOR_CONCURRENT_GC blocked 133ms
03-07 14:38:02.169 D/dalvikvm(  489): WAIT_FOR_CONCURRENT_GC blocked 249ms
03-07 14:38:02.589 D/dalvikvm(  489): GC_CONCURRENT freed 414K, 40% free 12037K/20036K, paused 7ms+13ms, total 193ms
03-07 14:38:02.589 D/dalvikvm(  489): WAIT_FOR_CONCURRENT_GC blocked 105ms
03-07 14:38:02.599 D/dalvikvm(  489): WAIT_FOR_CONCURRENT_GC blocked 55ms
03-07 14:38:03.099 D/dalvikvm(  489): GC_FOR_ALLOC freed 1518K, 39% free 12406K/20036K, paused 115ms, total 134ms
03-07 14:38:03.479 D/dalvikvm(  489): GC_CONCURRENT freed 1491K, 36% free 12947K/20036K, paused 45ms+12ms, total 162ms
03-07 14:38:03.479 D/dalvikvm(  489): WAIT_FOR_CONCURRENT_GC blocked 53ms
03-07 14:38:03.489 D/dalvikvm(  489): WAIT_FOR_CONCURRENT_GC blocked 70ms
03-07 14:38:03.499 D/dalvikvm(  489): WAIT_FOR_CONCURRENT_GC blocked 73ms
03-07 14:38:04.358 D/dalvikvm(  489): GC_CONCURRENT freed 3110K, 42% free 11781K/20036K, paused 13ms+8ms, total 94ms
03-07 14:38:04.358 D/dalvikvm(  489): WAIT_FOR_CONCURRENT_GC blocked 82ms
03-07 14:38:04.658 D/dalvikvm(  489): GC_CONCURRENT freed 784K, 36% free 12969K/20036K, paused 6ms+11ms, total 121ms
03-07 14:38:04.658 D/dalvikvm(  489): WAIT_FOR_CONCURRENT_GC blocked 33ms
03-07 14:38:04.668 D/dalvikvm(  489): WAIT_FOR_CONCURRENT_GC blocked 64ms
03-07 14:38:05.709 D/dalvikvm(  311): GC_EXPLICIT freed 558K, 51% free 6372K/12860K, paused 306ms+100ms, total 6304ms
03-07 14:38:05.769 D/AndroidRuntime( 1656): Shutting down VM
03-07 14:38:05.789 D/dalvikvm( 1656): GC_CONCURRENT freed 94K, 18% free 467K/564K, paused 1ms+2ms, total 17ms
03-07 14:38:05.799 D/jdwp    ( 1656): Got wake-up signal, bailing out of select
03-07 14:38:05.799 D/dalvikvm( 1656): Debugger has detached; object registry had 1 entries
03-07 14:38:06.138 D/dalvikvm(  489): GC_FOR_ALLOC freed 2436K, 38% free 12532K/20036K, paused 281ms, total 299ms
03-07 14:38:06.949 D/dalvikvm(  489): GC_CONCURRENT freed 34K, 36% free 12907K/20036K, paused 61ms+181ms, total 816ms
03-07 14:38:06.969 D/AndroidRuntime( 1677): 
03-07 14:38:06.969 D/AndroidRuntime( 1677): >>>>>> AndroidRuntime START com.android.internal.os.RuntimeInit <<<<<<
03-07 14:38:06.969 D/AndroidRuntime( 1677): CheckJNI is ON
03-07 14:38:07.039 D/dalvikvm( 1677): Trying to load lib libjavacore.so 0x0
03-07 14:38:07.049 D/dalvikvm( 1677): Added shared lib libjavacore.so 0x0
03-07 14:38:07.108 D/dalvikvm( 1677): Trying to load lib libnativehelper.so 0x0
03-07 14:38:07.108 D/dalvikvm( 1677): Added shared lib libnativehelper.so 0x0
03-07 14:38:08.038 W/RecognitionManagerService(  311): no available voice recognition services found for user 0
03-07 14:38:08.738 D/AndroidRuntime( 1677): Calling main entry com.android.commands.am.Am
03-07 14:38:08.748 D/dalvikvm( 1677): Note: class Landroid/app/ActivityManagerNative; has 157 unimplemented (abstract) methods
03-07 14:38:08.778 I/ActivityManager(  311): Force stopping package org.questionnaire appid=10047 user=-1
03-07 14:38:08.788 I/ActivityManager(  311): START u0 {act=android.intent.action.MAIN cat=[android.intent.category.LAUNCHER] flg=0x10000000 cmp=org.questionnaire/.MainActivity} from pid 1677
03-07 14:38:08.818 W/WindowManager(  311): Failure taking screenshot for (268x429) to layer 21005
03-07 14:38:08.868 D/AndroidRuntime( 1677): Shutting down VM
03-07 14:38:08.888 D/dalvikvm( 1677): GC_CONCURRENT freed 92K, 16% free 494K/588K, paused 1ms+1ms, total 10ms
03-07 14:38:08.888 D/jdwp    ( 1677): Got wake-up signal, bailing out of select
03-07 14:38:08.888 D/dalvikvm( 1677): Debugger has detached; object registry had 1 entries
03-07 14:38:08.898 D/dalvikvm( 1688): Not late-enabling CheckJNI (already on)
03-07 14:38:08.918 I/ActivityManager(  311): Start proc org.questionnaire for activity org.questionnaire/.MainActivity: pid=1688 uid=10047 gids={50047, 1028}
03-07 14:38:10.278 E/SurfaceFlinger(   36): ro.sf.lcd_density must be defined as a build property
03-07 14:38:10.499 E/Trace   ( 1688): error opening trace file: No such file or directory (2)
03-07 14:38:10.668 W/ActivityThread( 1688): Application org.questionnaire is waiting for the debugger on port 8100...
03-07 14:38:10.730 I/System.out( 1688): Sending WAIT chunk
03-07 14:38:10.839 I/Choreographer(  311): Skipped 67 frames!  The application may be doing too much work on its main thread.
03-07 14:38:10.858 I/dalvikvm( 1688): Debugger is active
03-07 14:38:10.938 I/System.out( 1688): Debugger has connected
03-07 14:38:10.938 I/System.out( 1688): waiting for debugger to settle...
03-07 14:38:11.139 I/System.out( 1688): waiting for debugger to settle...
03-07 14:38:11.349 I/System.out( 1688): waiting for debugger to settle...
03-07 14:38:11.548 I/System.out( 1688): waiting for debugger to settle...
03-07 14:38:11.578 D/ExchangeService(  692): Received deviceId from Email app: null
03-07 14:38:11.619 D/ExchangeService(  692): !!! deviceId unknown; stopping self and retrying
03-07 14:38:11.749 I/System.out( 1688): waiting for debugger to settle...
03-07 14:38:11.949 I/System.out( 1688): waiting for debugger to settle...
03-07 14:38:12.154 I/System.out( 1688): waiting for debugger to settle...
03-07 14:38:12.359 I/System.out( 1688): waiting for debugger to settle...
03-07 14:38:12.539 I/Choreographer(  311): Skipped 73 frames!  The application may be doing too much work on its main thread.
03-07 14:38:12.539 E/SurfaceFlinger(   36): ro.sf.lcd_density must be defined as a build property
03-07 14:38:12.559 I/System.out( 1688): waiting for debugger to settle...
03-07 14:38:12.759 I/System.out( 1688): waiting for debugger to settle...
03-07 14:38:12.958 I/System.out( 1688): debugger has settled (1443)
03-07 14:38:15.228 D/dalvikvm( 1688): GC_CONCURRENT freed 198K, 12% free 2578K/2908K, paused 6ms+22ms, total 114ms
03-07 14:38:16.049 E/SurfaceFlinger(   36): ro.sf.lcd_density must be defined as a build property
03-07 14:38:16.660 D/gralloc_goldfish( 1688): Emulator without GPU emulation detected.
03-07 14:38:16.870 I/ActivityManager(  311): Displayed org.questionnaire/.MainActivity: +8s14ms (total +3m17s307ms)
03-07 14:38:17.160 D/ExchangeService(  692): !!! EAS ExchangeService, onStartCommand, startingUp = false, running = false
03-07 14:38:17.289 W/ActivityManager(  311): Unable to start service Intent { act=com.android.email.ACCOUNT_INTENT } U=0: not found
03-07 14:38:17.289 D/ExchangeService(  692): !!! Email application not found; stopping self
03-07 14:38:17.538 W/ActivityManager(  311): Unable to start service Intent { act=com.android.email.ACCOUNT_INTENT } U=0: not found
03-07 14:38:18.428 I/Choreographer(  489): Skipped 41 frames!  The application may be doing too much work on its main thread.
03-07 14:38:18.439 E/ActivityThread(  692): Service com.android.exchange.ExchangeService has leaked ServiceConnection com.android.emailcommon.service.ServiceProxy$ProxyConnection@40d23840 that was originally bound here
03-07 14:38:18.439 E/ActivityThread(  692): android.app.ServiceConnectionLeaked: Service com.android.exchange.ExchangeService has leaked ServiceConnection com.android.emailcommon.service.ServiceProxy$ProxyConnection@40d23840 that was originally bound here
03-07 14:38:18.439 E/ActivityThread(  692): 	at android.app.LoadedApk$ServiceDispatcher.<init>(LoadedApk.java:969)
03-07 14:38:18.439 E/ActivityThread(  692): 	at android.app.LoadedApk.getServiceDispatcher(LoadedApk.java:863)
03-07 14:38:18.439 E/ActivityThread(  692): 	at android.app.ContextImpl.bindService(ContextImpl.java:1418)
03-07 14:38:18.439 E/ActivityThread(  692): 	at android.app.ContextImpl.bindService(ContextImpl.java:1407)
03-07 14:38:18.439 E/ActivityThread(  692): 	at android.content.ContextWrapper.bindService(ContextWrapper.java:473)
03-07 14:38:18.439 E/ActivityThread(  692): 	at com.android.emailcommon.service.ServiceProxy.setTask(ServiceProxy.java:157)
03-07 14:38:18.439 E/ActivityThread(  692): 	at com.android.emailcommon.service.ServiceProxy.setTask(ServiceProxy.java:145)
03-07 14:38:18.439 E/ActivityThread(  692): 	at com.android.emailcommon.service.AccountServiceProxy.getDeviceId(AccountServiceProxy.java:116)
03-07 14:38:18.439 E/ActivityThread(  692): 	at com.android.exchange.ExchangeService.getDeviceId(ExchangeService.java:1249)
03-07 14:38:18.439 E/ActivityThread(  692): 	at com.android.exchange.ExchangeService$7.run(ExchangeService.java:1856)
03-07 14:38:18.439 E/ActivityThread(  692): 	at com.android.emailcommon.utility.Utility$2.doInBackground(Utility.java:551)
03-07 14:38:18.439 E/ActivityThread(  692): 	at com.android.emailcommon.utility.Utility$2.doInBackground(Utility.java:549)
03-07 14:38:18.439 E/ActivityThread(  692): 	at android.os.AsyncTask$2.call(AsyncTask.java:287)
03-07 14:38:18.439 E/ActivityThread(  692): 	at java.util.concurrent.FutureTask.run(FutureTask.java:234)
03-07 14:38:18.439 E/ActivityThread(  692): 	at java.util.concurrent.ThreadPoolExecutor.runWorker(ThreadPoolExecutor.java:1080)
03-07 14:38:18.439 E/ActivityThread(  692): 	at java.util.concurrent.ThreadPoolExecutor$Worker.run(ThreadPoolExecutor.java:573)
03-07 14:38:18.439 E/ActivityThread(  692): 	at java.lang.Thread.run(Thread.java:856)
03-07 14:38:18.659 E/StrictMode(  692): null
03-07 14:38:18.659 E/StrictMode(  692): android.app.ServiceConnectionLeaked: Service com.android.exchange.ExchangeService has leaked ServiceConnection com.android.emailcommon.service.ServiceProxy$ProxyConnection@40d23840 that was originally bound here
03-07 14:38:18.659 E/StrictMode(  692): 	at android.app.LoadedApk$ServiceDispatcher.<init>(LoadedApk.java:969)
03-07 14:38:18.659 E/StrictMode(  692): 	at android.app.LoadedApk.getServiceDispatcher(LoadedApk.java:863)
03-07 14:38:18.659 E/StrictMode(  692): 	at android.app.ContextImpl.bindService(ContextImpl.java:1418)
03-07 14:38:18.659 E/StrictMode(  692): 	at android.app.ContextImpl.bindService(ContextImpl.java:1407)
03-07 14:38:18.659 E/StrictMode(  692): 	at android.content.ContextWrapper.bindService(ContextWrapper.java:473)
03-07 14:38:18.659 E/StrictMode(  692): 	at com.android.emailcommon.service.ServiceProxy.setTask(ServiceProxy.java:157)
03-07 14:38:18.659 E/StrictMode(  692): 	at com.android.emailcommon.service.ServiceProxy.setTask(ServiceProxy.java:145)
03-07 14:38:18.659 E/StrictMode(  692): 	at com.android.emailcommon.service.AccountServiceProxy.getDeviceId(AccountServiceProxy.java:116)
03-07 14:38:18.659 E/StrictMode(  692): 	at com.android.exchange.ExchangeService.getDeviceId(ExchangeService.java:1249)
03-07 14:38:18.659 E/StrictMode(  692): 	at com.android.exchange.ExchangeService$7.run(ExchangeService.java:1856)
03-07 14:38:18.659 E/StrictMode(  692): 	at com.android.emailcommon.utility.Utility$2.doInBackground(Utility.java:551)
03-07 14:38:18.659 E/StrictMode(  692): 	at com.android.emailcommon.utility.Utility$2.doInBackground(Utility.java:549)
03-07 14:38:18.659 E/StrictMode(  692): 	at android.os.AsyncTask$2.call(AsyncTask.java:287)
03-07 14:38:18.659 E/StrictMode(  692): 	at java.util.concurrent.FutureTask.run(FutureTask.java:234)
03-07 14:38:18.659 E/StrictMode(  692): 	at java.util.concurrent.ThreadPoolExecutor.runWorker(ThreadPoolExecutor.java:1080)
03-07 14:38:18.659 E/StrictMode(  692): 	at java.util.concurrent.ThreadPoolExecutor$Worker.run(ThreadPoolExecutor.java:573)
03-07 14:38:18.659 E/StrictMode(  692): 	at java.lang.Thread.run(Thread.java:856)
03-07 14:38:18.669 W/ActivityManager(  311): Unbind failed: could not find connection for android.os.BinderProxy@4120e5e0
03-07 14:38:18.669 E/ActivityThread(  692): Service com.android.exchange.ExchangeService has leaked ServiceConnection com.android.emailcommon.service.ServiceProxy$ProxyConnection@40cf49f0 that was originally bound here
03-07 14:38:18.669 E/ActivityThread(  692): android.app.ServiceConnectionLeaked: Service com.android.exchange.ExchangeService has leaked ServiceConnection com.android.emailcommon.service.ServiceProxy$ProxyConnection@40cf49f0 that was originally bound here
03-07 14:38:18.669 E/ActivityThread(  692): 	at android.app.LoadedApk$ServiceDispatcher.<init>(LoadedApk.java:969)
03-07 14:38:18.669 E/ActivityThread(  692): 	at android.app.LoadedApk.getServiceDispatcher(LoadedApk.java:863)
03-07 14:38:18.669 E/ActivityThread(  692): 	at android.app.ContextImpl.bindService(ContextImpl.java:1418)
03-07 14:38:18.669 E/ActivityThread(  692): 	at android.app.ContextImpl.bindService(ContextImpl.java:1407)
03-07 14:38:18.669 E/ActivityThread(  692): 	at android.content.ContextWrapper.bindService(ContextWrapper.java:473)
03-07 14:38:18.669 E/ActivityThread(  692): 	at com.android.emailcommon.service.ServiceProxy.setTask(ServiceProxy.java:157)
03-07 14:38:18.669 E/ActivityThread(  692): 	at com.android.emailcommon.service.ServiceProxy.setTask(ServiceProxy.java:145)
03-07 14:38:18.669 E/ActivityThread(  692): 	at com.android.emailcommon.service.ServiceProxy.test(ServiceProxy.java:191)
03-07 14:38:18.669 E/ActivityThread(  692): 	at com.android.exchange.ExchangeService$7.run(ExchangeService.java:1850)
03-07 14:38:18.669 E/ActivityThread(  692): 	at com.android.emailcommon.utility.Utility$2.doInBackground(Utility.java:551)
03-07 14:38:18.669 E/ActivityThread(  692): 	at com.android.emailcommon.utility.Utility$2.doInBackground(Utility.java:549)
03-07 14:38:18.669 E/ActivityThread(  692): 	at android.os.AsyncTask$2.call(AsyncTask.java:287)
03-07 14:38:18.669 E/ActivityThread(  692): 	at java.util.concurrent.FutureTask.run(FutureTask.java:234)
03-07 14:38:18.669 E/ActivityThread(  692): 	at java.util.concurrent.ThreadPoolExecutor.runWorker(ThreadPoolExecutor.java:1080)
03-07 14:38:18.669 E/ActivityThread(  692): 	at java.util.concurrent.ThreadPoolExecutor$Worker.run(ThreadPoolExecutor.java:573)
03-07 14:38:18.669 E/ActivityThread(  692): 	at java.lang.Thread.run(Thread.java:856)
03-07 14:38:18.709 E/StrictMode(  692): null
03-07 14:38:18.709 E/StrictMode(  692): android.app.ServiceConnectionLeaked: Service com.android.exchange.ExchangeService has leaked ServiceConnection com.android.emailcommon.service.ServiceProxy$ProxyConnection@40cf49f0 that was originally bound here
03-07 14:38:18.709 E/StrictMode(  692): 	at android.app.LoadedApk$ServiceDispatcher.<init>(LoadedApk.java:969)
03-07 14:38:18.709 E/StrictMode(  692): 	at android.app.LoadedApk.getServiceDispatcher(LoadedApk.java:863)
03-07 14:38:18.709 E/StrictMode(  692): 	at android.app.ContextImpl.bindService(ContextImpl.java:1418)
03-07 14:38:18.709 E/StrictMode(  692): 	at android.app.ContextImpl.bindService(ContextImpl.java:1407)
03-07 14:38:18.709 E/StrictMode(  692): 	at android.content.ContextWrapper.bindService(ContextWrapper.java:473)
03-07 14:38:18.709 E/StrictMode(  692): 	at com.android.emailcommon.service.ServiceProxy.setTask(ServiceProxy.java:157)
03-07 14:38:18.709 E/StrictMode(  692): 	at com.android.emailcommon.service.ServiceProxy.setTask(ServiceProxy.java:145)
03-07 14:38:18.709 E/StrictMode(  692): 	at com.android.emailcommon.service.ServiceProxy.test(ServiceProxy.java:191)
03-07 14:38:18.709 E/StrictMode(  692): 	at com.android.exchange.ExchangeService$7.run(ExchangeService.java:1850)
03-07 14:38:18.709 E/StrictMode(  692): 	at com.android.emailcommon.utility.Utility$2.doInBackground(Utility.java:551)
03-07 14:38:18.709 E/StrictMode(  692): 	at com.android.emailcommon.utility.Utility$2.doInBackground(Utility.java:549)
03-07 14:38:18.709 E/StrictMode(  692): 	at android.os.AsyncTask$2.call(AsyncTask.java:287)
03-07 14:38:18.709 E/StrictMode(  692): 	at java.util.concurrent.FutureTask.run(FutureTask.java:234)
03-07 14:38:18.709 E/StrictMode(  692): 	at java.util.concurrent.ThreadPoolExecutor.runWorker(ThreadPoolExecutor.java:1080)
03-07 14:38:18.709 E/StrictMode(  692): 	at java.util.concurrent.ThreadPoolExecutor$Worker.run(ThreadPoolExecutor.java:573)
03-07 14:38:18.709 E/StrictMode(  692): 	at java.lang.Thread.run(Thread.java:856)
03-07 14:38:18.739 D/dalvikvm(  692): GC_CONCURRENT freed 468K, 21% free 2465K/3104K, paused 8ms+7ms, total 97ms
03-07 14:38:18.739 W/ActivityManager(  311): Unbind failed: could not find connection for android.os.BinderProxy@415b2d78
03-07 14:38:40.438 I/ActivityManager(  311): START u0 {cmp=org.questionnaire/.SelectActivity} from pid 1688
03-07 14:38:40.448 W/WindowManager(  311): Failure taking screenshot for (268x429) to layer 21010
03-07 14:38:41.079 D/dalvikvm( 1688): GC_FOR_ALLOC freed 123K, 11% free 2705K/3008K, paused 62ms, total 72ms
03-07 14:38:41.099 I/dalvikvm-heap( 1688): Grow heap (frag case) to 3.372MB for 635812-byte allocation
03-07 14:38:41.179 D/dalvikvm( 1688): GC_FOR_ALLOC freed <1K, 9% free 3326K/3632K, paused 77ms, total 77ms
03-07 14:38:41.298 D/dalvikvm( 1688): GC_CONCURRENT freed 4K, 9% free 3322K/3632K, paused 8ms+10ms, total 118ms
03-07 14:38:41.298 D/dalvikvm( 1688): WAIT_FOR_CONCURRENT_GC blocked 74ms
03-07 14:38:41.308 I/dalvikvm-heap( 1688): Grow heap (frag case) to 3.844MB for 500416-byte allocation
03-07 14:38:41.419 D/dalvikvm( 1688): GC_FOR_ALLOC freed <1K, 8% free 3810K/4124K, paused 111ms, total 111ms
03-07 14:38:42.748 E/SurfaceFlinger(   36): ro.sf.lcd_density must be defined as a build property
03-07 14:38:43.069 I/Choreographer( 1688): Skipped 52 frames!  The application may be doing too much work on its main thread.
