06-05 17:26:03.320 D/dalvikvm( 1578): GC_CONCURRENT freed 351K, 10% free 6337K/6983K, paused 11ms+13ms, total 40ms
06-05 17:26:04.160 D/dalvikvm( 2005): GC_CONCURRENT freed 286K, 8% free 7184K/7751K, paused 12ms+883ms, total 920ms
06-05 17:26:04.230 W/TrampolineActivity( 2005): Calling isDebugEnabled without an L.DBG guard
06-05 17:26:04.260 I/Velvet.VelvetFactory( 2005): refreshing search history.
06-05 17:26:04.270 I/ContactAccountLoggerTas( 2005): canRun() : Opted Out
06-05 17:26:04.310 E/ActivityThread( 2005): Failed to find provider info for com.google.android.partnersetup.rlzappprovider
06-05 17:26:04.330 I/Search.RefreshSearchDomainAndCookiesTask( 2005): refreshing search domain
06-05 17:26:04.360 W/Search.SearchUrlHelper( 2005): Auth token not ready, no auth header set.
06-05 17:26:04.390 D/dalvikvm( 2005): GC_CONCURRENT freed 320K, 8% free 7318K/7943K, paused 13ms+12ms, total 50ms
06-05 17:26:04.410 W/LocationOracleImpl( 2005): Best location was null
06-05 17:26:04.480 W/LocationOracleImpl( 2005): Best location was null
06-05 17:26:04.490 W/Service ( 2005): mClassName= com.google.android.googlequicksearchboxtoInt= -79313952
06-05 17:26:04.500 W/Service ( 2005): mClassName= com.google.android.googlequicksearchboxtoInt= -79313952
06-05 17:26:04.500 I/InternalIcingCorporaPro( 2005): Updating corpora: APPS=MAYBE, CONTACTS=MAYBE
06-05 17:26:04.530 W/Service ( 2005): mClassName= com.google.android.googlequicksearchboxtoInt= -79313952
06-05 17:26:04.530 I/ActivityManager( 1337): Start proc com.google.android.gm for broadcast com.google.android.gm/.GoogleMailDeviceStartupReceiver: pid=2047 uid=10019 gids={3003, 1015, 1028}
06-05 17:26:04.540 E/Trace   ( 2047): error opening trace file: No such file or directory (2)
06-05 17:26:04.600 D/dalvikvm( 2005): GC_CONCURRENT freed 288K, 7% free 7523K/8071K, paused 13ms+15ms, total 64ms
06-05 17:26:04.610 D/AlarmManager( 1337): overriden alarm callingpackages[0] com.google.android.syncadapters.contacts
06-05 17:26:04.610 D/AlarmManager( 1337): overriden alarm callingpackages[0] com.google.android.syncadapters.contacts
06-05 17:26:04.640 D/dalvikvm( 1337): WAIT_FOR_CONCURRENT_GC blocked 0ms
06-05 17:26:04.660 W/Search.RefreshSearchDomainAndCookiesTask( 2005): Search parameters fetch failed: cnt: Error code: 262146
06-05 17:26:04.660 W/Search.RefreshSearchDomainAndCookiesTask( 2005): Search parameters fetch failed
06-05 17:26:04.690 W/GCoreFlp( 1754): No location to return for getLastLocation()
06-05 17:26:04.700 D/dalvikvm( 1522): GC_CONCURRENT freed 232K, 8% free 7074K/7623K, paused 20ms+5ms, total 72ms
06-05 17:26:04.700 D/dalvikvm( 1522): WAIT_FOR_CONCURRENT_GC blocked 7ms
06-05 17:26:04.720 W/GAV2    ( 2005): Thread[Thread-89,5,main]: Need to call initialize() and be in fallback mode to start dispatch.
06-05 17:26:04.720 W/GAV2    ( 2005): Thread[Thread-89,5,main]: dispatch call queued.  Need to call GAServiceManager.getInstance().initialize().
06-05 17:26:04.750 W/GCoreFlp( 1754): No location to return for getLastLocation()
06-05 17:26:04.770 D/dalvikvm( 1337): GC_EXPLICIT freed 418K, 11% free 10658K/11847K, paused 4ms+6ms, total 130ms
06-05 17:26:04.810 D/AlarmManager( 1337): overriden alarm callingpackages[0] com.google.android.syncadapters.contacts
06-05 17:26:04.810 D/AlarmManager( 1337): overriden alarm callingpackages[0] com.google.android.syncadapters.contacts
06-05 17:26:04.840 D/dalvikvm( 1754): GC_CONCURRENT freed 298K, 14% free 7118K/8199K, paused 12ms+3ms, total 43ms
06-05 17:26:05.750 W/dalvikvm( 2047): threadid=2: spin on suspend #1 threadid=1 (pcf=0)
06-05 17:26:05.810 W/dalvikvm( 1658): threadid=2: spin on suspend #1 threadid=1 (pcf=0)
06-05 17:26:06.500 W/dalvikvm( 2047): threadid=2: spin on suspend #2 threadid=1 (pcf=0)
06-05 17:26:06.500 I/dalvikvm( 2047): "GC" daemon prio=5 tid=2 RUNNABLE
06-05 17:26:06.500 I/dalvikvm( 2047):   | group="system" sCount=0 dsCount=0 obj=0x414f7c40 self=0x40ec7a50
06-05 17:26:06.500 I/dalvikvm( 2047):   | sysTid=2049 nice=0 sched=0/0 cgrp=[fopen-error:2] handle=1686197384
06-05 17:26:06.500 I/dalvikvm( 2047):   | schedstat=( 0 0 0 ) utm=2 stm=0 core=1
06-05 17:26:06.500 I/dalvikvm( 2047):   at dalvik.system.NativeStart.run(Native Method)
06-05 17:26:06.500 I/dalvikvm( 2047): 
06-05 17:26:06.500 I/dalvikvm( 2047): "main" prio=5 tid=1 RUNNABLE
06-05 17:26:06.500 I/dalvikvm( 2047):   | group="main" sCount=1 dsCount=0 obj=0x40ee1568 self=0x40ed1a20
06-05 17:26:06.500 I/dalvikvm( 2047):   | sysTid=2047 nice=0 sched=0/0 cgrp=[fopen-error:2] handle=1074206256
06-05 17:26:06.500 I/dalvikvm( 2047):   | schedstat=( 0 0 0 ) utm=6 stm=5 core=0
06-05 17:26:06.500 I/dalvikvm( 2047):   at dalvik.system.DexFile.openDexFile(Native Method)
06-05 17:26:06.500 I/dalvikvm( 2047):   at dalvik.system.DexFile.<init>(DexFile.java:78)
06-05 17:26:06.500 I/dalvikvm( 2047):   at dalvik.system.DexFile.<init>(DexFile.java:57)
06-05 17:26:06.500 I/dalvikvm( 2047):   at dalvik.system.DexPathList.loadDexFile(DexPathList.java:258)
06-05 17:26:06.500 I/dalvikvm( 2047):   at dalvik.system.DexPathList.makeDexElements(DexPathList.java:229)
06-05 17:26:06.500 I/dalvikvm( 2047):   at dalvik.system.DexPathList.<init>(DexPathList.java:96)
06-05 17:26:06.500 I/dalvikvm( 2047):   at dalvik.system.BaseDexClassLoader.<init>(BaseDexClassLoader.java:52)
06-05 17:26:06.500 I/dalvikvm( 2047):   at dalvik.system.PathClassLoader.<init>(PathClassLoader.java:65)
06-05 17:26:06.500 I/dalvikvm( 2047):   at android.app.ApplicationLoaders.getClassLoader(ApplicationLoaders.java:57)
06-05 17:26:06.500 I/dalvikvm( 2047):   at android.app.LoadedApk.getClassLoader(LoadedApk.java:317)
06-05 17:26:06.500 I/dalvikvm( 2047):   at android.app.LoadedApk.makeApplication(LoadedApk.java:493)
06-05 17:26:06.500 I/dalvikvm( 2047):   at android.app.ActivityThread.handleBindApplication(ActivityThread.java:4124)
06-05 17:26:06.500 I/dalvikvm( 2047):   at android.app.ActivityThread.access$1300(ActivityThread.java:130)
06-05 17:26:06.500 I/dalvikvm( 2047):   at android.app.ActivityThread$H.handleMessage(ActivityThread.java:1255)
06-05 17:26:06.500 I/dalvikvm( 2047):   at android.os.Handler.dispatchMessage(Handler.java:99)
06-05 17:26:06.500 I/dalvikvm( 2047):   at android.os.Looper.loop(Looper.java:137)
06-05 17:26:06.500 I/dalvikvm( 2047):   at android.app.ActivityThread.main(ActivityThread.java:4746)
06-05 17:26:06.500 I/dalvikvm( 2047):   at java.lang.reflect.Method.invokeNative(Native Method)
06-05 17:26:06.500 I/dalvikvm( 2047):   at java.lang.reflect.Method.invoke(Method.java:511)
06-05 17:26:06.500 I/dalvikvm( 2047):   at com.android.internal.os.ZygoteInit$MethodAndArgsCaller.run(ZygoteInit.java:917)
06-05 17:26:06.500 I/dalvikvm( 2047):   at com.android.internal.os.ZygoteInit.main(ZygoteInit.java:684)
06-05 17:26:06.500 I/dalvikvm( 2047):   at dalvik.system.NativeStart.main(Native Method)
06-05 17:26:06.500 I/dalvikvm( 2047): 
06-05 17:26:06.560 W/dalvikvm( 1658): threadid=2: spin on suspend #2 threadid=1 (pcf=0)
06-05 17:26:06.560 I/dalvikvm( 1658): "GC" daemon prio=5 tid=2 RUNNABLE
06-05 17:26:06.560 I/dalvikvm( 1658):   | group="system" sCount=0 dsCount=0 obj=0x414f6f00 self=0x40ec7a50
06-05 17:26:06.560 I/dalvikvm( 1658):   | sysTid=1660 nice=0 sched=0/0 cgrp=[fopen-error:2] handle=1686197384
06-05 17:26:06.560 I/dalvikvm( 1658):   | schedstat=( 0 0 0 ) utm=7 stm=1 core=1
06-05 17:26:06.560 I/dalvikvm( 1658):   at dalvik.system.NativeStart.run(Native Method)
06-05 17:26:06.560 I/dalvikvm( 1658): 
06-05 17:26:06.560 I/dalvikvm( 1658): "main" prio=5 tid=1 RUNNABLE
06-05 17:26:06.560 I/dalvikvm( 1658):   | group="main" sCount=1 dsCount=0 obj=0x40ee1568 self=0x40ed1a20
06-05 17:26:06.560 I/dalvikvm( 1658):   | sysTid=1658 nice=0 sched=0/0 cgrp=[fopen-error:2] handle=1074206256
06-05 17:26:06.560 I/dalvikvm( 1658):   | schedstat=( 0 0 0 ) utm=34 stm=9 core=2
06-05 17:26:06.560 I/dalvikvm( 1658):   at dalvik.system.DexFile.defineClass(Native Method)
06-05 17:26:06.560 I/dalvikvm( 1658):   at dalvik.system.DexFile.loadClassBinaryName(DexFile.java:211)
06-05 17:26:06.560 I/dalvikvm( 1658):   at dalvik.system.DexPathList.findClass(DexPathList.java:315)
06-05 17:26:06.560 I/dalvikvm( 1658):   at dalvik.system.BaseDexClassLoader.findClass(BaseDexClassLoader.java:58)
06-05 17:26:06.560 I/dalvikvm( 1658):   at java.lang.ClassLoader.loadClass(ClassLoader.java:501)
06-05 17:26:06.560 I/dalvikvm( 1658):   at java.lang.ClassLoader.loadClass(ClassLoader.java:461)
06-05 17:26:06.560 I/dalvikvm( 1658):   at fef.<init>(SourceFile:-1)
06-05 17:26:06.560 I/dalvikvm( 1658):   at ffj.a(SourceFile:58)
06-05 17:26:06.560 I/dalvikvm( 1658):   at com.google.android.gms.icing.service.IndexService.onCreate(SourceFile:26)
06-05 17:26:06.560 I/dalvikvm( 1658):   at android.app.ActivityThread.handleCreateService(ActivityThread.java:2363)
06-05 17:26:06.560 I/dalvikvm( 1658):   at android.app.ActivityThread.access$1600(ActivityThread.java:130)
06-05 17:26:06.560 I/dalvikvm( 1658):   at android.app.ActivityThread$H.handleMessage(ActivityThread.java:1277)
06-05 17:26:06.560 I/dalvikvm( 1658):   at android.os.Handler.dispatchMessage(Handler.java:99)
06-05 17:26:06.560 I/dalvikvm( 1658):   at android.os.Looper.loop(Looper.java:137)
06-05 17:26:06.560 I/dalvikvm( 1658):   at android.app.ActivityThread.main(ActivityThread.java:4746)
06-05 17:26:06.560 I/dalvikvm( 1658):   at java.lang.reflect.Method.invokeNative(Native Method)
06-05 17:26:06.560 I/dalvikvm( 1658):   at java.lang.reflect.Method.invoke(Method.java:511)
06-05 17:26:06.560 I/dalvikvm( 1658):   at com.android.internal.os.ZygoteInit$MethodAndArgsCaller.run(ZygoteInit.java:917)
06-05 17:26:06.560 I/dalvikvm( 1658):   at com.android.internal.os.ZygoteInit.main(ZygoteInit.java:684)
06-05 17:26:06.560 I/dalvikvm( 1658):   at dalvik.system.NativeStart.main(Native Method)
06-05 17:26:06.560 I/dalvikvm( 1658): 
06-05 17:26:07.250 W/dalvikvm( 2047): threadid=2: spin on suspend #3 threadid=1 (pcf=0)
06-05 17:26:07.250 I/dalvikvm( 2047): "GC" daemon prio=5 tid=2 RUNNABLE
06-05 17:26:07.250 I/dalvikvm( 2047):   | group="system" sCount=0 dsCount=0 obj=0x414f7c40 self=0x40ec7a50
06-05 17:26:07.250 I/dalvikvm( 2047):   | sysTid=2049 nice=0 sched=0/0 cgrp=[fopen-error:2] handle=1686197384
06-05 17:26:07.250 I/dalvikvm( 2047):   | schedstat=( 0 0 0 ) utm=2 stm=0 core=1
06-05 17:26:07.250 I/dalvikvm( 2047):   at dalvik.system.NativeStart.run(Native Method)
06-05 17:26:07.250 I/dalvikvm( 2047): 
06-05 17:26:07.250 I/dalvikvm( 2047): "main" prio=5 tid=1 RUNNABLE
06-05 17:26:07.250 I/dalvikvm( 2047):   | group="main" sCount=1 dsCount=0 obj=0x40ee1568 self=0x40ed1a20
06-05 17:26:07.250 I/dalvikvm( 2047):   | sysTid=2047 nice=0 sched=0/0 cgrp=[fopen-error:2] handle=1074206256
06-05 17:26:07.250 I/dalvikvm( 2047):   | schedstat=( 0 0 0 ) utm=6 stm=5 core=0
06-05 17:26:07.250 I/dalvikvm( 2047):   at dalvik.system.DexFile.openDexFile(Native Method)
06-05 17:26:07.250 I/dalvikvm( 2047):   at dalvik.system.DexFile.<init>(DexFile.java:78)
06-05 17:26:07.250 I/dalvikvm( 2047):   at dalvik.system.DexFile.<init>(DexFile.java:57)
06-05 17:26:07.250 I/dalvikvm( 2047):   at dalvik.system.DexPathList.loadDexFile(DexPathList.java:258)
06-05 17:26:07.250 I/dalvikvm( 2047):   at dalvik.system.DexPathList.makeDexElements(DexPathList.java:229)
06-05 17:26:07.250 I/dalvikvm( 2047):   at dalvik.system.DexPathList.<init>(DexPathList.java:96)
06-05 17:26:07.250 I/dalvikvm( 2047):   at dalvik.system.BaseDexClassLoader.<init>(BaseDexClassLoader.java:52)
06-05 17:26:07.250 I/dalvikvm( 2047):   at dalvik.system.PathClassLoader.<init>(PathClassLoader.java:65)
06-05 17:26:07.250 I/dalvikvm( 2047):   at android.app.ApplicationLoaders.getClassLoader(ApplicationLoaders.java:57)
06-05 17:26:07.250 I/dalvikvm( 2047):   at android.app.LoadedApk.getClassLoader(LoadedApk.java:317)
06-05 17:26:07.250 I/dalvikvm( 2047):   at android.app.LoadedApk.makeApplication(LoadedApk.java:493)
06-05 17:26:07.250 I/dalvikvm( 2047):   at android.app.ActivityThread.handleBindApplication(ActivityThread.java:4124)
06-05 17:26:07.250 I/dalvikvm( 2047):   at android.app.ActivityThread.access$1300(ActivityThread.java:130)
06-05 17:26:07.250 I/dalvikvm( 2047):   at android.app.ActivityThread$H.handleMessage(ActivityThread.java:1255)
06-05 17:26:07.250 I/dalvikvm( 2047):   at android.os.Handler.dispatchMessage(Handler.java:99)
06-05 17:26:07.250 I/dalvikvm( 2047):   at android.os.Looper.loop(Looper.java:137)
06-05 17:26:07.250 I/dalvikvm( 2047):   at android.app.ActivityThread.main(ActivityThread.java:4746)
06-05 17:26:07.250 I/dalvikvm( 2047):   at java.lang.reflect.Method.invokeNative(Native Method)
06-05 17:26:07.250 I/dalvikvm( 2047):   at java.lang.reflect.Method.invoke(Method.java:511)
06-05 17:26:07.250 I/dalvikvm( 2047):   at com.android.internal.os.ZygoteInit$MethodAndArgsCaller.run(ZygoteInit.java:917)
06-05 17:26:07.250 I/dalvikvm( 2047):   at com.android.internal.os.ZygoteInit.main(ZygoteInit.java:684)
06-05 17:26:07.250 I/dalvikvm( 2047):   at dalvik.system.NativeStart.main(Native Method)
06-05 17:26:07.250 I/dalvikvm( 2047): 
06-05 17:26:07.310 W/dalvikvm( 1658): threadid=2: spin on suspend #3 threadid=1 (pcf=0)
06-05 17:26:07.310 I/dalvikvm( 1658): "GC" daemon prio=5 tid=2 RUNNABLE
06-05 17:26:07.310 I/dalvikvm( 1658):   | group="system" sCount=0 dsCount=0 obj=0x414f6f00 self=0x40ec7a50
06-05 17:26:07.310 I/dalvikvm( 1658):   | sysTid=1660 nice=0 sched=0/0 cgrp=[fopen-error:2] handle=1686197384
06-05 17:26:07.310 I/dalvikvm( 1658):   | schedstat=( 0 0 0 ) utm=7 stm=1 core=3
06-05 17:26:07.310 I/dalvikvm( 1658):   at dalvik.system.NativeStart.run(Native Method)
06-05 17:26:07.310 I/dalvikvm( 1658): 
06-05 17:26:07.310 I/dalvikvm( 1658): "main" prio=5 tid=1 RUNNABLE
06-05 17:26:07.310 I/dalvikvm( 1658):   | group="main" sCount=1 dsCount=0 obj=0x40ee1568 self=0x40ed1a20
06-05 17:26:07.310 I/dalvikvm( 1658):   | sysTid=1658 nice=0 sched=0/0 cgrp=[fopen-error:2] handle=1074206256
06-05 17:26:07.310 I/dalvikvm( 1658):   | schedstat=( 0 0 0 ) utm=34 stm=9 core=2
06-05 17:26:07.310 I/dalvikvm( 1658):   at dalvik.system.DexFile.defineClass(Native Method)
06-05 17:26:07.310 I/dalvikvm( 1658):   at dalvik.system.DexFile.loadClassBinaryName(DexFile.java:211)
06-05 17:26:07.310 I/dalvikvm( 1658):   at dalvik.system.DexPathList.findClass(DexPathList.java:315)
06-05 17:26:07.310 I/dalvikvm( 1658):   at dalvik.system.BaseDexClassLoader.findClass(BaseDexClassLoader.java:58)
06-05 17:26:07.310 I/dalvikvm( 1658):   at java.lang.ClassLoader.loadClass(ClassLoader.java:501)
06-05 17:26:07.310 I/dalvikvm( 1658):   at java.lang.ClassLoader.loadClass(ClassLoader.java:461)
06-05 17:26:07.310 I/dalvikvm( 1658):   at fef.<init>(SourceFile:-1)
06-05 17:26:07.310 I/dalvikvm( 1658):   at ffj.a(SourceFile:58)
06-05 17:26:07.310 I/dalvikvm( 1658):   at com.google.android.gms.icing.service.IndexService.onCreate(SourceFile:26)
06-05 17:26:07.310 I/dalvikvm( 1658):   at android.app.ActivityThread.handleCreateService(ActivityThread.java:2363)
06-05 17:26:07.310 I/dalvikvm( 1658):   at android.app.ActivityThread.access$1600(ActivityThread.java:130)
06-05 17:26:07.310 I/dalvikvm( 1658):   at android.app.ActivityThread$H.handleMessage(ActivityThread.java:1277)
06-05 17:26:07.310 I/dalvikvm( 1658):   at android.os.Handler.dispatchMessage(Handler.java:99)
06-05 17:26:07.310 I/dalvikvm( 1658):   at android.os.Looper.loop(Looper.java:137)
06-05 17:26:07.310 I/dalvikvm( 1658):   at android.app.ActivityThread.main(ActivityThread.java:4746)
06-05 17:26:07.310 I/dalvikvm( 1658):   at java.lang.reflect.Method.invokeNative(Native Method)
06-05 17:26:07.310 I/dalvikvm( 1658):   at java.lang.reflect.Method.invoke(Method.java:511)
06-05 17:26:07.310 I/dalvikvm( 1658):   at com.android.internal.os.ZygoteInit$MethodAndArgsCaller.run(ZygoteInit.java:917)
06-05 17:26:07.310 I/dalvikvm( 1658):   at com.android.internal.os.ZygoteInit.main(ZygoteInit.java:684)
06-05 17:26:07.310 I/dalvikvm( 1658):   at dalvik.system.NativeStart.main(Native Method)
06-05 17:26:07.310 I/dalvikvm( 1658): 
06-05 17:26:08.000 W/dalvikvm( 2047): threadid=2: spin on suspend #4 threadid=1 (pcf=0)
06-05 17:26:08.000 I/dalvikvm( 2047): "GC" daemon prio=5 tid=2 RUNNABLE
06-05 17:26:08.000 I/dalvikvm( 2047):   | group="system" sCount=0 dsCount=0 obj=0x414f7c40 self=0x40ec7a50
06-05 17:26:08.000 I/dalvikvm( 2047):   | sysTid=2049 nice=0 sched=0/0 cgrp=[fopen-error:2] handle=1686197384
06-05 17:26:08.000 I/dalvikvm( 2047):   | schedstat=( 0 0 0 ) utm=2 stm=0 core=1
06-05 17:26:08.000 I/dalvikvm( 2047):   at dalvik.system.NativeStart.run(Native Method)
06-05 17:26:08.000 I/dalvikvm( 2047): 
06-05 17:26:08.000 I/dalvikvm( 2047): "main" prio=5 tid=1 RUNNABLE
06-05 17:26:08.000 I/dalvikvm( 2047):   | group="main" sCount=1 dsCount=0 obj=0x40ee1568 self=0x40ed1a20
06-05 17:26:08.000 I/dalvikvm( 2047):   | sysTid=2047 nice=0 sched=0/0 cgrp=[fopen-error:2] handle=1074206256
06-05 17:26:08.000 I/dalvikvm( 2047):   | schedstat=( 0 0 0 ) utm=6 stm=5 core=0
06-05 17:26:08.000 I/dalvikvm( 2047):   at dalvik.system.DexFile.openDexFile(Native Method)
06-05 17:26:08.000 I/dalvikvm( 2047):   at dalvik.system.DexFile.<init>(DexFile.java:78)
06-05 17:26:08.000 I/dalvikvm( 2047):   at dalvik.system.DexFile.<init>(DexFile.java:57)
06-05 17:26:08.000 I/dalvikvm( 2047):   at dalvik.system.DexPathList.loadDexFile(DexPathList.java:258)
06-05 17:26:08.000 I/dalvikvm( 2047):   at dalvik.system.DexPathList.makeDexElements(DexPathList.java:229)
06-05 17:26:08.000 I/dalvikvm( 2047):   at dalvik.system.DexPathList.<init>(DexPathList.java:96)
06-05 17:26:08.000 I/dalvikvm( 2047):   at dalvik.system.BaseDexClassLoader.<init>(BaseDexClassLoader.java:52)
06-05 17:26:08.000 I/dalvikvm( 2047):   at dalvik.system.PathClassLoader.<init>(PathClassLoader.java:65)
06-05 17:26:08.000 I/dalvikvm( 2047):   at android.app.ApplicationLoaders.getClassLoader(ApplicationLoaders.java:57)
06-05 17:26:08.000 I/dalvikvm( 2047):   at android.app.LoadedApk.getClassLoader(LoadedApk.java:317)
06-05 17:26:08.000 I/dalvikvm( 2047):   at android.app.LoadedApk.makeApplication(LoadedApk.java:493)
06-05 17:26:08.000 I/dalvikvm( 2047):   at android.app.ActivityThread.handleBindApplication(ActivityThread.java:4124)
06-05 17:26:08.000 I/dalvikvm( 2047):   at android.app.ActivityThread.access$1300(ActivityThread.java:130)
06-05 17:26:08.000 I/dalvikvm( 2047):   at android.app.ActivityThread$H.handleMessage(ActivityThread.java:1255)
06-05 17:26:08.000 I/dalvikvm( 2047):   at android.os.Handler.dispatchMessage(Handler.java:99)
06-05 17:26:08.000 I/dalvikvm( 2047):   at android.os.Looper.loop(Looper.java:137)
06-05 17:26:08.000 I/dalvikvm( 2047):   at android.app.ActivityThread.main(ActivityThread.java:4746)
06-05 17:26:08.000 I/dalvikvm( 2047):   at java.lang.reflect.Method.invokeNative(Native Method)
06-05 17:26:08.000 I/dalvikvm( 2047):   at java.lang.reflect.Method.invoke(Method.java:511)
06-05 17:26:08.000 I/dalvikvm( 2047):   at com.android.internal.os.ZygoteInit$MethodAndArgsCaller.run(ZygoteInit.java:917)
06-05 17:26:08.000 I/dalvikvm( 2047):   at com.android.internal.os.ZygoteInit.main(ZygoteInit.java:684)
06-05 17:26:08.000 I/dalvikvm( 2047):   at dalvik.system.NativeStart.main(Native Method)
06-05 17:26:08.000 I/dalvikvm( 2047): 
06-05 17:26:08.060 W/dalvikvm( 1658): threadid=2: spin on suspend #4 threadid=1 (pcf=0)
06-05 17:26:08.060 I/dalvikvm( 1658): "GC" daemon prio=5 tid=2 RUNNABLE
06-05 17:26:08.060 I/dalvikvm( 1658):   | group="system" sCount=0 dsCount=0 obj=0x414f6f00 self=0x40ec7a50
06-05 17:26:08.060 I/dalvikvm( 1658):   | sysTid=1660 nice=0 sched=0/0 cgrp=[fopen-error:2] handle=1686197384
06-05 17:26:08.060 I/dalvikvm( 1658):   | schedstat=( 0 0 0 ) utm=7 stm=1 core=1
06-05 17:26:08.060 I/dalvikvm( 1658):   at dalvik.system.NativeStart.run(Native Method)
06-05 17:26:08.060 I/dalvikvm( 1658): 
06-05 17:26:08.060 I/dalvikvm( 1658): "main" prio=5 tid=1 RUNNABLE
06-05 17:26:08.060 I/dalvikvm( 1658):   | group="main" sCount=1 dsCount=0 obj=0x40ee1568 self=0x40ed1a20
06-05 17:26:08.060 I/dalvikvm( 1658):   | sysTid=1658 nice=0 sched=0/0 cgrp=[fopen-error:2] handle=1074206256
06-05 17:26:08.060 I/dalvikvm( 1658):   | schedstat=( 0 0 0 ) utm=34 stm=9 core=2
06-05 17:26:08.060 I/dalvikvm( 1658):   at dalvik.system.DexFile.defineClass(Native Method)
06-05 17:26:08.060 I/dalvikvm( 1658):   at dalvik.system.DexFile.loadClassBinaryName(DexFile.java:211)
06-05 17:26:08.060 I/dalvikvm( 1658):   at dalvik.system.DexPathList.findClass(DexPathList.java:315)
06-05 17:26:08.060 I/dalvikvm( 1658):   at dalvik.system.BaseDexClassLoader.findClass(BaseDexClassLoader.java:58)
06-05 17:26:08.060 I/dalvikvm( 1658):   at java.lang.ClassLoader.loadClass(ClassLoader.java:501)
06-05 17:26:08.060 I/dalvikvm( 1658):   at java.lang.ClassLoader.loadClass(ClassLoader.java:461)
06-05 17:26:08.060 I/dalvikvm( 1658):   at fef.<init>(SourceFile:-1)
06-05 17:26:08.060 I/dalvikvm( 1658):   at ffj.a(SourceFile:58)
06-05 17:26:08.060 I/dalvikvm( 1658):   at com.google.android.gms.icing.service.IndexService.onCreate(SourceFile:26)
06-05 17:26:08.060 I/dalvikvm( 1658):   at android.app.ActivityThread.handleCreateService(ActivityThread.java:2363)
06-05 17:26:08.060 I/dalvikvm( 1658):   at android.app.ActivityThread.access$1600(ActivityThread.java:130)
06-05 17:26:08.060 I/dalvikvm( 1658):   at android.app.ActivityThread$H.handleMessage(ActivityThread.java:1277)
06-05 17:26:08.060 I/dalvikvm( 1658):   at android.os.Handler.dispatchMessage(Handler.java:99)
06-05 17:26:08.060 I/dalvikvm( 1658):   at android.os.Looper.loop(Looper.java:137)
06-05 17:26:08.060 I/dalvikvm( 1658):   at android.app.ActivityThread.main(ActivityThread.java:4746)
06-05 17:26:08.060 I/dalvikvm( 1658):   at java.lang.reflect.Method.invokeNative(Native Method)
06-05 17:26:08.060 I/dalvikvm( 1658):   at java.lang.reflect.Method.invoke(Method.java:511)
06-05 17:26:08.060 I/dalvikvm( 1658):   at com.android.internal.os.ZygoteInit$MethodAndArgsCaller.run(ZygoteInit.java:917)
06-05 17:26:08.060 I/dalvikvm( 1658):   at com.android.internal.os.ZygoteInit.main(ZygoteInit.java:684)
06-05 17:26:08.060 I/dalvikvm( 1658):   at dalvik.system.NativeStart.main(Native Method)
06-05 17:26:08.060 I/dalvikvm( 1658): 
06-05 17:26:08.750 W/dalvikvm( 2047): threadid=2: spin on suspend #5 threadid=1 (pcf=0)
06-05 17:26:08.750 I/dalvikvm( 2047): "GC" daemon prio=5 tid=2 RUNNABLE
06-05 17:26:08.750 I/dalvikvm( 2047):   | group="system" sCount=0 dsCount=0 obj=0x414f7c40 self=0x40ec7a50
06-05 17:26:08.750 I/dalvikvm( 2047):   | sysTid=2049 nice=0 sched=0/0 cgrp=[fopen-error:2] handle=1686197384
06-05 17:26:08.750 I/dalvikvm( 2047):   | schedstat=( 0 0 0 ) utm=2 stm=0 core=1
06-05 17:26:08.750 I/dalvikvm( 2047):   at dalvik.system.NativeStart.run(Native Method)
06-05 17:26:08.750 I/dalvikvm( 2047): 
06-05 17:26:08.750 I/dalvikvm( 2047): "main" prio=5 tid=1 RUNNABLE
06-05 17:26:08.750 I/dalvikvm( 2047):   | group="main" sCount=1 dsCount=0 obj=0x40ee1568 self=0x40ed1a20
06-05 17:26:08.750 I/dalvikvm( 2047):   | sysTid=2047 nice=0 sched=0/0 cgrp=[fopen-error:2] handle=1074206256
06-05 17:26:08.750 I/dalvikvm( 2047):   | schedstat=( 0 0 0 ) utm=6 stm=5 core=0
06-05 17:26:08.750 I/dalvikvm( 2047):   at dalvik.system.DexFile.openDexFile(Native Method)
06-05 17:26:08.750 I/dalvikvm( 2047):   at dalvik.system.DexFile.<init>(DexFile.java:78)
06-05 17:26:08.750 I/dalvikvm( 2047):   at dalvik.system.DexFile.<init>(DexFile.java:57)
06-05 17:26:08.750 I/dalvikvm( 2047):   at dalvik.system.DexPathList.loadDexFile(DexPathList.java:258)
06-05 17:26:08.750 I/dalvikvm( 2047):   at dalvik.system.DexPathList.makeDexElements(DexPathList.java:229)
06-05 17:26:08.750 I/dalvikvm( 2047):   at dalvik.system.DexPathList.<init>(DexPathList.java:96)
06-05 17:26:08.750 I/dalvikvm( 2047):   at dalvik.system.BaseDexClassLoader.<init>(BaseDexClassLoader.java:52)
06-05 17:26:08.750 I/dalvikvm( 2047):   at dalvik.system.PathClassLoader.<init>(PathClassLoader.java:65)
06-05 17:26:08.750 I/dalvikvm( 2047):   at android.app.ApplicationLoaders.getClassLoader(ApplicationLoaders.java:57)
06-05 17:26:08.750 I/dalvikvm( 2047):   at android.app.LoadedApk.getClassLoader(LoadedApk.java:317)
06-05 17:26:08.750 I/dalvikvm( 2047):   at android.app.LoadedApk.makeApplication(LoadedApk.java:493)
06-05 17:26:08.750 I/dalvikvm( 2047):   at android.app.ActivityThread.handleBindApplication(ActivityThread.java:4124)
06-05 17:26:08.750 I/dalvikvm( 2047):   at android.app.ActivityThread.access$1300(ActivityThread.java:130)
06-05 17:26:08.750 I/dalvikvm( 2047):   at android.app.ActivityThread$H.handleMessage(ActivityThread.java:1255)
06-05 17:26:08.750 I/dalvikvm( 2047):   at android.os.Handler.dispatchMessage(Handler.java:99)
06-05 17:26:08.750 I/dalvikvm( 2047):   at android.os.Looper.loop(Looper.java:137)
06-05 17:26:08.750 I/dalvikvm( 2047):   at android.app.ActivityThread.main(ActivityThread.java:4746)
06-05 17:26:08.750 I/dalvikvm( 2047):   at java.lang.reflect.Method.invokeNative(Native Method)
06-05 17:26:08.750 I/dalvikvm( 2047):   at java.lang.reflect.Method.invoke(Method.java:511)
06-05 17:26:08.750 I/dalvikvm( 2047):   at com.android.internal.os.ZygoteInit$MethodAndArgsCaller.run(ZygoteInit.java:917)
06-05 17:26:08.750 I/dalvikvm( 2047):   at com.android.internal.os.ZygoteInit.main(ZygoteInit.java:684)
06-05 17:26:08.750 I/dalvikvm( 2047):   at dalvik.system.NativeStart.main(Native Method)
06-05 17:26:08.750 I/dalvikvm( 2047): 
06-05 17:26:08.810 W/dalvikvm( 1658): threadid=2: spin on suspend #5 threadid=1 (pcf=0)
06-05 17:26:08.810 I/dalvikvm( 1658): "GC" daemon prio=5 tid=2 RUNNABLE
06-05 17:26:08.810 I/dalvikvm( 1658):   | group="system" sCount=0 dsCount=0 obj=0x414f6f00 self=0x40ec7a50
06-05 17:26:08.810 I/dalvikvm( 1658):   | sysTid=1660 nice=0 sched=0/0 cgrp=[fopen-error:2] handle=1686197384
06-05 17:26:08.810 I/dalvikvm( 1658):   | schedstat=( 0 0 0 ) utm=7 stm=1 core=3
06-05 17:26:08.810 I/dalvikvm( 1658):   at dalvik.system.NativeStart.run(Native Method)
06-05 17:26:08.810 I/dalvikvm( 1658): 
06-05 17:26:08.810 I/dalvikvm( 1658): "main" prio=5 tid=1 RUNNABLE
06-05 17:26:08.810 I/dalvikvm( 1658):   | group="main" sCount=1 dsCount=0 obj=0x40ee1568 self=0x40ed1a20
06-05 17:26:08.810 I/dalvikvm( 1658):   | sysTid=1658 nice=0 sched=0/0 cgrp=[fopen-error:2] handle=1074206256
06-05 17:26:08.810 I/dalvikvm( 1658):   | schedstat=( 0 0 0 ) utm=34 stm=9 core=2
06-05 17:26:08.810 I/dalvikvm( 1658):   at dalvik.system.DexFile.defineClass(Native Method)
06-05 17:26:08.810 I/dalvikvm( 1658):   at dalvik.system.DexFile.loadClassBinaryName(DexFile.java:211)
06-05 17:26:08.810 I/dalvikvm( 1658):   at dalvik.system.DexPathList.findClass(DexPathList.java:315)
06-05 17:26:08.810 I/dalvikvm( 1658):   at dalvik.system.BaseDexClassLoader.findClass(BaseDexClassLoader.java:58)
06-05 17:26:08.810 I/dalvikvm( 1658):   at java.lang.ClassLoader.loadClass(ClassLoader.java:501)
06-05 17:26:08.810 I/dalvikvm( 1658):   at java.lang.ClassLoader.loadClass(ClassLoader.java:461)
06-05 17:26:08.810 I/dalvikvm( 1658):   at fef.<init>(SourceFile:-1)
06-05 17:26:08.810 I/dalvikvm( 1658):   at ffj.a(SourceFile:58)
06-05 17:26:08.810 I/dalvikvm( 1658):   at com.google.android.gms.icing.service.IndexService.onCreate(SourceFile:26)
06-05 17:26:08.810 I/dalvikvm( 1658):   at android.app.ActivityThread.handleCreateService(ActivityThread.java:2363)
06-05 17:26:08.810 I/dalvikvm( 1658):   at android.app.ActivityThread.access$1600(ActivityThread.java:130)
06-05 17:26:08.810 I/dalvikvm( 1658):   at android.app.ActivityThread$H.handleMessage(ActivityThread.java:1277)
06-05 17:26:08.810 I/dalvikvm( 1658):   at android.os.Handler.dispatchMessage(Handler.java:99)
06-05 17:26:08.810 I/dalvikvm( 1658):   at android.os.Looper.loop(Looper.java:137)
06-05 17:26:08.810 I/dalvikvm( 1658):   at android.app.ActivityThread.main(ActivityThread.java:4746)
06-05 17:26:08.810 I/dalvikvm( 1658):   at java.lang.reflect.Method.invokeNative(Native Method)
06-05 17:26:08.810 I/dalvikvm( 1658):   at java.lang.reflect.Method.invoke(Method.java:511)
06-05 17:26:08.810 I/dalvikvm( 1658):   at com.android.internal.os.ZygoteInit$MethodAndArgsCaller.run(ZygoteInit.java:917)
06-05 17:26:08.810 I/dalvikvm( 1658):   at com.android.internal.os.ZygoteInit.main(ZygoteInit.java:684)
06-05 17:26:08.810 I/dalvikvm( 1658):   at dalvik.system.NativeStart.main(Native Method)
06-05 17:26:08.810 I/dalvikvm( 1658): 
06-05 17:26:09.500 W/dalvikvm( 2047): threadid=2: spin on suspend #6 threadid=1 (pcf=0)
06-05 17:26:09.500 I/dalvikvm( 2047): "GC" daemon prio=5 tid=2 RUNNABLE
06-05 17:26:09.500 I/dalvikvm( 2047):   | group="system" sCount=0 dsCount=0 obj=0x414f7c40 self=0x40ec7a50
06-05 17:26:09.500 I/dalvikvm( 2047):   | sysTid=2049 nice=0 sched=0/0 cgrp=[fopen-error:2] handle=1686197384
06-05 17:26:09.500 I/dalvikvm( 2047):   | schedstat=( 0 0 0 ) utm=2 stm=0 core=1
06-05 17:26:09.500 I/dalvikvm( 2047):   at dalvik.system.NativeStart.run(Native Method)
06-05 17:26:09.500 I/dalvikvm( 2047): 
06-05 17:26:09.500 I/dalvikvm( 2047): "main" prio=5 tid=1 RUNNABLE
06-05 17:26:09.500 I/dalvikvm( 2047):   | group="main" sCount=1 dsCount=0 obj=0x40ee1568 self=0x40ed1a20
06-05 17:26:09.500 I/dalvikvm( 2047):   | sysTid=2047 nice=0 sched=0/0 cgrp=[fopen-error:2] handle=1074206256
06-05 17:26:09.500 I/dalvikvm( 2047):   | schedstat=( 0 0 0 ) utm=6 stm=5 core=0
06-05 17:26:09.500 I/dalvikvm( 2047):   at dalvik.system.DexFile.openDexFile(Native Method)
06-05 17:26:09.500 I/dalvikvm( 2047):   at dalvik.system.DexFile.<init>(DexFile.java:78)
06-05 17:26:09.500 I/dalvikvm( 2047):   at dalvik.system.DexFile.<init>(DexFile.java:57)
06-05 17:26:09.500 I/dalvikvm( 2047):   at dalvik.system.DexPathList.loadDexFile(DexPathList.java:258)
06-05 17:26:09.500 I/dalvikvm( 2047):   at dalvik.system.DexPathList.makeDexElements(DexPathList.java:229)
06-05 17:26:09.500 I/dalvikvm( 2047):   at dalvik.system.DexPathList.<init>(DexPathList.java:96)
06-05 17:26:09.500 I/dalvikvm( 2047):   at dalvik.system.BaseDexClassLoader.<init>(BaseDexClassLoader.java:52)
06-05 17:26:09.500 I/dalvikvm( 2047):   at dalvik.system.PathClassLoader.<init>(PathClassLoader.java:65)
06-05 17:26:09.500 I/dalvikvm( 2047):   at android.app.ApplicationLoaders.getClassLoader(ApplicationLoaders.java:57)
06-05 17:26:09.500 I/dalvikvm( 2047):   at android.app.LoadedApk.getClassLoader(LoadedApk.java:317)
06-05 17:26:09.500 I/dalvikvm( 2047):   at android.app.LoadedApk.makeApplication(LoadedApk.java:493)
06-05 17:26:09.500 I/dalvikvm( 2047):   at android.app.ActivityThread.handleBindApplication(ActivityThread.java:4124)
06-05 17:26:09.500 I/dalvikvm( 2047):   at android.app.ActivityThread.access$1300(ActivityThread.java:130)
06-05 17:26:09.500 I/dalvikvm( 2047):   at android.app.ActivityThread$H.handleMessage(ActivityThread.java:1255)
06-05 17:26:09.500 I/dalvikvm( 2047):   at android.os.Handler.dispatchMessage(Handler.java:99)
06-05 17:26:09.500 I/dalvikvm( 2047):   at android.os.Looper.loop(Looper.java:137)
06-05 17:26:09.500 I/dalvikvm( 2047):   at android.app.ActivityThread.main(ActivityThread.java:4746)
06-05 17:26:09.500 I/dalvikvm( 2047):   at java.lang.reflect.Method.invokeNative(Native Method)
06-05 17:26:09.500 I/dalvikvm( 2047):   at java.lang.reflect.Method.invoke(Method.java:511)
06-05 17:26:09.500 I/dalvikvm( 2047):   at com.android.internal.os.ZygoteInit$MethodAndArgsCaller.run(ZygoteInit.java:917)
06-05 17:26:09.500 I/dalvikvm( 2047):   at com.android.internal.os.ZygoteInit.main(ZygoteInit.java:684)
06-05 17:26:09.500 I/dalvikvm( 2047):   at dalvik.system.NativeStart.main(Native Method)
06-05 17:26:09.500 I/dalvikvm( 2047): 
06-05 17:26:09.560 W/dalvikvm( 1658): threadid=2: spin on suspend #6 threadid=1 (pcf=0)
06-05 17:26:09.560 I/dalvikvm( 1658): "GC" daemon prio=5 tid=2 RUNNABLE
06-05 17:26:09.560 I/dalvikvm( 1658):   | group="system" sCount=0 dsCount=0 obj=0x414f6f00 self=0x40ec7a50
06-05 17:26:09.560 I/dalvikvm( 1658):   | sysTid=1660 nice=0 sched=0/0 cgrp=[fopen-error:2] handle=1686197384
06-05 17:26:09.560 I/dalvikvm( 1658):   | schedstat=( 0 0 0 ) utm=7 stm=1 core=1
06-05 17:26:09.560 I/dalvikvm( 1658):   at dalvik.system.NativeStart.run(Native Method)
06-05 17:26:09.560 I/dalvikvm( 1658): 
06-05 17:26:09.560 I/dalvikvm( 1658): "main" prio=5 tid=1 RUNNABLE
06-05 17:26:09.560 I/dalvikvm( 1658):   | group="main" sCount=1 dsCount=0 obj=0x40ee1568 self=0x40ed1a20
06-05 17:26:09.560 I/dalvikvm( 1658):   | sysTid=1658 nice=0 sched=0/0 cgrp=[fopen-error:2] handle=1074206256
06-05 17:26:09.560 I/dalvikvm( 1658):   | schedstat=( 0 0 0 ) utm=34 stm=9 core=2
06-05 17:26:09.560 I/dalvikvm( 1658):   at dalvik.system.DexFile.defineClass(Native Method)
06-05 17:26:09.560 I/dalvikvm( 1658):   at dalvik.system.DexFile.loadClassBinaryName(DexFile.java:211)
06-05 17:26:09.560 I/dalvikvm( 1658):   at dalvik.system.DexPathList.findClass(DexPathList.java:315)
06-05 17:26:09.560 I/dalvikvm( 1658):   at dalvik.system.BaseDexClassLoader.findClass(BaseDexClassLoader.java:58)
06-05 17:26:09.560 I/dalvikvm( 1658):   at java.lang.ClassLoader.loadClass(ClassLoader.java:501)
06-05 17:26:09.560 I/dalvikvm( 1658):   at java.lang.ClassLoader.loadClass(ClassLoader.java:461)
06-05 17:26:09.560 I/dalvikvm( 1658):   at fef.<init>(SourceFile:-1)
06-05 17:26:09.560 I/dalvikvm( 1658):   at ffj.a(SourceFile:58)
06-05 17:26:09.560 I/dalvikvm( 1658):   at com.google.android.gms.icing.service.IndexService.onCreate(SourceFile:26)
06-05 17:26:09.560 I/dalvikvm( 1658):   at android.app.ActivityThread.handleCreateService(ActivityThread.java:2363)
06-05 17:26:09.560 I/dalvikvm( 1658):   at android.app.ActivityThread.access$1600(ActivityThread.java:130)
06-05 17:26:09.560 I/dalvikvm( 1658):   at android.app.ActivityThread$H.handleMessage(ActivityThread.java:1277)
06-05 17:26:09.560 I/dalvikvm( 1658):   at android.os.Handler.dispatchMessage(Handler.java:99)
06-05 17:26:09.560 I/dalvikvm( 1658):   at android.os.Looper.loop(Looper.java:137)
06-05 17:26:09.560 I/dalvikvm( 1658):   at android.app.ActivityThread.main(ActivityThread.java:4746)
06-05 17:26:09.560 I/dalvikvm( 1658):   at java.lang.reflect.Method.invokeNative(Native Method)
06-05 17:26:09.560 I/dalvikvm( 1658):   at java.lang.reflect.Method.invoke(Method.java:511)
06-05 17:26:09.560 I/dalvikvm( 1658):   at com.android.internal.os.ZygoteInit$MethodAndArgsCaller.run(ZygoteInit.java:917)
06-05 17:26:09.560 I/dalvikvm( 1658):   at com.android.internal.os.ZygoteInit.main(ZygoteInit.java:684)
06-05 17:26:09.560 I/dalvikvm( 1658):   at dalvik.system.NativeStart.main(Native Method)
06-05 17:26:09.560 I/dalvikvm( 1658): 
06-05 17:26:09.730 W/GAV2    ( 2005): Thread[GAThread,5,main]: Service unavailable (code=1), will retry.
06-05 17:26:09.730 I/ContactAccountLoggerTas( 2005): canRun() : Opted Out
06-05 17:26:09.730 I/MultiDex( 1522): load(/data/app/com.google.android.gms-2.apk, forceReload=false)
06-05 17:26:09.730 I/ContactAccountLoggerTas( 2005): canRun() : Opted Out
06-05 17:26:09.730 I/Search.GservicesUpdateTask( 2005): Updating Gservices keys
06-05 17:26:09.730 W/ActivityManager( 1337): Unable to start service Intent { act=com.google.android.gms.analytics.service.START cmp=com.google.android.gms/.analytics.service.AnalyticsService (has extras) }: not found
06-05 17:26:09.740 I/ContactAccountLoggerTas( 2005): canRun() : Opted Out
06-05 17:26:09.740 W/Search.LoginHelper( 2005): TimeoutException while waiting for token.
06-05 17:26:09.740 W/Search.LoginHelper( 2005): java.util.concurrent.TimeoutException
06-05 17:26:09.740 W/Search.LoginHelper( 2005): 	at java.util.concurrent.FutureTask$Sync.innerGet(FutureTask.java:229)
06-05 17:26:09.740 W/Search.LoginHelper( 2005): 	at java.util.concurrent.FutureTask.get(FutureTask.java:90)
06-05 17:26:09.740 W/Search.LoginHelper( 2005): 	at bfn.a(PG:621)
06-05 17:26:09.740 W/Search.LoginHelper( 2005): 	at bfn.c(PG:546)
06-05 17:26:09.740 W/Search.LoginHelper( 2005): 	at bfn.j(PG:528)
06-05 17:26:09.740 W/Search.LoginHelper( 2005): 	at bdz.a(PG:1828)
06-05 17:26:09.740 W/Search.LoginHelper( 2005): 	at bea.a(PG:2190)
06-05 17:26:09.740 W/Search.LoginHelper( 2005): 	at bea.BS(PG:2168)
06-05 17:26:09.740 W/Search.LoginHelper( 2005): 	at bdz.b(PG:774)
06-05 17:26:09.740 W/Search.LoginHelper( 2005): 	at bep.e(PG:163)
06-05 17:26:09.740 W/Search.LoginHelper( 2005): 	at bep.d(PG:96)
06-05 17:26:09.740 W/Search.LoginHelper( 2005): 	at ben.a(PG:72)
06-05 17:26:09.740 W/Search.LoginHelper( 2005): 	at bbr.a(PG:54)
06-05 17:26:09.740 W/Search.LoginHelper( 2005): 	at bbq.b(PG:54)
06-05 17:26:09.740 W/Search.LoginHelper( 2005): 	at etq.call(PG:637)
06-05 17:26:09.740 W/Search.LoginHelper( 2005): 	at java.util.concurrent.FutureTask$Sync.innerRun(FutureTask.java:305)
06-05 17:26:09.740 W/Search.LoginHelper( 2005): 	at java.util.concurrent.FutureTask.run(FutureTask.java:137)
06-05 17:26:09.740 W/Search.LoginHelper( 2005): 	at java.util.concurrent.Executors$RunnableAdapter.call(Executors.java:442)
06-05 17:26:09.740 W/Search.LoginHelper( 2005): 	at java.util.concurrent.FutureTask$Sync.innerRun(FutureTask.java:305)
06-05 17:26:09.740 W/Search.LoginHelper( 2005): 	at java.util.concurrent.FutureTask.run(FutureTask.java:137)
06-05 17:26:09.740 W/Search.LoginHelper( 2005): 	at java.util.concurrent.ScheduledThreadPoolExecutor$ScheduledFutureTask.access$201(ScheduledThreadPoolExecutor.java:150)
06-05 17:26:09.740 W/Search.LoginHelper( 2005): 	at java.util.concurrent.ScheduledThreadPoolExecutor$ScheduledFutureTask.run(ScheduledThreadPoolExecutor.java:264)
06-05 17:26:09.740 W/Search.LoginHelper( 2005): 	at java.util.concurrent.ThreadPoolExecutor.runWorker(ThreadPoolExecutor.java:1076)
06-05 17:26:09.740 W/Search.LoginHelper( 2005): 	at java.util.concurrent.ThreadPoolExecutor$Worker.run(ThreadPoolExecutor.java:569)
06-05 17:26:09.740 W/Search.LoginHelper( 2005): 	at java.lang.Thread.run(Thread.java:856)
06-05 17:26:09.740 W/Search.LoginHelper( 2005): 	at cvx.run(PG:46)
06-05 17:26:09.740 W/Search.SearchUrlHelper( 2005): Auth token not ready, no auth header set.
06-05 17:26:09.760 W/Search.LoginHelper( 2005): Google auth exception for scope: mobilepersonalfeeds
06-05 17:26:09.760 W/Search.LoginHelper( 2005): aij: Interrupted
06-05 17:26:09.760 W/Search.LoginHelper( 2005): 	at aik.a(Unknown Source)
06-05 17:26:09.760 W/Search.LoginHelper( 2005): 	at aik.b(Unknown Source)
06-05 17:26:09.760 W/Search.LoginHelper( 2005): 	at aik.a(Unknown Source)
06-05 17:26:09.760 W/Search.LoginHelper( 2005): 	at bfm.c(PG:26)
06-05 17:26:09.760 W/Search.LoginHelper( 2005): 	at bfi.c(PG:90)
06-05 17:26:09.760 W/Search.LoginHelper( 2005): 	at bff.c(PG:62)
06-05 17:26:09.760 W/Search.LoginHelper( 2005): 	at bfn.P(PG:656)
06-05 17:26:09.760 W/Search.LoginHelper( 2005): 	at bfr.call(PG:554)
06-05 17:26:09.760 W/Search.LoginHelper( 2005): 	at java.util.concurrent.FutureTask$Sync.innerRun(FutureTask.java:305)
06-05 17:26:09.760 W/Search.LoginHelper( 2005): 	at java.util.concurrent.FutureTask.run(FutureTask.java:137)
06-05 17:26:09.760 W/Search.LoginHelper( 2005): 	at java.util.concurrent.Executors$RunnableAdapter.call(Executors.java:442)
06-05 17:26:09.760 W/Search.LoginHelper( 2005): 	at java.util.concurrent.FutureTask$Sync.innerRun(FutureTask.java:305)
06-05 17:26:09.760 W/Search.LoginHelper( 2005): 	at java.util.concurrent.FutureTask.run(FutureTask.java:137)
06-05 17:26:09.760 W/Search.LoginHelper( 2005): 	at java.util.concurrent.ScheduledThreadPoolExecutor$ScheduledFutureTask.access$201(ScheduledThreadPoolExecutor.java:150)
06-05 17:26:09.760 W/Search.LoginHelper( 2005): 	at java.util.concurrent.ScheduledThreadPoolExecutor$ScheduledFutureTask.run(ScheduledThreadPoolExecutor.java:264)
06-05 17:26:09.760 W/Search.LoginHelper( 2005): 	at java.util.concurrent.ThreadPoolExecutor.runWorker(ThreadPoolExecutor.java:1076)
06-05 17:26:09.760 W/Search.LoginHelper( 2005): 	at java.util.concurrent.ThreadPoolExecutor$Worker.run(ThreadPoolExecutor.java:569)
06-05 17:26:09.760 W/Search.LoginHelper( 2005): 	at java.lang.Thread.run(Thread.java:856)
06-05 17:26:09.760 W/Search.LoginHelper( 2005): 	at cvx.run(PG:46)
06-05 17:26:09.760 I/ContactAccountLoggerTas( 2005): canRun() : Opted Out
06-05 17:26:09.820 W/dalvikvm( 2047): threadid=2: spin on suspend resolved in 5067 msec
06-05 17:26:09.830 D/dalvikvm( 2047): GC_CONCURRENT freed 145K, 7% free 6370K/6791K, paused 2ms+5079ms, total 5102ms
06-05 17:26:09.860 D/dalvikvm( 1522): GC_CONCURRENT freed 181K, 6% free 7433K/7879K, paused 12ms+4ms, total 49ms
06-05 17:26:09.860 D/dalvikvm( 1522): WAIT_FOR_CONCURRENT_GC blocked 17ms
06-05 17:26:09.870 W/dalvikvm( 1658): threadid=2: spin on suspend resolved in 5067 msec
06-05 17:26:09.880 I/MultiDex( 1522): Need extracted file /data/data/com.google.android.gms/files/secondary-dexes/com.google.android.gms-2.apk.classes2.zip
06-05 17:26:09.880 I/MultiDex( 1522): No extraction needed for /data/data/com.google.android.gms/files/secondary-dexes/com.google.android.gms-2.apk.classes2.zip of size 1809539
06-05 17:26:09.880 D/dalvikvm( 1658): GC_CONCURRENT freed 308K, 9% free 6884K/7495K, paused 12ms+5071ms, total 5101ms
06-05 17:26:10.170 I/BluetoothService( 1337): ACTION_BATTERY_CHANGED pluggedType: 2
06-05 17:26:10.170 D/EthernetService( 1337): Intent.ACTION_BATTERY_CHANGED
06-05 17:26:10.530 I/GAV2    ( 2005): Thread[GAThread,5,main]: No campaign data found.
06-05 17:26:10.580 W/Service ( 1522): mClassName= com.google.android.gmstoInt= 400313326
06-05 17:26:10.600 I/ContactAccountLoggerTas( 2005): canRun() : Opted Out
06-05 17:26:10.600 I/ContactAccountLoggerTas( 2005): canRun() : Opted Out
06-05 17:26:10.610 D/dalvikvm( 1658): Trying to load lib /data/data/com.google.android.gms/lib/libAppDataSearch.so 0x41502718
06-05 17:26:10.610 D/dalvikvm( 1658): Added shared lib /data/data/com.google.android.gms/lib/libAppDataSearch.so 0x41502718
06-05 17:26:10.610 D/dalvikvm( 1658): No JNI_OnLoad found in /data/data/com.google.android.gms/lib/libAppDataSearch.so 0x41502718, skipping init
06-05 17:26:10.620 W/Search.LoginHelper( 2005): InterruptedException while waiting for token.
06-05 17:26:10.620 W/Search.LoginHelper( 2005): java.lang.InterruptedException
06-05 17:26:10.620 W/Search.LoginHelper( 2005): 	at java.util.concurrent.locks.AbstractQueuedSynchronizer.doAcquireSharedNanos(AbstractQueuedSynchronizer.java:1017)
06-05 17:26:10.620 W/Search.LoginHelper( 2005): 	at java.util.concurrent.locks.AbstractQueuedSynchronizer.tryAcquireSharedNanos(AbstractQueuedSynchronizer.java:1305)
06-05 17:26:10.620 W/Search.LoginHelper( 2005): 	at gvs.get(PG:258)
06-05 17:26:10.620 W/Search.LoginHelper( 2005): 	at gvr.get(PG:91)
06-05 17:26:10.620 W/Search.LoginHelper( 2005): 	at bfn.a(PG:621)
06-05 17:26:10.620 W/Search.LoginHelper( 2005): 	at bfn.k(PG:578)
06-05 17:26:10.620 W/Search.LoginHelper( 2005): 	at bdd.qn(PG:40)
06-05 17:26:10.620 W/Search.LoginHelper( 2005): 	at bdd.call(PG:19)
06-05 17:26:10.620 W/Search.LoginHelper( 2005): 	at java.util.concurrent.FutureTask$Sync.innerRun(FutureTask.java:305)
06-05 17:26:10.620 W/Search.LoginHelper( 2005): 	at java.util.concurrent.FutureTask.run(FutureTask.java:137)
06-05 17:26:10.620 W/Search.LoginHelper( 2005): 	at java.util.concurrent.Executors$RunnableAdapter.call(Executors.java:442)
06-05 17:26:10.620 W/Search.LoginHelper( 2005): 	at java.util.concurrent.FutureTask$Sync.innerRun(FutureTask.java:305)
06-05 17:26:10.620 W/Search.LoginHelper( 2005): 	at java.util.concurrent.FutureTask.run(FutureTask.java:137)
06-05 17:26:10.620 W/Search.LoginHelper( 2005): 	at java.util.concurrent.ScheduledThreadPoolExecutor$ScheduledFutureTask.access$201(ScheduledThreadPoolExecutor.java:150)
06-05 17:26:10.620 W/Search.LoginHelper( 2005): 	at java.util.concurrent.ScheduledThreadPoolExecutor$ScheduledFutureTask.run(ScheduledThreadPoolExecutor.java:264)
06-05 17:26:10.620 W/Search.LoginHelper( 2005): 	at java.util.concurrent.ThreadPoolExecutor.runWorker(ThreadPoolExecutor.java:1076)
06-05 17:26:10.620 W/Search.LoginHelper( 2005): 	at java.util.concurrent.ThreadPoolExecutor$Worker.run(ThreadPoolExecutor.java:569)
06-05 17:26:10.620 W/Search.LoginHelper( 2005): 	at java.lang.Thread.run(Thread.java:856)
06-05 17:26:10.620 W/Search.LoginHelper( 2005): 	at cvx.run(PG:46)
06-05 17:26:10.630 I/ContactAccountLoggerTas( 2005): canRun() : Opted Out
06-05 17:26:10.630 I/ContactAccountLoggerTas( 2005): canRun() : Opted Out
06-05 17:26:10.670 D/dalvikvm( 2005): GC_CONCURRENT freed 415K, 9% free 7609K/8327K, paused 13ms+3ms, total 61ms
06-05 17:26:10.680 W/Service ( 1522): mClassName= com.google.android.gmstoInt= 400313326
06-05 17:26:10.680 W/GLSUser ( 1522): GoogleAccountDataService.getToken()
06-05 17:26:10.680 W/GLSUser ( 1522): GoogleAccountDataService.getToken()
06-05 17:26:10.680 W/GLSUser ( 1522): GoogleAccountDataService.getToken()
06-05 17:26:10.700 I/GoogleHttpClient( 1522): Falling back to old http client 0 java.lang.NoSuchMethodException: <init> [class android.content.Context, class java.lang.String, boolean]
06-05 17:26:10.770 W/Service ( 1658): mClassName= com.google.android.gmstoInt= 400313326
06-05 17:26:10.790 W/Service ( 1658): mClassName= com.google.android.gmstoInt= 400313326
06-05 17:26:10.820 I/Icing   ( 1658): Storage manager: low false usage 2.14MB avail 197.42MB capacity 868.66MB
06-05 17:26:10.830 D/dalvikvm( 1522): GC_CONCURRENT freed 361K, 8% free 7552K/8199K, paused 13ms+15ms, total 62ms
06-05 17:26:10.930 W/GLSActivity( 1522): [art] Status from wire: NetworkError status: NETWORK_ERROR
06-05 17:26:10.930 I/GLSUser ( 1522): GLS error: NetworkError shin.akiba8@gmail.com mobilepersonalfeeds
06-05 17:26:10.930 W/GLSActivity( 1522): [art] Status from wire: NetworkError status: NETWORK_ERROR
06-05 17:26:10.930 I/GLSUser ( 1522): GLS error: NetworkError shin.akiba8@gmail.com mobilepersonalfeeds
06-05 17:26:10.940 W/GLSActivity( 1522): [art] Status from wire: NetworkError status: NETWORK_ERROR
06-05 17:26:10.940 W/GLSActivity( 1522): [art] Status from wire: NetworkError status: NETWORK_ERROR
06-05 17:26:10.940 I/ActivityThread( 2047): Pub com.google.android.gm2.accountcache: com.android.mail.providers.GmailAccountCacheProvider
06-05 17:26:10.950 W/GLSActivity( 1522): [art] Status from wire: NetworkError status: NETWORK_ERROR
06-05 17:26:10.950 I/GLSUser ( 1522): GLS error: NetworkError shin.akiba8@gmail.com mobilepersonalfeeds
06-05 17:26:10.950 W/GLSActivity( 1522): [art] Status from wire: NetworkError status: NETWORK_ERROR
06-05 17:26:10.950 W/Service ( 1522): mClassName= com.google.android.gmstoInt= 400313326
06-05 17:26:10.960 W/Search.LoginHelper( 2005): IO exception for scope: mobilepersonalfeeds
06-05 17:26:10.960 W/Search.LoginHelper( 2005): java.io.IOException: NetworkError
06-05 17:26:10.960 W/Search.LoginHelper( 2005): 	at aik.a(Unknown Source)
06-05 17:26:10.960 W/Search.LoginHelper( 2005): 	at aik.b(Unknown Source)
06-05 17:26:10.960 W/Search.LoginHelper( 2005): 	at aik.a(Unknown Source)
06-05 17:26:10.960 W/Search.LoginHelper( 2005): 	at bfm.c(PG:26)
06-05 17:26:10.960 W/Search.LoginHelper( 2005): 	at bfi.c(PG:90)
06-05 17:26:10.960 W/Search.LoginHelper( 2005): 	at bff.c(PG:62)
06-05 17:26:10.960 W/Search.LoginHelper( 2005): 	at bfn.P(PG:656)
06-05 17:26:10.960 W/Search.LoginHelper( 2005): 	at bfr.call(PG:554)
06-05 17:26:10.960 W/Search.LoginHelper( 2005): 	at java.util.concurrent.FutureTask$Sync.innerRun(FutureTask.java:305)
06-05 17:26:10.960 W/Search.LoginHelper( 2005): 	at java.util.concurrent.FutureTask.run(FutureTask.java:137)
06-05 17:26:10.960 W/Search.LoginHelper( 2005): 	at java.util.concurrent.Executors$RunnableAdapter.call(Executors.java:442)
06-05 17:26:10.960 W/Search.LoginHelper( 2005): 	at java.util.concurrent.FutureTask$Sync.innerRun(FutureTask.java:305)
06-05 17:26:10.960 W/Search.LoginHelper( 2005): 	at java.util.concurrent.FutureTask.run(FutureTask.java:137)
06-05 17:26:10.960 W/Search.LoginHelper( 2005): 	at java.util.concurrent.ScheduledThreadPoolExecutor$ScheduledFutureTask.access$201(ScheduledThreadPoolExecutor.java:150)
06-05 17:26:10.960 W/Search.LoginHelper( 2005): 	at java.util.concurrent.ScheduledThreadPoolExecutor$ScheduledFutureTask.run(ScheduledThreadPoolExecutor.java:264)
06-05 17:26:10.960 W/Search.LoginHelper( 2005): 	at java.util.concurrent.ThreadPoolExecutor.runWorker(ThreadPoolExecutor.java:1076)
06-05 17:26:10.960 W/Search.LoginHelper( 2005): 	at java.util.concurrent.ThreadPoolExecutor$Worker.run(ThreadPoolExecutor.java:569)
06-05 17:26:10.960 W/Search.LoginHelper( 2005): 	at java.lang.Thread.run(Thread.java:856)
06-05 17:26:10.960 W/Search.LoginHelper( 2005): 	at cvx.run(PG:46)
06-05 17:26:10.970 W/Search.LoginHelper( 2005): IO exception for scope: mobilepersonalfeeds
06-05 17:26:10.970 W/Search.LoginHelper( 2005): java.io.IOException: NetworkError
06-05 17:26:10.970 W/Search.LoginHelper( 2005): 	at aik.a(Unknown Source)
06-05 17:26:10.970 W/Search.LoginHelper( 2005): 	at aik.b(Unknown Source)
06-05 17:26:10.970 W/Search.LoginHelper( 2005): 	at aik.a(Unknown Source)
06-05 17:26:10.970 W/Search.LoginHelper( 2005): 	at bfm.c(PG:26)
06-05 17:26:10.970 W/Search.LoginHelper( 2005): 	at bfi.c(PG:90)
06-05 17:26:10.970 W/Search.LoginHelper( 2005): 	at bff.c(PG:62)
06-05 17:26:10.970 W/Search.LoginHelper( 2005): 	at bfn.P(PG:656)
06-05 17:26:10.970 W/Search.LoginHelper( 2005): 	at bfr.call(PG:554)
06-05 17:26:10.970 W/Search.LoginHelper( 2005): 	at java.util.concurrent.FutureTask$Sync.innerRun(FutureTask.java:305)
06-05 17:26:10.970 W/Search.LoginHelper( 2005): 	at java.util.concurrent.FutureTask.run(FutureTask.java:137)
06-05 17:26:10.970 W/Search.LoginHelper( 2005): 	at java.util.concurrent.Executors$RunnableAdapter.call(Executors.java:442)
06-05 17:26:10.970 W/Search.LoginHelper( 2005): 	at java.util.concurrent.FutureTask$Sync.innerRun(FutureTask.java:305)
06-05 17:26:10.970 W/Search.LoginHelper( 2005): 	at java.util.concurrent.FutureTask.run(FutureTask.java:137)
06-05 17:26:10.970 W/Search.LoginHelper( 2005): 	at java.util.concurrent.ScheduledThreadPoolExecutor$ScheduledFutureTask.access$201(ScheduledThreadPoolExecutor.java:150)
