06-25 20:00:29.666 E/MediaExtractor( 1055): Create: firstly choose to use android extractor !!! isStreamFlag: false
06-25 20:00:29.676 E/WVMExtractor( 1055): Failed to open libwvm.so
06-25 20:00:29.676 E/MediaExtractor( 1055): Autodetected media content as 'audio/mpeg' with confidence 0.20
06-25 20:00:29.676 D/format_check( 1055): format_Check  ext:MP3
06-25 20:00:29.676 E/ActAudioExtractor( 1055): ActAudioExtractor::inbuf: 41d9a4e0  mime audio/MP3  MP3 max_chunksize: 51200 channels: 1 sample_rate 44100 total_time=0
06-25 20:00:29.676 D/AwesomePlayer( 1055): initAudioDecoder mUsingMidwareAudioDecFlag: true
06-25 20:00:29.676 D/AwesomePlayer( 1055): initAudioDecoder: using stagefright audio decoder
06-25 20:00:29.676 E/OMXCodec( 1055): Attempting to allocate OMX node 'OMX.Action.Audio.Decoder'
06-25 20:00:29.676 V/ActionOMXPlugin( 1055): Entry ActionOMXPlugin::makeComponentInstance
06-25 20:00:29.686 E/OMXCodec( 1055): *****************************initOutputFormat  numChannels=2 sampleRate=44100
06-25 20:00:29.686 E/OMXCodec( 1055): numChannels=1 sampleRate=44100
06-25 20:00:29.686 E/OMXCodec( 1055): ACTIONS_AUDIO_DECODER*****************************
06-25 20:00:29.686 D/AwesomePlayer( 1055): initAudioDecoder: durationUs: 313000  
06-25 20:00:29.686 E/OMXCodec( 1055): audio OMXCodec start init_buf
06-25 20:00:29.686 W/ActAudioExtractor( 1055): read:  meet ok(return ERROR_END_OF_STREAM)  len: 0
06-25 20:00:29.696 D/Finsky  ( 2438): [1] DownloadBroadcastReceiver.onReceive: Intent received at DownloadBroadcastReceiver
06-25 20:00:29.696 I/ActivityManager( 1340): No longer want com.evernote (pid 2495): hidden #16
06-25 20:00:29.706 D/GCM     ( 1552): GcmService start Intent { act=com.google.android.gms.INITIALIZE flg=0x10 pkg=com.google.android.gms cmp=com.google.android.gms/.gcm.GcmService } com.google.android.gms.INITIALIZE
06-25 20:00:29.716 W/Service ( 2438): mClassName= com.android.vendingtoInt= 1483848391
06-25 20:00:29.716 E/OMXCodec( 1055): [OMX.Action.Audio.Decoder] There is no more output data available, not calling fillOutputBuffer
06-25 20:00:29.736 E/OMXCodec( 1055): [OMX.Action.Audio.Decoder] stop mState=4
06-25 20:00:29.736 E/OMXCodec( 1055): [OMX.Action.Audio.Decoder] IDLE_TO_LOADED
06-25 20:00:29.736 E/OMXCodec( 1055): [OMX.Action.Audio.Decoder] Now Loaded.
06-25 20:00:29.736 E/OMXCodec( 1055): [OMX.Action.Audio.Decoder] stopped in state 1
06-25 20:00:29.736 V/ActAudioExtractor( 1055): ~ActAudioExtractor
06-25 20:00:29.736 E/        ( 1055): OMX-In compMessageHandlerFunction Destructor has been called. So exit from the loop
06-25 20:00:29.736 W/MediaPlayer( 3010): decode(52, 829284, 6035)
06-25 20:00:29.736 E/MediaExtractor( 1055): Create: firstly choose to use android extractor !!! isStreamFlag: false
06-25 20:00:29.746 W/Service ( 1703): mClassName= com.google.android.gmstoInt= 400313326
06-25 20:00:29.746 E/WVMExtractor( 1055): Failed to open libwvm.so
06-25 20:00:29.746 E/MediaExtractor( 1055): Autodetected media content as 'audio/mpeg' with confidence 0.20
06-25 20:00:29.746 D/format_check( 1055): format_Check  ext:MP3
06-25 20:00:29.746 E/ActAudioExtractor( 1055): ActAudioExtractor::inbuf: 4177d698  mime audio/MP3  MP3 max_chunksize: 51200 channels: 1 sample_rate 44100 total_time=0
06-25 20:00:29.746 D/AwesomePlayer( 1055): initAudioDecoder mUsingMidwareAudioDecFlag: true
06-25 20:00:29.746 D/AwesomePlayer( 1055): initAudioDecoder: using stagefright audio decoder
06-25 20:00:29.746 E/OMXCodec( 1055): Attempting to allocate OMX node 'OMX.Action.Audio.Decoder'
06-25 20:00:29.746 V/ActionOMXPlugin( 1055): Entry ActionOMXPlugin::makeComponentInstance
06-25 20:00:29.746 E/OMXCodec( 1055): *****************************initOutputFormat  numChannels=2 sampleRate=44100
06-25 20:00:29.746 E/OMXCodec( 1055): numChannels=1 sampleRate=44100
06-25 20:00:29.746 E/OMXCodec( 1055): ACTIONS_AUDIO_DECODER*****************************
06-25 20:00:29.746 D/AwesomePlayer( 1055): initAudioDecoder: durationUs: 391000  
06-25 20:00:29.746 E/OMXCodec( 1055): audio OMXCodec start init_buf
06-25 20:00:29.756 D/Finsky  ( 2438): [1] DownloadImpl.setState: com.pdanet from DOWNLOADING to SUCCESS.
06-25 20:00:29.756 D/Finsky  ( 2438): [1] DownloadQueueImpl.onComplete: com.pdanet: onComplete
06-25 20:00:29.756 D/Finsky  ( 2438): [1] DownloadQueueImpl.remove: Download com.pdanet removed from DownloadQueue
06-25 20:00:29.766 I/installd( 1057): free_cache(0) avail 209580032
06-25 20:00:29.766 W/ActAudioExtractor( 1055): read:  meet ok(return ERROR_END_OF_STREAM)  len: 0
06-25 20:00:29.776 E/OMXCodec( 1055): [OMX.Action.Audio.Decoder] There is no more output data available, not calling fillOutputBuffer
06-25 20:00:29.796 E/OMXCodec( 1055): [OMX.Action.Audio.Decoder] stop mState=4
06-25 20:00:29.796 E/OMXCodec( 1055): [OMX.Action.Audio.Decoder] IDLE_TO_LOADED
06-25 20:00:29.796 E/OMXCodec( 1055): [OMX.Action.Audio.Decoder] Now Loaded.
06-25 20:00:29.796 E/OMXCodec( 1055): [OMX.Action.Audio.Decoder] stopped in state 1
06-25 20:00:29.796 V/ActAudioExtractor( 1055): ~ActAudioExtractor
06-25 20:00:29.796 E/        ( 1055): OMX-In compMessageHandlerFunction Destructor has been called. So exit from the loop
06-25 20:00:29.796 W/MediaPlayer( 3010): decode(54, 840788, 6039)
06-25 20:00:29.806 E/MediaExtractor( 1055): Create: firstly choose to use android extractor !!! isStreamFlag: false
06-25 20:00:29.806 E/WVMExtractor( 1055): Failed to open libwvm.so
06-25 20:00:29.806 E/MediaExtractor( 1055): Autodetected media content as 'audio/mpeg' with confidence 0.20
06-25 20:00:29.806 D/format_check( 1055): format_Check  ext:MP3
06-25 20:00:29.806 E/ActAudioExtractor( 1055): ActAudioExtractor::inbuf: 40f98ff8  mime audio/MP3  MP3 max_chunksize: 51200 channels: 1 sample_rate 44100 total_time=0
06-25 20:00:29.806 D/AwesomePlayer( 1055): initAudioDecoder mUsingMidwareAudioDecFlag: true
06-25 20:00:29.806 D/AwesomePlayer( 1055): initAudioDecoder: using stagefright audio decoder
06-25 20:00:29.806 E/OMXCodec( 1055): Attempting to allocate OMX node 'OMX.Action.Audio.Decoder'
06-25 20:00:29.806 V/ActionOMXPlugin( 1055): Entry ActionOMXPlugin::makeComponentInstance
06-25 20:00:29.806 E/OMXCodec( 1055): *****************************initOutputFormat  numChannels=2 sampleRate=44100
06-25 20:00:29.806 E/OMXCodec( 1055): numChannels=1 sampleRate=44100
06-25 20:00:29.806 E/OMXCodec( 1055): ACTIONS_AUDIO_DECODER*****************************
06-25 20:00:29.806 D/AwesomePlayer( 1055): initAudioDecoder: durationUs: 391000  
06-25 20:00:29.806 E/OMXCodec( 1055): audio OMXCodec start init_buf
06-25 20:00:29.816 W/ActAudioExtractor( 1055): read:  meet ok(return ERROR_END_OF_STREAM)  len: 0
06-25 20:00:29.826 E/OMXCodec( 1055): [OMX.Action.Audio.Decoder] There is no more output data available, not calling fillOutputBuffer
06-25 20:00:29.826 E/OMXCodec( 1055): [OMX.Action.Audio.Decoder] There is no more output data available, not calling fillOutputBuffer
06-25 20:00:29.846 E/OMXCodec( 1055): [OMX.Action.Audio.Decoder] stop mState=4
06-25 20:00:29.846 E/OMXCodec( 1055): [OMX.Action.Audio.Decoder] IDLE_TO_LOADED
06-25 20:00:29.846 E/OMXCodec( 1055): [OMX.Action.Audio.Decoder] Now Loaded.
06-25 20:00:29.846 E/OMXCodec( 1055): [OMX.Action.Audio.Decoder] stopped in state 1
06-25 20:00:29.846 V/ActAudioExtractor( 1055): ~ActAudioExtractor
06-25 20:00:29.846 E/        ( 1055): OMX-In compMessageHandlerFunction Destructor has been called. So exit from the loop
06-25 20:00:29.856 W/MediaPlayer( 3010): decode(56, 846880, 6035)
06-25 20:00:29.856 E/MediaExtractor( 1055): Create: firstly choose to use android extractor !!! isStreamFlag: false
06-25 20:00:29.856 E/WVMExtractor( 1055): Failed to open libwvm.so
06-25 20:00:29.856 E/MediaExtractor( 1055): Autodetected media content as 'audio/mpeg' with confidence 0.20
06-25 20:00:29.856 D/format_check( 1055): format_Check  ext:MP3
06-25 20:00:29.856 E/ActAudioExtractor( 1055): ActAudioExtractor::inbuf: 4177abd0  mime audio/MP3  MP3 max_chunksize: 51200 channels: 1 sample_rate 44100 total_time=0
06-25 20:00:29.866 D/Finsky  ( 2438): [1] 6.onPostExecute: Successfully applied patch to update com.pdanet
06-25 20:00:29.876 D/AwesomePlayer( 1055): initAudioDecoder mUsingMidwareAudioDecFlag: true
06-25 20:00:29.876 D/AwesomePlayer( 1055): initAudioDecoder: using stagefright audio decoder
06-25 20:00:29.876 E/OMXCodec( 1055): Attempting to allocate OMX node 'OMX.Action.Audio.Decoder'
06-25 20:00:29.876 V/ActionOMXPlugin( 1055): Entry ActionOMXPlugin::makeComponentInstance
06-25 20:00:29.876 W/MediaPlayer( 3010): decode(65, 905936, 22749)
06-25 20:00:29.876 E/MediaExtractor( 1055): Create: firstly choose to use android extractor !!! isStreamFlag: false
06-25 20:00:29.886 E/WVMExtractor( 1055): Failed to open libwvm.so
06-25 20:00:29.886 E/MediaExtractor( 1055): Autodetected media content as 'audio/mpeg' with confidence 0.20
06-25 20:00:29.886 D/format_check( 1055): format_Check  ext:MP3
06-25 20:00:29.886 E/ActAudioExtractor( 1055): ActAudioExtractor::inbuf: 4177a8f8  mime audio/MP3  MP3 max_chunksize: 51200 channels: 1 sample_rate 44100 total_time=2
06-25 20:00:29.886 D/AwesomePlayer( 1055): initAudioDecoder mUsingMidwareAudioDecFlag: true
06-25 20:00:29.886 D/AwesomePlayer( 1055): initAudioDecoder: using stagefright audio decoder
06-25 20:00:29.886 E/OMXCodec( 1055): Attempting to allocate OMX node 'OMX.Action.Audio.Decoder'
06-25 20:00:29.896 V/ActionOMXPlugin( 1055): Entry ActionOMXPlugin::makeComponentInstance
06-25 20:00:29.896 E/OMXCodec( 1055): *****************************initOutputFormat  numChannels=2 sampleRate=44100
06-25 20:00:29.896 E/OMXCodec( 1055): numChannels=1 sampleRate=44100
06-25 20:00:29.896 E/OMXCodec( 1055): ACTIONS_AUDIO_DECODER*****************************
06-25 20:00:29.896 D/AwesomePlayer( 1055): initAudioDecoder: durationUs: 2063000  
06-25 20:00:29.896 E/OMXCodec( 1055): audio OMXCodec start init_buf
06-25 20:00:29.896 E/OMXCodec( 1055): *****************************initOutputFormat  numChannels=2 sampleRate=44100
06-25 20:00:29.896 E/OMXCodec( 1055): numChannels=1 sampleRate=44100
06-25 20:00:29.896 E/OMXCodec( 1055): ACTIONS_AUDIO_DECODER*****************************
06-25 20:00:29.896 D/AwesomePlayer( 1055): initAudioDecoder: durationUs: 391000  
06-25 20:00:29.896 E/OMXCodec( 1055): audio OMXCodec start init_buf
06-25 20:00:29.906 W/ActAudioExtractor( 1055): read:  meet ok(return ERROR_END_OF_STREAM)  len: 0
06-25 20:00:29.926 W/Service ( 2778): mClassName= com.android.defcontainertoInt= -1613770802
06-25 20:00:29.936 E/OMXCodec( 1055): [OMX.Action.Audio.Decoder] There is no more output data available, not calling fillOutputBuffer
06-25 20:00:29.936 E/OMXCodec( 1055): [OMX.Action.Audio.Decoder] There is no more output data available, not calling fillOutputBuffer
06-25 20:00:29.966 E/OMXCodec( 1055): [OMX.Action.Audio.Decoder] stop mState=4
06-25 20:00:29.966 E/OMXCodec( 1055): [OMX.Action.Audio.Decoder] IDLE_TO_LOADED
06-25 20:00:29.966 E/OMXCodec( 1055): [OMX.Action.Audio.Decoder] Now Loaded.
06-25 20:00:29.966 D/dalvikvm( 3010): GC_CONCURRENT freed 531K, 10% free 7950K/8775K, paused 15ms+3ms, total 103ms
06-25 20:00:29.966 E/OMXCodec( 1055): [OMX.Action.Audio.Decoder] stopped in state 1
06-25 20:00:29.966 V/ActAudioExtractor( 1055): ~ActAudioExtractor
06-25 20:00:29.966 E/        ( 1055): OMX-In compMessageHandlerFunction Destructor has been called. So exit from the loop
06-25 20:00:29.966 W/MediaPlayer( 3010): decode(58, 933600, 4998)
06-25 20:00:29.976 E/MediaExtractor( 1055): Create: firstly choose to use android extractor !!! isStreamFlag: false
06-25 20:00:29.976 E/WVMExtractor( 1055): Failed to open libwvm.so
06-25 20:00:29.976 E/MediaExtractor( 1055): Autodetected media content as 'audio/mpeg' with confidence 0.20
06-25 20:00:29.976 D/format_check( 1055): format_Check  ext:MP3
06-25 20:00:29.976 E/ActAudioExtractor( 1055): ActAudioExtractor::inbuf: 4178f810  mime audio/MP3  MP3 max_chunksize: 51200 channels: 1 sample_rate 44100 total_time=0
06-25 20:00:29.976 D/AwesomePlayer( 1055): initAudioDecoder mUsingMidwareAudioDecFlag: true
06-25 20:00:29.976 D/AwesomePlayer( 1055): initAudioDecoder: using stagefright audio decoder
06-25 20:00:29.976 E/OMXCodec( 1055): Attempting to allocate OMX node 'OMX.Action.Audio.Decoder'
06-25 20:00:29.976 V/ActionOMXPlugin( 1055): Entry ActionOMXPlugin::makeComponentInstance
06-25 20:00:29.976 W/ActivityManager( 1340): No content provider found for permission revoke: file:///data/data/com.android.vending/cache/patches/com.pdanet1349165277.apk
06-25 20:00:29.986 E/OMXCodec( 1055): *****************************initOutputFormat  numChannels=2 sampleRate=44100
06-25 20:00:29.986 E/OMXCodec( 1055): numChannels=1 sampleRate=44100
06-25 20:00:29.986 E/OMXCodec( 1055): ACTIONS_AUDIO_DECODER*****************************
06-25 20:00:29.986 D/AwesomePlayer( 1055): initAudioDecoder: durationUs: 287000  
06-25 20:00:29.986 E/OMXCodec( 1055): audio OMXCodec start init_buf
06-25 20:00:29.986 W/ActAudioExtractor( 1055): read:  meet ok(return ERROR_END_OF_STREAM)  len: 0
06-25 20:00:29.986 E/OMXCodec( 1055): [OMX.Action.Audio.Decoder] There is no more output data available, not calling fillOutputBuffer
06-25 20:00:29.986 E/OMXCodec( 1055): [OMX.Action.Audio.Decoder] There is no more output data available, not calling fillOutputBuffer
06-25 20:00:29.986 W/ActAudioExtractor( 1055): read:  meet ok(return ERROR_END_OF_STREAM)  len: 0
06-25 20:00:29.996 E/OMXCodec( 1055): [OMX.Action.Audio.Decoder] There is no more output data available, not calling fillOutputBuffer
06-25 20:00:29.996 E/OMXCodec( 1055): [OMX.Action.Audio.Decoder] There is no more output data available, not calling fillOutputBuffer
06-25 20:00:30.006 E/OMXCodec( 1055): [OMX.Action.Audio.Decoder] stop mState=4
06-25 20:00:30.006 E/OMXCodec( 1055): [OMX.Action.Audio.Decoder] IDLE_TO_LOADED
06-25 20:00:30.006 E/OMXCodec( 1055): [OMX.Action.Audio.Decoder] Now Loaded.
06-25 20:00:30.006 E/OMXCodec( 1055): [OMX.Action.Audio.Decoder] stop mState=4
06-25 20:00:30.016 E/OMXCodec( 1055): [OMX.Action.Audio.Decoder] stopped in state 1
06-25 20:00:30.016 V/ActAudioExtractor( 1055): ~ActAudioExtractor
06-25 20:00:30.016 E/OMXCodec( 1055): [OMX.Action.Audio.Decoder] IDLE_TO_LOADED
06-25 20:00:30.016 E/OMXCodec( 1055): [OMX.Action.Audio.Decoder] Now Loaded.
06-25 20:00:30.016 E/OMXCodec( 1055): [OMX.Action.Audio.Decoder] stopped in state 1
06-25 20:00:30.016 V/ActAudioExtractor( 1055): ~ActAudioExtractor
06-25 20:00:30.016 E/        ( 1055): OMX-In compMessageHandlerFunction Destructor has been called. So exit from the loop
06-25 20:00:30.016 E/        ( 1055): OMX-In compMessageHandlerFunction Destructor has been called. So exit from the loop
06-25 20:00:30.016 W/MediaPlayer( 3010): decode(60, 938652, 5255)
06-25 20:00:30.016 E/MediaExtractor( 1055): Create: firstly choose to use android extractor !!! isStreamFlag: false
06-25 20:00:30.026 E/WVMExtractor( 1055): Failed to open libwvm.so
06-25 20:00:30.026 E/MediaExtractor( 1055): Autodetected media content as 'audio/mpeg' with confidence 0.20
06-25 20:00:30.026 D/format_check( 1055): format_Check  ext:MP3
06-25 20:00:30.026 E/ActAudioExtractor( 1055): ActAudioExtractor::inbuf: 4178d970  mime audio/MP3  MP3 max_chunksize: 51200 channels: 1 sample_rate 44100 total_time=0
06-25 20:00:30.026 D/AwesomePlayer( 1055): initAudioDecoder mUsingMidwareAudioDecFlag: true
06-25 20:00:30.026 D/AwesomePlayer( 1055): initAudioDecoder: using stagefright audio decoder
06-25 20:00:30.026 E/OMXCodec( 1055): Attempting to allocate OMX node 'OMX.Action.Audio.Decoder'
06-25 20:00:30.026 V/ActionOMXPlugin( 1055): Entry ActionOMXPlugin::makeComponentInstance
06-25 20:00:30.026 E/OMXCodec( 1055): *****************************initOutputFormat  numChannels=2 sampleRate=44100
06-25 20:00:30.026 E/OMXCodec( 1055): numChannels=1 sampleRate=44100
06-25 20:00:30.026 E/OMXCodec( 1055): ACTIONS_AUDIO_DECODER*****************************
06-25 20:00:30.026 D/AwesomePlayer( 1055): initAudioDecoder: durationUs: 313000  
06-25 20:00:30.026 E/OMXCodec( 1055): audio OMXCodec start init_buf
06-25 20:00:30.036 W/ActAudioExtractor( 1055): read:  meet ok(return ERROR_END_OF_STREAM)  len: 0
06-25 20:00:30.046 E/OMXCodec( 1055): [OMX.Action.Audio.Decoder] There is no more output data available, not calling fillOutputBuffer
06-25 20:00:30.046 E/OMXCodec( 1055): [OMX.Action.Audio.Decoder] There is no more output data available, not calling fillOutputBuffer
06-25 20:00:30.056 E/OMXCodec( 1055): [OMX.Action.Audio.Decoder] stop mState=4
06-25 20:00:30.056 E/OMXCodec( 1055): [OMX.Action.Audio.Decoder] IDLE_TO_LOADED
06-25 20:00:30.056 E/OMXCodec( 1055): [OMX.Action.Audio.Decoder] Now Loaded.
06-25 20:00:30.056 E/OMXCodec( 1055): [OMX.Action.Audio.Decoder] stopped in state 1
06-25 20:00:30.056 V/ActAudioExtractor( 1055): ~ActAudioExtractor
06-25 20:00:30.066 E/        ( 1055): OMX-In compMessageHandlerFunction Destructor has been called. So exit from the loop
06-25 20:00:30.316 I/wpa_supplicant( 1453): [CTRL_IFACE]wlan0: SIGNAL_POLL
06-25 20:00:30.736 W/ActivityManager( 1340): No content provider found for permission revoke: file:///data/data/com.android.vending/cache/patches/com.pdanet1349165277.apk
06-25 20:00:30.736 W/PackageManager( 1340): processPendingInstall called
06-25 20:00:30.776 I/PackageManager( 1340): Removing non-system package:com.pdanet
06-25 20:00:30.776 I/ActivityManager( 1340): Force stopping package com.pdanet uid=10052
06-25 20:00:31.576 I/PackageManager( 1340): Running dexopt on: com.pdanet
06-25 20:00:31.576 I/PackageManager( 1340): Package com.pdanet codePath changed from /data/app/com.pdanet-2.apk to /data/app/com.pdanet-1.apk; Retaining data and using new
06-25 20:00:31.856 I/ActivityManager( 1340): Start proc com.path:xmpp for service com.path/.messageservice.RemoteXmppService: pid=3121 uid=10059 gids={3003, 1015, 1006, 1028}
06-25 20:00:31.866 E/Trace   ( 3121): error opening trace file: No such file or directory (2)
06-25 20:00:31.976 D/dalvikvm( 3121): GC_CONCURRENT freed 173K, 7% free 6372K/6791K, paused 12ms+2ms, total 32ms
06-25 20:00:31.976 D/dalvikvm( 3121): WAIT_FOR_CONCURRENT_GC blocked 7ms
06-25 20:00:32.086 D/dalvikvm( 3121): GC_CONCURRENT freed 180K, 7% free 6707K/7175K, paused 2ms+2ms, total 21ms
06-25 20:00:32.196 D/dalvikvm( 3121): GC_CONCURRENT freed 149K, 6% free 7054K/7495K, paused 2ms+2ms, total 25ms
06-25 20:00:32.206 W/Service ( 3121): mClassName= com.pathtoInt= -1078496038
06-25 20:00:32.366 W/PackageManager( 1340): Code path for pkg : com.pdanet changing from /data/app/com.pdanet-2.apk to /data/app/com.pdanet-1.apk
06-25 20:00:32.366 I/ActivityManager( 1340): Force stopping package com.pdanet uid=10052
06-25 20:00:32.366 W/PackageManager( 1340): Resource path for pkg : com.pdanet changing from /data/app/com.pdanet-2.apk to /data/app/com.pdanet-1.apk
06-25 20:00:33.166 D/PackageManager( 1340): New package installed in /data/app/com.pdanet-1.apk
06-25 20:00:33.256 I/ActivityManager( 1340): Force stopping package com.pdanet uid=10052
06-25 20:00:33.266 D/dalvikvm( 1673): WAIT_FOR_CONCURRENT_GC blocked 0ms
06-25 20:00:33.266 D/dalvikvm( 2897): WAIT_FOR_CONCURRENT_GC blocked 0ms
06-25 20:00:33.306 D/dalvikvm( 1673): GC_EXPLICIT freed 286K, 10% free 6364K/7047K, paused 3ms+3ms, total 34ms
06-25 20:00:33.306 D/dalvikvm( 1594): WAIT_FOR_CONCURRENT_GC blocked 0ms
06-25 20:00:33.316 D/dalvikvm( 2897): GC_EXPLICIT freed 392K, 9% free 6840K/7495K, paused 2ms+3ms, total 43ms
06-25 20:00:33.316 I/wpa_supplicant( 1453): [CTRL_IFACE]wlan0: SIGNAL_POLL
06-25 20:00:33.336 I/InputReader( 1340): Reconfiguring input devices.  changes=0x00000010
06-25 20:00:33.386 I/InputReader( 1340): Reconfiguring input devices.  changes=0x00000010
06-25 20:00:33.416 D/dalvikvm( 1594): GC_EXPLICIT freed 4936K, 34% free 22043K/33095K, paused 3ms+11ms, total 108ms
06-25 20:00:33.416 I/Launcher( 1594): setLoadOnResume
06-25 20:00:33.446 W/Service ( 2815): mClassName= com.android.keychaintoInt= 1500172648
06-25 20:00:33.446 W/Service ( 2833): mClassName= com.android.musicfxtoInt= -917159941
06-25 20:00:33.556 D/dalvikvm( 1340): GC_CONCURRENT freed 1249K, 21% free 11283K/14279K, paused 4ms+9ms, total 175ms
06-25 20:00:33.566 D/dalvikvm( 1340): WAIT_FOR_CONCURRENT_GC blocked 123ms
06-25 20:00:33.576 D/AlarmManager( 1340): overriden alarm callingpackages[0] com.android.vending
06-25 20:00:33.656 W/Service ( 1703): mClassName= com.google.android.gmstoInt= 400313326
06-25 20:00:33.656 D/PackageBroadcastService( 1703): Received broadcast action=android.intent.action.PACKAGE_REMOVED and uri=com.pdanet
06-25 20:00:33.716 W/Service ( 1703): mClassName= com.google.android.gmstoInt= 400313326
06-25 20:00:33.746 D/PackageManager( 1340): generateServicesMap(android.accounts.AccountAuthenticator): 9 services unchanged
06-25 20:00:33.806 W/Service ( 1703): mClassName= com.google.android.gmstoInt= 400313326
06-25 20:00:33.846 W/Service ( 2833): mClassName= com.android.musicfxtoInt= -917159941
06-25 20:00:33.896 D/PackageManager( 1340): generateServicesMap(android.content.SyncAdapter): 19 services unchanged
06-25 20:00:33.896 D/BackupManagerService( 1340): Received broadcast Intent { act=android.intent.action.PACKAGE_REMOVED dat=package:com.pdanet flg=0x8000010 (has extras) }
06-25 20:00:33.916 I/InternalIcingCorporaPro( 2319): Updating corpora: APPS=com.pdanet, CONTACTS=MAYBE
06-25 20:00:33.926 W/Service ( 2319): mClassName= com.google.android.googlequicksearchboxtoInt= -79313952
06-25 20:00:33.936 D/PackageManager( 1340): generateServicesMap(android.accounts.AccountAuthenticator): 9 services unchanged
06-25 20:00:33.976 D/PackageManager( 1340): generateServicesMap(android.content.SyncAdapter): 19 services unchanged
06-25 20:00:33.986 D/BackupManagerService( 1340): Received broadcast Intent { act=android.intent.action.PACKAGE_ADDED dat=package:com.pdanet flg=0x8000010 (has extras) }
06-25 20:00:33.986 V/BackupManagerService( 1340): removePackageParticipantsLocked: uid=10052 #1
06-25 20:00:34.016 D/AlarmManager( 1340): overriden alarm callingpackages[0] com.android.vending
06-25 20:00:34.026 I/InternalIcingCorporaPro( 2319): UpdateCorporaTask done [took 104 ms] updated apps [took 104 ms] 
06-25 20:00:34.066 V/BackupManagerService( 1340): addPackageParticipantsLocked: #1
06-25 20:00:34.086 D/dalvikvm( 2319): GC_CONCURRENT freed 532K, 11% free 8128K/9095K, paused 8ms+9ms, total 104ms
06-25 20:00:34.136 W/Service ( 1703): mClassName= com.google.android.gmstoInt= 400313326
06-25 20:00:34.136 D/PackageBroadcastService( 1703): Received broadcast action=android.intent.action.PACKAGE_ADDED and uri=com.pdanet
06-25 20:00:34.166 W/Service ( 1703): mClassName= com.google.android.gmstoInt= 400313326
06-25 20:00:34.186 W/Service ( 1703): mClassName= com.google.android.gmstoInt= 400313326
06-25 20:00:34.186 I/PeopleContactsSync( 1703): CP2 sync disabled
06-25 20:00:34.196 W/Service ( 2833): mClassName= com.android.musicfxtoInt= -917159941
06-25 20:00:34.206 W/Service ( 1703): mClassName= com.google.android.gmstoInt= 400313326
06-25 20:00:34.246 D/dalvikvm( 1340): GC_EXPLICIT freed 797K, 22% free 11214K/14279K, paused 4ms+34ms, total 688ms
06-25 20:00:34.256 W/Service ( 1703): mClassName= com.google.android.gmstoInt= 400313326
06-25 20:00:34.256 W/Service ( 1703): mClassName= com.google.android.gmstoInt= 400313326
06-25 20:00:34.256 D/Finsky  ( 2438): [142] 1.packageInstalled: Package install status for "com.pdanet" is 1
06-25 20:00:34.296 D/Finsky  ( 2438): [1] InstallerImpl.kick: Installer kick null - starting jp.gungho.pad
06-25 20:00:34.306 W/Service ( 1703): mClassName= com.google.android.gmstoInt= 400313326
06-25 20:00:34.306 D/PackageBroadcastService( 1703): Received broadcast action=android.intent.action.PACKAGE_REPLACED and uri=com.pdanet
06-25 20:00:34.346 I/PeopleContactsSync( 1703): CP2 sync disabled
06-25 20:00:34.346 W/Service ( 1703): mClassName= com.google.android.gmstoInt= 400313326
06-25 20:00:34.386 W/Service ( 2414): mClassName= com.google.android.gsf.logintoInt= -2125384850
06-25 20:00:34.396 W/Service ( 1703): mClassName= com.google.android.gmstoInt= 400313326
06-25 20:00:34.396 W/Service ( 1703): mClassName= com.google.android.gmstoInt= 400313326
06-25 20:00:34.936 I/qtaguid ( 2438): Failed write_ctrl(u 53) res=-1 errno=22
06-25 20:00:34.936 I/qtaguid ( 2438): Untagging socket 53 failed errno=-22
06-25 20:00:34.936 W/NetworkManagementSocketTagger( 2438): untagSocket(53) failed with errno -22
06-25 20:00:36.326 I/wpa_supplicant( 1453): [CTRL_IFACE]wlan0: SIGNAL_POLL
06-25 20:00:39.326 I/wpa_supplicant( 1453): [CTRL_IFACE]wlan0: SIGNAL_POLL
06-25 20:00:40.776 I/ActivityManager( 1340): No longer want com.twitter.android (pid 2642): hidden #16
06-25 20:00:41.176 D/dalvikvm( 1340): WAIT_FOR_CONCURRENT_GC blocked 0ms
06-25 20:00:41.266 D/dalvikvm( 1340): GC_EXPLICIT freed 311K, 22% free 11174K/14279K, paused 4ms+8ms, total 91ms
06-25 20:00:41.336 D/dalvikvm( 1703): GC_CONCURRENT freed 352K, 10% free 7639K/8455K, paused 2ms+4ms, total 40ms
06-25 20:00:42.336 I/wpa_supplicant( 1453): [CTRL_IFACE]wlan0: SIGNAL_POLL
06-25 20:00:42.406 D/Finsky  ( 2438): [1] DownloadImpl.setState: jp.gungho.pad from null to UNQUEUED.
06-25 20:00:42.406 D/Finsky  ( 2438): [1] DownloadQueueImpl.add: Download jp.gungho.pad added to DownloadQueue
06-25 20:00:42.406 D/Finsky  ( 2438): [1] DownloadImpl.setState: jp.gungho.pad from UNQUEUED to QUEUED.
06-25 20:00:42.406 I/installd( 1057): free_cache(12793180) avail 209588224
06-25 20:00:42.406 D/Volley  ( 2438): [1] Request.finish: 8102 ms: [ ] https://android.clients.google.com/fdfe/delivery?doc=jp.gungho.pad&ot=1&st=EJrzqp0F%0A&vc=6530&bvc=6520&pf=1&pf=2&ch=KEp5UCeEQdOu6Ifs4MegPW2LDhM 0xe8d195d1 NORMAL 7
06-25 20:00:42.416 D/Finsky  ( 2438): [1] DownloadQueueImpl.startDownload: Download jp.gungho.pad starting
06-25 20:00:42.446 W/Service ( 1608): mClassName= com.android.providers.downloadstoInt= -336739181
06-25 20:00:42.456 D/Finsky  ( 2438): [128] 7.run: Enqueued jp.gungho.pad as content://downloads/my_downloads/198
06-25 20:00:42.456 D/Finsky  ( 2438): [1] DownloadImpl.setState: jp.gungho.pad from QUEUED to DOWNLOADING.
06-25 20:00:42.456 D/Finsky  ( 2438): [1] DownloadQueueImpl.onStart: jp.gungho.pad: onStart
06-25 20:00:42.466 D/Finsky  ( 2438): [1] DownloadQueueImpl.notifyProgress: jp.gungho.pad: onProgress 0/-1 Status: 190.
06-25 20:00:42.516 I/DownloadManager( 1608): Initiating request for download 198
06-25 20:00:42.536 D/Finsky  ( 2438): [1] DownloadQueueImpl.notifyProgress: jp.gungho.pad: onProgress 0/-1 Status: 192.
06-25 20:00:43.006 I/DownloadManager( 1608): Initiating request for download 198
06-25 20:00:43.256 D/dalvikvm( 1703): GC_CONCURRENT freed 442K, 10% free 7662K/8455K, paused 3ms+2ms, total 39ms
06-25 20:00:45.136 D/dalvikvm( 1703): GC_CONCURRENT freed 506K, 10% free 7671K/8519K, paused 13ms+4ms, total 57ms
06-25 20:00:45.336 I/wpa_supplicant( 1453): [CTRL_IFACE]wlan0: SIGNAL_POLL
06-25 20:00:47.346 D/dalvikvm( 1608): GC_CONCURRENT freed 318K, 11% free 6465K/7239K, paused 2ms+13ms, total 33ms
06-25 20:00:47.346 W/DrmManagerClient( 1608): You should have called release()
06-25 20:00:48.336 I/wpa_supplicant( 1453): [CTRL_IFACE]wlan0: SIGNAL_POLL
06-25 20:00:49.036 W/Service ( 2438): mClassName= com.android.vendingtoInt= 1483848391
06-25 20:00:49.236 D/dalvikvm( 2438): GC_CONCURRENT freed 926K, 14% free 9843K/11335K, paused 5ms+19ms, total 105ms
06-25 20:00:49.306 W/Service ( 2414): mClassName= com.google.android.gsf.logintoInt= -2125384850
06-25 20:00:49.386 W/Service ( 3010): mClassName= com.pathtoInt= -1078496038
06-25 20:00:49.466 D/dalvikvm( 3010): GC_CONCURRENT freed 598K, 10% free 7992K/8839K, paused 5ms+4ms, total 53ms
06-25 20:00:49.466 D/dalvikvm( 3010): WAIT_FOR_CONCURRENT_GC blocked 13ms
06-25 20:00:49.616 D/dalvikvm( 1608): WAIT_FOR_CONCURRENT_GC blocked 0ms
06-25 20:00:49.656 D/dalvikvm( 1608): GC_EXPLICIT freed 193K, 12% free 6377K/7239K, paused 3ms+4ms, total 40ms
06-25 20:00:49.716 D/dalvikvm( 1483): GC_CONCURRENT freed 11026K, 58% free 8389K/19719K, paused 4ms+9ms, total 62ms
06-25 20:00:49.966 I/qtaguid ( 2438): Failed write_ctrl(u 53) res=-1 errno=22
06-25 20:00:49.966 I/qtaguid ( 2438): Untagging socket 53 failed errno=-22
06-25 20:00:49.966 W/NetworkManagementSocketTagger( 2438): untagSocket(53) failed with errno -22
06-25 20:00:49.976 D/Finsky  ( 2438): [1] 5.onFinished: Installation state replication succeeded.
06-25 20:00:49.976 W/Service ( 2438): mClassName= com.android.vendingtoInt= 1483848391
06-25 20:00:51.346 I/wpa_supplicant( 1453): [CTRL_IFACE]wlan0: SIGNAL_POLL
06-25 20:00:52.276 I/qtaguid ( 1608): Failed write_ctrl(u 48) res=-1 errno=22
06-25 20:00:52.276 I/qtaguid ( 1608): Untagging socket 48 failed errno=-22
06-25 20:00:52.276 W/NetworkManagementSocketTagger( 1608): untagSocket(48) failed with errno -22
06-25 20:00:54.346 I/wpa_supplicant( 1453): [CTRL_IFACE]wlan0: SIGNAL_POLL
06-25 20:00:55.546 D/Finsky  ( 2438): [1] DownloadBroadcastReceiver.onReceive: Intent received at DownloadBroadcastReceiver
06-25 20:00:55.556 D/Finsky  ( 2438): [1] DownloadQueueImpl.notifyProgress: jp.gungho.pad: onProgress 12793180/12793180 Status: 200.
06-25 20:00:55.556 D/Finsky  ( 2438): [1] DownloadImpl.setState: jp.gungho.pad from DOWNLOADING to SUCCESS.
06-25 20:00:55.566 D/Finsky  ( 2438): [1] DownloadQueueImpl.onComplete: jp.gungho.pad: onComplete
06-25 20:00:55.566 D/Finsky  ( 2438): [1] DownloadQueueImpl.remove: Download jp.gungho.pad removed from DownloadQueue
06-25 20:00:55.566 W/Service ( 1608): mClassName= com.android.providers.downloadstoInt= -336739181
06-25 20:00:55.566 I/installd( 1057): free_cache(0) avail 196792320
06-25 20:00:57.346 I/wpa_supplicant( 1453): [CTRL_IFACE]wlan0: SIGNAL_POLL
06-25 20:01:00.356 I/wpa_supplicant( 1453): [CTRL_IFACE]wlan0: SIGNAL_POLL
06-25 20:01:03.356 I/wpa_supplicant( 1453): [CTRL_IFACE]wlan0: SIGNAL_POLL
06-25 20:01:06.356 I/wpa_supplicant( 1453): [CTRL_IFACE]wlan0: SIGNAL_POLL
06-25 20:01:09.366 I/wpa_supplicant( 1453): [CTRL_IFACE]wlan0: SIGNAL_POLL
06-25 20:01:12.366 I/wpa_supplicant( 1453): [CTRL_IFACE]wlan0: SIGNAL_POLL
06-25 20:01:14.566 D/Finsky  ( 2438): [1] 6.onPostExecute: Successfully applied patch to update jp.gungho.pad
06-25 20:01:15.366 I/wpa_supplicant( 1453): [CTRL_IFACE]wlan0: SIGNAL_POLL
06-25 20:01:16.166 W/Service ( 2778): mClassName= com.android.defcontainertoInt= -1613770802
06-25 20:01:16.166 W/ActivityManager( 1340): No content provider found for permission revoke: file:///data/data/com.android.vending/cache/patches/jp.gungho.pad972124641.apk
06-25 20:01:18.376 I/wpa_supplicant( 1453): [CTRL_IFACE]wlan0: SIGNAL_POLL
06-25 20:01:21.376 I/wpa_supplicant( 1453): [CTRL_IFACE]wlan0: SIGNAL_POLL
06-25 20:01:24.376 I/wpa_supplicant( 1453): [CTRL_IFACE]wlan0: SIGNAL_POLL
06-25 20:01:26.346 W/ActivityManager( 1340): No content provider found for permission revoke: file:///data/data/com.android.vending/cache/patches/jp.gungho.pad972124641.apk
06-25 20:01:26.346 W/PackageManager( 1340): processPendingInstall called
06-25 20:01:27.386 I/wpa_supplicant( 1453): [CTRL_IFACE]wlan0: SIGNAL_POLL
06-25 20:01:28.206 I/BluetoothService( 1340): ACTION_BATTERY_CHANGED pluggedType: 2
06-25 20:01:28.206 D/EthernetService( 1340): Intent.ACTION_BATTERY_CHANGED
06-25 20:01:29.156 I/PackageManager( 1340): Removing non-system package:jp.gungho.pad
06-25 20:01:29.156 I/ActivityManager( 1340): Force stopping package jp.gungho.pad uid=10060
06-25 20:01:29.236 D/dalvikvm( 1340): GC_CONCURRENT freed 978K, 20% free 11481K/14279K, paused 4ms+10ms, total 83ms
06-25 20:01:29.236 D/dalvikvm( 1340): WAIT_FOR_CONCURRENT_GC blocked 49ms
06-25 20:01:30.386 I/wpa_supplicant( 1453): [CTRL_IFACE]wlan0: SIGNAL_POLL
06-25 20:01:33.386 I/wpa_supplicant( 1453): [CTRL_IFACE]wlan0: SIGNAL_POLL
06-25 20:01:36.396 I/wpa_supplicant( 1453): [CTRL_IFACE]wlan0: SIGNAL_POLL
06-25 20:01:39.396 I/wpa_supplicant( 1453): [CTRL_IFACE]wlan0: SIGNAL_POLL
06-25 20:01:42.396 I/wpa_supplicant( 1453): [CTRL_IFACE]wlan0: SIGNAL_POLL
06-25 20:01:45.406 I/wpa_supplicant( 1453): [CTRL_IFACE]wlan0: SIGNAL_POLL
06-25 20:01:48.406 I/wpa_supplicant( 1453): [CTRL_IFACE]wlan0: SIGNAL_POLL
06-25 20:01:51.406 I/wpa_supplicant( 1453): [CTRL_IFACE]wlan0: SIGNAL_POLL
06-25 20:01:51.576 V/hoge    ( 2800): you can do it1
06-25 20:01:51.576 D/AndroidRuntime( 2800): Shutting down VM
06-25 20:01:51.576 W/dalvikvm( 2800): threadid=1: thread exiting with uncaught exception (group=0x40b0c300)
06-25 20:01:52.056 E/AndroidRuntime( 2800): FATAL EXCEPTION: main
06-25 20:01:52.056 E/AndroidRuntime( 2800): java.lang.ClassCastException: org.dom.Item cannot be cast to java.lang.String
06-25 20:01:52.056 E/AndroidRuntime( 2800): 	at org.dom.MainActivity$1.onItemClick(MainActivity.java:69)
06-25 20:01:52.056 E/AndroidRuntime( 2800): 	at android.widget.AdapterView.performItemClick(AdapterView.java:298)
06-25 20:01:52.056 E/AndroidRuntime( 2800): 	at android.widget.AbsListView.performItemClick(AbsListView.java:1086)
06-25 20:01:52.056 E/AndroidRuntime( 2800): 	at android.widget.AbsListView$PerformClick.run(AbsListView.java:2855)
06-25 20:01:52.056 E/AndroidRuntime( 2800): 	at android.widget.AbsListView$1.run(AbsListView.java:3529)
06-25 20:01:52.056 E/AndroidRuntime( 2800): 	at android.os.Handler.handleCallback(Handler.java:615)
06-25 20:01:52.056 E/AndroidRuntime( 2800): 	at android.os.Handler.dispatchMessage(Handler.java:92)
06-25 20:01:52.056 E/AndroidRuntime( 2800): 	at android.os.Looper.loop(Looper.java:137)
06-25 20:01:52.056 E/AndroidRuntime( 2800): 	at android.app.ActivityThread.main(ActivityThread.java:4746)
06-25 20:01:52.056 E/AndroidRuntime( 2800): 	at java.lang.reflect.Method.invokeNative(Native Method)
06-25 20:01:52.056 E/AndroidRuntime( 2800): 	at java.lang.reflect.Method.invoke(Method.java:511)
06-25 20:01:52.056 E/AndroidRuntime( 2800): 	at com.android.internal.os.ZygoteInit$MethodAndArgsCaller.run(ZygoteInit.java:917)
06-25 20:01:52.056 E/AndroidRuntime( 2800): 	at com.android.internal.os.ZygoteInit.main(ZygoteInit.java:684)
06-25 20:01:52.056 E/AndroidRuntime( 2800): 	at dalvik.system.NativeStart.main(Native Method)
06-25 20:01:54.416 I/wpa_supplicant( 1453): [CTRL_IFACE]wlan0: SIGNAL_POLL
06-25 20:02:03.226 I/PackageManager( 1340): Package jp.gungho.pad codePath changed from /data/app/jp.gungho.pad-1.apk to /data/app/jp.gungho.pad-2.apk; Retaining data and using new
06-25 20:02:03.236 W/ActivityManager( 1340):   Force finishing activity org.dom/.MainActivity
06-25 20:02:03.246 I/InputDispatcher( 1340): Window 'Window{41494f78 SystemBar paused=false}' spent 5468.4ms processing the last input event: MotionEvent(action=0, deviceId=1, source=0x00001002)
06-25 20:02:03.246 I/InputDispatcher( 1340): Window 'Window{41494f78 SystemBar paused=false}' spent 5438.2ms processing the last input event: MotionEvent(action=2, deviceId=1, source=0x00001002)
06-25 20:02:03.246 I/InputDispatcher( 1340): Window 'Window{41494f78 SystemBar paused=false}' spent 5406.4ms processing the last input event: MotionEvent(action=2, deviceId=1, source=0x00001002)
06-25 20:02:03.256 I/InputDispatcher( 1340): Window 'Window{41494f78 SystemBar paused=false}' spent 5322.8ms processing the last input event: MotionEvent(action=1, deviceId=1, source=0x00001002)
06-25 20:02:03.266 I/Choreographer( 1483): Skipped 328 frames!  The application may be doing too much work on its main thread.
06-25 20:02:03.326 I/ActivityManager( 1340): START {act=android.intent.action.MAIN cat=[android.intent.category.HOME] flg=0x10200000 cmp=com.android.launcher/com.android.launcher2.Launcher u=0} from pid 1340
06-25 20:02:03.326 I/ActivityManager( 1340): START {act=android.intent.action.MAIN cat=[android.intent.category.HOME] flg=0x10200000 cmp=com.android.launcher/com.android.launcher2.Launcher u=0} from pid 1340
06-25 20:02:03.336 I/PackageManager( 1340): Running dexopt on: jp.gungho.pad
06-25 20:02:03.756 W/ActivityManager( 1340): Activity pause timeout for ActivityRecord{418bd520 org.dom/.MainActivity}
06-25 20:02:03.786 D/dalvikvm( 1594): WAIT_FOR_CONCURRENT_GC blocked 0ms
06-25 20:02:03.856 D/dalvikvm( 1594): GC_EXPLICIT freed 823K, 34% free 22131K/33095K, paused 7ms+10ms, total 74ms
06-25 20:02:04.546 D/dalvikvm( 1594): GC_FOR_ALLOC freed 157K, 34% free 21975K/33095K, paused 30ms, total 30ms
06-25 20:02:04.556 I/dalvikvm-heap( 1594): Grow heap (frag case) to 25.374MB for 3850256-byte allocation
06-25 20:02:04.626 W/PackageManager( 1340): Code path for pkg : jp.gungho.pad changing from /data/app/jp.gungho.pad-1.apk to /data/app/jp.gungho.pad-2.apk
06-25 20:02:04.626 W/PackageManager( 1340): Resource path for pkg : jp.gungho.pad changing from /data/app/jp.gungho.pad-1.apk to /data/app/jp.gungho.pad-2.apk
06-25 20:02:04.636 D/dalvikvm( 1594): GC_CONCURRENT freed 0K, 23% free 25735K/33095K, paused 15ms+12ms, total 82ms
06-25 20:02:04.636 D/dalvikvm( 1594): WAIT_FOR_CONCURRENT_GC blocked 67ms
06-25 20:02:04.636 I/ActivityManager( 1340): Force stopping package jp.gungho.pad uid=10060
06-25 20:02:04.706 I/Choreographer( 1594): Skipped 54 frames!  The application may be doing too much work on its main thread.
06-25 20:02:04.816 D/PackageManager( 1340): New package installed in /data/app/jp.gungho.pad-2.apk
06-25 20:02:05.656 I/installd( 1057): free_cache(107096880) avail 104247296
06-25 20:02:05.656 E/installd( 1057): Couldn't openat cache: No such file or directory
06-25 20:02:05.666 E/installd( 1057): Couldn't openat cache: No such file or directory
06-25 20:02:05.666 E/installd( 1057): Couldn't openat cache: No such file or directory
06-25 20:02:05.666 E/installd( 1057): Couldn't openat cache: No such file or directory
06-25 20:02:05.666 E/installd( 1057): Couldn't openat cache: No such file or directory
06-25 20:02:05.676 E/installd( 1057): Couldn't openat cache: No such file or directory
06-25 20:02:05.686 I/Process ( 2800): Sending signal. PID: 2800 SIG: 9
06-25 20:02:05.686 E/installd( 1057): Couldn't openat cache: No such file or directory
06-25 20:02:05.686 E/installd( 1057): Couldn't openat cache: No such file or directory
06-25 20:02:05.696 E/installd( 1057): Couldn't openat cache: No such file or directory
06-25 20:02:05.696 E/installd( 1057): Couldn't openat cache: No such file or directory
06-25 20:02:05.696 E/installd( 1057): Couldn't openat cache: No such file or directory
06-25 20:02:05.696 E/installd( 1057): Couldn't openat cache: No such file or directory
06-25 20:02:05.706 I/WindowState( 1340): WIN DEATH: Window{4159b488 org.dom/org.dom.MainActivity paused=false}
06-25 20:02:05.706 I/ActivityManager( 1340): Process org.dom (pid 2800) has died.
06-25 20:02:05.736 E/installd( 1057): Couldn't openat cache: No such file or directory
06-25 20:02:05.746 E/installd( 1057): Couldn't openat cache: No such file or directory
06-25 20:02:05.746 E/installd( 1057): Couldn't openat cache: No such file or directory
06-25 20:02:05.756 E/installd( 1057): Couldn't openat cache: No such file or directory
06-25 20:02:05.756 E/installd( 1057): Couldn't openat cache: No such file or directory
06-25 20:02:05.766 E/installd( 1057): Couldn't openat cache: No such file or directory
06-25 20:02:05.766 E/installd( 1057): Couldn't openat cache: No such file or directory
06-25 20:02:05.786 E/installd( 1057): Couldn't openat cache: No such file or directory
06-25 20:02:05.786 E/installd( 1057): Couldn't openat cache: No such file or directory
06-25 20:02:05.796 E/installd( 1057): Couldn't openat cache: No such file or directory
06-25 20:02:05.796 E/BufferQueue( 1051): [com.android.launcher/com.android.launcher2.Launcher] dequeueBuffer: can't dequeue multiple buffers without setting the buffer count
06-25 20:02:05.846 I/ActivityManager( 1340): Force stopping package jp.gungho.pad uid=10060
06-25 20:02:05.866 D/dalvikvm( 1673): WAIT_FOR_CONCURRENT_GC blocked 0ms
06-25 20:02:05.866 W/InputMethodManagerService( 1340): Got RemoteException sending setActive(false) notification to pid 2800 uid 10068
06-25 20:02:05.926 I/InputReader( 1340): Reconfiguring input devices.  changes=0x00000010
06-25 20:02:05.976 D/dalvikvm( 1673): GC_EXPLICIT freed 267K, 10% free 6366K/7047K, paused 12ms+10ms, total 107ms
06-25 20:02:05.986 I/InputReader( 1340): Reconfiguring input devices.  changes=0x00000010
06-25 20:02:06.036 D/dalvikvm( 1340): WAIT_FOR_CONCURRENT_GC blocked 0ms
06-25 20:02:06.196 I/dalvikvm( 1340): Jit: resizing JitTable from 8192 to 16384
06-25 20:02:06.196 D/dalvikvm( 1340): GC_EXPLICIT freed 1232K, 22% free 11215K/14279K, paused 5ms+9ms, total 168ms
06-25 20:02:06.266 D/PackageManager( 1340): generateServicesMap(android.accounts.AccountAuthenticator): 9 services unchanged
06-25 20:02:06.326 I/wpa_supplicant( 1453): [CTRL_IFACE]wlan0: SIGNAL_POLL
06-25 20:02:06.846 I/Choreographer( 1594): Skipped 57 frames!  The application may be doing too much work on its main thread.
06-25 20:02:06.916 W/Service ( 2815): mClassName= com.android.keychaintoInt= 1500172648
06-25 20:02:06.936 W/Service ( 2833): mClassName= com.android.musicfxtoInt= -917159941
06-25 20:02:06.996 D/PackageManager( 1340): generateServicesMap(android.content.SyncAdapter): 19 services unchanged
06-25 20:02:06.996 D/AlarmManager( 1340): overriden alarm callingpackages[0] com.android.vending
06-25 20:02:07.006 D/BackupManagerService( 1340): Received broadcast Intent { act=android.intent.action.PACKAGE_REMOVED dat=package:jp.gungho.pad flg=0x8000010 (has extras) }
06-25 20:02:07.016 D/PackageManager( 1340): generateServicesMap(android.accounts.AccountAuthenticator): 9 services unchanged
06-25 20:02:07.016 D/Finsky  ( 2438): [111] 1.packageInstalled: Package install status for "jp.gungho.pad" is 1
06-25 20:02:07.026 D/PackageManager( 1340): generateServicesMap(android.content.SyncAdapter): 19 services unchanged
06-25 20:02:07.026 D/BackupManagerService( 1340): Received broadcast Intent { act=android.intent.action.PACKAGE_ADDED dat=package:jp.gungho.pad flg=0x8000010 (has extras) }
06-25 20:02:07.026 V/BackupManagerService( 1340): removePackageParticipantsLocked: uid=10060 #1
06-25 20:02:07.106 V/BackupManagerService( 1340): addPackageParticipantsLocked: #1
06-25 20:02:09.326 I/wpa_supplicant( 1453): [CTRL_IFACE]wlan0: SIGNAL_POLL
06-25 20:02:12.336 I/wpa_supplicant( 1453): [CTRL_IFACE]wlan0: SIGNAL_POLL
06-25 20:02:12.926 D/PackageBroadcastService( 1703): Received broadcast action=android.intent.action.PACKAGE_REMOVED and uri=jp.gungho.pad
06-25 20:02:12.926 W/Service ( 1703): mClassName= com.google.android.gmstoInt= 400313326
06-25 20:02:12.946 D/Finsky  ( 2438): [1] InstallerImpl.kick: Installer kick null - starting com.evernote
06-25 20:02:12.946 W/Service ( 1703): mClassName= com.google.android.gmstoInt= 400313326
06-25 20:02:12.956 W/Service ( 1703): mClassName= com.google.android.gmstoInt= 400313326
06-25 20:02:15.306 W/ActivityManager( 1340): Launch timeout has expired, giving up wake lock!
06-25 20:02:15.306 W/ActivityManager( 1340): Activity idle timeout for ActivityRecord{415dc0a0 com.android.launcher/com.android.launcher2.Launcher}
06-25 20:02:15.336 W/Service ( 2414): mClassName= com.google.android.gsf.logintoInt= -2125384850
06-25 20:02:15.336 I/Choreographer( 1594): Skipped 485 frames!  The application may be doing too much work on its main thread.
06-25 20:02:15.336 I/wpa_supplicant( 1453): [CTRL_IFACE]wlan0: SIGNAL_POLL
06-25 20:02:15.346 W/Service ( 2833): mClassName= com.android.musicfxtoInt= -917159941
06-25 20:02:15.366 I/InternalIcingCorporaPro( 2319): Updating corpora: APPS=jp.gungho.pad, CONTACTS=MAYBE
06-25 20:02:15.376 W/Service ( 2319): mClassName= com.google.android.googlequicksearchboxtoInt= -79313952
06-25 20:02:15.396 D/AlarmManager( 1340): overriden alarm callingpackages[0] com.android.vending
06-25 20:02:15.426 I/InternalIcingCorporaPro( 2319): UpdateCorporaTask done [took 55 ms] updated apps [took 55 ms] 
06-25 20:02:15.436 D/PackageBroadcastService( 1703): Received broadcast action=android.intent.action.PACKAGE_ADDED and uri=jp.gungho.pad
06-25 20:02:15.436 W/Service ( 1703): mClassName= com.google.android.gmstoInt= 400313326
06-25 20:02:15.476 W/Service ( 1703): mClassName= com.google.android.gmstoInt= 400313326
06-25 20:02:15.476 I/PeopleContactsSync( 1703): CP2 sync disabled
06-25 20:02:15.476 W/Service ( 1703): mClassName= com.google.android.gmstoInt= 400313326
06-25 20:02:15.486 W/Service ( 1703): mClassName= com.google.android.gmstoInt= 400313326
06-25 20:02:15.496 W/Service ( 2833): mClassName= com.android.musicfxtoInt= -917159941
06-25 20:02:15.516 D/PackageBroadcastService( 1703): Received broadcast action=android.intent.action.PACKAGE_REPLACED and uri=jp.gungho.pad
06-25 20:02:15.516 W/Service ( 1703): mClassName= com.google.android.gmstoInt= 400313326
06-25 20:02:15.516 D/dalvikvm( 1594): GC_CONCURRENT freed 5308K, 33% free 22448K/33095K, paused 33ms+8ms, total 86ms
06-25 20:02:15.516 D/dalvikvm( 1594): WAIT_FOR_CONCURRENT_GC blocked 45ms
06-25 20:02:15.516 D/dalvikvm( 1594): WAIT_FOR_CONCURRENT_GC blocked 35ms
06-25 20:02:15.526 W/Service ( 1703): mClassName= com.google.android.gmstoInt= 400313326
06-25 20:02:15.536 I/PeopleContactsSync( 1703): CP2 sync disabled
06-25 20:02:15.536 W/Service ( 1703): mClassName= com.google.android.gmstoInt= 400313326
06-25 20:02:15.556 W/Service ( 1703): mClassName= com.google.android.gmstoInt= 400313326
06-25 20:02:15.586 W/Service ( 1703): mClassName= com.google.android.gmstoInt= 400313326
06-25 20:02:15.606 W/Service ( 1703): mClassName= com.google.android.gmstoInt= 400313326
06-25 20:02:15.686 D/dalvikvm( 1594): GC_CONCURRENT freed 612K, 29% free 23785K/33095K, paused 13ms+7ms, total 52ms
06-25 20:02:15.686 D/dalvikvm( 1594): WAIT_FOR_CONCURRENT_GC blocked 39ms
06-25 20:02:15.686 D/dalvikvm( 1594): WAIT_FOR_CONCURRENT_GC blocked 21ms
06-25 20:02:15.726 D/dalvikvm( 1594): GC_FOR_ALLOC freed 404K, 26% free 24637K/33095K, paused 39ms, total 39ms
06-25 20:02:15.726 D/dalvikvm( 1594): WAIT_FOR_CONCURRENT_GC blocked 83ms
06-25 20:02:15.736 D/dalvikvm( 1594): WAIT_FOR_CONCURRENT_GC blocked 77ms
06-25 20:02:15.796 I/qtaguid ( 2438): Failed write_ctrl(u 53) res=-1 errno=22
06-25 20:02:15.796 I/qtaguid ( 2438): Untagging socket 53 failed errno=-22
06-25 20:02:15.796 W/NetworkManagementSocketTagger( 2438): untagSocket(53) failed with errno -22
06-25 20:02:15.816 D/dalvikvm( 1594): GC_CONCURRENT freed 28K, 20% free 26649K/33095K, paused 2ms+9ms, total 60ms
06-25 20:02:15.816 D/dalvikvm( 1594): WAIT_FOR_CONCURRENT_GC blocked 34ms
06-25 20:02:15.816 D/dalvikvm( 1594): WAIT_FOR_CONCURRENT_GC blocked 48ms
06-25 20:02:15.996 D/dalvikvm( 1594): WAIT_FOR_CONCURRENT_GC blocked 0ms
06-25 20:02:16.056 D/dalvikvm( 1594): GC_EXPLICIT freed 3267K, 24% free 25322K/33095K, paused 16ms+5ms, total 69ms
06-25 20:02:16.996 D/dalvikvm( 1594): GC_CONCURRENT freed 5165K, 34% free 22105K/33095K, paused 12ms+10ms, total 56ms
06-25 20:02:17.336 D/Finsky  ( 2438): [1] DownloadImpl.setState: com.evernote from null to UNQUEUED.
06-25 20:02:17.336 D/Finsky  ( 2438): [1] DownloadQueueImpl.add: Download com.evernote added to DownloadQueue
06-25 20:02:17.336 D/Finsky  ( 2438): [1] DownloadImpl.setState: com.evernote from UNQUEUED to QUEUED.
06-25 20:02:17.346 D/Volley  ( 2438): [1] Request.finish: 4396 ms: [ ] https://android.clients.google.com/fdfe/delivery?doc=com.evernote&ot=1&st=EJrzqp0F%0A&vc=1058503&bvc=1058403&pf=1&pf=2&ch=C0fY0h2KJKKkDEFZ6KXU1rAnryU 0xe8d195d1 NORMAL 9
06-25 20:02:17.346 I/installd( 1057): free_cache(3393134) avail 213942272
06-25 20:02:17.346 D/Finsky  ( 2438): [1] DownloadQueueImpl.startDownload: Download com.evernote starting
06-25 20:02:17.366 D/Finsky  ( 2438): [128] 7.run: Enqueued com.evernote as content://downloads/my_downloads/199
06-25 20:02:17.366 D/Finsky  ( 2438): [1] DownloadImpl.setState: com.evernote from QUEUED to DOWNLOADING.
06-25 20:02:17.366 D/Finsky  ( 2438): [1] DownloadQueueImpl.onStart: com.evernote: onStart
06-25 20:02:17.376 W/Service ( 1608): mClassName= com.android.providers.downloadstoInt= -336739181
06-25 20:02:17.416 D/Finsky  ( 2438): [1] DownloadQueueImpl.notifyProgress: com.evernote: onProgress 0/-1 Status: 190.
06-25 20:02:17.446 I/DownloadManager( 1608): Initiating request for download 199
06-25 20:02:17.446 D/Finsky  ( 2438): [1] DownloadQueueImpl.notifyProgress: com.evernote: onProgress 0/-1 Status: 192.
06-25 20:02:17.956 I/DownloadManager( 1608): Initiating request for download 199
06-25 20:02:18.216 D/dalvikvm( 1608): GC_CONCURRENT freed 318K, 11% free 6465K/7239K, paused 12ms+3ms, total 32ms
06-25 20:02:18.306 I/DownloadManager( 1608): Initiating request for download 199
06-25 20:02:18.346 I/wpa_supplicant( 1453): [CTRL_IFACE]wlan0: SIGNAL_POLL
06-25 20:02:21.236 I/qtaguid ( 1608): Failed write_ctrl(u 48) res=-1 errno=22
06-25 20:02:21.236 I/qtaguid ( 1608): Untagging socket 48 failed errno=-22
06-25 20:02:21.236 W/NetworkManagementSocketTagger( 1608): untagSocket(48) failed with errno -22
06-25 20:02:21.346 I/wpa_supplicant( 1453): [CTRL_IFACE]wlan0: SIGNAL_POLL
06-25 20:02:23.056 D/Finsky  ( 2438): [1] DownloadBroadcastReceiver.onReceive: Intent received at DownloadBroadcastReceiver
06-25 20:02:23.076 D/Finsky  ( 2438): [1] DownloadQueueImpl.notifyProgress: com.evernote: onProgress 3393134/3393134 Status: 200.
06-25 20:02:23.086 D/Finsky  ( 2438): [1] DownloadImpl.setState: com.evernote from DOWNLOADING to SUCCESS.
06-25 20:02:23.086 W/Service ( 1608): mClassName= com.android.providers.downloadstoInt= -336739181
06-25 20:02:23.086 D/Finsky  ( 2438): [1] DownloadQueueImpl.onComplete: com.evernote: onComplete
06-25 20:02:23.086 D/Finsky  ( 2438): [1] DownloadQueueImpl.remove: Download com.evernote removed from DownloadQueue
06-25 20:02:23.086 I/installd( 1057): free_cache(0) avail 210546688
06-25 20:02:24.346 I/wpa_supplicant( 1453): [CTRL_IFACE]wlan0: SIGNAL_POLL
06-25 20:02:25.056 D/Finsky  ( 2438): [1] 6.onPostExecute: Successfully applied patch to update com.evernote
06-25 20:02:25.876 W/Service ( 2778): mClassName= com.android.defcontainertoInt= -1613770802
