--------- beginning of /dev/log/system
06-07 07:51:33.280 I/Vold    ( 1046): Vold 2.1 (the revenge) firing up
06-07 07:51:33.320 D/Vold    ( 1046): Volume flash state changing -1 (Initializing) -> 0 (No-Media)
06-07 07:51:33.320 D/Vold    ( 1046): Volume sdcard state changing -1 (Initializing) -> 0 (No-Media)
06-07 07:51:33.320 D/Vold    ( 1046): Volume uhost state changing -1 (Initializing) -> 0 (No-Media)
06-07 07:51:33.380 D/Vold    ( 1046): Volume flash state changing 0 (No-Media) -> 1 (Idle-Unmounted)
06-07 07:51:33.400 D/Vold    ( 1046): Volume sdcard state changing 0 (No-Media) -> 2 (Pending)
06-07 07:51:33.400 D/Vold    ( 1046): Volume sdcard state changing 2 (Pending) -> 1 (Idle-Unmounted)
06-07 07:51:40.410 D/SystemServer( 1271): SystemServer starting...
06-07 07:51:40.410 D/SystemServer( 1271): load android servers library...
06-07 07:51:40.500 D/SystemServer( 1271): start init1...
06-07 07:51:41.940 I/SystemServer( 1271): Entered the Android system server!
06-07 07:51:41.940 I/SystemServer( 1271): Entropy Mixer
06-07 07:51:42.690 I/SystemServer( 1271): Power Manager
06-07 07:51:42.700 I/SystemServer( 1271): Activity Manager
06-07 07:51:42.720 I/ActivityManager( 1271): Memory class: 64
06-07 07:51:42.870 I/SystemServer( 1271): Telephony Registry
06-07 07:51:42.870 I/SystemServer( 1271): Scheduling Policy
06-07 07:51:42.880 I/SystemServer( 1271): Package Manager
06-07 07:51:44.260 W/PackageParser( 1271): No actions in intent filter at /system/app/Bluetooth.apk Binary XML file line #159
06-07 07:51:44.680 W/PackageParser( 1271): No actions in intent filter at /system/app/Contacts.apk Binary XML file line #532
06-07 07:51:47.100 W/PackageParser( 1271): No actions in intent filter at /system/app/performancepolicy.apk Binary XML file line #19
06-07 07:51:47.290 I/Installer( 1271): connecting...
06-07 07:51:48.960 W/PackageParser( 1271): No actions in intent filter at /data/app/com.amazon.kindle-2.apk Binary XML file line #226
06-07 07:51:48.970 W/PackageManager( 1271): Package com.amazon.kindle desires unavailable shared library com.amazon.webview; ignoring!
06-07 07:51:48.970 W/PackageManager( 1271): Package com.amazon.kindle desires unavailable shared library com.amazon.dcp.contracts; ignoring!
06-07 07:51:48.970 W/PackageManager( 1271): Package com.amazon.kindle desires unavailable shared library com.amazon.dcp.contracts.framework; ignoring!
06-07 07:51:48.970 W/PackageManager( 1271): Package com.amazon.kindle desires unavailable shared library com.amazon.client.metrics.api; ignoring!
06-07 07:51:50.290 W/PackageParser( 1271): Unknown element under <manifest>: meta-data at /data/app/com.evernote-2.apk Binary XML file line #62
06-07 07:51:50.290 W/PackageParser( 1271): Unknown element under <manifest>: meta-data at /data/app/com.evernote-2.apk Binary XML file line #65
06-07 07:51:50.300 W/PackageParser( 1271): Unknown element under <application>: enable-feature at /data/app/com.evernote-2.apk Binary XML file line #79
06-07 07:51:50.360 W/PackageManager( 1271): Package com.evernote desires unavailable shared library com.sonymobile.camera.addon.api; ignoring!
06-07 07:51:50.950 W/PackageParser( 1271): Unknown element under <application>: enable-feature at /data/app/com.facebook.katana-2.apk Binary XML file line #140
06-07 07:51:51.730 W/PackageManager( 1271): Package com.adobe.reader desires unavailable shared library com.sec.android.app.multiwindow; ignoring!
06-07 07:51:53.990 W/PackageManager( 1271): Package com.google.android.gms desires unavailable shared library com.android.media.remotedisplay; ignoring!
06-07 07:51:53.990 W/PackageManager( 1271): Package com.google.android.gms desires unavailable shared library com.google.android.ble; ignoring!
06-07 07:52:00.390 W/PackageParser( 1271): Unknown element under <manifest>: supports-gl-texture at /data/app/com.instagram.android-1.apk Binary XML file line #29
06-07 07:52:00.600 I/PackageManager( 1271): Time to scan packages: 16.604 seconds
06-07 07:52:00.600 W/PackageManager( 1271): Unknown permission android.permission.ADD_SYSTEM_SERVICE in package com.android.phone
06-07 07:52:00.600 W/PackageManager( 1271): Unknown permission com.skt.aom.permission.AOM_RECEIVE in package jp.naver.line.android
06-07 07:52:00.600 W/PackageManager( 1271): Unknown permission com.kddi.market.permission.USE_ALML in package jp.naver.line.android
06-07 07:52:00.610 W/PackageManager( 1271): Unknown permission com.android.vending.billing.IBillingAccountService.BIND2 in package com.google.android.gsf.login
06-07 07:52:00.610 W/PackageManager( 1271): Not granting permission android.permission.SEND_DOWNLOAD_COMPLETED_INTENTS to package com.android.browser (protectionLevel=2 flags=0x9be45)
06-07 07:52:00.610 W/PackageManager( 1271): Unknown permission android.permission.INTERACT_ACROSS_USERS in package com.google.android.gms
06-07 07:52:00.610 W/PackageManager( 1271): Unknown permission android.permission.RECOVERY in package com.google.android.gms
06-07 07:52:00.610 W/PackageManager( 1271): Unknown permission android.permission.READ_DREAM_STATE in package com.google.android.gms
06-07 07:52:00.610 W/PackageManager( 1271): Unknown permission android.permission.RECEIVE_DATA_ACTIVITY_CHANGE in package com.google.android.gms
06-07 07:52:00.610 W/PackageManager( 1271): Unknown permission android.permission.LOCATION_HARDWARE in package com.google.android.gms
06-07 07:52:00.610 W/PackageManager( 1271): Unknown permission android.permission.GET_APP_OPS_STATS in package com.google.android.gms
06-07 07:52:00.610 W/PackageManager( 1271): Unknown permission android.permission.UPDATE_APP_OPS_STATS in package com.google.android.gms
06-07 07:52:00.610 W/PackageManager( 1271): Unknown permission android.permission.CAPTURE_AUDIO_HOTWORD in package com.google.android.gms
06-07 07:52:00.610 W/PackageManager( 1271): Unknown permission com.google.android.hangouts.START_HANGOUT in package com.google.android.gms
06-07 07:52:00.610 W/PackageManager( 1271): Unknown permission android.permission.ACCESS_NETWORK_CONDITIONS in package com.google.android.gms
06-07 07:52:00.610 W/PackageManager( 1271): Unknown permission android.permission.MANAGE_DEVICE_ADMINS in package com.google.android.gms
06-07 07:52:00.610 W/PackageManager( 1271): Not granting permission android.permission.MODIFY_PHONE_STATE to package com.google.android.gms (protectionLevel=18 flags=0x83e44)
06-07 07:52:00.610 W/PackageManager( 1271): Not granting permission android.permission.MANAGE_USB to package com.google.android.gms (protectionLevel=18 flags=0x83e44)
06-07 07:52:00.610 W/PackageManager( 1271): Not granting permission android.permission.CALL_PRIVILEGED to package com.google.android.gms (protectionLevel=18 flags=0x83e44)
06-07 07:52:00.610 W/PackageManager( 1271): Unknown permission android.permission.BLUETOOTH_PRIVILEGED in package com.google.android.gms
06-07 07:52:00.610 W/PackageManager( 1271): Unknown permission android.permission.CAPTURE_AUDIO_OUTPUT in package com.google.android.gms
06-07 07:52:00.610 W/PackageManager( 1271): Unknown permission android.permission.CAPTURE_VIDEO_OUTPUT in package com.google.android.gms
06-07 07:52:00.620 W/PackageManager( 1271): Unknown permission android.permission.CAPTURE_SECURE_VIDEO_OUTPUT in package com.google.android.gms
06-07 07:52:00.620 W/PackageManager( 1271): Not granting permission android.permission.READ_FRAME_BUFFER to package com.google.android.gms (protectionLevel=18 flags=0x83e44)
06-07 07:52:00.620 W/PackageManager( 1271): Unknown permission com.google.android.wearable.READ_SETTINGS in package com.google.android.gms
06-07 07:52:00.620 W/PackageManager( 1271): Unknown permission com.sonymobile.permission.CAMERA_ADDON in package com.evernote
06-07 07:52:00.620 W/PackageManager( 1271): Unknown permission com.amazon.dcp.sso.permission.AMAZON_ACCOUNT_PROPERTY in package com.amazon.kindle
06-07 07:52:00.630 W/PackageManager( 1271): Unknown permission com.amazon.dcp.metrics.permission.METRICS_PERMISSION in package com.amazon.kindle
06-07 07:52:00.630 W/PackageManager( 1271): Unknown permission com.amazon.dcp.config.permission.DYN_CONFIG_VALUES_UPDATED in package com.amazon.kindle
06-07 07:52:00.630 W/PackageManager( 1271): Unknown permission com.amazon.dcp.settings.permission.READ_SETTINGS in package com.amazon.kindle
06-07 07:52:00.630 W/PackageManager( 1271): Unknown permission com.amazon.identity.permission.GENERIC_IPC in package com.amazon.kindle
06-07 07:52:00.630 W/PackageManager( 1271): Unknown permission com.amazon.dcp.sso.permission.USE_DEVICE_CREDENTIALS in package com.amazon.kindle
06-07 07:52:00.630 W/PackageManager( 1271): Unknown permission com.amazon.dcp.sso.permission.EXPIRE_ACCESS_TOKEN in package com.amazon.kindle
06-07 07:52:00.630 W/PackageManager( 1271): Unknown permission com.amazon.dcp.sso.permission.MANAGE_COR_PFM in package com.amazon.kindle
06-07 07:52:00.630 W/PackageManager( 1271): Unknown permission com.amazon.dcp.sso.permission.CUSTOMER_ATTRIBUTE_SERVICE in package com.amazon.kindle
06-07 07:52:00.630 W/PackageManager( 1271): Unknown permission amazon.permission.COLLECT_METRICS in package com.amazon.kindle
06-07 07:52:00.630 W/PackageManager( 1271): Not granting permission android.permission.SET_ORIENTATION to package com.path (protectionLevel=2 flags=0x8bc44)
06-07 07:52:00.630 W/PackageManager( 1271): Unknown permission com.facebook.orca.provider.ACCESS in package com.facebook.katana
06-07 07:52:00.630 W/PackageManager( 1271): Unknown permission com.amazon.device.messaging.permission.RECEIVE in package com.facebook.katana
06-07 07:52:00.630 W/PackageManager( 1271): Unknown permission com.sec.android.provider.badge.permission.READ in package com.facebook.katana
06-07 07:52:00.630 W/PackageManager( 1271): Unknown permission com.sec.android.provider.badge.permission.WRITE in package com.facebook.katana
06-07 07:52:00.630 W/PackageManager( 1271): Unknown permission com.htc.launcher.permission.READ_SETTINGS in package com.facebook.katana
06-07 07:52:00.630 W/PackageManager( 1271): Unknown permission com.htc.launcher.permission.UPDATE_SHORTCUT in package com.facebook.katana
06-07 07:52:00.630 W/PackageManager( 1271): Unknown permission com.sonyericsson.home.permission.BROADCAST_BADGE in package com.facebook.katana
06-07 07:52:00.630 W/PackageManager( 1271): Unknown permission com.google.android.voicesearch.SHORTCUTS_ACCESS in package com.google.android.googlequicksearchbox
06-07 07:52:00.630 W/PackageManager( 1271): Unknown permission com.google.android.ears.permission.WRITE in package com.google.android.googlequicksearchbox
06-07 07:52:00.630 W/PackageManager( 1271): Unknown permission android.permission.MEDIA_CONTENT_CONTROL in package com.google.android.googlequicksearchbox
06-07 07:52:00.630 W/PackageManager( 1271): Unknown permission com.google.googlenav.friend.permission.OPT_IN in package com.google.android.googlequicksearchbox
06-07 07:52:00.630 W/PackageManager( 1271): Unknown permission com.google.android.apps.maps.permission.PREFETCH in package com.google.android.googlequicksearchbox
06-07 07:52:00.630 W/PackageManager( 1271): Unknown permission com.google.android.apps.googlevoice.permission.AUTO_SEND in package com.google.android.googlequicksearchbox
06-07 07:52:00.630 W/PackageManager( 1271): Unknown permission android.permission.CAPTURE_AUDIO_HOTWORD in package com.google.android.googlequicksearchbox
06-07 07:52:00.630 W/PackageManager( 1271): Not granting permission android.permission.STOP_APP_SWITCHES to package com.google.android.googlequicksearchbox (protectionLevel=18 flags=0x1bbec5)
06-07 07:52:00.630 W/PackageManager( 1271): Not granting permission android.permission.STATUS_BAR to package com.google.android.googlequicksearchbox (protectionLevel=18 flags=0x1bbec5)
06-07 07:52:00.630 W/PackageManager( 1271): Unknown permission com.google.android.launcher.permission.CONTENT_REDIRECT in package com.google.android.googlequicksearchbox
06-07 07:52:00.630 W/PackageManager( 1271): Not granting permission android.permission.BIND_APPWIDGET to package com.google.android.googlequicksearchbox (protectionLevel=18 flags=0x1bbec5)
06-07 07:52:00.630 W/PackageManager( 1271): Not granting permission android.permission.SEND_DOWNLOAD_COMPLETED_INTENTS to package com.android.vending (protectionLevel=2 flags=0xabec5)
06-07 07:52:00.630 W/PackageManager( 1271): Unknown permission android.permission.MANAGE_USERS in package com.android.vending
06-07 07:52:00.630 W/PackageManager( 1271): Unknown permission android.permission.INTERACT_ACROSS_USERS in package com.android.vending
06-07 07:52:00.630 W/PackageManager( 1271): Not granting permission android.permission.WRITE_SECURE_SETTINGS to package com.android.vending (protectionLevel=50 flags=0xabec5)
06-07 07:52:00.630 W/PackageManager( 1271): Not granting permission android.permission.FORCE_STOP_PACKAGES to package com.android.vending (protectionLevel=2 flags=0xabec5)
06-07 07:52:00.630 W/PackageManager( 1271): Unknown permission android.webkit.permission.PLUGIN in package com.adobe.flashplayer
06-07 07:52:00.640 W/PackageManager( 1271): Unknown permission com.estrongs.android.pop.PERMISSION in package com.estrongs.android.pop
06-07 07:52:00.640 W/PackageManager( 1271): Not granting permission android.permission.DEVICE_POWER to package com.android.deskclock (protectionLevel=2 flags=0x8be45)
06-07 07:52:00.640 W/PackageManager( 1271): Unknown permission com.chrome.permission.DEVICE_EXTRAS in package com.android.chrome
06-07 07:52:00.640 W/PackageManager( 1271): Unknown permission com.sec.enterprise.knox.MDM_CONTENT_PROVIDER in package com.android.chrome
06-07 07:52:01.560 I/SystemServer( 1271): Account Manager
06-07 07:52:01.890 I/SystemServer( 1271): Content Manager
06-07 07:52:01.990 I/SystemServer( 1271): System Content Providers
06-07 07:52:02.060 I/SystemServer( 1271): Lights Service
06-07 07:52:02.060 I/SystemServer( 1271): Battery Service
06-07 07:52:02.090 I/SystemServer( 1271): Vibrator Service
06-07 07:52:02.110 I/SystemServer( 1271): Alarm Manager
06-07 07:52:02.120 I/SystemServer( 1271): Init Watchdog
06-07 07:52:02.120 I/SystemServer( 1271): Window Manager
06-07 07:52:02.130 I/InputManager( 1271): Initializing input manager
06-07 07:52:02.140 W/StatusBarManager( 1271): warning: no STATUS_BAR_SERVICE
06-07 07:52:02.250 W/WindowManager( 1271): send ACTION_HDMI_PLUGGED broadcast
06-07 07:52:02.260 I/InputManager( 1271): Starting input manager
06-07 07:52:02.270 I/SystemServer( 1271): Bluetooth Service
06-07 07:52:03.040 I/SystemServer( 1271): Input Method Service
06-07 07:52:03.040 W/InputMethodManagerService( 1271): Couldn't create dir.: /data/system/inputmethod
06-07 07:52:03.130 I/SystemServer( 1271): Accessibility Manager
06-07 07:52:03.130 I/ActivityManager( 1271): Config changed: {1.0 0mcc0mnc ja_JP sw800dp w1280dp h752dp xlrg land ?uimode ?night -touch -keyb/v/h -nav/h s.2}
06-07 07:52:03.130 I/SystemServer( 1271): Mount Service
06-07 07:52:03.140 D/MountService( 1271): got storage path: /mnt/sdcard description: USBストレージ primary: true removable: false emulated: false mtpReserve: 0 allowMassStorage: true maxFileSize: 0
06-07 07:52:03.140 D/MountService( 1271): got storage path: /mnt/sd-ext description: SDカード primary: false removable: true emulated: false mtpReserve: 0 allowMassStorage: true maxFileSize: 0
06-07 07:52:03.140 D/MountService( 1271): got storage path: /mnt/uhost description: Usb Disk primary: false removable: true emulated: false mtpReserve: 0 allowMassStorage: false maxFileSize: 0
06-07 07:52:03.140 I/SystemServer( 1271): LockSettingsService
06-07 07:52:03.140 I/SystemServer( 1271): Device Policy
06-07 07:52:03.140 I/SystemServer( 1271): Status Bar
06-07 07:52:03.140 I/SystemServer( 1271): Clipboard Service
06-07 07:52:03.140 I/SystemServer( 1271): NetworkManagement Service
06-07 07:52:03.150 I/SystemServer( 1271): Text Service Manager Service
06-07 07:52:03.150 I/SystemServer( 1271): NetworkStats Service
06-07 07:52:03.160 I/SystemServer( 1271): NetworkPolicy Service
06-07 07:52:03.160 I/SystemServer( 1271): Wi-Fi P2pService
06-07 07:52:03.170 D/VoldCmdListener( 1046): volume list
06-07 07:52:03.170 I/SystemServer( 1271): Wi-Fi Service
--------- beginning of /dev/log/system
06-07 07:51:33.280 I/Vold    ( 1046): Vold 2.1 (the revenge) firing up
06-07 07:51:33.320 D/Vold    ( 1046): Volume flash state changing -1 (Initializing) -> 0 (No-Media)
06-07 07:51:33.320 D/Vold    ( 1046): Volume sdcard state changing -1 (Initializing) -> 0 (No-Media)
06-07 07:51:33.320 D/Vold    ( 1046): Volume uhost state changing -1 (Initializing) -> 0 (No-Media)
06-07 07:51:33.380 D/Vold    ( 1046): Volume flash state changing 0 (No-Media) -> 1 (Idle-Unmounted)
06-07 07:51:33.400 D/Vold    ( 1046): Volume sdcard state changing 0 (No-Media) -> 2 (Pending)
06-07 07:51:33.400 D/Vold    ( 1046): Volume sdcard state changing 2 (Pending) -> 1 (Idle-Unmounted)
06-07 07:51:40.410 D/SystemServer( 1271): SystemServer starting...
06-07 07:51:40.410 D/SystemServer( 1271): load android servers library...
06-07 07:51:40.500 D/SystemServer( 1271): start init1...
06-07 07:51:41.940 I/SystemServer( 1271): Entered the Android system server!
06-07 07:51:41.940 I/SystemServer( 1271): Entropy Mixer
06-07 07:51:42.690 I/SystemServer( 1271): Power Manager
06-07 07:51:42.700 I/SystemServer( 1271): Activity Manager
06-07 07:51:42.720 I/ActivityManager( 1271): Memory class: 64
06-07 07:51:42.870 I/SystemServer( 1271): Telephony Registry
06-07 07:51:42.870 I/SystemServer( 1271): Scheduling Policy
06-07 07:51:42.880 I/SystemServer( 1271): Package Manager
06-07 07:51:44.260 W/PackageParser( 1271): No actions in intent filter at /system/app/Bluetooth.apk Binary XML file line #159
06-07 07:51:44.680 W/PackageParser( 1271): No actions in intent filter at /system/app/Contacts.apk Binary XML file line #532
06-07 07:51:47.100 W/PackageParser( 1271): No actions in intent filter at /system/app/performancepolicy.apk Binary XML file line #19
06-07 07:51:47.290 I/Installer( 1271): connecting...
06-07 07:51:48.960 W/PackageParser( 1271): No actions in intent filter at /data/app/com.amazon.kindle-2.apk Binary XML file line #226
06-07 07:51:48.970 W/PackageManager( 1271): Package com.amazon.kindle desires unavailable shared library com.amazon.webview; ignoring!
06-07 07:51:48.970 W/PackageManager( 1271): Package com.amazon.kindle desires unavailable shared library com.amazon.dcp.contracts; ignoring!
06-07 07:51:48.970 W/PackageManager( 1271): Package com.amazon.kindle desires unavailable shared library com.amazon.dcp.contracts.framework; ignoring!
06-07 07:51:48.970 W/PackageManager( 1271): Package com.amazon.kindle desires unavailable shared library com.amazon.client.metrics.api; ignoring!
06-07 07:51:50.290 W/PackageParser( 1271): Unknown element under <manifest>: meta-data at /data/app/com.evernote-2.apk Binary XML file line #62
06-07 07:51:50.290 W/PackageParser( 1271): Unknown element under <manifest>: meta-data at /data/app/com.evernote-2.apk Binary XML file line #65
06-07 07:51:50.300 W/PackageParser( 1271): Unknown element under <application>: enable-feature at /data/app/com.evernote-2.apk Binary XML file line #79
06-07 07:51:50.360 W/PackageManager( 1271): Package com.evernote desires unavailable shared library com.sonymobile.camera.addon.api; ignoring!
06-07 07:51:50.950 W/PackageParser( 1271): Unknown element under <application>: enable-feature at /data/app/com.facebook.katana-2.apk Binary XML file line #140
06-07 07:51:51.730 W/PackageManager( 1271): Package com.adobe.reader desires unavailable shared library com.sec.android.app.multiwindow; ignoring!
06-07 07:51:53.990 W/PackageManager( 1271): Package com.google.android.gms desires unavailable shared library com.android.media.remotedisplay; ignoring!
06-07 07:51:53.990 W/PackageManager( 1271): Package com.google.android.gms desires unavailable shared library com.google.android.ble; ignoring!
06-07 07:52:00.390 W/PackageParser( 1271): Unknown element under <manifest>: supports-gl-texture at /data/app/com.instagram.android-1.apk Binary XML file line #29
06-07 07:52:00.600 I/PackageManager( 1271): Time to scan packages: 16.604 seconds
06-07 07:52:00.600 W/PackageManager( 1271): Unknown permission android.permission.ADD_SYSTEM_SERVICE in package com.android.phone
06-07 07:52:00.600 W/PackageManager( 1271): Unknown permission com.skt.aom.permission.AOM_RECEIVE in package jp.naver.line.android
06-07 07:52:00.600 W/PackageManager( 1271): Unknown permission com.kddi.market.permission.USE_ALML in package jp.naver.line.android
06-07 07:52:00.610 W/PackageManager( 1271): Unknown permission com.android.vending.billing.IBillingAccountService.BIND2 in package com.google.android.gsf.login
06-07 07:52:00.610 W/PackageManager( 1271): Not granting permission android.permission.SEND_DOWNLOAD_COMPLETED_INTENTS to package com.android.browser (protectionLevel=2 flags=0x9be45)
06-07 07:52:00.610 W/PackageManager( 1271): Unknown permission android.permission.INTERACT_ACROSS_USERS in package com.google.android.gms
06-07 07:52:00.610 W/PackageManager( 1271): Unknown permission android.permission.RECOVERY in package com.google.android.gms
06-07 07:52:00.610 W/PackageManager( 1271): Unknown permission android.permission.READ_DREAM_STATE in package com.google.android.gms
06-07 07:52:00.610 W/PackageManager( 1271): Unknown permission android.permission.RECEIVE_DATA_ACTIVITY_CHANGE in package com.google.android.gms
06-07 07:52:00.610 W/PackageManager( 1271): Unknown permission android.permission.LOCATION_HARDWARE in package com.google.android.gms
06-07 07:52:00.610 W/PackageManager( 1271): Unknown permission android.permission.GET_APP_OPS_STATS in package com.google.android.gms
06-07 07:52:00.610 W/PackageManager( 1271): Unknown permission android.permission.UPDATE_APP_OPS_STATS in package com.google.android.gms
06-07 07:52:00.610 W/PackageManager( 1271): Unknown permission android.permission.CAPTURE_AUDIO_HOTWORD in package com.google.android.gms
06-07 07:52:00.610 W/PackageManager( 1271): Unknown permission com.google.android.hangouts.START_HANGOUT in package com.google.android.gms
06-07 07:52:00.610 W/PackageManager( 1271): Unknown permission android.permission.ACCESS_NETWORK_CONDITIONS in package com.google.android.gms
06-07 07:52:00.610 W/PackageManager( 1271): Unknown permission android.permission.MANAGE_DEVICE_ADMINS in package com.google.android.gms
06-07 07:52:00.610 W/PackageManager( 1271): Not granting permission android.permission.MODIFY_PHONE_STATE to package com.google.android.gms (protectionLevel=18 flags=0x83e44)
06-07 07:52:00.610 W/PackageManager( 1271): Not granting permission android.permission.MANAGE_USB to package com.google.android.gms (protectionLevel=18 flags=0x83e44)
06-07 07:52:00.610 W/PackageManager( 1271): Not granting permission android.permission.CALL_PRIVILEGED to package com.google.android.gms (protectionLevel=18 flags=0x83e44)
06-07 07:52:00.610 W/PackageManager( 1271): Unknown permission android.permission.BLUETOOTH_PRIVILEGED in package com.google.android.gms
06-07 07:52:00.610 W/PackageManager( 1271): Unknown permission android.permission.CAPTURE_AUDIO_OUTPUT in package com.google.android.gms
06-07 07:52:00.610 W/PackageManager( 1271): Unknown permission android.permission.CAPTURE_VIDEO_OUTPUT in package com.google.android.gms
06-07 07:52:00.620 W/PackageManager( 1271): Unknown permission android.permission.CAPTURE_SECURE_VIDEO_OUTPUT in package com.google.android.gms
06-07 07:52:00.620 W/PackageManager( 1271): Not granting permission android.permission.READ_FRAME_BUFFER to package com.google.android.gms (protectionLevel=18 flags=0x83e44)
06-07 07:52:00.620 W/PackageManager( 1271): Unknown permission com.google.android.wearable.READ_SETTINGS in package com.google.android.gms
06-07 07:52:00.620 W/PackageManager( 1271): Unknown permission com.sonymobile.permission.CAMERA_ADDON in package com.evernote
06-07 07:52:00.620 W/PackageManager( 1271): Unknown permission com.amazon.dcp.sso.permission.AMAZON_ACCOUNT_PROPERTY in package com.amazon.kindle
06-07 07:52:00.630 W/PackageManager( 1271): Unknown permission com.amazon.dcp.metrics.permission.METRICS_PERMISSION in package com.amazon.kindle
06-07 07:52:00.630 W/PackageManager( 1271): Unknown permission com.amazon.dcp.config.permission.DYN_CONFIG_VALUES_UPDATED in package com.amazon.kindle
06-07 07:52:00.630 W/PackageManager( 1271): Unknown permission com.amazon.dcp.settings.permission.READ_SETTINGS in package com.amazon.kindle
06-07 07:52:00.630 W/PackageManager( 1271): Unknown permission com.amazon.identity.permission.GENERIC_IPC in package com.amazon.kindle
06-07 07:52:00.630 W/PackageManager( 1271): Unknown permission com.amazon.dcp.sso.permission.USE_DEVICE_CREDENTIALS in package com.amazon.kindle
06-07 07:52:00.630 W/PackageManager( 1271): Unknown permission com.amazon.dcp.sso.permission.EXPIRE_ACCESS_TOKEN in package com.amazon.kindle
06-07 07:52:00.630 W/PackageManager( 1271): Unknown permission com.amazon.dcp.sso.permission.MANAGE_COR_PFM in package com.amazon.kindle
06-07 07:52:00.630 W/PackageManager( 1271): Unknown permission com.amazon.dcp.sso.permission.CUSTOMER_ATTRIBUTE_SERVICE in package com.amazon.kindle
06-07 07:52:00.630 W/PackageManager( 1271): Unknown permission amazon.permission.COLLECT_METRICS in package com.amazon.kindle
06-07 07:52:00.630 W/PackageManager( 1271): Not granting permission android.permission.SET_ORIENTATION to package com.path (protectionLevel=2 flags=0x8bc44)
06-07 07:52:00.630 W/PackageManager( 1271): Unknown permission com.facebook.orca.provider.ACCESS in package com.facebook.katana
06-07 07:52:00.630 W/PackageManager( 1271): Unknown permission com.amazon.device.messaging.permission.RECEIVE in package com.facebook.katana
06-07 07:52:00.630 W/PackageManager( 1271): Unknown permission com.sec.android.provider.badge.permission.READ in package com.facebook.katana
06-07 07:52:00.630 W/PackageManager( 1271): Unknown permission com.sec.android.provider.badge.permission.WRITE in package com.facebook.katana
06-07 07:52:00.630 W/PackageManager( 1271): Unknown permission com.htc.launcher.permission.READ_SETTINGS in package com.facebook.katana
06-07 07:52:00.630 W/PackageManager( 1271): Unknown permission com.htc.launcher.permission.UPDATE_SHORTCUT in package com.facebook.katana
06-07 07:52:00.630 W/PackageManager( 1271): Unknown permission com.sonyericsson.home.permission.BROADCAST_BADGE in package com.facebook.katana
06-07 07:52:00.630 W/PackageManager( 1271): Unknown permission com.google.android.voicesearch.SHORTCUTS_ACCESS in package com.google.android.googlequicksearchbox
06-07 07:52:00.630 W/PackageManager( 1271): Unknown permission com.google.android.ears.permission.WRITE in package com.google.android.googlequicksearchbox
06-07 07:52:00.630 W/PackageManager( 1271): Unknown permission android.permission.MEDIA_CONTENT_CONTROL in package com.google.android.googlequicksearchbox
06-07 07:52:00.630 W/PackageManager( 1271): Unknown permission com.google.googlenav.friend.permission.OPT_IN in package com.google.android.googlequicksearchbox
06-07 07:52:00.630 W/PackageManager( 1271): Unknown permission com.google.android.apps.maps.permission.PREFETCH in package com.google.android.googlequicksearchbox
06-07 07:52:00.630 W/PackageManager( 1271): Unknown permission com.google.android.apps.googlevoice.permission.AUTO_SEND in package com.google.android.googlequicksearchbox
06-07 07:52:00.630 W/PackageManager( 1271): Unknown permission android.permission.CAPTURE_AUDIO_HOTWORD in package com.google.android.googlequicksearchbox
06-07 07:52:00.630 W/PackageManager( 1271): Not granting permission android.permission.STOP_APP_SWITCHES to package com.google.android.googlequicksearchbox (protectionLevel=18 flags=0x1bbec5)
06-07 07:52:00.630 W/PackageManager( 1271): Not granting permission android.permission.STATUS_BAR to package com.google.android.googlequicksearchbox (protectionLevel=18 flags=0x1bbec5)
06-07 07:52:00.630 W/PackageManager( 1271): Unknown permission com.google.android.launcher.permission.CONTENT_REDIRECT in package com.google.android.googlequicksearchbox
06-07 07:52:00.630 W/PackageManager( 1271): Not granting permission android.permission.BIND_APPWIDGET to package com.google.android.googlequicksearchbox (protectionLevel=18 flags=0x1bbec5)
06-07 07:52:00.630 W/PackageManager( 1271): Not granting permission android.permission.SEND_DOWNLOAD_COMPLETED_INTENTS to package com.android.vending (protectionLevel=2 flags=0xabec5)
06-07 07:52:00.630 W/PackageManager( 1271): Unknown permission android.permission.MANAGE_USERS in package com.android.vending
06-07 07:52:00.630 W/PackageManager( 1271): Unknown permission android.permission.INTERACT_ACROSS_USERS in package com.android.vending
06-07 07:52:00.630 W/PackageManager( 1271): Not granting permission android.permission.WRITE_SECURE_SETTINGS to package com.android.vending (protectionLevel=50 flags=0xabec5)
06-07 07:52:00.630 W/PackageManager( 1271): Not granting permission android.permission.FORCE_STOP_PACKAGES to package com.android.vending (protectionLevel=2 flags=0xabec5)
06-07 07:52:00.630 W/PackageManager( 1271): Unknown permission android.webkit.permission.PLUGIN in package com.adobe.flashplayer
06-07 07:52:00.640 W/PackageManager( 1271): Unknown permission com.estrongs.android.pop.PERMISSION in package com.estrongs.android.pop
06-07 07:52:00.640 W/PackageManager( 1271): Not granting permission android.permission.DEVICE_POWER to package com.android.deskclock (protectionLevel=2 flags=0x8be45)
06-07 07:52:00.640 W/PackageManager( 1271): Unknown permission com.chrome.permission.DEVICE_EXTRAS in package com.android.chrome
06-07 07:52:00.640 W/PackageManager( 1271): Unknown permission com.sec.enterprise.knox.MDM_CONTENT_PROVIDER in package com.android.chrome
06-07 07:52:01.560 I/SystemServer( 1271): Account Manager
06-07 07:52:01.890 I/SystemServer( 1271): Content Manager
06-07 07:52:01.990 I/SystemServer( 1271): System Content Providers
06-07 07:52:02.060 I/SystemServer( 1271): Lights Service
06-07 07:52:02.060 I/SystemServer( 1271): Battery Service
06-07 07:52:02.090 I/SystemServer( 1271): Vibrator Service
06-07 07:52:02.110 I/SystemServer( 1271): Alarm Manager
06-07 07:52:02.120 I/SystemServer( 1271): Init Watchdog
06-07 07:52:02.120 I/SystemServer( 1271): Window Manager
06-07 07:52:02.130 I/InputManager( 1271): Initializing input manager
06-07 07:52:02.140 W/StatusBarManager( 1271): warning: no STATUS_BAR_SERVICE
06-07 07:52:02.250 W/WindowManager( 1271): send ACTION_HDMI_PLUGGED broadcast
06-07 07:52:02.260 I/InputManager( 1271): Starting input manager
06-07 07:52:02.270 I/SystemServer( 1271): Bluetooth Service
06-07 07:52:03.040 I/SystemServer( 1271): Input Method Service
06-07 07:52:03.040 W/InputMethodManagerService( 1271): Couldn't create dir.: /data/system/inputmethod
06-07 07:52:03.130 I/SystemServer( 1271): Accessibility Manager
06-07 07:52:03.130 I/ActivityManager( 1271): Config changed: {1.0 0mcc0mnc ja_JP sw800dp w1280dp h752dp xlrg land ?uimode ?night -touch -keyb/v/h -nav/h s.2}
06-07 07:52:03.130 I/SystemServer( 1271): Mount Service
06-07 07:52:03.140 D/MountService( 1271): got storage path: /mnt/sdcard description: USBストレージ primary: true removable: false emulated: false mtpReserve: 0 allowMassStorage: true maxFileSize: 0
06-07 07:52:03.140 D/MountService( 1271): got storage path: /mnt/sd-ext description: SDカード primary: false removable: true emulated: false mtpReserve: 0 allowMassStorage: true maxFileSize: 0
06-07 07:52:03.140 D/MountService( 1271): got storage path: /mnt/uhost description: Usb Disk primary: false removable: true emulated: false mtpReserve: 0 allowMassStorage: false maxFileSize: 0
06-07 07:52:03.140 I/SystemServer( 1271): LockSettingsService
06-07 07:52:03.140 I/SystemServer( 1271): Device Policy
06-07 07:52:03.140 I/SystemServer( 1271): Status Bar
06-07 07:52:03.140 I/SystemServer( 1271): Clipboard Service
06-07 07:52:03.140 I/SystemServer( 1271): NetworkManagement Service
06-07 07:52:03.150 I/SystemServer( 1271): Text Service Manager Service
06-07 07:52:03.150 I/SystemServer( 1271): NetworkStats Service
06-07 07:52:03.160 I/SystemServer( 1271): NetworkPolicy Service
06-07 07:52:03.160 I/SystemServer( 1271): Wi-Fi P2pService
06-07 07:52:03.170 D/VoldCmdListener( 1046): volume list
06-07 07:52:03.170 I/SystemServer( 1271): Wi-Fi Service
06-07 07:52:03.180 D/MountService( 1271): volume state changed for /mnt/sdcard (null -> unmounted)
06-07 07:52:03.180 D/MountService( 1271): volume state changed for /mnt/sd-ext (null -> unmounted)
06-07 07:52:03.180 D/MountService( 1271): volume state changed for /mnt/uhost (null -> removed)
06-07 07:52:03.180 W/MountService( 1271): getSecureContainerList() called when storage not mounted
06-07 07:52:03.180 D/VoldCmdListener( 1046): asec list
06-07 07:52:03.200 W/MountService( 1271): getSecureContainerList() called when storage not mounted
06-07 07:52:03.200 I/ActivityManager( 1271): Config changed: {1.0 0mcc0mnc ja_JP sw800dp w1280dp h752dp xlrg land ?uimode ?night finger -keyb/v/h -nav/h s.3}
06-07 07:52:03.200 D/VoldCmdListener( 1046): asec fspath com.idisplay.virtualscreen-1
06-07 07:52:03.200 W/MountService( 1271): getSecureContainerList() called when storage not mounted
06-07 07:52:03.200 D/VoldCmdListener( 1046): asec path com.idisplay.virtualscreen-1
06-07 07:52:03.200 W/MountService( 1271): getSecureContainerList() called when storage not mounted
06-07 07:52:03.210 W/MountService( 1271): getSecureContainerList() called when storage not mounted
06-07 07:52:03.210 D/VoldCmdListener( 1046): asec mount com.idisplay.virtualscreen-1 {} 1000
06-07 07:52:03.220 I/SystemServer( 1271): Ethernet Service
06-07 07:52:03.220 I/SystemServer( 1271): Connectivity Service
06-07 07:52:03.220 D/ConnectivityService( 1271): ConnectivityService starting up
06-07 07:52:03.230 I/EthernetManager( 1271): Init Ethernet Manager, service: com.android.server.EthernetService@41ddc200
06-07 07:52:03.240 I/WifiService( 1271): WifiService starting up with Wi-Fi enabled
06-07 07:52:03.240 D/WifiService( 1271): setWifiEnabled: true pid=1271, uid=1000
06-07 07:52:03.240 I/SystemServer( 1271): Network Service Discovery Service
06-07 07:52:03.250 D/NsdService( 1271): Network service discovery enabled true
06-07 07:52:03.250 I/SystemServer( 1271): Throttle Service
06-07 07:52:03.250 I/SystemServer( 1271): UpdateLock Service
06-07 07:52:03.370 W/MountService( 1271): getSecureContainerList() called when storage not mounted
06-07 07:52:03.370 D/VoldCmdListener( 1046): asec path com.idisplay.virtualscreen-1
06-07 07:52:03.490 I/PackageManager( 1271): Linking native library dir for /mnt/asec/com.idisplay.virtualscreen-1/pkg.apk
06-07 07:52:03.500 W/MountService( 1271): getSecureContainerList() called when storage not mounted
06-07 07:52:03.500 D/VoldCmdListener( 1046): asec fixperms com.idisplay.virtualscreen-1 10067 pkg.apk
06-07 07:52:03.540 W/MountService( 1271): getSecureContainerList() called when storage not mounted
06-07 07:52:03.540 W/PackageManager( 1271): Unknown permission android.permission.ADD_SYSTEM_SERVICE in package com.android.phone
06-07 07:52:03.540 W/PackageManager( 1271): Unknown permission com.skt.aom.permission.AOM_RECEIVE in package jp.naver.line.android
06-07 07:52:03.540 W/PackageManager( 1271): Unknown permission com.kddi.market.permission.USE_ALML in package jp.naver.line.android
06-07 07:52:03.540 W/PackageManager( 1271): Unknown permission com.android.vending.billing.IBillingAccountService.BIND2 in package com.google.android.gsf.login
06-07 07:52:03.540 W/PackageManager( 1271): Not granting permission android.permission.SEND_DOWNLOAD_COMPLETED_INTENTS to package com.android.browser (protectionLevel=2 flags=0x9be45)
06-07 07:52:03.540 W/PackageManager( 1271): Unknown permission android.permission.INTERACT_ACROSS_USERS in package com.google.android.gms
06-07 07:52:03.540 W/PackageManager( 1271): Unknown permission android.permission.RECOVERY in package com.google.android.gms
06-07 07:52:03.540 W/PackageManager( 1271): Unknown permission android.permission.READ_DREAM_STATE in package com.google.android.gms
06-07 07:52:03.540 W/PackageManager( 1271): Unknown permission android.permission.RECEIVE_DATA_ACTIVITY_CHANGE in package com.google.android.gms
06-07 07:52:03.550 W/PackageManager( 1271): Unknown permission android.permission.LOCATION_HARDWARE in package com.google.android.gms
06-07 07:52:03.550 W/PackageManager( 1271): Unknown permission android.permission.GET_APP_OPS_STATS in package com.google.android.gms
06-07 07:52:03.550 W/PackageManager( 1271): Unknown permission android.permission.UPDATE_APP_OPS_STATS in package com.google.android.gms
06-07 07:52:03.550 W/PackageManager( 1271): Unknown permission android.permission.CAPTURE_AUDIO_HOTWORD in package com.google.android.gms
06-07 07:52:03.550 W/PackageManager( 1271): Unknown permission com.google.android.hangouts.START_HANGOUT in package com.google.android.gms
06-07 07:52:03.550 W/PackageManager( 1271): Unknown permission android.permission.ACCESS_NETWORK_CONDITIONS in package com.google.android.gms
06-07 07:52:03.550 W/PackageManager( 1271): Unknown permission android.permission.MANAGE_DEVICE_ADMINS in package com.google.android.gms
06-07 07:52:03.550 W/PackageManager( 1271): Not granting permission android.permission.MODIFY_PHONE_STATE to package com.google.android.gms (protectionLevel=18 flags=0x83e44)
06-07 07:52:03.550 W/PackageManager( 1271): Not granting permission android.permission.MANAGE_USB to package com.google.android.gms (protectionLevel=18 flags=0x83e44)
06-07 07:52:03.550 W/PackageManager( 1271): Not granting permission android.permission.CALL_PRIVILEGED to package com.google.android.gms (protectionLevel=18 flags=0x83e44)
06-07 07:52:03.550 W/PackageManager( 1271): Unknown permission android.permission.BLUETOOTH_PRIVILEGED in package com.google.android.gms
06-07 07:52:03.550 W/PackageManager( 1271): Unknown permission android.permission.CAPTURE_AUDIO_OUTPUT in package com.google.android.gms
06-07 07:52:03.550 W/PackageManager( 1271): Unknown permission android.permission.CAPTURE_VIDEO_OUTPUT in package com.google.android.gms
06-07 07:52:03.550 W/PackageManager( 1271): Unknown permission android.permission.CAPTURE_SECURE_VIDEO_OUTPUT in package com.google.android.gms
06-07 07:52:03.550 W/PackageManager( 1271): Not granting permission android.permission.READ_FRAME_BUFFER to package com.google.android.gms (protectionLevel=18 flags=0x83e44)
06-07 07:52:03.550 W/PackageManager( 1271): Unknown permission com.google.android.wearable.READ_SETTINGS in package com.google.android.gms
06-07 07:52:03.550 W/PackageManager( 1271): Unknown permission com.sonymobile.permission.CAMERA_ADDON in package com.evernote
06-07 07:52:03.550 W/PackageManager( 1271): Unknown permission com.amazon.dcp.sso.permission.AMAZON_ACCOUNT_PROPERTY in package com.amazon.kindle
06-07 07:52:03.550 W/PackageManager( 1271): Unknown permission com.amazon.dcp.metrics.permission.METRICS_PERMISSION in package com.amazon.kindle
06-07 07:52:03.550 W/PackageManager( 1271): Unknown permission com.amazon.dcp.config.permission.DYN_CONFIG_VALUES_UPDATED in package com.amazon.kindle
06-07 07:52:03.550 W/PackageManager( 1271): Unknown permission com.amazon.dcp.settings.permission.READ_SETTINGS in package com.amazon.kindle
06-07 07:52:03.550 W/PackageManager( 1271): Unknown permission com.amazon.identity.permission.GENERIC_IPC in package com.amazon.kindle
06-07 07:52:03.550 W/PackageManager( 1271): Unknown permission com.amazon.dcp.sso.permission.USE_DEVICE_CREDENTIALS in package com.amazon.kindle
06-07 07:52:03.550 W/PackageManager( 1271): Unknown permission com.amazon.dcp.sso.permission.EXPIRE_ACCESS_TOKEN in package com.amazon.kindle
06-07 07:52:03.550 W/PackageManager( 1271): Unknown permission com.amazon.dcp.sso.permission.MANAGE_COR_PFM in package com.amazon.kindle
06-07 07:52:03.550 W/PackageManager( 1271): Unknown permission com.amazon.dcp.sso.permission.CUSTOMER_ATTRIBUTE_SERVICE in package com.amazon.kindle
06-07 07:52:03.550 W/PackageManager( 1271): Unknown permission amazon.permission.COLLECT_METRICS in package com.amazon.kindle
06-07 07:52:03.550 W/PackageManager( 1271): Not granting permission android.permission.SET_ORIENTATION to package com.path (protectionLevel=2 flags=0x8bc44)
06-07 07:52:03.550 W/PackageManager( 1271): Unknown permission com.facebook.orca.provider.ACCESS in package com.facebook.katana
06-07 07:52:03.550 W/PackageManager( 1271): Unknown permission com.amazon.device.messaging.permission.RECEIVE in package com.facebook.katana
06-07 07:52:03.550 W/PackageManager( 1271): Unknown permission com.sec.android.provider.badge.permission.READ in package com.facebook.katana
06-07 07:52:03.550 W/PackageManager( 1271): Unknown permission com.sec.android.provider.badge.permission.WRITE in package com.facebook.katana
06-07 07:52:03.550 W/PackageManager( 1271): Unknown permission com.htc.launcher.permission.READ_SETTINGS in package com.facebook.katana
06-07 07:52:03.550 W/PackageManager( 1271): Unknown permission com.htc.launcher.permission.UPDATE_SHORTCUT in package com.facebook.katana
06-07 07:52:03.550 W/PackageManager( 1271): Unknown permission com.sonyericsson.home.permission.BROADCAST_BADGE in package com.facebook.katana
06-07 07:52:03.550 W/PackageManager( 1271): Unknown permission com.google.android.voicesearch.SHORTCUTS_ACCESS in package com.google.android.googlequicksearchbox
06-07 07:52:03.550 W/PackageManager( 1271): Unknown permission com.google.android.ears.permission.WRITE in package com.google.android.googlequicksearchbox
06-07 07:52:03.550 W/PackageManager( 1271): Unknown permission android.permission.MEDIA_CONTENT_CONTROL in package com.google.android.googlequicksearchbox
06-07 07:52:03.550 W/PackageManager( 1271): Unknown permission com.google.googlenav.friend.permission.OPT_IN in package com.google.android.googlequicksearchbox
06-07 07:52:03.550 W/PackageManager( 1271): Unknown permission com.google.android.apps.maps.permission.PREFETCH in package com.google.android.googlequicksearchbox
06-07 07:52:03.550 W/PackageManager( 1271): Unknown permission com.google.android.apps.googlevoice.permission.AUTO_SEND in package com.google.android.googlequicksearchbox
06-07 07:52:03.550 W/PackageManager( 1271): Unknown permission android.permission.CAPTURE_AUDIO_HOTWORD in package com.google.android.googlequicksearchbox
06-07 07:52:03.550 W/PackageManager( 1271): Not granting permission android.permission.STOP_APP_SWITCHES to package com.google.android.googlequicksearchbox (protectionLevel=18 flags=0x1bbec5)
06-07 07:52:03.550 W/PackageManager( 1271): Not granting permission android.permission.STATUS_BAR to package com.google.android.googlequicksearchbox (protectionLevel=18 flags=0x1bbec5)
06-07 07:52:03.550 W/PackageManager( 1271): Unknown permission com.google.android.launcher.permission.CONTENT_REDIRECT in package com.google.android.googlequicksearchbox
06-07 07:52:03.550 W/PackageManager( 1271): Not granting permission android.permission.BIND_APPWIDGET to package com.google.android.googlequicksearchbox (protectionLevel=18 flags=0x1bbec5)
06-07 07:52:03.550 W/PackageManager( 1271): Not granting permission android.permission.SEND_DOWNLOAD_COMPLETED_INTENTS to package com.android.vending (protectionLevel=2 flags=0xabec5)
06-07 07:52:03.550 W/PackageManager( 1271): Unknown permission android.permission.MANAGE_USERS in package com.android.vending
06-07 07:52:03.550 W/PackageManager( 1271): Unknown permission android.permission.INTERACT_ACROSS_USERS in package com.android.vending
06-07 07:52:03.550 W/PackageManager( 1271): Not granting permission android.permission.WRITE_SECURE_SETTINGS to package com.android.vending (protectionLevel=50 flags=0xabec5)
06-07 07:52:03.550 W/PackageManager( 1271): Not granting permission android.permission.FORCE_STOP_PACKAGES to package com.android.vending (protectionLevel=2 flags=0xabec5)
06-07 07:52:03.560 W/PackageManager( 1271): Unknown permission android.webkit.permission.PLUGIN in package com.adobe.flashplayer
06-07 07:52:03.560 W/PackageManager( 1271): Not granting permission android.permission.READ_LOGS to package com.idisplay.virtualscreen (protectionLevel=50 flags=0x2018be44)
06-07 07:52:03.560 W/PackageManager( 1271): Unknown permission com.estrongs.android.pop.PERMISSION in package com.estrongs.android.pop
06-07 07:52:03.560 W/PackageManager( 1271): Not granting permission android.permission.DEVICE_POWER to package com.android.deskclock (protectionLevel=2 flags=0x8be45)
06-07 07:52:03.560 W/PackageManager( 1271): Unknown permission com.chrome.permission.DEVICE_EXTRAS in package com.android.chrome
06-07 07:52:03.560 W/PackageManager( 1271): Unknown permission com.sec.enterprise.knox.MDM_CONTENT_PROVIDER in package com.android.chrome
06-07 07:52:05.220 I/SystemServer( 1271): Notification Manager
06-07 07:52:05.220 I/SystemServer( 1271): Device Storage Monitor
06-07 07:52:05.220 I/SystemServer( 1271): Location Manager
06-07 07:52:05.220 I/SystemServer( 1271): Country Detector
06-07 07:52:05.220 I/SystemServer( 1271): Search Service
06-07 07:52:05.220 I/SystemServer( 1271): DropBox Service
06-07 07:52:05.220 I/SystemServer( 1271): Wallpaper Service
06-07 07:52:05.230 I/SystemServer( 1271): Audio Service
06-07 07:52:05.280 I/SystemServer( 1271): Dock Observer
06-07 07:52:05.280 W/DockObserver( 1271): This kernel does not have dock station support
06-07 07:52:05.280 I/SystemServer( 1271): Wired Accessory Observer
06-07 07:52:05.290 W/WiredAccessoryObserver( 1271): This kernel does not have usb audio support
06-07 07:52:05.290 I/SystemServer( 1271): USB Service
06-07 07:52:05.300 I/SystemServer( 1271): Serial Service
06-07 07:52:05.300 I/SystemServer( 1271): UI Mode Manager Service
06-07 07:52:05.310 I/SystemServer( 1271): Backup Service
06-07 07:52:05.310 V/BackupManagerService( 1271): Initializing package tracking
06-07 07:52:06.100 V/BackupManagerService( 1271): addPackageParticipantsLocked: all
06-07 07:52:06.100 V/BackupManagerService( 1271): Registering transport android/com.android.internal.backup.LocalTransport = com.android.internal.backup.LocalTransport@41e23860
06-07 07:52:06.100 V/BackupManagerService( 1271): Starting with transport android/com.android.internal.backup.LocalTransport
06-07 07:52:06.100 V/BackupManagerService( 1271): Binding to Google transport
06-07 07:52:06.110 I/BackupManagerService( 1271): Found stale backup journal, scheduling
06-07 07:52:06.110 I/BackupManagerService( 1271):   android
06-07 07:52:06.110 D/BackupManagerService( 1271): Now staging backup of android
06-07 07:52:06.120 I/BackupManagerService( 1271): Backup enabled => true
06-07 07:52:06.120 I/SystemServer( 1271): AppWidget Service
06-07 07:52:06.120 I/SystemServer( 1271): Recognition Service
06-07 07:52:06.120 I/SystemServer( 1271): DiskStats Service
06-07 07:52:06.120 I/SystemServer( 1271): SamplingProfiler Service
06-07 07:52:06.120 I/SystemServer( 1271): DisplayManager Service
06-07 07:52:06.170 I/SystemServer( 1271): NetworkTimeUpdateService
06-07 07:52:06.170 I/SystemServer( 1271): CommonTimeManagementService
06-07 07:52:06.170 I/SystemServer( 1271): CertBlacklister
06-07 07:52:06.210 D/PowerManagerService( 1271): system ready!
06-07 07:52:06.220 I/ActivityManager( 1271): Sending system update to: ComponentInfo{com.android.providers.calendar/com.android.providers.calendar.CalendarUpgradeReceiver}
06-07 07:52:06.220 I/ActivityManager( 1271): Sending system update to: ComponentInfo{com.android.providers.contacts/com.android.providers.contacts.ContactsUpgradeReceiver}
06-07 07:52:06.220 I/ActivityManager( 1271): Sending system update to: ComponentInfo{com.android.providers.media/com.android.providers.media.MediaUpgradeReceiver}
06-07 07:52:06.240 I/ActivityManager( 1271): Start proc com.android.providers.calendar for broadcast com.android.providers.calendar/.CalendarUpgradeReceiver: pid=1389 uid=10008 gids={3003, 1015, 1028}
06-07 07:52:06.260 I/ActivityManager( 1271): Launching preboot mode app: ProcessRecord{41e4d420 1389:com.android.providers.calendar/u0a8}
06-07 07:52:06.410 I/ActivityManager( 1271): Start proc android.process.acore for broadcast com.android.providers.contacts/.ContactsUpgradeReceiver: pid=1403 uid=10002 gids={3003, 1015, 1028}
06-07 07:52:06.430 I/ActivityManager( 1271): Launching preboot mode app: ProcessRecord{41e7b778 1403:android.process.acore/u0a2}
06-07 07:52:06.590 I/ActivityManager( 1271): Start proc android.process.media for broadcast com.android.providers.media/.MediaUpgradeReceiver: pid=1417 uid=10012 gids={1015, 1023, 1024, 1028, 2001, 3003, 3007}
06-07 07:52:06.610 I/ActivityManager( 1271): Launching preboot mode app: ProcessRecord{41dbb228 1417:android.process.media/u0a12}
06-07 07:52:06.670 I/ActivityManager( 1271): Writing new set of last done pre-boot receivers...
06-07 07:52:06.680 I/ActivityManager( 1271): Removing system update proc: ProcessRecord{41e4d420 1389:com.android.providers.calendar/u0a8}
06-07 07:52:06.680 I/ActivityManager( 1271): Killing proc 1389:com.android.providers.calendar/u0a8: system update done
06-07 07:52:06.680 I/ActivityManager( 1271): Removing system update proc: ProcessRecord{41e7b778 1403:android.process.acore/u0a2}
06-07 07:52:06.680 I/ActivityManager( 1271): Killing proc 1403:android.process.acore/u0a2: system update done
06-07 07:52:06.680 I/ActivityManager( 1271): Removing system update proc: ProcessRecord{41dbb228 1417:android.process.media/u0a12}
06-07 07:52:06.680 I/ActivityManager( 1271): Killing proc 1417:android.process.media/u0a12: system update done
06-07 07:52:06.680 I/ActivityManager( 1271): System now ready
06-07 07:52:06.690 I/SystemServer( 1271): Making services ready
06-07 07:52:06.690 D/SystemServer( 1271): Starting service: Intent { cmp=com.android.systemui/.SystemUIService }
06-07 07:52:06.750 I/ActivityManager( 1271): Start proc com.android.systemui for service com.android.systemui/.SystemUIService: pid=1432 uid=10044 gids={1028, 1015, 3002, 3001}
