06-05 17:26:18.530 W/ActivityManager( 1337): Unable to start service Intent { act=com.google.android.gms.analytics.service.START cmp=com.google.android.gms/.analytics.service.AnalyticsService (has extras) }: not found
06-05 17:26:18.540 W/Service ( 1522): mClassName= com.google.android.gmstoInt= 400313326
06-05 17:26:18.600 D/dalvikvm( 2179): GC_CONCURRENT freed 260K, 8% free 6583K/7111K, paused 1ms+3ms, total 23ms
06-05 17:26:18.610 D/dalvikvm( 2179): Trying to load lib /data/data/com.dropbox.android/lib/libDbxFileObserver.so 0x41504820
06-05 17:26:18.620 D/dalvikvm( 2179): Added shared lib /data/data/com.dropbox.android/lib/libDbxFileObserver.so 0x41504820
06-05 17:26:18.620 D/dalvikvm( 2179): No JNI_OnLoad found in /data/data/com.dropbox.android/lib/libDbxFileObserver.so 0x41504820, skipping init
06-05 17:26:23.540 W/GAV2    ( 2047): Thread[Service Reconnect,5,main]: Service unavailable (code=1), using local store.
06-05 17:26:23.540 W/ActivityManager( 1337): Unable to start service Intent { act=com.google.android.gms.analytics.service.START cmp=com.google.android.gms/.analytics.service.AnalyticsService (has extras) }: not found
06-05 17:26:24.320 I/GAV2    ( 2047): Thread[GAThread,5,main]: No campaign data found.
06-05 17:26:27.390 D/dalvikvm( 1658): GC_CONCURRENT freed 365K, 11% free 6817K/7623K, paused 2ms+3ms, total 26ms
06-05 17:26:27.390 W/Service ( 2179): mClassName= com.dropbox.androidtoInt= 1719984602
06-05 17:26:27.400 D/dalvikvm( 1522): GC_CONCURRENT freed 361K, 13% free 7319K/8327K, paused 3ms+3ms, total 35ms
06-05 17:26:28.420 I/EventLogService( 1658): Aggregate from 1401609668000 (log), 1401609668000 (data)
06-05 17:26:28.420 I/SystemUpdateService( 1658): acquiring wakelock
06-05 17:26:28.430 W/Service ( 1658): mClassName= com.google.android.gmstoInt= 400313326
06-05 17:26:28.430 I/SystemUpdateService( 1658): onCreate
06-05 17:26:28.440 I/SystemUpdateService( 1658): releasing wakelock
06-05 17:26:28.480 W/Service ( 1658): mClassName= com.google.android.gmstoInt= 400313326
06-05 17:26:28.480 V/AuthZen ( 1658): Received a GCM message.
06-05 17:26:28.500 I/ActivityManager( 1337): Start proc com.path for broadcast com.path/.receivers.BootReceiver: pid=2217 uid=10059 gids={3003, 1015, 1006, 1028}
06-05 17:26:28.510 W/Service ( 1658): mClassName= com.google.android.gmstoInt= 400313326
06-05 17:26:28.510 V/AuthZen ( 1658): [DefaultAuthzenGcmReceiverDelegateService] Received an Authzen GCM message.
06-05 17:26:28.520 D/AuthZen ( 1658): authzen received event: android.intent.action.BOOT_COMPLETED
06-05 17:26:28.520 W/Service ( 1658): mClassName= com.google.android.gmstoInt= 400313326
06-05 17:26:28.520 W/GCM     ( 1522): Using fallback http
06-05 17:26:28.520 E/Trace   ( 2217): error opening trace file: No such file or directory (2)
06-05 17:26:28.530 I/GoogleHttpClient( 1522): Falling back to old http client 0 java.lang.NoSuchMethodException: <init> [class android.content.Context, class java.lang.String, boolean]
06-05 17:26:28.600 I/InputReader( 1337): Reconfiguring input devices.  changes=0x00000010
06-05 17:26:28.700 D/dalvikvm( 1554): GC_CONCURRENT freed 1769K, 9% free 21486K/23559K, paused 2ms+16ms, total 64ms
06-05 17:26:28.750 D/dalvikvm( 1658): GC_CONCURRENT freed 259K, 9% free 6980K/7623K, paused 3ms+17ms, total 53ms
06-05 17:26:28.940 D/PackageManager( 1337): generateServicesMap(android.accounts.AccountAuthenticator): 9 services unchanged
06-05 17:26:28.970 D/dalvikvm( 1658): GC_CONCURRENT freed 333K, 8% free 7079K/7687K, paused 2ms+10ms, total 42ms
06-05 17:26:29.000 D/PackageManager( 1337): generateServicesMap(android.content.SyncAdapter): 19 services unchanged
06-05 17:26:29.220 D/dalvikvm( 1658): GC_CONCURRENT freed 458K, 10% free 7107K/7815K, paused 12ms+8ms, total 49ms
06-05 17:26:29.260 I/AuthZen ( 1658): Fetching signing key...
06-05 17:26:30.430 D/dalvikvm( 2217): GC_CONCURRENT freed 170K, 7% free 6373K/6791K, paused 2ms+2ms, total 22ms
06-05 17:26:30.430 D/dalvikvm( 2217): WAIT_FOR_CONCURRENT_GC blocked 8ms
06-05 17:26:32.500 W/dalvikvm( 2217): threadid=5: spin on suspend #1 threadid=1 (pcf=0)
06-05 17:26:32.570 W/dalvikvm( 2217): threadid=5: spin on suspend resolved in 1070 msec
06-05 17:26:32.660 I/GCoreUlr( 1658): Starting service, intent=Intent { act=com.google.android.location.reporting.ACTION_UPDATE_WORLD cmp=com.google.android.gms/com.google.android.location.reporting.service.DispatchingService (has extras) }, extras=Bundle[{receiverAction=android.intent.action.BOOT_COMPLETED}]
06-05 17:26:32.660 W/Service ( 1658): mClassName= com.google.android.gmstoInt= 400313326
06-05 17:26:32.660 I/GCoreUlr( 1754): WorldUpdater received intent Intent { act=com.google.android.location.reporting.ACTION_UPDATE_WORLD cmp=com.google.android.gms/com.google.android.location.reporting.service.DispatchingService (has extras) } with receiverAction android.intent.action.BOOT_COMPLETED
06-05 17:26:32.660 D/GCoreUlr( 1754): Throttling analytics event: db, clear_old:attempt, 1
06-05 17:26:32.670 W/Service ( 1658): mClassName= com.google.android.gmstoInt= 400313326
06-05 17:26:32.670 D/AlarmManager( 1337): overriden alarm callingpackages[0] com.google.android.syncadapters.contacts
06-05 17:26:35.370 D/HeartService( 1505): onStartCommand url: http://msg.simeji.baidu.jp/getmsg?id=DB593F99-B7C7-AD3F-EBFE-D63629F87261&app_ver=7.1.1&ver_code=438&os_ver=4.1.1&referrer=organic&keyboard_ja=keyboard_simeji_flick&keyboard_en=keyboard_simeji_alphabet_qwerty&flag=1&isActive=0&date=2014-06-05_17:26:35&from_ext_heartservice=0&uu_count=0&uu_success=0&uu_fail=0&uu_timeout=0&uu_host=0&uu_conn=0&uu_io=0&uu_exp=0
06-05 17:26:35.370 D/EthernetStateTracker( 1337): getLinkProperties()
06-05 17:26:35.450 V/GCMRegistrar( 2179): Is registered on server: true
06-05 17:26:35.450 V/GCMRegistrar( 2179): flag expired on: 2014-06-01 09:02:31.145
06-05 17:26:35.450 W/Service ( 2098): mClassName= com.android.vendingtoInt= 1483848391
06-05 17:26:35.460 D/GCoreUlr( 1754): Throttling analytics event: db, clear_old:attempt, 1
06-05 17:26:35.510 D/dalvikvm( 2179): GC_CONCURRENT freed 327K, 9% free 6708K/7303K, paused 13ms+12ms, total 49ms
06-05 17:26:36.200 D/GCoreUlr( 1754): Throttling analytics event: db, clear_old:attempt, 1
06-05 17:26:36.210 D/Finsky  ( 2098): [86] InAppBillingUtils.pickAccount: com.evernote: Account determined from installer data - [bg0ykFPnxyjLKjFJzDBAvrA13zU]
06-05 17:26:36.220 E/GCoreUlr( 1754): Error deleting /data/data/com.google.android.gms/files/flog
06-05 17:26:36.220 E/GCoreUlr( 1754): Error deleting /data/data/com.google.android.gms/files/flog
06-05 17:26:36.230 D/SyncManager( 1337): setIsSyncable: Account {name=shin.akiba8@gmail.com, type=com.google}, provider com.google.android.location.reporting, user 0 -> 1
06-05 17:26:36.230 D/SyncManager( 1337): setIsSyncable: already set to 1, doing nothing
06-05 17:26:36.230 D/SyncManager( 1337): setSyncAutomatically:  provider com.google.android.location.reporting, user 0 -> true
06-05 17:26:36.230 D/SyncManager( 1337): setSyncAutomatically: already set to true, doing nothing
06-05 17:26:36.250 I/GCM     ( 1522): GCM config loaded
06-05 17:26:36.270 I/AuthZen ( 1658): Signing key fetched successfuly!
06-05 17:26:36.280 I/com.dropbox.android.service.DropboxNetworkReceiver( 2179): Setting receiver enabled: true
06-05 17:26:36.310 I/com.dropbox.android.util.ae( 2179): Watching file: /mnt/sdcard/Android/data/com.dropbox.android/files/scratch/97eab429
06-05 17:26:36.310 I/com.dropbox.android.util.ae( 2179): Getting ready to upload: /mnt/sdcard/Android/data/com.dropbox.android/files/scratch/97eab429
06-05 17:26:37.390 I/com.dropbox.android.service.CameraUploadService( 2179): Starting camera upload scan...
06-05 17:26:37.830 D/GCM     ( 1522): GcmService start Intent { act=android.intent.action.BOOT_COMPLETED flg=0x10 cmp=com.google.android.gms/.gcm.GcmService } android.intent.action.BOOT_COMPLETED
06-05 17:26:37.830 W/Service ( 1522): mClassName= com.google.android.gmstoInt= 400313326
06-05 17:26:37.840 D/dalvikvm( 1658): GC_FOR_ALLOC freed 406K, 12% free 6976K/7879K, paused 28ms, total 28ms
06-05 17:26:37.840 W/Service ( 1522): mClassName= com.google.android.gmstoInt= 400313326
06-05 17:26:37.840 D/AlarmManager( 1337): overriden alarm callingpackages[0] com.google.android.syncadapters.contacts
06-05 17:26:37.840 D/AlarmManager( 1337): overriden alarm callingpackages[0] com.google.android.syncadapters.contacts
06-05 17:26:37.880 D/GCoreUlr( 1754): Throttling analytics event: db, restrict_to:attempt, 1
06-05 17:26:37.890 E/Recovery( 1522): Error while talking to recovery backend
06-05 17:26:37.890 E/Recovery( 1522): Error while updating recovery info: IOException
06-05 17:26:37.890 E/Recovery( 1522): Error while talking to server: IOException
06-05 17:26:37.900 D/GCoreUlr( 1754): Throttling analytics event: db, restrict_to:attempt, 1
06-05 17:26:37.930 D/GCoreUlr( 1754): Throttling analytics event: db, restrict_to:attempt, 1
06-05 17:26:37.940 I/GCoreUlr( 1754): Ensuring that reporting is stopped because of reasons: {account#11#=[InactiveReason{mVersionCode=0, mIdentifier=6, mName='ReportingNotSelected'}]}
06-05 17:26:37.940 D/GCoreFlp( 1754): Unknown pending intent to remove.
06-05 17:26:37.940 D/AlarmManager( 1337): overriden alarm callingpackages[0] com.google.android.syncadapters.contacts
06-05 17:26:37.950 I/GCoreUlr( 1754): Unbound from all location providers
06-05 17:26:37.990 I/com.dropbox.android.service.CameraUploadService( 2179): Finished querying providers.
06-05 17:26:37.990 I/com.dropbox.android.service.CameraUploadService( 2179): Finished camera upload scan.
06-05 17:26:38.170 I//SourceFile:26( 2217): main PERF_TIMER  CONCURRENT_WEB_REQUESTS:3 CONCURRENT_JSON_PARSE:12 CONCURRENT_RESPONSE_POST_PROCESS:12 CONCURRENT_GRAPHICS:12 SHARED_THREAD_POOL_SIZE:12 SAVED_FEED_STATE_LIMIT:9 CAN_PREFETCH_IMAGES:true MINIMUM_FEED_FETCH_LIMIT:24 PRE_CACHE_FEED_FETCH_LIMIT:48 XMPP_CONNECTION_IN_BACKGROUND_TIMEOUT:480000
06-05 17:26:38.310 D/dalvikvm( 2217): GC_CONCURRENT freed 211K, 8% free 6607K/7111K, paused 12ms+12ms, total 43ms
06-05 17:26:38.400 W/nalizableReferenceQueue( 2217): Could not load Finalizer in its own class loader. Loading Finalizer in the current class loader instead. As a result, you will not be able to garbage collect this class loader. To support reclaiming this class loader, either resolve the underlying issue, or move Google Collections to your system class path.
06-05 17:26:38.400 W/nalizableReferenceQueue( 2217): java.io.FileNotFoundException: com/google/inject/internal/util/$Finalizer.class
06-05 17:26:38.400 W/nalizableReferenceQueue( 2217): 	at com.google.inject.internal.util.$FinalizableReferenceQueue$DecoupledLoader.getBaseUrl(SourceFile:269)
06-05 17:26:38.400 W/nalizableReferenceQueue( 2217): 	at com.google.inject.internal.util.$FinalizableReferenceQueue$DecoupledLoader.loadFinalizer(SourceFile:253)
06-05 17:26:38.400 W/nalizableReferenceQueue( 2217): 	at com.google.inject.internal.util.$FinalizableReferenceQueue.loadFinalizer(SourceFile:175)
06-05 17:26:38.400 W/nalizableReferenceQueue( 2217): 	at com.google.inject.internal.util.$FinalizableReferenceQueue.<clinit>(SourceFile:100)
06-05 17:26:38.400 W/nalizableReferenceQueue( 2217): 	at com.google.inject.internal.util.$MapMaker$QueueHolder.<clinit>(SourceFile:787)
06-05 17:26:38.400 W/nalizableReferenceQueue( 2217): 	at com.google.inject.internal.util.$MapMaker$WeakEntry.<init>(SourceFile:946)
06-05 17:26:38.400 W/nalizableReferenceQueue( 2217): 	at com.google.inject.internal.util.$MapMaker$Strength$1.newEntry(SourceFile:312)
06-05 17:26:38.400 W/nalizableReferenceQueue( 2217): 	at com.google.inject.internal.util.$MapMaker$StrategyImpl.newEntry(SourceFile:498)
06-05 17:26:38.400 W/nalizableReferenceQueue( 2217): 	at com.google.inject.internal.util.$MapMaker$StrategyImpl.newEntry(SourceFile:419)
06-05 17:26:38.400 W/nalizableReferenceQueue( 2217): 	at com.google.inject.internal.util.$CustomConcurrentHashMap$ComputingImpl.get(SourceFile:2029)
06-05 17:26:38.400 W/nalizableReferenceQueue( 2217): 	at com.google.inject.internal.Annotations$AnnotationChecker.hasAnnotations(SourceFile:116)
06-05 17:26:38.400 W/nalizableReferenceQueue( 2217): 	at com.google.inject.internal.Annotations.isBindingAnnotation(SourceFile:180)
06-05 17:26:38.400 W/nalizableReferenceQueue( 2217): 	at com.google.inject.Key.ensureIsBindingAnnotation(SourceFile:366)
06-05 17:26:38.400 W/nalizableReferenceQueue( 2217): 	at com.google.inject.Key.strategyFor(SourceFile:338)
06-05 17:26:38.400 W/nalizableReferenceQueue( 2217): 	at com.google.inject.Key.get(SourceFile:272)
06-05 17:26:38.400 W/nalizableReferenceQueue( 2217): 	at com.google.inject.internal.AbstractBindingBuilder.annotatedWithInternal(SourceFile:82)
06-05 17:26:38.400 W/nalizableReferenceQueue( 2217): 	at com.google.inject.internal.ConstantBindingBuilderImpl.annotatedWith(SourceFile:49)
06-05 17:26:38.400 W/nalizableReferenceQueue( 2217): 	at roboguice.config.DefaultRoboModule.configure(SourceFile:117)
06-05 17:26:38.400 W/nalizableReferenceQueue( 2217): 	at com.google.inject.AbstractModule.configure(SourceFile:59)
06-05 17:26:38.400 W/nalizableReferenceQueue( 2217): 	at com.google.inject.spi.Elements$RecordingBinder.install(SourceFile:223)
06-05 17:26:38.400 W/nalizableReferenceQueue( 2217): 	at com.google.inject.spi.Elements.getElements(SourceFile:101)
06-05 17:26:38.400 W/nalizableReferenceQueue( 2217): 	at com.google.inject.spi.Elements.getElements(SourceFile:78)
06-05 17:26:38.400 W/nalizableReferenceQueue( 2217): 	at roboguice.RoboGuice.setBaseApplicationInjector(SourceFile:83)
06-05 17:26:38.400 W/nalizableReferenceQueue( 2217): 	at roboguice.RoboGuice.setBaseApplicationInjector(SourceFile:139)
06-05 17:26:38.400 W/nalizableReferenceQueue( 2217): 	at roboguice.RoboGuice.getBaseApplicationInjector(SourceFile:59)
06-05 17:26:38.400 W/nalizableReferenceQueue( 2217): 	at com.path.MyApplication.getInjector(SourceFile:164)
06-05 17:26:38.400 W/nalizableReferenceQueue( 2217): 	at com.path.MyApplication.asparagus(SourceFile:100)
06-05 17:26:38.400 W/nalizableReferenceQueue( 2217): 	at com.path.model.DbHelper.nv(SourceFile:121)
06-05 17:26:38.400 W/nalizableReferenceQueue( 2217): 	at com.path.MyApplication.oysters(SourceFile:294)
06-05 17:26:38.400 W/nalizableReferenceQueue( 2217): 	at com.path.MyApplication.onCreate(SourceFile:319)
06-05 17:26:38.400 W/nalizableReferenceQueue( 2217): 	at android.app.Instrumentation.callApplicationOnCreate(Instrumentation.java:999)
06-05 17:26:38.400 W/nalizableReferenceQueue( 2217): 	at android.app.ActivityThread.handleBindApplication(ActivityThread.java:4151)
06-05 17:26:38.400 W/nalizableReferenceQueue( 2217): 	at android.app.ActivityThread.access$1300(ActivityThread.java:130)
06-05 17:26:38.400 W/nalizableReferenceQueue( 2217): 	at android.app.ActivityThread$H.handleMessage(ActivityThread.java:1255)
06-05 17:26:38.400 W/nalizableReferenceQueue( 2217): 	at android.os.Handler.dispatchMessage(Handler.java:99)
06-05 17:26:38.400 W/nalizableReferenceQueue( 2217): 	at android.os.Looper.loop(Looper.java:137)
06-05 17:26:38.400 W/nalizableReferenceQueue( 2217): 	at android.app.ActivityThread.main(ActivityThread.java:4746)
06-05 17:26:38.400 W/nalizableReferenceQueue( 2217): 	at java.lang.reflect.Method.invokeNative(Native Method)
06-05 17:26:38.400 W/nalizableReferenceQueue( 2217): 	at java.lang.reflect.Method.invoke(Method.java:511)
06-05 17:26:38.400 W/nalizableReferenceQueue( 2217): 	at com.android.internal.os.ZygoteInit$MethodAndArgsCaller.run(ZygoteInit.java:917)
06-05 17:26:38.400 W/nalizableReferenceQueue( 2217): 	at com.android.internal.os.ZygoteInit.main(ZygoteInit.java:684)
06-05 17:26:38.400 W/nalizableReferenceQueue( 2217): 	at dalvik.system.NativeStart.main(Native Method)
06-05 17:26:38.460 D/dalvikvm( 2217): GC_CONCURRENT freed 392K, 10% free 6677K/7367K, paused 12ms+12ms, total 45ms
06-05 17:26:38.560 D/dalvikvm( 2217): GC_CONCURRENT freed 499K, 11% free 6727K/7495K, paused 2ms+3ms, total 26ms
06-05 17:26:38.630 D/dalvikvm( 2217): GC_CONCURRENT freed 470K, 11% free 6744K/7495K, paused 2ms+2ms, total 24ms
06-05 17:26:38.720 D/dalvikvm( 2217): GC_CONCURRENT freed 508K, 11% free 6747K/7559K, paused 2ms+12ms, total 35ms
06-05 17:26:38.910 D/dalvikvm( 2217): GC_CONCURRENT freed 385K, 10% free 6818K/7559K, paused 2ms+2ms, total 25ms
06-05 17:26:39.070 D/dalvikvm( 2217): GC_CONCURRENT freed 486K, 11% free 6848K/7623K, paused 2ms+12ms, total 36ms
06-05 17:26:39.160 D/dalvikvm( 2217): GC_FOR_ALLOC freed 375K, 11% free 6855K/7623K, paused 23ms, total 23ms
06-05 17:26:39.160 I/dalvikvm-heap( 2217): Grow heap (frag case) to 7.032MB for 102416-byte allocation
06-05 17:26:39.180 D/dalvikvm( 2217): GC_FOR_ALLOC freed 0K, 11% free 6955K/7751K, paused 20ms, total 20ms
06-05 17:26:39.310 D/dalvikvm( 2217): GC_CONCURRENT freed 198K, 8% free 7148K/7751K, paused 2ms+2ms, total 27ms
06-05 17:26:39.470 D/dalvikvm( 2217): GC_CONCURRENT freed 349K, 8% free 7316K/7943K, paused 2ms+2ms, total 27ms
06-05 17:26:39.650 D/dalvikvm( 2217): GC_CONCURRENT freed 284K, 7% free 7540K/8071K, paused 12ms+3ms, total 43ms
06-05 17:26:39.660 I/ActivityManager( 1337): Start proc com.path:daemon for service com.path/.services.DaemonService: pid=2256 uid=10059 gids={3003, 1015, 1006, 1028}
06-05 17:26:39.690 E/Trace   ( 2256): error opening trace file: No such file or directory (2)
06-05 17:26:39.820 D/dalvikvm( 2217): GC_CONCURRENT freed 348K, 8% free 7716K/8327K, paused 12ms+13ms, total 70ms
06-05 17:26:39.850 D/dalvikvm( 2256): GC_CONCURRENT freed 166K, 7% free 6378K/6791K, paused 12ms+17ms, total 59ms
06-05 17:26:39.850 D/dalvikvm( 2256): WAIT_FOR_CONCURRENT_GC blocked 1ms
06-05 17:26:39.880 D/AlarmManager( 1337): overriden alarm callingpackages[0] com.adamrocker.android.input.simeji
06-05 17:26:39.880 D/AlarmManager( 1337): overriden alarm callingUid= 10055 type= 2
06-05 17:26:39.880 D/AlarmManager( 1337): overriden alarm force  AlarmManager.ELAPSED_REALTIME
06-05 17:26:39.890 D/ExternalHeartService( 1854): onStartCommand url: http://msg.simeji.baidu.jp/getmsg?id=DB593F99-B7C7-AD3F-EBFE-D63629F87261&app_ver=7.1.1&ver_code=438&os_ver=4.1.1&referrer=organic&keyboard_ja=keyboard_simeji_flick&keyboard_en=keyboard_simeji_alphabet_qwerty&flag=1&isActive=0&date=2014-06-05_17:26:39&from_ext_heartservice=1
06-05 17:26:39.890 D/EthernetStateTracker( 1337): getLinkProperties()
06-05 17:26:39.930 D/GCM     ( 1522): GcmService start Intent { act=com.google.android.gms.INITIALIZE flg=0x10 pkg=com.google.android.gms cmp=com.google.android.gms/.gcm.GcmService } com.google.android.gms.INITIALIZE
06-05 17:26:39.950 W/Service ( 1658): mClassName= com.google.android.gmstoInt= 400313326
06-05 17:26:39.990 W/Service ( 1578): mClassName= com.android.providers.downloadstoInt= -336739181
06-05 17:26:39.990 D/MediaScannerReceiver( 1578): onReceive action: android.intent.action.MEDIA_MOUNTED uri :file:///mnt/sd-ext
06-05 17:26:39.990 D/MediaScannerReceiver( 1578): action: android.intent.action.MEDIA_MOUNTED path: /mnt/sd-ext
06-05 17:26:40.000 W/Service ( 2256): mClassName= com.pathtoInt= -1078496038
06-05 17:26:40.010 D/MediaScannerService( 1578): begin handleMessage
06-05 17:26:40.010 D/MediaScannerService( 1578): start scanning volume:external directories: [/mnt/sdcard, /mnt/sd-ext, /mnt/uhost]
06-05 17:26:40.020 D/GCM     ( 1522): GcmService start Intent { act=com.google.android.gms.INITIALIZE flg=0x10 pkg=com.google.android.gms cmp=com.google.android.gms/.gcm.GcmService } com.google.android.gms.INITIALIZE
06-05 17:26:40.060 W/Service ( 1658): mClassName= com.google.android.gmstoInt= 400313326
06-05 17:26:40.060 D/dalvikvm( 2217): GC_CONCURRENT freed 633K, 11% free 7703K/8583K, paused 20ms+3ms, total 76ms
06-05 17:26:40.060 D/dalvikvm( 2217): WAIT_FOR_CONCURRENT_GC blocked 28ms
06-05 17:26:40.060 D/dalvikvm( 2217): WAIT_FOR_CONCURRENT_GC blocked 31ms
06-05 17:26:40.060 W/ActivityManager( 1337): Permission denied: checkComponentPermission() owningUid=1000
06-05 17:26:40.060 W/BroadcastQueue( 1337): Permission Denial: broadcasting Intent { act=android.appwidget.action.APPWIDGET_UPDATE_OPTIONS flg=0x10 cmp=com.android.settings/.widget.SettingsAppWidgetProvider (has extras) } from android (pid=1554, uid=10028) is not exported from uid 1000 due to receiver com.android.settings/com.android.settings.widget.SettingsAppWidgetProvider
06-05 17:26:40.070 I/GCoreUlr( 1754): Starting service, intent=Intent { act=com.google.android.location.reporting.ACTION_UPDATE_WORLD cmp=com.google.android.gms/com.google.android.location.reporting.service.DispatchingService (has extras) }, extras=Bundle[{receiverAction=com.google.android.location.internal.server.ACTION_RESTARTED}]
06-05 17:26:40.080 I/GCoreUlr( 1754): WorldUpdater received intent Intent { act=com.google.android.location.reporting.ACTION_UPDATE_WORLD cmp=com.google.android.gms/com.google.android.location.reporting.service.DispatchingService (has extras) } with receiverAction com.google.android.location.internal.server.ACTION_RESTARTED
06-05 17:26:40.080 D/GCoreUlr( 1754): Throttling analytics event: db, clear_old:attempt, 1
06-05 17:26:40.110 D/MediaScannerReceiver( 1578): onReceive action: android.intent.action.MEDIA_MOUNTED uri :file:///mnt/sdcard
06-05 17:26:40.110 D/MediaScannerReceiver( 1578): action: android.intent.action.MEDIA_MOUNTED path: /mnt/sdcard
06-05 17:26:40.120 W/Service ( 2217): mClassName= com.pathtoInt= -1078496038
06-05 17:26:40.130 D/GCoreUlr( 1754): Throttling analytics event: db, clear_old:attempt, 1
06-05 17:26:40.130 D/AlarmManager( 1337): overriden alarm callingpackages[0] com.android.vending
06-05 17:26:40.160 D/GCoreUlr( 1754): Throttling analytics event: db, clear_old:attempt, 1
06-05 17:26:40.170 D/AlarmManager( 1337): overriden alarm callingpackages[0] com.google.android.syncadapters.contacts
06-05 17:26:40.180 W/Service ( 1578): mClassName= com.android.providers.downloadstoInt= -336739181
06-05 17:26:40.180 I/ActivityManager( 1337): Start proc com.android.calendar for broadcast com.android.calendar/.alerts.AlertReceiver: pid=2283 uid=10007 gids={3003, 1028}
06-05 17:26:40.230 I/GoogleHttpClient( 1754): Falling back to old http client 0 java.lang.NoSuchMethodException: <init> [class android.content.Context, class java.lang.String, boolean]
06-05 17:26:40.250 E/Trace   ( 2283): error opening trace file: No such file or directory (2)
06-05 17:26:40.260 E/GCoreUlr( 1754): Error deleting /data/data/com.google.android.gms/files/flog
06-05 17:26:40.260 E/GCoreUlr( 1754): Error deleting /data/data/com.google.android.gms/files/flog
06-05 17:26:40.310 D/dalvikvm( 2217): GC_CONCURRENT freed 489K, 10% free 7772K/8583K, paused 16ms+3ms, total 63ms
06-05 17:26:40.310 D/dalvikvm( 2217): WAIT_FOR_CONCURRENT_GC blocked 18ms
06-05 17:26:40.310 D/dalvikvm( 2217): WAIT_FOR_CONCURRENT_GC blocked 20ms
06-05 17:26:40.330 D/SyncManager( 1337): setIsSyncable: Account {name=shin.akiba8@gmail.com, type=com.google}, provider com.google.android.location.reporting, user 0 -> 1
06-05 17:26:40.330 D/SyncManager( 1337): setIsSyncable: already set to 1, doing nothing
06-05 17:26:40.340 D/SyncManager( 1337): setSyncAutomatically:  provider com.google.android.location.reporting, user 0 -> true
06-05 17:26:40.340 D/SyncManager( 1337): setSyncAutomatically: already set to true, doing nothing
06-05 17:26:40.340 D/dalvikvm( 1578): GC_CONCURRENT freed 332K, 11% free 6294K/7047K, paused 2ms+3ms, total 36ms
06-05 17:26:40.380 W/System.err( 1754): java.net.UnknownHostException: Unable to resolve host "www.google.com": No address associated with hostname
06-05 17:26:40.500 D/dalvikvm( 2217): GC_CONCURRENT freed 574K, 11% free 7704K/8583K, paused 3ms+2ms, total 34ms
06-05 17:26:41.040 W/System.err( 1754): 	at java.net.InetAddress.lookupHostByName(InetAddress.java:424)
06-05 17:26:41.040 W/System.err( 1754): 	at java.net.InetAddress.getAllByNameImpl(InetAddress.java:236)
06-05 17:26:41.040 W/System.err( 1754): 	at java.net.InetAddress.getAllByName(InetAddress.java:214)
06-05 17:26:41.040 W/System.err( 1754): 	at org.apache.http.impl.conn.DefaultClientConnectionOperator.openConnection(DefaultClientConnectionOperator.java:137)
06-05 17:26:41.040 W/System.err( 1754): 	at org.apache.http.impl.conn.AbstractPoolEntry.open(AbstractPoolEntry.java:164)
06-05 17:26:41.040 W/System.err( 1754): 	at org.apache.http.impl.conn.AbstractPooledConnAdapter.open(AbstractPooledConnAdapter.java:119)
06-05 17:26:41.040 W/System.err( 1754): 	at org.apache.http.impl.client.DefaultRequestDirector.execute(DefaultRequestDirector.java:360)
06-05 17:26:41.040 W/System.err( 1754): 	at org.apache.http.impl.client.AbstractHttpClient.execute(AbstractHttpClient.java:555)
06-05 17:26:41.040 W/System.err( 1754): 	at org.apache.http.impl.client.AbstractHttpClient.execute(AbstractHttpClient.java:487)
06-05 17:26:41.040 W/System.err( 1754): 	at android.net.http.AndroidHttpClient.execute(AndroidHttpClient.java:257)
06-05 17:26:41.040 W/System.err( 1754): 	at xc.a(SourceFile:234)
06-05 17:26:41.040 W/System.err( 1754): 	at xc.execute(SourceFile:280)
06-05 17:26:41.040 W/System.err( 1754): 	at xc.execute(SourceFile:349)
06-05 17:26:41.040 W/System.err( 1754): 	at krt.g(SourceFile:126)
06-05 17:26:41.040 W/System.err( 1754): 	at krt.c(SourceFile:172)
06-05 17:26:41.040 W/System.err( 1754): 	at mgt.run(SourceFile:418)
06-05 17:26:41.040 W/System.err( 1754): 	at mgs.b(SourceFile:224)
06-05 17:26:41.040 W/System.err( 1754): 	at mgs.run(SourceFile:198)
06-05 17:26:41.040 W/System.err( 1754): 	at ksu.run(SourceFile:96)
06-05 17:26:41.040 W/System.err( 1754): Caused by: libcore.io.GaiException: getaddrinfo failed: EAI_NODATA (No address associated with hostname)
06-05 17:26:41.040 W/System.err( 1754): 	at libcore.io.Posix.getaddrinfo(Native Method)
06-05 17:26:41.040 W/System.err( 1754): 	at libcore.io.ForwardingOs.getaddrinfo(ForwardingOs.java:55)
06-05 17:26:41.040 W/System.err( 1754): 	at java.net.InetAddress.lookupHostByName(InetAddress.java:405)
06-05 17:26:41.040 W/System.err( 1754): 	... 18 more
06-05 17:26:41.040 W/System.err( 1754): Caused by: libcore.io.ErrnoException: getaddrinfo failed: ENETUNREACH (Network is unreachable)
06-05 17:26:41.040 W/System.err( 1754): 	... 21 more
06-05 17:26:41.090 W/MediaScanner( 1578): Error opening directory '/mnt/sdcard/.android_secure/', skipping: Permission denied.
06-05 17:26:41.160 D/dalvikvm( 1337): GC_CONCURRENT freed 956K, 11% free 10860K/12103K, paused 13ms+9ms, total 94ms
06-05 17:26:41.220 D/dalvikvm( 1578): GC_CONCURRENT freed 461K, 11% free 6280K/7047K, paused 2ms+12ms, total 32ms
06-05 17:26:41.260 D/dalvikvm( 2217): GC_CONCURRENT freed 505K, 10% free 7756K/8583K, paused 3ms+4ms, total 42ms
06-05 17:26:41.260 D/dalvikvm( 2217): WAIT_FOR_CONCURRENT_GC blocked 13ms
06-05 17:26:41.330 D/dalvikvm( 1337): WAIT_FOR_CONCURRENT_GC blocked 0ms
06-05 17:26:41.410 D/dalvikvm( 1337): GC_EXPLICIT freed 162K, 12% free 10717K/12103K, paused 4ms+6ms, total 83ms
06-05 17:26:41.430 D/AlarmManager( 1337): overriden alarm callingpackages[0] com.google.android.syncadapters.contacts
06-05 17:26:41.530 D/dalvikvm( 1578): WAIT_FOR_CONCURRENT_GC blocked 0ms
06-05 17:26:41.560 D/dalvikvm( 1578): GC_EXPLICIT freed 123K, 12% free 6257K/7047K, paused 3ms+4ms, total 33ms
06-05 17:26:41.850 D/dalvikvm( 1337): WAIT_FOR_CONCURRENT_GC blocked 0ms
06-05 17:26:41.930 D/dalvikvm( 1337): GC_EXPLICIT freed 78K, 12% free 10724K/12103K, paused 3ms+6ms, total 82ms
06-05 17:26:41.970 D/GCoreUlr( 1754): Throttling analytics event: db, restrict_to:attempt, 1
06-05 17:26:41.980 W/MediaPlayer( 2217): decode(51, 823716, 5517)
06-05 17:26:41.990 D/GCoreUlr( 1754): Throttling analytics event: db, restrict_to:attempt, 1
06-05 17:26:42.000 D/GCoreUlr( 1754): Throttling analytics event: db, restrict_to:attempt, 1
06-05 17:26:42.010 I/ActivityThread( 2283): Pub com.android.calendar.CalendarRecentSuggestionsProvider: com.android.calendar.CalendarRecentSuggestionsProvider
06-05 17:26:42.010 I/GCoreUlr( 1754): Ensuring that reporting is stopped because of reasons: {account#11#=[InactiveReason{mVersionCode=0, mIdentifier=6, mName='ReportingNotSelected'}]}
06-05 17:26:42.030 D/GCoreFlp( 1754): Unknown pending intent to remove.
06-05 17:26:42.040 D/dalvikvm( 1754): GC_CONCURRENT freed 310K, 13% free 7193K/8199K, paused 3ms+3ms, total 34ms
06-05 17:26:42.050 E/MediaExtractor( 1054): Create: firstly choose to use android extractor !!! isStreamFlag: false
06-05 17:26:42.050 I/GCoreUlr( 1754): Unbound from all location providers
06-05 17:26:42.070 D/AlertReceiver( 2283): onReceive: a=android.intent.action.PROVIDER_CHANGED Intent { act=android.intent.action.PROVIDER_CHANGED dat=content://com.android.calendar flg=0x10 cmp=com.android.calendar/.alerts.AlertReceiver }
06-05 17:26:42.070 E/WVMExtractor( 1054): Failed to open libwvm.so
06-05 17:26:42.070 E/MediaExtractor( 1054): Autodetected media content as 'audio/mpeg' with confidence 0.20
06-05 17:26:42.070 D/format_check( 1054): format_Check  ext:MP3
06-05 17:26:42.080 E/ActAudioExtractor( 1054): ActAudioExtractor::inbuf: 4172e680  mime audio/MP3  MP3 max_chunksize: 51200 channels: 1 sample_rate 44100 total_time=0
06-05 17:26:42.080 D/dalvikvm( 2217): GC_CONCURRENT freed 528K, 10% free 7802K/8583K, paused 3ms+4ms, total 60ms
06-05 17:26:42.080 D/dalvikvm( 2217): WAIT_FOR_CONCURRENT_GC blocked 14ms
06-05 17:26:42.080 D/dalvikvm( 2217): WAIT_FOR_CONCURRENT_GC blocked 15ms
06-05 17:26:42.080 D/AwesomePlayer( 1054): initAudioDecoder mUsingMidwareAudioDecFlag: true
06-05 17:26:42.080 D/AwesomePlayer( 1054): initAudioDecoder: using stagefright audio decoder
06-05 17:26:42.080 E/OMXCodec( 1054): Attempting to allocate OMX node 'OMX.Action.Audio.Decoder'
06-05 17:26:42.080 V/ActionOMXPlugin( 1054): Entry ActionOMXPlugin::makeComponentInstance
06-05 17:26:42.080 E/OMXCodec( 1054): *****************************initOutputFormat  numChannels=2 sampleRate=44100
06-05 17:26:42.080 E/OMXCodec( 1054): numChannels=1 sampleRate=44100
06-05 17:26:42.080 E/OMXCodec( 1054): ACTIONS_AUDIO_DECODER*****************************
06-05 17:26:42.080 D/AwesomePlayer( 1054): initAudioDecoder: durationUs: 313000  
06-05 17:26:42.080 E/OMXCodec( 1054): audio OMXCodec start init_buf
06-05 17:26:42.090 D/AlertService( 2283): 0 Action = android.intent.action.PROVIDER_CHANGED
06-05 17:26:42.100 D/AlertService( 2283): Beginning updateAlertNotification
06-05 17:26:42.110 W/ActAudioExtractor( 1054): read:  meet ok(return ERROR_END_OF_STREAM)  len: 0
06-05 17:26:42.130 E/OMXCodec( 1054): [OMX.Action.Audio.Decoder] There is no more output data available, not calling fillOutputBuffer
06-05 17:26:42.130 E/OMXCodec( 1054): [OMX.Action.Audio.Decoder] There is no more output data available, not calling fillOutputBuffer
06-05 17:26:42.150 E/OMXCodec( 1054): [OMX.Action.Audio.Decoder] stop mState=4
06-05 17:26:42.160 E/OMXCodec( 1054): [OMX.Action.Audio.Decoder] IDLE_TO_LOADED
06-05 17:26:42.160 E/OMXCodec( 1054): [OMX.Action.Audio.Decoder] Now Loaded.
06-05 17:26:42.160 E/OMXCodec( 1054): [OMX.Action.Audio.Decoder] stopped in state 1
06-05 17:26:42.160 V/ActAudioExtractor( 1054): ~ActAudioExtractor
06-05 17:26:42.170 E/        ( 1054): OMX-In compMessageHandlerFunction Destructor has been called. So exit from the loop
06-05 17:26:42.170 W/MediaPlayer( 2217): decode(53, 829284, 6035)
06-05 17:26:42.170 E/MediaExtractor( 1054): Create: firstly choose to use android extractor !!! isStreamFlag: false
06-05 17:26:42.180 E/WVMExtractor( 1054): Failed to open libwvm.so
06-05 17:26:42.180 E/MediaExtractor( 1054): Autodetected media content as 'audio/mpeg' with confidence 0.20
06-05 17:26:42.180 D/format_check( 1054): format_Check  ext:MP3
06-05 17:26:42.180 E/ActAudioExtractor( 1054): ActAudioExtractor::inbuf: 41731c58  mime audio/MP3  MP3 max_chunksize: 51200 channels: 1 sample_rate 44100 total_time=0
06-05 17:26:42.180 D/AwesomePlayer( 1054): initAudioDecoder mUsingMidwareAudioDecFlag: true
06-05 17:26:42.180 D/AwesomePlayer( 1054): initAudioDecoder: using stagefright audio decoder
06-05 17:26:42.180 E/OMXCodec( 1054): Attempting to allocate OMX node 'OMX.Action.Audio.Decoder'
06-05 17:26:42.180 V/ActionOMXPlugin( 1054): Entry ActionOMXPlugin::makeComponentInstance
06-05 17:26:42.190 E/OMXCodec( 1054): *****************************initOutputFormat  numChannels=2 sampleRate=44100
06-05 17:26:42.190 E/OMXCodec( 1054): numChannels=1 sampleRate=44100
06-05 17:26:42.200 E/OMXCodec( 1054): ACTIONS_AUDIO_DECODER*****************************
06-05 17:26:42.200 D/AwesomePlayer( 1054): initAudioDecoder: durationUs: 391000  
06-05 17:26:42.200 E/OMXCodec( 1054): audio OMXCodec start init_buf
06-05 17:26:42.210 W/ActAudioExtractor( 1054): read:  meet ok(return ERROR_END_OF_STREAM)  len: 0
06-05 17:26:42.210 W/Service ( 1871): mClassName= com.android.providers.calendartoInt= 150595394
06-05 17:26:42.230 D/GCM     ( 1522): GcmService start Intent { act=com.google.android.gms.INITIALIZE flg=0x10 pkg=com.google.android.gms cmp=com.google.android.gms/.gcm.GcmService } com.google.android.gms.INITIALIZE
06-05 17:26:42.240 E/OMXCodec( 1054): [OMX.Action.Audio.Decoder] There is no more output data available, not calling fillOutputBuffer
06-05 17:26:42.240 W/MediaPlayer( 2217): decode(52, 905936, 22749)
06-05 17:26:42.240 E/MediaExtractor( 1054): Create: firstly choose to use android extractor !!! isStreamFlag: false
06-05 17:26:42.250 E/WVMExtractor( 1054): Failed to open libwvm.so
06-05 17:26:42.250 E/MediaExtractor( 1054): Autodetected media content as 'audio/mpeg' with confidence 0.20
06-05 17:26:42.250 D/format_check( 1054): format_Check  ext:MP3
06-05 17:26:42.250 E/ActAudioExtractor( 1054): ActAudioExtractor::inbuf: 41733e70  mime audio/MP3  MP3 max_chunksize: 51200 channels: 1 sample_rate 44100 total_time=2
06-05 17:26:42.260 D/AwesomePlayer( 1054): initAudioDecoder mUsingMidwareAudioDecFlag: true
06-05 17:26:42.260 D/AwesomePlayer( 1054): initAudioDecoder: using stagefright audio decoder
06-05 17:26:42.260 E/OMXCodec( 1054): Attempting to allocate OMX node 'OMX.Action.Audio.Decoder'
06-05 17:26:42.260 V/ActionOMXPlugin( 1054): Entry ActionOMXPlugin::makeComponentInstance
06-05 17:26:42.260 E/OMXCodec( 1054): *****************************initOutputFormat  numChannels=2 sampleRate=44100
06-05 17:26:42.260 E/OMXCodec( 1054): numChannels=1 sampleRate=44100
06-05 17:26:42.260 E/OMXCodec( 1054): ACTIONS_AUDIO_DECODER*****************************
06-05 17:26:42.260 D/AwesomePlayer( 1054): initAudioDecoder: durationUs: 2063000  
06-05 17:26:42.260 E/OMXCodec( 1054): audio OMXCodec start init_buf
06-05 17:26:42.260 D/AlertService( 2283): No fired or scheduled alerts
06-05 17:26:42.260 E/OMXCodec( 1054): [OMX.Action.Audio.Decoder] stop mState=4
06-05 17:26:42.260 E/OMXCodec( 1054): [OMX.Action.Audio.Decoder] IDLE_TO_LOADED
06-05 17:26:42.260 E/OMXCodec( 1054): [OMX.Action.Audio.Decoder] Now Loaded.
06-05 17:26:42.260 E/OMXCodec( 1054): [OMX.Action.Audio.Decoder] stopped in state 1
06-05 17:26:42.260 V/ActAudioExtractor( 1054): ~ActAudioExtractor
06-05 17:26:42.260 E/        ( 1054): OMX-In compMessageHandlerFunction Destructor has been called. So exit from the loop
06-05 17:26:42.270 W/MediaPlayer( 2217): decode(55, 840788, 6039)
06-05 17:26:42.270 E/MediaExtractor( 1054): Create: firstly choose to use android extractor !!! isStreamFlag: false
06-05 17:26:42.270 W/Service ( 1658): mClassName= com.google.android.gmstoInt= 400313326
06-05 17:26:42.270 E/WVMExtractor( 1054): Failed to open libwvm.so
06-05 17:26:42.270 E/MediaExtractor( 1054): Autodetected media content as 'audio/mpeg' with confidence 0.20
06-05 17:26:42.270 D/format_check( 1054): format_Check  ext:MP3
06-05 17:26:42.270 E/ActAudioExtractor( 1054): ActAudioExtractor::inbuf: 41722e78  mime audio/MP3  MP3 max_chunksize: 51200 channels: 1 sample_rate 44100 total_time=0
06-05 17:26:42.280 D/AwesomePlayer( 1054): initAudioDecoder mUsingMidwareAudioDecFlag: true
06-05 17:26:42.280 D/AwesomePlayer( 1054): initAudioDecoder: using stagefright audio decoder
06-05 17:26:42.280 E/OMXCodec( 1054): Attempting to allocate OMX node 'OMX.Action.Audio.Decoder'
06-05 17:26:42.280 V/ActionOMXPlugin( 1054): Entry ActionOMXPlugin::makeComponentInstance
06-05 17:26:42.280 E/OMXCodec( 1054): *****************************initOutputFormat  numChannels=2 sampleRate=44100
06-05 17:26:42.280 E/OMXCodec( 1054): numChannels=1 sampleRate=44100
06-05 17:26:42.280 E/OMXCodec( 1054): ACTIONS_AUDIO_DECODER*****************************
06-05 17:26:42.280 D/AwesomePlayer( 1054): initAudioDecoder: durationUs: 391000  
06-05 17:26:42.280 E/OMXCodec( 1054): audio OMXCodec start init_buf
06-05 17:26:42.300 W/ActAudioExtractor( 1054): read:  meet ok(return ERROR_END_OF_STREAM)  len: 0
06-05 17:26:42.300 D/AlarmManager( 1337): overriden alarm callingpackages[0] com.android.providers.calendar
06-05 17:26:42.320 E/OMXCodec( 1054): [OMX.Action.Audio.Decoder] There is no more output data available, not calling fillOutputBuffer
06-05 17:26:42.320 E/OMXCodec( 1054): [OMX.Action.Audio.Decoder] There is no more output data available, not calling fillOutputBuffer
06-05 17:26:42.340 W/ActAudioExtractor( 1054): read:  meet ok(return ERROR_END_OF_STREAM)  len: 0
06-05 17:26:42.340 W/Service ( 2047): mClassName= com.google.android.gmtoInt= -378320869
06-05 17:26:42.340 E/OMXCodec( 1054): [OMX.Action.Audio.Decoder] There is no more output data available, not calling fillOutputBuffer
06-05 17:26:42.360 E/OMXCodec( 1054): [OMX.Action.Audio.Decoder] stop mState=4
06-05 17:26:42.360 E/OMXCodec( 1054): [OMX.Action.Audio.Decoder] IDLE_TO_LOADED
06-05 17:26:42.370 E/OMXCodec( 1054): [OMX.Action.Audio.Decoder] Now Loaded.
06-05 17:26:42.370 E/OMXCodec( 1054): [OMX.Action.Audio.Decoder] stopped in state 1
06-05 17:26:42.370 V/ActAudioExtractor( 1054): ~ActAudioExtractor
06-05 17:26:42.370 E/OMXCodec( 1054): [OMX.Action.Audio.Decoder] stop mState=4
06-05 17:26:42.370 E/        ( 1054): OMX-In compMessageHandlerFunction Destructor has been called. So exit from the loop
06-05 17:26:42.370 E/OMXCodec( 1054): [OMX.Action.Audio.Decoder] IDLE_TO_LOADED
06-05 17:26:42.370 E/OMXCodec( 1054): [OMX.Action.Audio.Decoder] Now Loaded.
06-05 17:26:42.370 E/OMXCodec( 1054): [OMX.Action.Audio.Decoder] stopped in state 1
06-05 17:26:42.370 V/ActAudioExtractor( 1054): ~ActAudioExtractor
06-05 17:26:42.370 W/Service ( 1658): mClassName= com.google.android.gmstoInt= 400313326
06-05 17:26:42.370 W/MediaPlayer( 2217): decode(57, 846880, 6035)
06-05 17:26:42.370 E/        ( 1054): OMX-In compMessageHandlerFunction Destructor has been called. So exit from the loop
06-05 17:26:42.370 E/MediaExtractor( 1054): Create: firstly choose to use android extractor !!! isStreamFlag: false
06-05 17:26:42.380 E/WVMExtractor( 1054): Failed to open libwvm.so
06-05 17:26:42.380 E/MediaExtractor( 1054): Autodetected media content as 'audio/mpeg' with confidence 0.20
06-05 17:26:42.380 D/format_check( 1054): format_Check  ext:MP3
06-05 17:26:42.380 E/ActAudioExtractor( 1054): ActAudioExtractor::inbuf: 417913a8  mime audio/MP3  MP3 max_chunksize: 51200 channels: 1 sample_rate 44100 total_time=0
06-05 17:26:42.380 D/AwesomePlayer( 1054): initAudioDecoder mUsingMidwareAudioDecFlag: true
06-05 17:26:42.380 D/AwesomePlayer( 1054): initAudioDecoder: using stagefright audio decoder
06-05 17:26:42.380 E/OMXCodec( 1054): Attempting to allocate OMX node 'OMX.Action.Audio.Decoder'
06-05 17:26:42.380 V/ActionOMXPlugin( 1054): Entry ActionOMXPlugin::makeComponentInstance
06-05 17:26:42.390 E/OMXCodec( 1054): *****************************initOutputFormat  numChannels=2 sampleRate=44100
06-05 17:26:42.390 E/OMXCodec( 1054): numChannels=1 sampleRate=44100
06-05 17:26:42.390 E/OMXCodec( 1054): ACTIONS_AUDIO_DECODER*****************************
06-05 17:26:42.390 D/AwesomePlayer( 1054): initAudioDecoder: durationUs: 391000  
06-05 17:26:42.390 E/OMXCodec( 1054): audio OMXCodec start init_buf
06-05 17:26:42.400 W/ActAudioExtractor( 1054): read:  meet ok(return ERROR_END_OF_STREAM)  len: 0
06-05 17:26:42.410 D/dalvikvm( 2217): GC_CONCURRENT freed 454K, 9% free 7890K/8647K, paused 34ms+15ms, total 119ms
06-05 17:26:42.420 E/OMXCodec( 1054): [OMX.Action.Audio.Decoder] There is no more output data available, not calling fillOutputBuffer
06-05 17:26:42.440 E/OMXCodec( 1054): [OMX.Action.Audio.Decoder] stop mState=4
06-05 17:26:42.440 E/OMXCodec( 1054): [OMX.Action.Audio.Decoder] IDLE_TO_LOADED
06-05 17:26:42.440 E/OMXCodec( 1054): [OMX.Action.Audio.Decoder] Now Loaded.
06-05 17:26:42.440 E/OMXCodec( 1054): [OMX.Action.Audio.Decoder] stopped in state 1
06-05 17:26:42.440 V/ActAudioExtractor( 1054): ~ActAudioExtractor
06-05 17:26:42.440 E/        ( 1054): OMX-In compMessageHandlerFunction Destructor has been called. So exit from the loop
06-05 17:26:42.440 I/ActivityManager( 1337): Start proc com.android.gallery3d for broadcast com.android.gallery3d/.app.PackagesMonitor: pid=2347 uid=10018 gids={1006, 3003, 1015, 1028}
06-05 17:26:42.450 W/MediaPlayer( 2217): decode(59, 933600, 4998)
06-05 17:26:42.450 E/MediaExtractor( 1054): Create: firstly choose to use android extractor !!! isStreamFlag: false
06-05 17:26:42.460 E/WVMExtractor( 1054): Failed to open libwvm.so
06-05 17:26:42.460 E/MediaExtractor( 1054): Autodetected media content as 'audio/mpeg' with confidence 0.20
06-05 17:26:42.460 D/format_check( 1054): format_Check  ext:MP3
06-05 17:26:42.460 E/ActAudioExtractor( 1054): ActAudioExtractor::inbuf: 4174a4f8  mime audio/MP3  MP3 max_chunksize: 51200 channels: 1 sample_rate 44100 total_time=0
06-05 17:26:42.470 D/AwesomePlayer( 1054): initAudioDecoder mUsingMidwareAudioDecFlag: true
06-05 17:26:42.470 D/AwesomePlayer( 1054): initAudioDecoder: using stagefright audio decoder
06-05 17:26:42.470 E/OMXCodec( 1054): Attempting to allocate OMX node 'OMX.Action.Audio.Decoder'
06-05 17:26:42.470 V/ActionOMXPlugin( 1054): Entry ActionOMXPlugin::makeComponentInstance
06-05 17:26:42.470 E/OMXCodec( 1054): *****************************initOutputFormat  numChannels=2 sampleRate=44100
06-05 17:26:42.470 E/OMXCodec( 1054): numChannels=1 sampleRate=44100
06-05 17:26:42.470 E/OMXCodec( 1054): ACTIONS_AUDIO_DECODER*****************************
06-05 17:26:42.470 D/AwesomePlayer( 1054): initAudioDecoder: durationUs: 287000  
06-05 17:26:42.470 E/OMXCodec( 1054): audio OMXCodec start init_buf
06-05 17:26:42.470 E/Trace   ( 2347): error opening trace file: No such file or directory (2)
06-05 17:26:42.480 W/ActAudioExtractor( 1054): read:  meet ok(return ERROR_END_OF_STREAM)  len: 0
06-05 17:26:42.490 E/OMXCodec( 1054): [OMX.Action.Audio.Decoder] There is no more output data available, not calling fillOutputBuffer
06-05 17:26:42.490 E/OMXCodec( 1054): [OMX.Action.Audio.Decoder] There is no more output data available, not calling fillOutputBuffer
06-05 17:26:42.500 W/System.err( 2217): java.net.UnknownHostException: Unable to resolve host "settings.crashlytics.com": No address associated with hostname
06-05 17:26:42.500 E/OMXCodec( 1054): [OMX.Action.Audio.Decoder] stop mState=4
06-05 17:26:42.500 E/OMXCodec( 1054): [OMX.Action.Audio.Decoder] IDLE_TO_LOADED
06-05 17:26:42.500 E/OMXCodec( 1054): [OMX.Action.Audio.Decoder] Now Loaded.
06-05 17:26:42.510 E/OMXCodec( 1054): [OMX.Action.Audio.Decoder] stopped in state 1
06-05 17:26:42.510 V/ActAudioExtractor( 1054): ~ActAudioExtractor
06-05 17:26:42.510 E/        ( 1054): OMX-In compMessageHandlerFunction Destructor has been called. So exit from the loop
06-05 17:26:42.510 W/MediaPlayer( 2217): decode(60, 938652, 5255)
06-05 17:26:42.510 E/MediaExtractor( 1054): Create: firstly choose to use android extractor !!! isStreamFlag: false
06-05 17:26:42.520 E/WVMExtractor( 1054): Failed to open libwvm.so
06-05 17:26:42.520 E/MediaExtractor( 1054): Autodetected media content as 'audio/mpeg' with confidence 0.20
06-05 17:26:42.520 D/format_check( 1054): format_Check  ext:MP3
06-05 17:26:42.520 E/ActAudioExtractor( 1054): ActAudioExtractor::inbuf: 4175d5e8  mime audio/MP3  MP3 max_chunksize: 51200 channels: 1 sample_rate 44100 total_time=0
06-05 17:26:42.520 D/AwesomePlayer( 1054): initAudioDecoder mUsingMidwareAudioDecFlag: true
06-05 17:26:42.520 D/AwesomePlayer( 1054): initAudioDecoder: using stagefright audio decoder
06-05 17:26:42.520 E/OMXCodec( 1054): Attempting to allocate OMX node 'OMX.Action.Audio.Decoder'
06-05 17:26:42.520 V/ActionOMXPlugin( 1054): Entry ActionOMXPlugin::makeComponentInstance
06-05 17:26:42.520 W/System.err( 2217): 	at java.net.InetAddress.lookupHostByName(InetAddress.java:424)
06-05 17:26:42.520 W/System.err( 2217): 	at java.net.InetAddress.getAllByNameImpl(InetAddress.java:236)
06-05 17:26:42.520 W/System.err( 2217): 	at java.net.InetAddress.getAllByName(InetAddress.java:214)
06-05 17:26:42.520 W/System.err( 2217): 	at org.apache.http.impl.conn.DefaultClientConnectionOperator.openConnection(DefaultClientConnectionOperator.java:137)
06-05 17:26:42.520 W/System.err( 2217): 	at org.apache.http.impl.conn.AbstractPoolEntry.open(AbstractPoolEntry.java:164)
06-05 17:26:42.520 W/System.err( 2217): 	at org.apache.http.impl.conn.AbstractPooledConnAdapter.open(AbstractPooledConnAdapter.java:119)
06-05 17:26:42.520 W/System.err( 2217): 	at org.apache.http.impl.client.DefaultRequestDirector.execute(DefaultRequestDirector.java:360)
06-05 17:26:42.520 W/System.err( 2217): 	at org.apache.http.impl.client.AbstractHttpClient.execute(AbstractHttpClient.java:555)
06-05 17:26:42.520 W/System.err( 2217): 	at org.apache.http.impl.client.AbstractHttpClient.execute(AbstractHttpClient.java:487)
06-05 17:26:42.520 E/OMXCodec( 1054): *****************************initOutputFormat  numChannels=2 sampleRate=44100
06-05 17:26:42.520 E/OMXCodec( 1054): numChannels=1 sampleRate=44100
06-05 17:26:42.520 E/OMXCodec( 1054): ACTIONS_AUDIO_DECODER*****************************
06-05 17:26:42.520 D/AwesomePlayer( 1054): initAudioDecoder: durationUs: 313000  
06-05 17:26:42.520 E/OMXCodec( 1054): audio OMXCodec start init_buf
06-05 17:26:42.520 W/System.err( 2217): 	at org.apache.http.impl.client.AbstractHttpClient.execute(AbstractHttpClient.java:465)
06-05 17:26:42.520 W/System.err( 2217): 	at com.crashlytics.android.u.noodles(SourceFile:245)
06-05 17:26:42.520 W/System.err( 2217): 	at com.crashlytics.android.u.wheatbiscuit(SourceFile:127)
06-05 17:26:42.520 W/System.err( 2217): 	at com.crashlytics.android.g.blueberries(SourceFile:426)
06-05 17:26:42.520 W/System.err( 2217): 	at com.crashlytics.android.g.doInBackground(SourceFile:405)
06-05 17:26:42.520 W/System.err( 2217): 	at android.os.AsyncTask$2.call(AsyncTask.java:287)
06-05 17:26:42.520 W/System.err( 2217): 	at java.util.concurrent.FutureTask$Sync.innerRun(FutureTask.java:305)
06-05 17:26:42.520 W/System.err( 2217): 	at java.util.concurrent.FutureTask.run(FutureTask.java:137)
06-05 17:26:42.520 W/System.err( 2217): 	at android.os.AsyncTask$SerialExecutor$1.run(AsyncTask.java:230)
06-05 17:26:42.520 W/System.err( 2217): 	at java.util.concurrent.ThreadPoolExecutor.runWorker(ThreadPoolExecutor.java:1076)
06-05 17:26:42.520 W/System.err( 2217): 	at java.util.concurrent.ThreadPoolExecutor$Worker.run(ThreadPoolExecutor.java:569)
06-05 17:26:42.520 W/System.err( 2217): 	at java.lang.Thread.run(Thread.java:856)
06-05 17:26:42.520 W/System.err( 2217): Caused by: libcore.io.GaiException: getaddrinfo failed: EAI_NODATA (No address associated with hostname)
06-05 17:26:42.520 W/ActAudioExtractor( 1054): read:  meet ok(return ERROR_END_OF_STREAM)  len: 0
06-05 17:26:42.520 W/System.err( 2217): 	at libcore.io.Posix.getaddrinfo(Native Method)
06-05 17:26:42.520 W/System.err( 2217): 	at libcore.io.ForwardingOs.getaddrinfo(ForwardingOs.java:55)
06-05 17:26:42.520 W/System.err( 2217): 	at java.net.InetAddress.lookupHostByName(InetAddress.java:405)
06-05 17:26:42.520 W/System.err( 2217): 	... 20 more
06-05 17:26:42.530 W/System.err( 2217): Caused by: libcore.io.ErrnoException: getaddrinfo failed: ENETUNREACH (Network is unreachable)
06-05 17:26:42.530 W/System.err( 2217): 	... 23 more
06-05 17:26:42.540 E/OMXCodec( 1054): [OMX.Action.Audio.Decoder] There is no more output data available, not calling fillOutputBuffer
06-05 17:26:42.550 E/OMXCodec( 1054): [OMX.Action.Audio.Decoder] stop mState=4
06-05 17:26:42.550 E/OMXCodec( 1054): [OMX.Action.Audio.Decoder] IDLE_TO_LOADED
06-05 17:26:42.550 E/OMXCodec( 1054): [OMX.Action.Audio.Decoder] Now Loaded.
06-05 17:26:42.550 E/OMXCodec( 1054): [OMX.Action.Audio.Decoder] stopped in state 1
06-05 17:26:42.550 V/ActAudioExtractor( 1054): ~ActAudioExtractor
06-05 17:26:42.550 E/        ( 1054): OMX-In compMessageHandlerFunction Destructor has been called. So exit from the loop
06-05 17:26:42.660 I/ActivityThread( 2347): Pub com.android.gallery3d.provider: com.android.gallery3d.provider.GalleryProvider
06-05 17:26:42.700 D/dalvikvm( 1337): WAIT_FOR_CONCURRENT_GC blocked 0ms
06-05 17:26:42.780 D/dalvikvm( 1337): GC_EXPLICIT freed 231K, 12% free 10744K/12103K, paused 3ms+7ms, total 83ms
06-05 17:26:42.850 D/dalvikvm( 2347): GC_CONCURRENT freed 245K, 8% free 6292K/6791K, paused 12ms+2ms, total 41ms
06-05 17:26:42.850 D/dalvikvm( 1578): GC_CONCURRENT freed 235K, 9% free 6414K/7047K, paused 3ms+6ms, total 26ms
06-05 17:26:42.850 I/ActivityManager( 1337): No longer want jp.naver.line.android (pid 1787): hidden #16
06-05 17:26:42.870 I/InternalIcingCorporaPro( 2005): Updating corpora: APPS=com.dropbox.android, CONTACTS=MAYBE
06-05 17:26:42.880 W/Service ( 2005): mClassName= com.google.android.googlequicksearchboxtoInt= -79313952
06-05 17:26:42.940 W/Service ( 2098): mClassName= com.android.vendingtoInt= 1483848391
06-05 17:26:42.970 D/dalvikvm( 2005): GC_CONCURRENT freed 717K, 12% free 7766K/8775K, paused 13ms+4ms, total 63ms
06-05 17:26:42.990 I/InternalIcingCorporaPro( 2005): UpdateCorporaTask done [took 116 ms] updated apps [took 116 ms] 
06-05 17:26:43.000 D/PackageBroadcastService( 1658): Received broadcast action=android.intent.action.PACKAGE_CHANGED and uri=com.dropbox.android
