--------- beginning of /dev/log/system
05-31 20:13:49.660 I/SystemServer( 1265): Wi-Fi Service
05-31 20:13:49.660 D/MountService( 1265): volume state changed for /mnt/sdcard (null -> unmounted)
05-31 20:13:49.660 D/MountService( 1265): volume state changed for /mnt/sd-ext (null -> unmounted)
05-31 20:13:49.660 D/MountService( 1265): volume state changed for /mnt/uhost (null -> removed)
05-31 20:13:49.670 W/MountService( 1265): getSecureContainerList() called when storage not mounted
05-31 20:13:49.670 D/VoldCmdListener( 1044): asec list
05-31 20:13:49.670 W/MountService( 1265): getSecureContainerList() called when storage not mounted
05-31 20:13:49.670 D/VoldCmdListener( 1044): asec fspath com.idisplay.virtualscreen-1
05-31 20:13:49.680 W/MountService( 1265): getSecureContainerList() called when storage not mounted
05-31 20:13:49.680 D/VoldCmdListener( 1044): asec path com.idisplay.virtualscreen-1
05-31 20:13:49.680 W/MountService( 1265): getSecureContainerList() called when storage not mounted
05-31 20:13:49.690 W/MountService( 1265): getSecureContainerList() called when storage not mounted
05-31 20:13:49.690 D/VoldCmdListener( 1044): asec mount com.idisplay.virtualscreen-1 {} 1000
05-31 20:13:49.690 I/SystemServer( 1265): Ethernet Service
05-31 20:13:49.700 I/SystemServer( 1265): Connectivity Service
05-31 20:13:49.700 D/ConnectivityService( 1265): ConnectivityService starting up
05-31 20:13:49.710 I/EthernetManager( 1265): Init Ethernet Manager, service: com.android.server.EthernetService@414831e8
05-31 20:13:49.720 I/WifiService( 1265): WifiService starting up with Wi-Fi enabled
05-31 20:13:49.720 D/WifiService( 1265): setWifiEnabled: true pid=1265, uid=1000
05-31 20:13:49.720 I/SystemServer( 1265): Network Service Discovery Service
05-31 20:13:49.720 D/NsdService( 1265): Network service discovery enabled true
05-31 20:13:49.730 I/SystemServer( 1265): Throttle Service
05-31 20:13:49.730 I/SystemServer( 1265): UpdateLock Service
05-31 20:13:49.770 I/ActivityManager( 1265): Config changed: {1.0 0mcc0mnc ja_JP sw800dp w1280dp h752dp xlrg land ?uimode ?night finger -keyb/v/h -nav/h s.3}
05-31 20:13:49.860 W/MountService( 1265): getSecureContainerList() called when storage not mounted
05-31 20:13:49.860 D/VoldCmdListener( 1044): asec path com.idisplay.virtualscreen-1
05-31 20:13:50.000 I/PackageManager( 1265): Linking native library dir for /mnt/asec/com.idisplay.virtualscreen-1/pkg.apk
05-31 20:13:50.000 W/MountService( 1265): getSecureContainerList() called when storage not mounted
05-31 20:13:50.000 D/VoldCmdListener( 1044): asec fixperms com.idisplay.virtualscreen-1 10067 pkg.apk
05-31 20:13:50.040 W/MountService( 1265): getSecureContainerList() called when storage not mounted
05-31 20:13:50.050 W/PackageManager( 1265): Unknown permission android.permission.ADD_SYSTEM_SERVICE in package com.android.phone
05-31 20:13:50.050 W/PackageManager( 1265): Unknown permission com.skt.aom.permission.AOM_RECEIVE in package jp.naver.line.android
05-31 20:13:50.050 W/PackageManager( 1265): Unknown permission com.kddi.market.permission.USE_ALML in package jp.naver.line.android
05-31 20:13:50.050 W/PackageManager( 1265): Unknown permission com.android.vending.billing.IBillingAccountService.BIND2 in package com.google.android.gsf.login
05-31 20:13:50.050 W/PackageManager( 1265): Not granting permission android.permission.SEND_DOWNLOAD_COMPLETED_INTENTS to package com.android.browser (protectionLevel=2 flags=0x9be45)
05-31 20:13:50.050 W/PackageManager( 1265): Unknown permission android.permission.INTERACT_ACROSS_USERS in package com.google.android.gms
05-31 20:13:50.050 W/PackageManager( 1265): Unknown permission android.permission.RECOVERY in package com.google.android.gms
05-31 20:13:50.050 W/PackageManager( 1265): Unknown permission android.permission.READ_DREAM_STATE in package com.google.android.gms
05-31 20:13:50.050 W/PackageManager( 1265): Unknown permission android.permission.RECEIVE_DATA_ACTIVITY_CHANGE in package com.google.android.gms
05-31 20:13:50.050 W/PackageManager( 1265): Unknown permission android.permission.LOCATION_HARDWARE in package com.google.android.gms
05-31 20:13:50.050 W/PackageManager( 1265): Unknown permission android.permission.GET_APP_OPS_STATS in package com.google.android.gms
05-31 20:13:50.050 W/PackageManager( 1265): Unknown permission android.permission.UPDATE_APP_OPS_STATS in package com.google.android.gms
05-31 20:13:50.050 W/PackageManager( 1265): Unknown permission android.permission.CAPTURE_AUDIO_HOTWORD in package com.google.android.gms
05-31 20:13:50.050 W/PackageManager( 1265): Unknown permission com.google.android.hangouts.START_HANGOUT in package com.google.android.gms
05-31 20:13:50.050 W/PackageManager( 1265): Unknown permission android.permission.ACCESS_NETWORK_CONDITIONS in package com.google.android.gms
05-31 20:13:50.050 W/PackageManager( 1265): Unknown permission android.permission.MANAGE_DEVICE_ADMINS in package com.google.android.gms
05-31 20:13:50.050 W/PackageManager( 1265): Not granting permission android.permission.MODIFY_PHONE_STATE to package com.google.android.gms (protectionLevel=18 flags=0x83e44)
05-31 20:13:50.060 W/PackageManager( 1265): Not granting permission android.permission.MANAGE_USB to package com.google.android.gms (protectionLevel=18 flags=0x83e44)
05-31 20:13:50.060 W/PackageManager( 1265): Not granting permission android.permission.CALL_PRIVILEGED to package com.google.android.gms (protectionLevel=18 flags=0x83e44)
05-31 20:13:50.060 W/PackageManager( 1265): Unknown permission android.permission.BLUETOOTH_PRIVILEGED in package com.google.android.gms
05-31 20:13:50.060 W/PackageManager( 1265): Unknown permission android.permission.CAPTURE_AUDIO_OUTPUT in package com.google.android.gms
05-31 20:13:50.060 W/PackageManager( 1265): Unknown permission android.permission.CAPTURE_VIDEO_OUTPUT in package com.google.android.gms
05-31 20:13:50.060 W/PackageManager( 1265): Unknown permission android.permission.CAPTURE_SECURE_VIDEO_OUTPUT in package com.google.android.gms
05-31 20:13:50.060 W/PackageManager( 1265): Not granting permission android.permission.READ_FRAME_BUFFER to package com.google.android.gms (protectionLevel=18 flags=0x83e44)
05-31 20:13:50.060 W/PackageManager( 1265): Unknown permission com.google.android.wearable.READ_SETTINGS in package com.google.android.gms
05-31 20:13:50.060 W/PackageManager( 1265): Unknown permission com.sonymobile.permission.CAMERA_ADDON in package com.evernote
05-31 20:13:50.060 W/PackageManager( 1265): Unknown permission com.amazon.dcp.sso.permission.AMAZON_ACCOUNT_PROPERTY in package com.amazon.kindle
05-31 20:13:50.060 W/PackageManager( 1265): Unknown permission com.amazon.dcp.metrics.permission.METRICS_PERMISSION in package com.amazon.kindle
05-31 20:13:50.060 W/PackageManager( 1265): Unknown permission com.amazon.dcp.config.permission.DYN_CONFIG_VALUES_UPDATED in package com.amazon.kindle
05-31 20:13:50.060 W/PackageManager( 1265): Unknown permission com.amazon.dcp.settings.permission.READ_SETTINGS in package com.amazon.kindle
05-31 20:13:50.060 W/PackageManager( 1265): Unknown permission com.amazon.identity.permission.GENERIC_IPC in package com.amazon.kindle
05-31 20:13:50.060 W/PackageManager( 1265): Unknown permission com.amazon.dcp.sso.permission.USE_DEVICE_CREDENTIALS in package com.amazon.kindle
05-31 20:13:50.060 W/PackageManager( 1265): Unknown permission com.amazon.dcp.sso.permission.EXPIRE_ACCESS_TOKEN in package com.amazon.kindle
05-31 20:13:50.060 W/PackageManager( 1265): Unknown permission com.amazon.dcp.sso.permission.MANAGE_COR_PFM in package com.amazon.kindle
05-31 20:13:50.060 W/PackageManager( 1265): Unknown permission com.amazon.dcp.sso.permission.CUSTOMER_ATTRIBUTE_SERVICE in package com.amazon.kindle
05-31 20:13:50.060 W/PackageManager( 1265): Unknown permission amazon.permission.COLLECT_METRICS in package com.amazon.kindle
05-31 20:13:50.060 W/PackageManager( 1265): Not granting permission android.permission.SET_ORIENTATION to package com.path (protectionLevel=2 flags=0x8bc44)
05-31 20:13:50.060 W/PackageManager( 1265): Unknown permission com.facebook.orca.provider.ACCESS in package com.facebook.katana
05-31 20:13:50.060 W/PackageManager( 1265): Unknown permission com.amazon.device.messaging.permission.RECEIVE in package com.facebook.katana
05-31 20:13:50.060 W/PackageManager( 1265): Unknown permission com.sec.android.provider.badge.permission.READ in package com.facebook.katana
05-31 20:13:50.060 W/PackageManager( 1265): Unknown permission com.sec.android.provider.badge.permission.WRITE in package com.facebook.katana
05-31 20:13:50.060 W/PackageManager( 1265): Unknown permission com.htc.launcher.permission.READ_SETTINGS in package com.facebook.katana
05-31 20:13:50.060 W/PackageManager( 1265): Unknown permission com.htc.launcher.permission.UPDATE_SHORTCUT in package com.facebook.katana
05-31 20:13:50.060 W/PackageManager( 1265): Unknown permission com.sonyericsson.home.permission.BROADCAST_BADGE in package com.facebook.katana
05-31 20:13:50.060 W/PackageManager( 1265): Unknown permission com.google.android.voicesearch.SHORTCUTS_ACCESS in package com.google.android.googlequicksearchbox
05-31 20:13:50.060 W/PackageManager( 1265): Unknown permission com.google.android.ears.permission.WRITE in package com.google.android.googlequicksearchbox
05-31 20:13:50.060 W/PackageManager( 1265): Unknown permission android.permission.MEDIA_CONTENT_CONTROL in package com.google.android.googlequicksearchbox
05-31 20:13:50.070 W/PackageManager( 1265): Unknown permission com.google.googlenav.friend.permission.OPT_IN in package com.google.android.googlequicksearchbox
05-31 20:13:50.070 W/PackageManager( 1265): Unknown permission com.google.android.apps.maps.permission.PREFETCH in package com.google.android.googlequicksearchbox
05-31 20:13:50.070 W/PackageManager( 1265): Unknown permission com.google.android.apps.googlevoice.permission.AUTO_SEND in package com.google.android.googlequicksearchbox
05-31 20:13:50.070 W/PackageManager( 1265): Unknown permission android.permission.CAPTURE_AUDIO_HOTWORD in package com.google.android.googlequicksearchbox
05-31 20:13:50.070 W/PackageManager( 1265): Not granting permission android.permission.STOP_APP_SWITCHES to package com.google.android.googlequicksearchbox (protectionLevel=18 flags=0x1bbec5)
05-31 20:13:50.070 W/PackageManager( 1265): Not granting permission android.permission.STATUS_BAR to package com.google.android.googlequicksearchbox (protectionLevel=18 flags=0x1bbec5)
05-31 20:13:50.070 W/PackageManager( 1265): Unknown permission com.google.android.launcher.permission.CONTENT_REDIRECT in package com.google.android.googlequicksearchbox
05-31 20:13:50.070 W/PackageManager( 1265): Not granting permission android.permission.BIND_APPWIDGET to package com.google.android.googlequicksearchbox (protectionLevel=18 flags=0x1bbec5)
05-31 20:13:50.070 W/PackageManager( 1265): Not granting permission android.permission.SEND_DOWNLOAD_COMPLETED_INTENTS to package com.android.vending (protectionLevel=2 flags=0xabec5)
05-31 20:13:50.070 W/PackageManager( 1265): Unknown permission android.permission.MANAGE_USERS in package com.android.vending
05-31 20:13:50.070 W/PackageManager( 1265): Unknown permission android.permission.INTERACT_ACROSS_USERS in package com.android.vending
05-31 20:13:50.070 W/PackageManager( 1265): Not granting permission android.permission.WRITE_SECURE_SETTINGS to package com.android.vending (protectionLevel=50 flags=0xabec5)
05-31 20:13:50.070 W/PackageManager( 1265): Not granting permission android.permission.FORCE_STOP_PACKAGES to package com.android.vending (protectionLevel=2 flags=0xabec5)
05-31 20:13:50.070 W/PackageManager( 1265): Unknown permission android.webkit.permission.PLUGIN in package com.adobe.flashplayer
05-31 20:13:50.070 W/PackageManager( 1265): Not granting permission android.permission.READ_LOGS to package com.idisplay.virtualscreen (protectionLevel=50 flags=0x2018be44)
05-31 20:13:50.070 W/PackageManager( 1265): Unknown permission com.estrongs.android.pop.PERMISSION in package com.estrongs.android.pop
05-31 20:13:50.070 W/PackageManager( 1265): Not granting permission android.permission.DEVICE_POWER to package com.android.deskclock (protectionLevel=2 flags=0x8be45)
05-31 20:13:50.110 W/PackageManager( 1265): Unknown permission com.chrome.permission.DEVICE_EXTRAS in package com.android.chrome
05-31 20:13:50.110 W/PackageManager( 1265): Unknown permission com.sec.enterprise.knox.MDM_CONTENT_PROVIDER in package com.android.chrome
05-31 20:13:51.050 I/SystemServer( 1265): Notification Manager
05-31 20:13:51.060 I/SystemServer( 1265): Device Storage Monitor
05-31 20:13:51.060 I/SystemServer( 1265): Location Manager
05-31 20:13:51.060 I/SystemServer( 1265): Country Detector
05-31 20:13:51.060 I/SystemServer( 1265): Search Service
05-31 20:13:51.060 I/SystemServer( 1265): DropBox Service
05-31 20:13:51.070 I/SystemServer( 1265): Wallpaper Service
05-31 20:13:51.070 I/SystemServer( 1265): Audio Service
05-31 20:13:51.130 I/SystemServer( 1265): Dock Observer
05-31 20:13:51.130 W/DockObserver( 1265): This kernel does not have dock station support
05-31 20:13:51.130 I/SystemServer( 1265): Wired Accessory Observer
05-31 20:13:51.130 W/WiredAccessoryObserver( 1265): This kernel does not have usb audio support
05-31 20:13:51.130 I/SystemServer( 1265): USB Service
05-31 20:13:51.140 I/SystemServer( 1265): Serial Service
05-31 20:13:51.150 I/SystemServer( 1265): UI Mode Manager Service
05-31 20:13:51.150 I/SystemServer( 1265): Backup Service
05-31 20:13:51.150 V/BackupManagerService( 1265): Initializing package tracking
05-31 20:13:51.210 V/BackupManagerService( 1265): addPackageParticipantsLocked: all
05-31 20:13:51.210 I/BackupManagerService( 1265): New app com.android.vending never backed up; scheduling
05-31 20:13:51.210 D/BackupManagerService( 1265): Now staging backup of com.android.vending
05-31 20:13:51.220 I/BackupManagerService( 1265): New app com.google.android.gm never backed up; scheduling
05-31 20:13:51.220 D/BackupManagerService( 1265): Now staging backup of com.google.android.gm
05-31 20:13:51.220 V/BackupManagerService( 1265): Registering transport android/com.android.internal.backup.LocalTransport = com.android.internal.backup.LocalTransport@414e6e40
05-31 20:13:51.230 V/BackupManagerService( 1265): Starting with transport android/com.android.internal.backup.LocalTransport
05-31 20:13:51.230 V/BackupManagerService( 1265): Binding to Google transport
05-31 20:13:51.230 I/BackupManagerService( 1265): Found stale backup journal, scheduling
05-31 20:13:51.230 I/BackupManagerService( 1265):   com.android.providers.settings
05-31 20:13:51.230 D/BackupManagerService( 1265): Now staging backup of com.android.providers.settings
05-31 20:13:51.230 I/BackupManagerService( 1265):   android
05-31 20:13:51.230 D/BackupManagerService( 1265): Now staging backup of android
05-31 20:13:51.230 I/BackupManagerService( 1265):   com.google.android.gm
05-31 20:13:51.230 I/BackupManagerService( 1265):   com.android.vending
05-31 20:13:51.230 I/BackupManagerService( 1265): Backup enabled => true
05-31 20:13:51.230 I/SystemServer( 1265): AppWidget Service
05-31 20:13:51.230 I/SystemServer( 1265): Recognition Service
05-31 20:13:51.240 I/SystemServer( 1265): DiskStats Service
05-31 20:13:51.240 I/SystemServer( 1265): SamplingProfiler Service
05-31 20:13:51.240 I/SystemServer( 1265): DisplayManager Service
05-31 20:13:51.280 I/SystemServer( 1265): NetworkTimeUpdateService
05-31 20:13:51.290 I/SystemServer( 1265): CommonTimeManagementService
05-31 20:13:51.290 I/SystemServer( 1265): CertBlacklister
05-31 20:13:51.320 D/PowerManagerService( 1265): system ready!
05-31 20:13:51.330 I/ActivityManager( 1265): Sending system update to: ComponentInfo{com.google.android.googlequicksearchbox/com.google.android.googlequicksearchbox.GelStubAppWatcher}
05-31 20:13:51.370 I/ActivityManager( 1265): Start proc com.google.android.googlequicksearchbox:search for broadcast com.google.android.googlequicksearchbox/.GelStubAppWatcher: pid=1383 uid=10039 gids={3003, 1028, 3002, 1015}
05-31 20:13:51.430 I/ActivityManager( 1265): Launching preboot mode app: ProcessRecord{414fedf0 1383:com.google.android.googlequicksearchbox:search/u0a39}
05-31 20:13:52.000 V/BackupManagerService( 1265): Connected to Google transport
05-31 20:13:52.000 V/BackupManagerService( 1265): Registering transport com.google.android.backup/.BackupTransportService = com.google.android.backup.BackupTransportService$1@414a2f30
05-31 20:13:52.880 I/ActivityManager( 1265): Writing new set of last done pre-boot receivers...
05-31 20:13:52.890 I/ActivityManager( 1265): Removing system update proc: ProcessRecord{414fedf0 1383:com.google.android.googlequicksearchbox:search/u0a39}
05-31 20:13:52.890 I/ActivityManager( 1265): Killing proc 1383:com.google.android.googlequicksearchbox:search/u0a39: system update done
05-31 20:13:52.890 I/ActivityManager( 1265): System now ready
05-31 20:13:52.890 I/SystemServer( 1265): Making services ready
05-31 20:13:52.890 D/SystemServer( 1265): Starting service: Intent { cmp=com.android.systemui/.SystemUIService }
05-31 20:13:52.940 I/ActivityManager( 1265): Start proc com.android.systemui for service com.android.systemui/.SystemUIService: pid=1405 uid=10044 gids={1028, 1015, 3002, 3001}
05-31 20:13:52.950 D/NetworkManagementService( 1265): enabling bandwidth control
05-31 20:13:53.130 D/SystemUIService( 1405): loading: class com.android.systemui.statusbar.tablet.TabletStatusBar
05-31 20:13:53.140 D/SystemUIService( 1405): running: com.android.systemui.statusbar.tablet.TabletStatusBar@41169488
05-31 20:13:53.150 I/StatusBarManagerService( 1265): registerStatusBar bar=com.android.internal.statusbar.IStatusBar$Stub$Proxy@4138d700
05-31 20:13:53.450 I/ActivityManager( 1265): Config changed: {1.0 0mcc0mnc ja_JP sw800dp w1280dp h752dp xlrg land finger -keyb/v/h -nav/h s.4}
05-31 20:13:53.970 W/InputMethodManagerService( 1265): Ignoring setImeWindowStatus of uid 1000 token: null
05-31 20:13:54.040 I/ActivityManager( 1265): Start proc com.adamrocker.android.input.simeji for service com.adamrocker.android.input.simeji/.OpenWnnSimeji: pid=1454 uid=10055 gids={3003, 1015, 1028}
05-31 20:13:54.090 I/ActivityManager( 1265): Start proc com.android.phone for added application com.android.phone: pid=1470 uid=1001 gids={3002, 3001, 3003, 1015, 1028}
05-31 20:13:54.100 I/ActivityManager( 1265): START {act=android.intent.action.MAIN cat=[android.intent.category.HOME] flg=0x10000000 cmp=com.android.launcher/com.android.launcher2.Launcher u=0} from pid 0
05-31 20:13:54.100 W/ThrottleService( 1265): unable to find stats for iface rmnet0
05-31 20:13:54.150 I/ActivityManager( 1265): Start proc com.android.launcher for activity com.android.launcher/com.android.launcher2.Launcher: pid=1481 uid=10028 gids={1028}
05-31 20:13:54.180 I/ActivityManager( 1265): Start proc android.process.media for broadcast com.android.providers.media/.UsbReceiver: pid=1506 uid=10012 gids={1015, 1023, 1024, 1028, 2001, 3003, 3007}
05-31 20:13:54.230 I/ActivityManager( 1265): Start proc com.google.process.gapps for service com.google.android.location/.NetworkLocationService: pid=1529 uid=10021 gids={3003, 1015, 1028, 1007, 1006, 3002, 3001, 2001, 3006}
05-31 20:13:54.240 D/LocationManagerService( 1265): addProvider gps with wifi
05-31 20:13:54.260 I/TabletStatusBar( 1405): DISABLE_CLOCK: yes
05-31 20:13:54.290 D/StorageNotification( 1405): Startup with UMS connection false (Flash state unmounted)
05-31 20:13:54.310 D/SystemUIService( 1405): loading: class com.android.systemui.power.PowerUI
05-31 20:13:54.310 D/SystemUIService( 1405): running: com.android.systemui.power.PowerUI@412c5360
05-31 20:13:54.310 D/SystemUIService( 1405): loading: class com.android.systemui.media.RingtonePlayer
05-31 20:13:54.320 D/SystemUIService( 1405): running: com.android.systemui.media.RingtonePlayer@412c61a0
05-31 20:13:54.320 I/StorageNotification( 1405): UMS connection changed to false (media state unmounted)
05-31 20:13:54.330 D/WifiService( 1265): New client listening to asynchronous messages
05-31 20:13:54.620 I/ActivityManager( 1265): Start proc com.android.settings for broadcast com.android.settings/.widget.SettingsAppWidgetProvider: pid=1551 uid=1000 gids={1015, 3002, 3001, 3003, 1028, 3007}
05-31 20:13:54.760 D/DownloadManager( 1506): deleting spurious file /data/data/com.android.providers.downloads/cache/downloadfile-2.bin
05-31 20:13:54.770 W/ProcessStats( 1265): Skipping unknown process pid 1545
05-31 20:13:54.770 W/ProcessStats( 1265): Skipping unknown process pid 1562
05-31 20:13:54.800 D/DownloadManager( 1506): deleting spurious file /data/data/com.android.providers.downloads/cache/downloadfile-3.bin
05-31 20:13:54.940 D/DownloadManager( 1506): deleting spurious file /data/data/com.android.providers.downloads/cache/downloadfile-1.bin
05-31 20:13:54.940 D/DownloadManager( 1506): deleting spurious file /data/data/com.android.providers.downloads/cache/downloadfile.apk
05-31 20:13:54.940 D/DownloadManager( 1506): deleting spurious file /data/data/com.android.providers.downloads/cache/downloadfile.bin
05-31 20:13:55.090 I/ActivityManager( 1265): Start proc com.android.smspush for service com.android.smspush/.WapPushManager: pid=1580 uid=10049 gids={1028}
05-31 20:13:55.330 I/ActivityManager( 1265): Start proc android.process.acore for content provider com.android.providers.contacts/.CallLogProvider: pid=1600 uid=10002 gids={3003, 1015, 1028}
05-31 20:13:55.390 W/ActivityManager( 1265): Unable to start service Intent { act=com.android.ussd.IExtendedNetworkService }: not found
05-31 20:13:55.940 I/ActivityManager( 1265): Start proc com.google.android.gms for broadcast com.google.android.gms/com.google.android.location.internal.NlpNetworkProviderSettingsUpdateReceiver: pid=1622 uid=10021 gids={3003, 1015, 1028, 1007, 1006, 3002, 3001, 2001, 3006}
05-31 20:13:56.430 W/WindowManager( 1265): Window freeze timeout expired.
05-31 20:13:56.430 W/WindowManager( 1265): Force clearing orientation change: Window{414e0a30 SystemBar paused=false}
05-31 20:13:56.430 W/WindowManager( 1265): Force clearing orientation change: Window{41123ff8 com.android.systemui.ImageWallpaper paused=false}
05-31 20:13:58.460 I/LocationManagerService( 1265): request network (pid 1265) 86400000 86400000
05-31 20:13:58.470 I/LocationManagerService( 1265): request passive (pid 1265) 0 0
05-31 20:13:58.620 D/AlarmManager( 1265): overriden alarm callingpackages[0] com.google.android.gms
05-31 20:13:58.620 D/AlarmManager( 1265): overriden alarm callingpackages[0] com.adamrocker.android.input.simeji
05-31 20:13:58.620 D/AlarmManager( 1265): init allow package list 
05-31 20:13:58.620 D/AlarmManager( 1265): overriden alarm callingUid= 10055 type= 0
05-31 20:13:58.620 D/AlarmManager( 1265): overriden alarm force  AlarmManager.RTC
05-31 20:13:58.630 D/AlarmManager( 1265): overriden alarm callingpackages[0] com.adamrocker.android.input.simeji
05-31 20:13:58.630 D/AlarmManager( 1265): overriden alarm callingUid= 10055 type= 2
05-31 20:13:58.630 D/AlarmManager( 1265): overriden alarm force  AlarmManager.ELAPSED_REALTIME
05-31 20:13:58.750 D/AlarmManager( 1265): overriden alarm callingpackages[0] com.google.android.gms
05-31 20:13:58.760 D/AlarmManager( 1265): overriden alarm callingpackages[0] com.google.android.gms
05-31 20:13:58.760 D/AlarmManager( 1265): overriden alarm callingpackages[0] com.google.android.gms
05-31 20:13:58.770 D/AlarmManager( 1265): overriden alarm callingpackages[0] com.google.android.gms
05-31 20:13:58.770 D/AlarmManager( 1265): overriden alarm callingpackages[0] com.google.android.gms
05-31 20:13:58.780 D/AlarmManager( 1265): overriden alarm callingpackages[0] com.google.android.gms
05-31 20:13:58.790 D/AlarmManager( 1265): overriden alarm callingpackages[0] com.google.android.gms
05-31 20:13:58.800 D/AlarmManager( 1265): overriden alarm callingpackages[0] com.google.android.gms
05-31 20:13:58.810 D/AlarmManager( 1265): overriden alarm callingpackages[0] com.google.android.gms
05-31 20:13:58.820 D/AlarmManager( 1265): overriden alarm callingpackages[0] com.google.android.gms
05-31 20:13:58.830 D/AlarmManager( 1265): overriden alarm callingpackages[0] com.google.android.gms
05-31 20:13:59.160 D/ConnectivityService( 1265): ConnectivityChange for WIFI: CONNECTED/CONNECTED
05-31 20:13:59.260 D/ConnectivityService( 1265): ConnectivityChange for WIFI: CONNECTED/CONNECTED
05-31 20:13:59.290 D/ConnectivityService( 1265): handleConnectivityChange: address are the same reset per doReset linkProperty[1]: resetMask=0
05-31 20:13:59.630 I/ActivityManager( 1265): Start proc com.google.android.gsf.login for on-hold: pid=1687 uid=10021 gids={3003, 1015, 1028, 1007, 1006, 3002, 3001, 2001, 3006}
05-31 20:13:59.640 D/PowerManagerService( 1265): bootCompleted
05-31 20:13:59.640 V/DevicePolicyManagerService( 1265): Sending password expiration notifications for action android.intent.action.BOOT_COMPLETED
05-31 20:13:59.640 D/VoldCmdListener( 1044): volume mount /mnt/sd-ext
05-31 20:13:59.650 I/Vold    ( 1044): /dev/block/vold/179:1 being considered for volume sdcard
05-31 20:13:59.650 D/Vold    ( 1044): Volume sdcard state changing 1 (Idle-Unmounted) -> 3 (Checking)
05-31 20:13:59.650 D/MountService( 1265): volume state changed for /mnt/sd-ext (unmounted -> checking)
05-31 20:13:59.650 I/StorageNotification( 1405): Media {/mnt/sd-ext} state changed from {unmounted} -> {checking}
05-31 20:13:59.650 D/MountService( 1265): sendStorageIntent Intent { act=android.intent.action.MEDIA_CHECKING dat=file:///mnt/sd-ext (has extras) }
05-31 20:13:59.650 I/Vold    ( 1044): Device(/dev/block/vold/179:1) is Fat(32)
05-31 20:13:59.650 V/WiredAccessoryObserver( 1265): init()
05-31 20:14:00.050 I/ActivityManager( 1265): Start proc com.facebook.katana for content provider com.facebook.katana/.provider.AttributionIdProvider: pid=1722 uid=10058 gids={1006, 1015, 3003, 1028}
05-31 20:14:00.180 D/AlarmManager( 1265): overriden alarm callingpackages[0] com.google.android.gms
05-31 20:14:00.510 I/ActivityManager( 1265): Start proc com.google.process.location for service com.google.android.gms/com.google.android.location.internal.server.GoogleLocationService: pid=1750 uid=10021 gids={3003, 1015, 1028, 1007, 1006, 3002, 3001, 2001, 3006}
05-31 20:14:00.630 I/Vold    ( 1044): Filesystem check completed OK
05-31 20:14:00.640 I/Vold    ( 1044): Device /dev/block/vold/179:1, target /mnt/sd-ext mounted @ /mnt/secure/staging
05-31 20:14:00.640 D/Vold    ( 1044): Volume sdcard state changing 3 (Checking) -> 4 (Mounted)
05-31 20:14:00.650 D/MountService( 1265): volume state changed for /mnt/sd-ext (checking -> mounted)
05-31 20:14:00.650 E/VoldConnector( 1265): NDC Command {8 volume mount /mnt/sd-ext} took too long (1004ms)
05-31 20:14:00.650 I/StorageNotification( 1405): Media {/mnt/sd-ext} state changed from {checking} -> {mounted}
05-31 20:14:00.650 D/MountService( 1265): sendStorageIntent Intent { act=android.intent.action.MEDIA_MOUNTED dat=file:///mnt/sd-ext (has extras) }
05-31 20:14:00.650 D/VoldCmdListener( 1044): volume mount /mnt/sdcard
05-31 20:14:00.650 I/Vold    ( 1044): /dev/block/vold/93:72 being considered for volume flash
05-31 20:14:00.650 D/Vold    ( 1044): Volume flash state changing 1 (Idle-Unmounted) -> 3 (Checking)
05-31 20:14:00.650 I/Vold    ( 1044): Device(/dev/block/vold/93:72) is Fat(32)
05-31 20:14:00.660 D/MountService( 1265): volume state changed for /mnt/sdcard (unmounted -> checking)
05-31 20:14:00.660 D/MountService( 1265): sendStorageIntent Intent { act=android.intent.action.MEDIA_CHECKING dat=file:///mnt/sdcard (has extras) }
05-31 20:14:00.660 I/StorageNotification( 1405): Media {/mnt/sdcard} state changed from {unmounted} -> {checking}
05-31 20:14:01.410 D/AlarmManager( 1265): overriden alarm callingpackages[0] com.google.android.gms
05-31 20:14:02.120 D/AlarmManager( 1265): overriden alarm callingpackages[0] com.google.android.gms
05-31 20:14:02.260 D/AlarmManager( 1265): overriden alarm callingpackages[0] com.google.android.gms
05-31 20:14:04.178 I/LocationManagerService( 1265): request passive (pid 1750) 0 0
05-31 20:14:04.448 D/AlarmManager( 1265): overriden alarm callingpackages[0] com.google.android.gms
05-31 20:14:04.508 D/AlarmManager( 1265): overriden alarm callingpackages[0] com.google.android.gms
05-31 20:14:04.758 I/LocationManagerService( 1265): request passive (pid 1750) 0 0
05-31 20:14:04.798 D/AlarmManager( 1265): overriden alarm callingpackages[0] com.google.android.gms
05-31 20:14:04.928 D/AlarmManager( 1265): overriden alarm callingpackages[0] com.google.android.gms
05-31 20:14:04.948 D/AlarmManager( 1265): overriden alarm callingpackages[0] com.google.android.gms
05-31 20:14:04.958 D/AlarmManager( 1265): overriden alarm callingpackages[0] com.google.android.gms
05-31 20:14:04.968 D/AlarmManager( 1265): overriden alarm callingpackages[0] com.google.android.gms
05-31 20:14:04.988 D/AlarmManager( 1265): overriden alarm callingpackages[0] com.google.android.gms
05-31 20:14:04.988 D/AlarmManager( 1265): overriden alarm callingpackages[0] com.google.android.gms
05-31 20:14:04.988 D/AlarmManager( 1265): overriden alarm callingpackages[0] com.google.android.gms
05-31 20:14:04.998 D/AlarmManager( 1265): overriden alarm callingpackages[0] com.google.android.gms
05-31 20:14:05.368 I/TabletStatusBar( 1405): DISABLE_CLOCK: no
05-31 20:14:06.038 I/ActivityManager( 1265): Start proc com.adamrocker.android.input.simeji:heart for service com.adamrocker.android.input.simeji/jp.baidu.simeji.heartservice.ExternalHeartService: pid=1792 uid=10055 gids={3003, 1015, 1028}
05-31 20:14:06.158 I/ActivityManager( 1265): Start proc com.android.providers.calendar for broadcast com.android.providers.calendar/.CalendarReceiver: pid=1809 uid=10008 gids={3003, 1015, 1028}
05-31 20:14:06.358 D/AlarmManager( 1265): overriden alarm callingpackages[0] com.google.android.gms
05-31 20:14:06.498 D/AlarmManager( 1265): overriden alarm callingpackages[0] com.android.providers.calendar
05-31 20:14:06.548 I/ActivityManager( 1265): Start proc com.android.deskclock for broadcast com.android.deskclock/.AlarmInitReceiver: pid=1830 uid=10011 gids={1028}
05-31 20:14:06.578 D/AlarmManager( 1265): overriden alarm callingpackages[0] com.adamrocker.android.input.simeji
05-31 20:14:06.578 D/AlarmManager( 1265): overriden alarm callingUid= 10055 type= 2
05-31 20:14:06.578 D/AlarmManager( 1265): overriden alarm force  AlarmManager.ELAPSED_REALTIME
05-31 20:14:06.848 I/ActivityManager( 1265): Start proc com.android.email for broadcast com.android.email/.service.EmailBroadcastReceiver: pid=1852 uid=10014 gids={3003, 1015, 1028}
05-31 20:14:07.118 I/ActivityManager( 1265): Config changed: {1.0 0mcc0mnc ja_JP sw800dp w800dp h1232dp xlrg port finger -keyb/v/h -nav/h s.5}
05-31 20:14:07.408 D/ActivityThread( 1852): Loading provider com.android.email.provider;com.android.email.notifier: com.android.email.provider.EmailProvider
05-31 20:14:07.578 I/ActivityManager( 1265): Start proc com.android.exchange for service com.android.exchange/.ExchangeService: pid=1872 uid=10015 gids={3003, 1015, 1028}
05-31 20:14:07.698 I/Vold    ( 1044): Filesystem check completed OK
05-31 20:14:07.708 I/Vold    ( 1044): Device /dev/block/vold/93:72, target /mnt/sdcard mounted @ /mnt/secure/staging
05-31 20:14:07.708 D/Vold    ( 1044): Volume flash state changing 3 (Checking) -> 4 (Mounted)
05-31 20:14:07.708 D/MountService( 1265): volume state changed for /mnt/sdcard (checking -> mounted)
05-31 20:14:07.718 I/StorageNotification( 1405): Media {/mnt/sdcard} state changed from {checking} -> {mounted}
05-31 20:14:07.718 E/VoldConnector( 1265): NDC Command {9 volume mount /mnt/sdcard} took too long (5429ms)
05-31 20:14:07.718 D/MountService( 1265): sendStorageIntent Intent { act=android.intent.action.MEDIA_MOUNTED dat=file:///mnt/sdcard (has extras) }
05-31 20:14:07.718 D/VoldCmdListener( 1044): asec list
05-31 20:14:08.218 I/SystemUpdateService( 1529): cancelUpdate (empty URL)
05-31 20:14:08.368 I/ActivityManager( 1265): Start proc com.noshufou.android.su for broadcast com.noshufou.android.su/.UpdatePermissionsReceiver: pid=1915 uid=10043 gids={3003, 1015, 1028}
05-31 20:14:08.428 I/SystemUpdateService( 1529): cancelUpdate (empty URL)
05-31 20:14:10.558 E/VoldConnector( 1265): NDC Command {10 asec list} took too long (2843ms)
05-31 20:14:10.568 D/VoldCmdListener( 1044): asec fspath com.aldiko.android-1
05-31 20:14:10.578 D/VoldCmdListener( 1044): asec path com.aldiko.android-1
05-31 20:14:10.578 D/VoldCmdListener( 1044): asec fspath com.idisplay.virtualscreen-1
05-31 20:14:10.578 D/VoldCmdListener( 1044): asec path com.idisplay.virtualscreen-1
05-31 20:14:10.598 W/PackageManager( 1265): Application package com.idisplay.virtualscreen already installed.  Skipping duplicate.
05-31 20:14:10.598 I/PackageManager( 1265): Failed to install pkg from  /mnt/asec/com.idisplay.virtualscreen-1/pkg.apk from sdcard
05-31 20:14:10.598 D/VoldCmdListener( 1044): asec mount com.aldiko.android-1 {} 1000
05-31 20:14:10.658 I/ActivityManager( 1265): Start proc com.google.android.googlequicksearchbox:search for broadcast com.google.android.googlequicksearchbox/com.google.android.search.core.StartUpReceiver: pid=1939 uid=10039 gids={3003, 1028, 3002, 1015}
05-31 20:14:10.838 D/VoldCmdListener( 1044): asec path com.aldiko.android-1
05-31 20:14:11.138 W/PackageParser( 1265): No actions in intent filter at /mnt/asec/com.aldiko.android-1/pkg.apk Binary XML file line #99
05-31 20:14:11.148 I/PackageManager( 1265): Linking native library dir for /mnt/asec/com.aldiko.android-1/pkg.apk
05-31 20:14:11.198 D/VoldCmdListener( 1044): asec fixperms com.aldiko.android-1 -1 null
05-31 20:14:11.258 W/PackageManager( 1265): Unknown permission android.permission.ADD_SYSTEM_SERVICE in package com.android.phone
05-31 20:14:11.268 W/PackageManager( 1265): Unknown permission com.skt.aom.permission.AOM_RECEIVE in package jp.naver.line.android
05-31 20:14:11.268 W/PackageManager( 1265): Unknown permission com.kddi.market.permission.USE_ALML in package jp.naver.line.android
05-31 20:14:11.288 W/PackageManager( 1265): Unknown permission com.android.vending.billing.IBillingAccountService.BIND2 in package com.google.android.gsf.login
05-31 20:14:11.288 W/PackageManager( 1265): Not granting permission android.permission.SEND_DOWNLOAD_COMPLETED_INTENTS to package com.android.browser (protectionLevel=2 flags=0x9be45)
05-31 20:14:11.308 W/PackageManager( 1265): Unknown permission android.permission.INTERACT_ACROSS_USERS in package com.google.android.gms
05-31 20:14:11.308 W/PackageManager( 1265): Unknown permission android.permission.RECOVERY in package com.google.android.gms
05-31 20:14:11.318 W/PackageManager( 1265): Unknown permission android.permission.READ_DREAM_STATE in package com.google.android.gms
05-31 20:14:11.318 W/PackageManager( 1265): Unknown permission android.permission.RECEIVE_DATA_ACTIVITY_CHANGE in package com.google.android.gms
05-31 20:14:11.318 W/PackageManager( 1265): Unknown permission android.permission.LOCATION_HARDWARE in package com.google.android.gms
05-31 20:14:11.318 W/PackageManager( 1265): Unknown permission android.permission.GET_APP_OPS_STATS in package com.google.android.gms
05-31 20:14:11.318 W/PackageManager( 1265): Unknown permission android.permission.UPDATE_APP_OPS_STATS in package com.google.android.gms
05-31 20:14:11.318 W/PackageManager( 1265): Unknown permission android.permission.CAPTURE_AUDIO_HOTWORD in package com.google.android.gms
05-31 20:14:11.318 W/PackageManager( 1265): Unknown permission com.google.android.hangouts.START_HANGOUT in package com.google.android.gms
05-31 20:14:11.328 W/PackageManager( 1265): Unknown permission android.permission.ACCESS_NETWORK_CONDITIONS in package com.google.android.gms
05-31 20:14:11.328 W/PackageManager( 1265): Unknown permission android.permission.MANAGE_DEVICE_ADMINS in package com.google.android.gms
05-31 20:14:11.328 W/PackageManager( 1265): Not granting permission android.permission.MODIFY_PHONE_STATE to package com.google.android.gms (protectionLevel=18 flags=0x83e44)
05-31 20:14:11.328 W/PackageManager( 1265): Not granting permission android.permission.MANAGE_USB to package com.google.android.gms (protectionLevel=18 flags=0x83e44)
05-31 20:14:11.328 W/PackageManager( 1265): Not granting permission android.permission.CALL_PRIVILEGED to package com.google.android.gms (protectionLevel=18 flags=0x83e44)
05-31 20:14:11.328 W/PackageManager( 1265): Unknown permission android.permission.BLUETOOTH_PRIVILEGED in package com.google.android.gms
05-31 20:14:11.328 W/PackageManager( 1265): Unknown permission android.permission.CAPTURE_AUDIO_OUTPUT in package com.google.android.gms
05-31 20:14:11.328 W/PackageManager( 1265): Unknown permission android.permission.CAPTURE_VIDEO_OUTPUT in package com.google.android.gms
05-31 20:14:11.328 W/PackageManager( 1265): Unknown permission android.permission.CAPTURE_SECURE_VIDEO_OUTPUT in package com.google.android.gms
05-31 20:14:11.328 W/PackageManager( 1265): Not granting permission android.permission.READ_FRAME_BUFFER to package com.google.android.gms (protectionLevel=18 flags=0x83e44)
05-31 20:14:11.328 W/PackageManager( 1265): Unknown permission com.google.android.wearable.READ_SETTINGS in package com.google.android.gms
05-31 20:14:11.328 W/PackageManager( 1265): Unknown permission com.sonymobile.permission.CAMERA_ADDON in package com.evernote
05-31 20:14:11.338 W/PackageManager( 1265): Unknown permission com.amazon.dcp.sso.permission.AMAZON_ACCOUNT_PROPERTY in package com.amazon.kindle
05-31 20:14:11.338 W/PackageManager( 1265): Unknown permission com.amazon.dcp.metrics.permission.METRICS_PERMISSION in package com.amazon.kindle
05-31 20:14:11.338 W/PackageManager( 1265): Unknown permission com.amazon.dcp.config.permission.DYN_CONFIG_VALUES_UPDATED in package com.amazon.kindle
05-31 20:14:11.338 W/PackageManager( 1265): Unknown permission com.amazon.dcp.settings.permission.READ_SETTINGS in package com.amazon.kindle
05-31 20:14:11.338 W/PackageManager( 1265): Unknown permission com.amazon.identity.permission.GENERIC_IPC in package com.amazon.kindle
05-31 20:14:11.338 W/PackageManager( 1265): Unknown permission com.amazon.dcp.sso.permission.USE_DEVICE_CREDENTIALS in package com.amazon.kindle
05-31 20:14:11.338 W/PackageManager( 1265): Unknown permission com.amazon.dcp.sso.permission.EXPIRE_ACCESS_TOKEN in package com.amazon.kindle
05-31 20:14:11.338 W/PackageManager( 1265): Unknown permission com.amazon.dcp.sso.permission.MANAGE_COR_PFM in package com.amazon.kindle
05-31 20:14:11.338 W/PackageManager( 1265): Unknown permission com.amazon.dcp.sso.permission.CUSTOMER_ATTRIBUTE_SERVICE in package com.amazon.kindle
05-31 20:14:11.338 W/PackageManager( 1265): Unknown permission amazon.permission.COLLECT_METRICS in package com.amazon.kindle
05-31 20:14:11.358 W/PackageManager( 1265): Not granting permission android.permission.SET_ORIENTATION to package com.path (protectionLevel=2 flags=0x8bc44)
05-31 20:14:11.358 W/PackageManager( 1265): Unknown permission com.facebook.orca.provider.ACCESS in package com.facebook.katana
05-31 20:14:11.358 W/PackageManager( 1265): Unknown permission com.amazon.device.messaging.permission.RECEIVE in package com.facebook.katana
05-31 20:14:11.358 W/PackageManager( 1265): Unknown permission com.sec.android.provider.badge.permission.READ in package com.facebook.katana
05-31 20:14:11.358 W/PackageManager( 1265): Unknown permission com.sec.android.provider.badge.permission.WRITE in package com.facebook.katana
05-31 20:14:11.358 W/PackageManager( 1265): Unknown permission com.htc.launcher.permission.READ_SETTINGS in package com.facebook.katana
05-31 20:14:11.358 W/PackageManager( 1265): Unknown permission com.htc.launcher.permission.UPDATE_SHORTCUT in package com.facebook.katana
05-31 20:14:11.358 W/PackageManager( 1265): Unknown permission com.sonyericsson.home.permission.BROADCAST_BADGE in package com.facebook.katana
05-31 20:14:11.368 W/PackageManager( 1265): Unknown permission com.google.android.voicesearch.SHORTCUTS_ACCESS in package com.google.android.googlequicksearchbox
05-31 20:14:11.368 W/PackageManager( 1265): Unknown permission com.google.android.ears.permission.WRITE in package com.google.android.googlequicksearchbox
05-31 20:14:11.368 W/PackageManager( 1265): Unknown permission android.permission.MEDIA_CONTENT_CONTROL in package com.google.android.googlequicksearchbox
05-31 20:14:11.368 W/PackageManager( 1265): Unknown permission com.google.googlenav.friend.permission.OPT_IN in package com.google.android.googlequicksearchbox
05-31 20:14:11.368 W/PackageManager( 1265): Unknown permission com.google.android.apps.maps.permission.PREFETCH in package com.google.android.googlequicksearchbox
05-31 20:14:11.368 W/PackageManager( 1265): Unknown permission com.google.android.apps.googlevoice.permission.AUTO_SEND in package com.google.android.googlequicksearchbox
05-31 20:14:11.368 W/PackageManager( 1265): Unknown permission android.permission.CAPTURE_AUDIO_HOTWORD in package com.google.android.googlequicksearchbox
05-31 20:14:11.368 W/PackageManager( 1265): Not granting permission android.permission.STOP_APP_SWITCHES to package com.google.android.googlequicksearchbox (protectionLevel=18 flags=0x1bbec5)
05-31 20:14:11.368 W/PackageManager( 1265): Not granting permission android.permission.STATUS_BAR to package com.google.android.googlequicksearchbox (protectionLevel=18 flags=0x1bbec5)
05-31 20:14:11.368 W/PackageManager( 1265): Unknown permission com.google.android.launcher.permission.CONTENT_REDIRECT in package com.google.android.googlequicksearchbox
05-31 20:14:11.368 W/PackageManager( 1265): Not granting permission android.permission.BIND_APPWIDGET to package com.google.android.googlequicksearchbox (protectionLevel=18 flags=0x1bbec5)
05-31 20:14:11.368 W/PackageManager( 1265): Not granting permission android.permission.SEND_DOWNLOAD_COMPLETED_INTENTS to package com.android.vending (protectionLevel=2 flags=0xabec5)
05-31 20:14:11.368 W/PackageManager( 1265): Unknown permission android.permission.MANAGE_USERS in package com.android.vending
05-31 20:14:11.368 W/PackageManager( 1265): Unknown permission android.permission.INTERACT_ACROSS_USERS in package com.android.vending
05-31 20:14:11.368 W/PackageManager( 1265): Not granting permission android.permission.WRITE_SECURE_SETTINGS to package com.android.vending (protectionLevel=50 flags=0xabec5)
05-31 20:14:11.368 W/PackageManager( 1265): Not granting permission android.permission.FORCE_STOP_PACKAGES to package com.android.vending (protectionLevel=2 flags=0xabec5)
05-31 20:14:11.378 W/PackageManager( 1265): Unknown permission android.webkit.permission.PLUGIN in package com.adobe.flashplayer
05-31 20:14:11.388 W/PackageManager( 1265): Not granting permission android.permission.READ_LOGS to package com.idisplay.virtualscreen (protectionLevel=50 flags=0x2018be44)
05-31 20:14:11.388 W/PackageManager( 1265): Unknown permission com.estrongs.android.pop.PERMISSION in package com.estrongs.android.pop
05-31 20:14:11.388 W/PackageManager( 1265): Not granting permission android.permission.DEVICE_POWER to package com.android.deskclock (protectionLevel=2 flags=0x8be45)
05-31 20:14:11.398 W/PackageManager( 1265): Unknown permission com.chrome.permission.DEVICE_EXTRAS in package com.android.chrome
05-31 20:14:11.398 W/PackageManager( 1265): Unknown permission com.sec.enterprise.knox.MDM_CONTENT_PROVIDER in package com.android.chrome
05-31 20:14:11.778 E/ActivityThread( 1939): Failed to find provider info for com.google.android.partnersetup.rlzappprovider
05-31 20:14:11.868 W/ProcessStats( 1265): Skipping unknown process pid 1977
05-31 20:14:12.018 W/PowerUI ( 1405): unknown intent: Intent { act=android.intent.action.ACTION_POWER_CONNECTED flg=0x8000010 }
05-31 20:14:12.258 D/BackupManagerService( 1265): Received broadcast Intent { act=android.intent.action.EXTERNAL_APPLICATIONS_AVAILABLE flg=0x8000010 (has extras) }
05-31 20:14:12.348 V/BackupManagerService( 1265): addPackageParticipantsLocked: #1
05-31 20:14:12.578 E/ActivityThread( 1939): Failed to find provider info for com.google.android.partnersetup.rlzappprovider
05-31 20:14:12.878 D/AlarmManager( 1265): overriden alarm callingpackages[0] com.facebook.katana
05-31 20:14:12.888 D/AlarmManager( 1265): overriden alarm callingUid= 10058 type= 2
05-31 20:14:12.888 D/AlarmManager( 1265): overriden alarm force  AlarmManager.ELAPSED_REALTIME
05-31 20:14:13.038 I/ActivityManager( 1265): Start proc com.google.android.gm for broadcast com.google.android.gm/.GoogleMailDeviceStartupReceiver: pid=2055 uid=10019 gids={3003, 1015, 1028}
05-31 20:14:13.158 D/AlarmManager( 1265): overriden alarm callingpackages[0] com.google.android.gms
05-31 20:14:13.168 D/AlarmManager( 1265): overriden alarm callingpackages[0] com.google.android.gms
05-31 20:14:13.268 D/AlarmManager( 1265): overriden alarm callingpackages[0] com.google.android.gms
05-31 20:14:13.288 D/AlarmManager( 1265): overriden alarm callingpackages[0] com.google.android.gms
05-31 20:14:13.568 I/StorageNotification( 1405): UMS connection changed to true (media state mounted)
05-31 20:14:13.598 W/TabletStatusBar( 1405): Notification has fullScreenIntent and activity is not immersive; sending fullScreenIntent
05-31 20:14:13.598 I/ActivityManager( 1265): START {flg=0x10000000 cmp=com.android.systemui/.usb.UsbStorageActivity u=0} from pid -1
05-31 20:14:14.288 D/VoldCmdListener( 1044): volume shared /mnt/sdcard ums
05-31 20:14:17.438 W/ActivityManager( 1265): Unable to start service Intent { act=com.google.android.gms.analytics.service.START cmp=com.google.android.gms/.analytics.service.AnalyticsService (has extras) }: not found
05-31 20:14:18.818 D/AlarmManager( 1265): overriden alarm callingpackages[0] com.google.android.gms
05-31 20:14:18.838 D/AlarmManager( 1265): overriden alarm callingpackages[0] com.google.android.gms
05-31 20:14:20.038 D/VoldCmdListener( 1044): storage users /mnt/sdcard
05-31 20:14:20.328 D/VoldCmdListener( 1044): asec list
05-31 20:14:20.488 D/VoldCmdListener( 1044): asec fspath com.aldiko.android-1
05-31 20:14:20.498 D/VoldCmdListener( 1044): asec path com.aldiko.android-1
05-31 20:14:20.508 D/VoldCmdListener( 1044): asec fspath com.idisplay.virtualscreen-1
05-31 20:14:20.518 D/VoldCmdListener( 1044): asec path com.idisplay.virtualscreen-1
05-31 20:14:20.538 I/ActivityManager( 1265): Force stopping package com.idisplay.virtualscreen uid=10067
05-31 20:14:20.548 I/ActivityManager( 1265): Force stopping package com.aldiko.android uid=10063
05-31 20:14:22.668 W/ActivityManager( 1265): Unable to start service Intent { act=com.google.android.gms.analytics.service.START cmp=com.google.android.gms/.analytics.service.AnalyticsService (has extras) }: not found
05-31 20:14:22.678 D/ActivityThread( 2055): Loading provider com.android.gmail.ui: com.google.android.gm.provider.GmailProvider
05-31 20:14:22.678 D/AlarmManager( 1265): overriden alarm callingpackages[0] com.google.android.googlequicksearchbox
05-31 20:14:22.688 I/ActivityManager( 1265): Force stopping package com.idisplay.virtualscreen uid=10067
05-31 20:14:22.728 I/ActivityManager( 1265): Force stopping package com.aldiko.android uid=10063
05-31 20:14:22.958 D/AlarmManager( 1265): overriden alarm callingpackages[0] com.google.android.gms
05-31 20:14:23.588 I/ActivityManager( 1265): Start proc com.android.vending for broadcast com.android.vending/com.google.android.finsky.receivers.BootCompletedReceiver: pid=2114 uid=10050 gids={3003, 1015, 1028}
05-31 20:14:28.188 W/ActivityManager( 1265): Unable to start service Intent { act=com.google.android.gms.analytics.service.START cmp=com.google.android.gms/.analytics.service.AnalyticsService (has extras) }: not found
05-31 20:14:33.198 W/ActivityManager( 1265): Unable to start service Intent { act=com.google.android.gms.analytics.service.START cmp=com.google.android.gms/.analytics.service.AnalyticsService (has extras) }: not found
05-31 20:14:35.868 I/ActivityManager( 1265): Start proc com.evernote for broadcast com.evernote/.BootReceiver: pid=2159 uid=10069 gids={3003, 1015, 1006, 1028}
05-31 20:14:35.928 D/AlarmManager( 1265): overriden alarm callingpackages[0] com.android.vending
05-31 20:14:39.478 I/ActivityManager( 1265): Start proc com.dropbox.android for broadcast com.dropbox.android/.service.BootReceiver: pid=2194 uid=10064 gids={3003, 1028, 1015}
05-31 20:14:40.748 I/ActivityManager( 1265): Start proc com.path for broadcast com.path/.receivers.BootReceiver: pid=2227 uid=10059 gids={3003, 1015, 1006, 1028}
05-31 20:14:40.858 D/AlarmManager( 1265): overriden alarm callingpackages[0] com.google.android.gms
05-31 20:14:41.148 D/AlarmManager( 1265): overriden alarm callingpackages[0] com.google.android.gms
05-31 20:14:45.838 D/AlarmManager( 1265): overriden alarm callingpackages[0] com.google.android.gms
05-31 20:14:45.878 D/AlarmManager( 1265): overriden alarm callingpackages[0] com.google.android.gms
05-31 20:14:54.178 I/ActivityManager( 1265): Start proc com.path:daemon for service com.path/.services.DaemonService: pid=2270 uid=10059 gids={3003, 1015, 1006, 1028}
05-31 20:14:54.588 D/AlarmManager( 1265): overriden alarm callingpackages[0] com.adamrocker.android.input.simeji
05-31 20:14:54.588 D/AlarmManager( 1265): overriden alarm callingUid= 10055 type= 2
05-31 20:14:54.588 D/AlarmManager( 1265): overriden alarm force  AlarmManager.ELAPSED_REALTIME
05-31 20:14:54.888 W/ActivityManager( 1265): Permission denied: checkComponentPermission() owningUid=1000
05-31 20:14:54.898 W/BroadcastQueue( 1265): Permission Denial: broadcasting Intent { act=android.appwidget.action.APPWIDGET_UPDATE_OPTIONS flg=0x10 cmp=com.android.settings/.widget.SettingsAppWidgetProvider (has extras) } from android (pid=1481, uid=10028) is not exported from uid 1000 due to receiver com.android.settings/com.android.settings.widget.SettingsAppWidgetProvider
