03-10 22:40:35.300 W/dalvikvm( 2609): threadid=5: spin on suspend #5 threadid=1 (pcf=0)
03-10 22:40:35.300 I/dalvikvm( 2609): "Compiler" daemon prio=5 tid=5 VMWAIT
03-10 22:40:35.300 I/dalvikvm( 2609):   | group="system" sCount=0 dsCount=0 obj=0x41f772d0 self=0x66c0f810
03-10 22:40:35.300 I/dalvikvm( 2609):   | sysTid=2616 nice=0 sched=0/0 cgrp=[fopen-error:2] handle=1689139184
03-10 22:40:35.300 I/dalvikvm( 2609):   | schedstat=( 0 0 0 ) utm=0 stm=1 core=3
03-10 22:40:35.300 I/dalvikvm( 2609):   #00  pc 00001260  /system/lib/libcorkscrew.so (unwind_backtrace_thread+27)
03-10 22:40:35.300 I/dalvikvm( 2609):   #01  pc 00060738  /system/lib/libdvm.so (dvmDumpNativeStack(DebugOutputTarget const*, int)+35)
03-10 22:40:35.300 I/dalvikvm( 2609):   #02  pc 000545e0  /system/lib/libdvm.so (dvmDumpThreadEx(DebugOutputTarget const*, Thread*, bool)+303)
03-10 22:40:35.300 I/dalvikvm( 2609):   #03  pc 0005467a  /system/lib/libdvm.so (dvmDumpThread(Thread*, bool)+25)
03-10 22:40:35.300 I/dalvikvm( 2609):   #04  pc 00054f20  /system/lib/libdvm.so
03-10 22:40:35.300 I/dalvikvm( 2609):   #05  pc 000550d6  /system/lib/libdvm.so (dvmSuspendAllThreads(SuspendCause)+165)
03-10 22:40:35.300 I/dalvikvm( 2609):   #06  pc 0007047c  /system/lib/libdvm.so
03-10 22:40:35.300 I/dalvikvm( 2609):   #07  pc 00054938  /system/lib/libdvm.so
03-10 22:40:35.300 I/dalvikvm( 2609):   #08  pc 00012c88  /system/lib/libc.so (__thread_entry+48)
03-10 22:40:35.300 I/dalvikvm( 2609):   #09  pc 000123c8  /system/lib/libc.so (pthread_create+172)
03-10 22:40:35.300 I/dalvikvm( 2609):   at dalvik.system.NativeStart.run(Native Method)
03-10 22:40:35.300 I/dalvikvm( 2609): 
03-10 22:40:35.300 I/dalvikvm( 2609): "main" prio=5 tid=1 RUNNABLE
03-10 22:40:35.300 I/dalvikvm( 2609):   | group="main" sCount=1 dsCount=0 obj=0x4195c568 self=0x4194ca20
03-10 22:40:35.300 I/dalvikvm( 2609):   | sysTid=2609 nice=0 sched=0/0 cgrp=[fopen-error:2] handle=1073931824
03-10 22:40:35.300 I/dalvikvm( 2609):   | schedstat=( 0 0 0 ) utm=14 stm=3 core=0
03-10 22:40:35.300 I/dalvikvm( 2609):   at java.lang.Class.newInstanceImpl(Native Method)
03-10 22:40:35.300 I/dalvikvm( 2609):   at java.lang.Class.newInstance(Class.java:1319)
03-10 22:40:35.300 I/dalvikvm( 2609):   at android.app.Instrumentation.newApplication(Instrumentation.java:982)
03-10 22:40:35.300 I/dalvikvm( 2609):   at android.app.Instrumentation.newApplication(Instrumentation.java:967)
03-10 22:40:35.300 I/dalvikvm( 2609):   at android.app.LoadedApk.makeApplication(LoadedApk.java:496)
03-10 22:40:35.300 I/dalvikvm( 2609):   at android.app.ActivityThread.handleBindApplication(ActivityThread.java:4124)
03-10 22:40:35.300 I/dalvikvm( 2609):   at android.app.ActivityThread.access$1300(ActivityThread.java:130)
03-10 22:40:35.300 I/dalvikvm( 2609):   at android.app.ActivityThread$H.handleMessage(ActivityThread.java:1255)
03-10 22:40:35.300 I/dalvikvm( 2609):   at android.os.Handler.dispatchMessage(Handler.java:99)
03-10 22:40:35.300 I/dalvikvm( 2609):   at android.os.Looper.loop(Looper.java:137)
03-10 22:40:35.300 I/dalvikvm( 2609):   at android.app.ActivityThread.main(ActivityThread.java:4746)
03-10 22:40:35.300 I/dalvikvm( 2609):   at java.lang.reflect.Method.invokeNative(Native Method)
03-10 22:40:35.300 I/dalvikvm( 2609):   at java.lang.reflect.Method.invoke(Method.java:511)
03-10 22:40:35.300 I/dalvikvm( 2609):   at com.android.internal.os.ZygoteInit$MethodAndArgsCaller.run(ZygoteInit.java:917)
03-10 22:40:35.300 I/dalvikvm( 2609):   at com.android.internal.os.ZygoteInit.main(ZygoteInit.java:684)
03-10 22:40:35.300 I/dalvikvm( 2609):   at dalvik.system.NativeStart.main(Native Method)
03-10 22:40:35.300 I/dalvikvm( 2609): 
03-10 22:40:35.540 I/GAV2    ( 2510): Thread[GAThread,5,main]: No campaign data found.
03-10 22:40:35.550 V/GCMRegistrar( 2560): Is registered on server: true
03-10 22:40:35.730 W/GAV2    ( 2510): Thread[Service Reconnect,5,main]: Service unavailable (code=1), using local store.
03-10 22:40:35.730 W/ActivityManager( 1340): Unable to start service Intent { act=com.google.android.gms.analytics.service.START cmp=com.google.android.gms/.analytics.service.AnalyticsService (has extras) }: not found
03-10 22:40:36.050 W/dalvikvm( 2609): threadid=5: spin on suspend #6 threadid=1 (pcf=0)
03-10 22:40:36.050 I/dalvikvm( 2609): "Compiler" daemon prio=5 tid=5 VMWAIT
03-10 22:40:36.050 I/dalvikvm( 2609):   | group="system" sCount=0 dsCount=0 obj=0x41f772d0 self=0x66c0f810
03-10 22:40:36.050 I/dalvikvm( 2609):   | sysTid=2616 nice=0 sched=0/0 cgrp=[fopen-error:2] handle=1689139184
03-10 22:40:36.050 I/dalvikvm( 2609):   | schedstat=( 0 0 0 ) utm=0 stm=1 core=2
03-10 22:40:36.050 I/dalvikvm( 2609):   #00  pc 00001260  /system/lib/libcorkscrew.so (unwind_backtrace_thread+27)
03-10 22:40:36.050 I/dalvikvm( 2609):   #01  pc 00060738  /system/lib/libdvm.so (dvmDumpNativeStack(DebugOutputTarget const*, int)+35)
03-10 22:40:36.050 I/dalvikvm( 2609):   #02  pc 000545e0  /system/lib/libdvm.so (dvmDumpThreadEx(DebugOutputTarget const*, Thread*, bool)+303)
03-10 22:40:36.050 I/dalvikvm( 2609):   #03  pc 0005467a  /system/lib/libdvm.so (dvmDumpThread(Thread*, bool)+25)
03-10 22:40:36.050 I/dalvikvm( 2609):   #04  pc 00054f20  /system/lib/libdvm.so
03-10 22:40:36.050 I/dalvikvm( 2609):   #05  pc 000550d6  /system/lib/libdvm.so (dvmSuspendAllThreads(SuspendCause)+165)
03-10 22:40:36.050 I/dalvikvm( 2609):   #06  pc 0007047c  /system/lib/libdvm.so
03-10 22:40:36.050 I/dalvikvm( 2609):   #07  pc 00054938  /system/lib/libdvm.so
03-10 22:40:36.050 I/dalvikvm( 2609):   #08  pc 00012c88  /system/lib/libc.so (__thread_entry+48)
03-10 22:40:36.050 I/dalvikvm( 2609):   #09  pc 000123c8  /system/lib/libc.so (pthread_create+172)
03-10 22:40:36.050 I/dalvikvm( 2609):   at dalvik.system.NativeStart.run(Native Method)
03-10 22:40:36.050 I/dalvikvm( 2609): 
03-10 22:40:36.050 I/dalvikvm( 2609): "main" prio=5 tid=1 RUNNABLE
03-10 22:40:36.050 I/dalvikvm( 2609):   | group="main" sCount=1 dsCount=0 obj=0x4195c568 self=0x4194ca20
03-10 22:40:36.050 I/dalvikvm( 2609):   | sysTid=2609 nice=0 sched=0/0 cgrp=[fopen-error:2] handle=1073931824
03-10 22:40:36.050 I/dalvikvm( 2609):   | schedstat=( 0 0 0 ) utm=14 stm=3 core=0
03-10 22:40:36.050 I/dalvikvm( 2609):   at java.lang.Class.newInstanceImpl(Native Method)
03-10 22:40:36.050 I/dalvikvm( 2609):   at java.lang.Class.newInstance(Class.java:1319)
03-10 22:40:36.050 I/dalvikvm( 2609):   at android.app.Instrumentation.newApplication(Instrumentation.java:982)
03-10 22:40:36.050 I/dalvikvm( 2609):   at android.app.Instrumentation.newApplication(Instrumentation.java:967)
03-10 22:40:36.050 I/dalvikvm( 2609):   at android.app.LoadedApk.makeApplication(LoadedApk.java:496)
03-10 22:40:36.050 I/dalvikvm( 2609):   at android.app.ActivityThread.handleBindApplication(ActivityThread.java:4124)
03-10 22:40:36.050 I/dalvikvm( 2609):   at android.app.ActivityThread.access$1300(ActivityThread.java:130)
03-10 22:40:36.050 I/dalvikvm( 2609):   at android.app.ActivityThread$H.handleMessage(ActivityThread.java:1255)
03-10 22:40:36.050 I/dalvikvm( 2609):   at android.os.Handler.dispatchMessage(Handler.java:99)
03-10 22:40:36.050 I/dalvikvm( 2609):   at android.os.Looper.loop(Looper.java:137)
03-10 22:40:36.050 I/dalvikvm( 2609):   at android.app.ActivityThread.main(ActivityThread.java:4746)
03-10 22:40:36.050 I/dalvikvm( 2609):   at java.lang.reflect.Method.invokeNative(Native Method)
03-10 22:40:36.050 I/dalvikvm( 2609):   at java.lang.reflect.Method.invoke(Method.java:511)
03-10 22:40:36.050 I/dalvikvm( 2609):   at com.android.internal.os.ZygoteInit$MethodAndArgsCaller.run(ZygoteInit.java:917)
03-10 22:40:36.050 I/dalvikvm( 2609):   at com.android.internal.os.ZygoteInit.main(ZygoteInit.java:684)
03-10 22:40:36.050 I/dalvikvm( 2609):   at dalvik.system.NativeStart.main(Native Method)
03-10 22:40:36.050 I/dalvikvm( 2609): 
03-10 22:40:36.620 I/InputReader( 1340): Reconfiguring input devices.  changes=0x00000010
03-10 22:40:36.800 W/dalvikvm( 2609): threadid=5: spin on suspend #7 threadid=1 (pcf=0)
03-10 22:40:36.800 I/dalvikvm( 2609): "Compiler" daemon prio=5 tid=5 VMWAIT
03-10 22:40:36.800 I/dalvikvm( 2609):   | group="system" sCount=0 dsCount=0 obj=0x41f772d0 self=0x66c0f810
03-10 22:40:36.800 I/dalvikvm( 2609):   | sysTid=2616 nice=0 sched=0/0 cgrp=[fopen-error:2] handle=1689139184
03-10 22:40:36.800 I/dalvikvm( 2609):   | schedstat=( 0 0 0 ) utm=1 stm=1 core=2
03-10 22:40:36.800 I/dalvikvm( 2609):   #00  pc 00001260  /system/lib/libcorkscrew.so (unwind_backtrace_thread+27)
03-10 22:40:36.800 I/dalvikvm( 2609):   #01  pc 00060738  /system/lib/libdvm.so (dvmDumpNativeStack(DebugOutputTarget const*, int)+35)
03-10 22:40:36.800 I/dalvikvm( 2609):   #02  pc 000545e0  /system/lib/libdvm.so (dvmDumpThreadEx(DebugOutputTarget const*, Thread*, bool)+303)
03-10 22:40:36.800 I/dalvikvm( 2609):   #03  pc 0005467a  /system/lib/libdvm.so (dvmDumpThread(Thread*, bool)+25)
03-10 22:40:36.800 I/dalvikvm( 2609):   #04  pc 00054f20  /system/lib/libdvm.so
03-10 22:40:36.800 I/dalvikvm( 2609):   #05  pc 000550d6  /system/lib/libdvm.so (dvmSuspendAllThreads(SuspendCause)+165)
03-10 22:40:36.800 I/dalvikvm( 2609):   #06  pc 0007047c  /system/lib/libdvm.so
03-10 22:40:36.800 I/dalvikvm( 2609):   #07  pc 00054938  /system/lib/libdvm.so
03-10 22:40:36.800 I/dalvikvm( 2609):   #08  pc 00012c88  /system/lib/libc.so (__thread_entry+48)
03-10 22:40:36.800 I/dalvikvm( 2609):   #09  pc 000123c8  /system/lib/libc.so (pthread_create+172)
03-10 22:40:36.800 I/dalvikvm( 2609):   at dalvik.system.NativeStart.run(Native Method)
03-10 22:40:36.800 I/dalvikvm( 2609): 
03-10 22:40:36.800 I/dalvikvm( 2609): "main" prio=5 tid=1 RUNNABLE
03-10 22:40:36.800 I/dalvikvm( 2609):   | group="main" sCount=1 dsCount=0 obj=0x4195c568 self=0x4194ca20
03-10 22:40:36.800 I/dalvikvm( 2609):   | sysTid=2609 nice=0 sched=0/0 cgrp=[fopen-error:2] handle=1073931824
03-10 22:40:36.800 I/dalvikvm( 2609):   | schedstat=( 0 0 0 ) utm=14 stm=3 core=0
03-10 22:40:36.800 I/dalvikvm( 2609):   at java.lang.Class.newInstanceImpl(Native Method)
03-10 22:40:36.800 I/dalvikvm( 2609):   at java.lang.Class.newInstance(Class.java:1319)
03-10 22:40:36.800 I/dalvikvm( 2609):   at android.app.Instrumentation.newApplication(Instrumentation.java:982)
03-10 22:40:36.800 I/dalvikvm( 2609):   at android.app.Instrumentation.newApplication(Instrumentation.java:967)
03-10 22:40:36.800 I/dalvikvm( 2609):   at android.app.LoadedApk.makeApplication(LoadedApk.java:496)
03-10 22:40:36.800 I/dalvikvm( 2609):   at android.app.ActivityThread.handleBindApplication(ActivityThread.java:4124)
03-10 22:40:36.800 I/dalvikvm( 2609):   at android.app.ActivityThread.access$1300(ActivityThread.java:130)
03-10 22:40:36.800 I/dalvikvm( 2609):   at android.app.ActivityThread$H.handleMessage(ActivityThread.java:1255)
03-10 22:40:36.800 I/dalvikvm( 2609):   at android.os.Handler.dispatchMessage(Handler.java:99)
03-10 22:40:36.800 I/dalvikvm( 2609):   at android.os.Looper.loop(Looper.java:137)
03-10 22:40:36.800 I/dalvikvm( 2609):   at android.app.ActivityThread.main(ActivityThread.java:4746)
03-10 22:40:36.800 I/dalvikvm( 2609):   at java.lang.reflect.Method.invokeNative(Native Method)
03-10 22:40:36.800 I/dalvikvm( 2609):   at java.lang.reflect.Method.invoke(Method.java:511)
03-10 22:40:36.800 I/dalvikvm( 2609):   at com.android.internal.os.ZygoteInit$MethodAndArgsCaller.run(ZygoteInit.java:917)
03-10 22:40:36.800 I/dalvikvm( 2609):   at com.android.internal.os.ZygoteInit.main(ZygoteInit.java:684)
03-10 22:40:36.800 I/dalvikvm( 2609):   at dalvik.system.NativeStart.main(Native Method)
03-10 22:40:36.800 I/dalvikvm( 2609): 
03-10 22:40:36.890 D/PackageManager( 1340): generateServicesMap(android.accounts.AccountAuthenticator): 8 services unchanged
03-10 22:40:36.950 D/PackageManager( 1340): generateServicesMap(android.content.SyncAdapter): 18 services unchanged
03-10 22:40:37.020 D/dalvikvm( 1340): GC_CONCURRENT freed 881K, 10% free 10565K/11719K, paused 3ms+8ms, total 77ms
03-10 22:40:37.430 W/dalvikvm( 2609): threadid=5: spin on suspend resolved in 6151 msec
03-10 22:40:37.980 W/Service ( 1849): mClassName= com.facebook.katanatoInt= -1054395131
03-10 22:40:37.980 W/Service ( 1849): mClassName= com.facebook.katanatoInt= -1054395131
03-10 22:40:38.080 I//SourceFile:26( 2609): main PERF_TIMER  CONCURRENT_WEB_REQUESTS:3 CONCURRENT_JSON_PARSE:12 CONCURRENT_RESPONSE_POST_PROCESS:12 CONCURRENT_GRAPHICS:12 SHARED_THREAD_POOL_SIZE:12 SAVED_FEED_STATE_LIMIT:9 CAN_PREFETCH_IMAGES:true MINIMUM_FEED_FETCH_LIMIT:24 PRE_CACHE_FEED_FETCH_LIMIT:48 XMPP_CONNECTION_IN_BACKGROUND_TIMEOUT:480000
03-10 22:40:38.210 I/com.dropbox.android.service.DropboxNetworkReceiver( 2560): Setting receiver enabled: true
03-10 22:40:38.220 D/dalvikvm( 2609): GC_CONCURRENT freed 206K, 8% free 6605K/7111K, paused 12ms+21ms, total 52ms
03-10 22:40:38.240 I/com.dropbox.android.service.CameraUploadService( 2560): Starting camera upload scan...
03-10 22:40:38.250 D/dalvikvm( 1340): WAIT_FOR_CONCURRENT_GC blocked 0ms
03-10 22:40:38.310 I/com.dropbox.android.service.CameraUploadService( 2560): Finished querying providers.
03-10 22:40:38.320 I/com.dropbox.android.service.CameraUploadService( 2560): Finished camera upload scan.
03-10 22:40:38.350 D/dalvikvm( 1340): GC_EXPLICIT freed 224K, 12% free 10424K/11719K, paused 4ms+7ms, total 95ms
03-10 22:40:38.410 W/nalizableReferenceQueue( 2609): Could not load Finalizer in its own class loader. Loading Finalizer in the current class loader instead. As a result, you will not be able to garbage collect this class loader. To support reclaiming this class loader, either resolve the underlying issue, or move Google Collections to your system class path.
03-10 22:40:38.410 W/nalizableReferenceQueue( 2609): java.io.FileNotFoundException: com/google/inject/internal/util/$Finalizer.class
03-10 22:40:38.410 W/nalizableReferenceQueue( 2609): 	at com.google.inject.internal.util.$FinalizableReferenceQueue$DecoupledLoader.getBaseUrl(SourceFile:269)
03-10 22:40:38.410 W/nalizableReferenceQueue( 2609): 	at com.google.inject.internal.util.$FinalizableReferenceQueue$DecoupledLoader.loadFinalizer(SourceFile:253)
03-10 22:40:38.410 W/nalizableReferenceQueue( 2609): 	at com.google.inject.internal.util.$FinalizableReferenceQueue.loadFinalizer(SourceFile:175)
03-10 22:40:38.410 W/nalizableReferenceQueue( 2609): 	at com.google.inject.internal.util.$FinalizableReferenceQueue.<clinit>(SourceFile:100)
03-10 22:40:38.410 W/nalizableReferenceQueue( 2609): 	at com.google.inject.internal.util.$MapMaker$QueueHolder.<clinit>(SourceFile:787)
03-10 22:40:38.410 W/nalizableReferenceQueue( 2609): 	at com.google.inject.internal.util.$MapMaker$WeakEntry.<init>(SourceFile:946)
03-10 22:40:38.410 W/nalizableReferenceQueue( 2609): 	at com.google.inject.internal.util.$MapMaker$Strength$1.newEntry(SourceFile:312)
03-10 22:40:38.410 W/nalizableReferenceQueue( 2609): 	at com.google.inject.internal.util.$MapMaker$StrategyImpl.newEntry(SourceFile:498)
03-10 22:40:38.410 W/nalizableReferenceQueue( 2609): 	at com.google.inject.internal.util.$MapMaker$StrategyImpl.newEntry(SourceFile:419)
03-10 22:40:38.410 W/nalizableReferenceQueue( 2609): 	at com.google.inject.internal.util.$CustomConcurrentHashMap$ComputingImpl.get(SourceFile:2029)
03-10 22:40:38.410 W/nalizableReferenceQueue( 2609): 	at com.google.inject.internal.Annotations$AnnotationChecker.hasAnnotations(SourceFile:116)
03-10 22:40:38.410 W/nalizableReferenceQueue( 2609): 	at com.google.inject.internal.Annotations.isBindingAnnotation(SourceFile:180)
03-10 22:40:38.410 W/nalizableReferenceQueue( 2609): 	at com.google.inject.Key.ensureIsBindingAnnotation(SourceFile:366)
03-10 22:40:38.410 W/nalizableReferenceQueue( 2609): 	at com.google.inject.Key.strategyFor(SourceFile:338)
03-10 22:40:38.410 W/nalizableReferenceQueue( 2609): 	at com.google.inject.Key.get(SourceFile:272)
03-10 22:40:38.410 W/nalizableReferenceQueue( 2609): 	at com.google.inject.internal.AbstractBindingBuilder.annotatedWithInternal(SourceFile:82)
03-10 22:40:38.410 W/nalizableReferenceQueue( 2609): 	at com.google.inject.internal.ConstantBindingBuilderImpl.annotatedWith(SourceFile:49)
03-10 22:40:38.410 W/nalizableReferenceQueue( 2609): 	at roboguice.config.DefaultRoboModule.configure(SourceFile:117)
03-10 22:40:38.410 W/nalizableReferenceQueue( 2609): 	at com.google.inject.AbstractModule.configure(SourceFile:59)
03-10 22:40:38.410 W/nalizableReferenceQueue( 2609): 	at com.google.inject.spi.Elements$RecordingBinder.install(SourceFile:223)
03-10 22:40:38.410 W/nalizableReferenceQueue( 2609): 	at com.google.inject.spi.Elements.getElements(SourceFile:101)
03-10 22:40:38.410 W/nalizableReferenceQueue( 2609): 	at com.google.inject.spi.Elements.getElements(SourceFile:78)
03-10 22:40:38.410 W/nalizableReferenceQueue( 2609): 	at roboguice.RoboGuice.setBaseApplicationInjector(SourceFile:83)
03-10 22:40:38.410 W/nalizableReferenceQueue( 2609): 	at roboguice.RoboGuice.setBaseApplicationInjector(SourceFile:139)
03-10 22:40:38.410 W/nalizableReferenceQueue( 2609): 	at roboguice.RoboGuice.getBaseApplicationInjector(SourceFile:59)
03-10 22:40:38.410 W/nalizableReferenceQueue( 2609): 	at com.path.MyApplication.getInjector(SourceFile:164)
03-10 22:40:38.410 W/nalizableReferenceQueue( 2609): 	at com.path.MyApplication.asparagus(SourceFile:100)
03-10 22:40:38.410 W/nalizableReferenceQueue( 2609): 	at com.path.model.DbHelper.nv(SourceFile:121)
03-10 22:40:38.410 W/nalizableReferenceQueue( 2609): 	at com.path.MyApplication.oysters(SourceFile:294)
03-10 22:40:38.410 W/nalizableReferenceQueue( 2609): 	at com.path.MyApplication.onCreate(SourceFile:319)
03-10 22:40:38.410 W/nalizableReferenceQueue( 2609): 	at android.app.Instrumentation.callApplicationOnCreate(Instrumentation.java:999)
03-10 22:40:38.410 W/nalizableReferenceQueue( 2609): 	at android.app.ActivityThread.handleBindApplication(ActivityThread.java:4151)
03-10 22:40:38.410 W/nalizableReferenceQueue( 2609): 	at android.app.ActivityThread.access$1300(ActivityThread.java:130)
03-10 22:40:38.410 W/nalizableReferenceQueue( 2609): 	at android.app.ActivityThread$H.handleMessage(ActivityThread.java:1255)
03-10 22:40:38.410 W/nalizableReferenceQueue( 2609): 	at android.os.Handler.dispatchMessage(Handler.java:99)
03-10 22:40:38.410 W/nalizableReferenceQueue( 2609): 	at android.os.Looper.loop(Looper.java:137)
03-10 22:40:38.410 W/nalizableReferenceQueue( 2609): 	at android.app.ActivityThread.main(ActivityThread.java:4746)
03-10 22:40:38.410 W/nalizableReferenceQueue( 2609): 	at java.lang.reflect.Method.invokeNative(Native Method)
03-10 22:40:38.410 W/nalizableReferenceQueue( 2609): 	at java.lang.reflect.Method.invoke(Method.java:511)
03-10 22:40:38.410 W/nalizableReferenceQueue( 2609): 	at com.android.internal.os.ZygoteInit$MethodAndArgsCaller.run(ZygoteInit.java:917)
03-10 22:40:38.410 W/nalizableReferenceQueue( 2609): 	at com.android.internal.os.ZygoteInit.main(ZygoteInit.java:684)
03-10 22:40:38.410 W/nalizableReferenceQueue( 2609): 	at dalvik.system.NativeStart.main(Native Method)
03-10 22:40:38.460 D/dalvikvm( 2609): GC_CONCURRENT freed 381K, 10% free 6692K/7367K, paused 12ms+2ms, total 35ms
03-10 22:40:38.550 D/dalvikvm( 2609): GC_CONCURRENT freed 507K, 11% free 6737K/7495K, paused 2ms+3ms, total 25ms
03-10 22:40:38.550 D/dalvikvm( 2609): WAIT_FOR_CONCURRENT_GC blocked 7ms
03-10 22:40:38.630 D/dalvikvm( 2609): GC_CONCURRENT freed 592K, 12% free 6717K/7559K, paused 2ms+2ms, total 26ms
03-10 22:40:38.630 D/dalvikvm( 2609): WAIT_FOR_CONCURRENT_GC blocked 7ms
03-10 22:40:38.700 D/dalvikvm( 2609): GC_CONCURRENT freed 426K, 11% free 6753K/7559K, paused 2ms+2ms, total 30ms
03-10 22:40:38.870 D/dalvikvm( 2609): GC_CONCURRENT freed 390K, 10% free 6830K/7559K, paused 2ms+2ms, total 26ms
03-10 22:40:38.980 D/dalvikvm( 2609): GC_CONCURRENT freed 502K, 11% free 6853K/7623K, paused 2ms+3ms, total 27ms
03-10 22:40:39.060 D/dalvikvm( 2609): GC_FOR_ALLOC freed 326K, 11% free 6855K/7623K, paused 23ms, total 23ms
03-10 22:40:39.060 I/dalvikvm-heap( 2609): Grow heap (frag case) to 7.032MB for 102416-byte allocation
03-10 22:40:39.080 D/dalvikvm( 2609): GC_FOR_ALLOC freed 0K, 11% free 6955K/7751K, paused 20ms, total 20ms
03-10 22:40:39.080 I/dalvikvm-heap( 2609): Grow heap (frag case) to 7.094MB for 65552-byte allocation
03-10 22:40:39.100 D/dalvikvm( 2609): GC_FOR_ALLOC freed 0K, 11% free 7019K/7879K, paused 19ms, total 19ms
03-10 22:40:39.300 D/dalvikvm( 2609): GC_CONCURRENT freed 274K, 9% free 7180K/7879K, paused 12ms+12ms, total 55ms
03-10 22:40:39.440 D/dalvikvm( 2609): GC_CONCURRENT freed 300K, 8% free 7343K/7943K, paused 2ms+13ms, total 39ms
03-10 22:40:39.630 I/ActivityManager( 1340): Start proc com.path:daemon for service com.path/.services.DaemonService: pid=2693 uid=10059 gids={3003, 1015, 1006, 1028}
03-10 22:40:39.640 D/dalvikvm( 2609): GC_CONCURRENT freed 300K, 8% free 7540K/8135K, paused 24ms+12ms, total 74ms
03-10 22:40:39.660 E/Trace   ( 2693): error opening trace file: No such file or directory (2)
03-10 22:40:39.800 D/dalvikvm( 2609): GC_CONCURRENT freed 330K, 7% free 7686K/8263K, paused 13ms+12ms, total 64ms
03-10 22:40:39.800 D/dalvikvm( 2693): GC_CONCURRENT freed 178K, 7% free 6366K/6791K, paused 19ms+2ms, total 40ms
03-10 22:40:39.800 D/dalvikvm( 2693): WAIT_FOR_CONCURRENT_GC blocked 10ms
03-10 22:40:39.880 W/ActivityManager( 1340): Permission denied: checkComponentPermission() owningUid=1000
03-10 22:40:39.880 W/BroadcastQueue( 1340): Permission Denial: broadcasting Intent { act=android.appwidget.action.APPWIDGET_UPDATE_OPTIONS flg=0x10 cmp=com.android.settings/.widget.SettingsAppWidgetProvider (has extras) } from android (pid=1718, uid=10028) is not exported from uid 1000 due to receiver com.android.settings/com.android.settings.widget.SettingsAppWidgetProvider
03-10 22:40:39.900 W/Service ( 1807): mClassName= com.google.android.gmstoInt= 400313326
03-10 22:40:39.920 D/MediaScannerReceiver( 2307): onReceive action: android.intent.action.MEDIA_MOUNTED uri :file:///mnt/sd-ext
03-10 22:40:39.920 D/MediaScannerReceiver( 2307): action: android.intent.action.MEDIA_MOUNTED path: /mnt/sd-ext
03-10 22:40:39.950 W/Service ( 2693): mClassName= com.pathtoInt= -1078496038
03-10 22:40:39.960 W/Service ( 2307): mClassName= com.android.providers.downloadstoInt= -336739181
03-10 22:40:39.980 I/GCoreUlr( 1928): Starting service, intent=Intent { cmp=com.google.android.gms/com.google.android.location.reporting.service.DispatchingService (has extras) }, extras=Bundle[{receiverAction=com.google.android.location.internal.server.ACTION_RESTARTED, intentType=2}]
03-10 22:40:39.980 I/GCoreUlr( 1928): WorldUpdater received intent Intent { cmp=com.google.android.gms/com.google.android.location.reporting.service.DispatchingService (has extras) } with receiverAction com.google.android.location.internal.server.ACTION_RESTARTED, forceUpdate false
03-10 22:40:39.990 D/dalvikvm( 2609): GC_CONCURRENT freed 520K, 9% free 7766K/8519K, paused 3ms+4ms, total 65ms
03-10 22:40:40.040 D/GCM     ( 1733): GcmService start Intent { act=com.google.android.gms.INITIALIZE flg=0x10 pkg=com.google.android.gms cmp=com.google.android.gms/.gcm.GcmService } com.google.android.gms.INITIALIZE
03-10 22:40:40.040 W/Service ( 1807): mClassName= com.google.android.gmstoInt= 400313326
03-10 22:40:40.060 D/MediaScannerService( 2307): begin handleMessage
03-10 22:40:40.060 D/MediaScannerService( 2307): start scanning volume:external directories: [/mnt/sdcard, /mnt/sd-ext, /mnt/uhost]
03-10 22:40:40.060 D/AlarmManager( 1340): overriden alarm callingpackages[0] com.adamrocker.android.input.simeji
03-10 22:40:40.060 D/AlarmManager( 1340): overriden alarm callingUid= 10055 type= 2
03-10 22:40:40.060 D/AlarmManager( 1340): overriden alarm force  AlarmManager.ELAPSED_REALTIME
03-10 22:40:40.070 W/Uploader( 1807): No account for auth token provided
03-10 22:40:40.090 D/MediaScannerReceiver( 2307): onReceive action: android.intent.action.MEDIA_MOUNTED uri :file:///mnt/sdcard
03-10 22:40:40.090 D/MediaScannerReceiver( 2307): action: android.intent.action.MEDIA_MOUNTED path: /mnt/sdcard
03-10 22:40:40.100 W/Service ( 2609): mClassName= com.pathtoInt= -1078496038
03-10 22:40:40.110 D/ExternalHeartService( 2549): onStartCommand url: http://msg.simeji.baidu.jp/getmsg?id=DB593F99-B7C7-AD3F-EBFE-D63629F87261&app_ver=6.7&ver_code=402&os_ver=4.1.1&referrer=organic&keyboard_ja=keyboard_simeji_flick&keyboard_en=keyboard_simeji_alphabet_qwerty&flag=1&date=2014-03-10_22:40:40&from_ext_heartservice=1
03-10 22:40:40.110 D/EthernetStateTracker( 1340): getLinkProperties()
03-10 22:40:40.110 D/QuestPopup( 2549): NetWorkState Unavailabel
03-10 22:40:40.130 D/AlarmManager( 1340): overriden alarm callingpackages[0] com.android.vending
03-10 22:40:40.140 D/dalvikvm( 2549): GC_CONCURRENT freed 201K, 8% free 6611K/7111K, paused 1ms+1ms, total 53ms
03-10 22:40:40.170 D/SyncManager( 1340): setIsSyncable: Account {name=shin.akiba8@gmail.com, type=com.google}, provider com.google.android.location.reporting, user 0 -> 1
03-10 22:40:40.170 D/SyncManager( 1340): setIsSyncable: already set to 1, doing nothing
03-10 22:40:40.170 D/dalvikvm( 1053): WAIT_FOR_CONCURRENT_GC blocked 0ms
03-10 22:40:40.170 I/ActivityManager( 1340): Start proc com.android.calendar for broadcast com.android.calendar/.alerts.AlertReceiver: pid=2720 uid=10007 gids={3003, 1028}
03-10 22:40:40.190 D/SyncManager( 1340): setSyncAutomatically:  provider com.google.android.location.reporting, user 0 -> true
03-10 22:40:40.190 D/SyncManager( 1340): setSyncAutomatically: already set to true, doing nothing
03-10 22:40:40.230 D/Uploader( 1807): Network request failed class java.net.UnknownHostException(Unable to resolve host "play.googleapis.com": No address associated with hostname)
03-10 22:40:40.240 D/dalvikvm( 2609): GC_CONCURRENT freed 572K, 10% free 7801K/8647K, paused 3ms+14ms, total 66ms
03-10 22:40:40.240 D/dalvikvm( 1053): GC_EXPLICIT freed 38K, 8% free 6039K/6531K, paused 3ms+18ms, total 64ms
03-10 22:40:40.250 D/dalvikvm( 1053): WAIT_FOR_CONCURRENT_GC blocked 0ms
03-10 22:40:40.250 E/Trace   ( 2720): error opening trace file: No such file or directory (2)
03-10 22:40:40.300 D/dalvikvm( 1053): GC_EXPLICIT freed <1K, 8% free 6039K/6531K, paused 3ms+2ms, total 49ms
03-10 22:40:40.300 D/dalvikvm( 1053): WAIT_FOR_CONCURRENT_GC blocked 0ms
03-10 22:40:40.340 W/Service ( 2307): mClassName= com.android.providers.downloadstoInt= -336739181
03-10 22:40:40.350 D/dalvikvm( 1053): GC_EXPLICIT freed <1K, 8% free 6039K/6531K, paused 3ms+15ms, total 46ms
03-10 22:40:40.360 I/ActivityThread( 2720): Pub com.android.calendar.CalendarRecentSuggestionsProvider: com.android.calendar.CalendarRecentSuggestionsProvider
03-10 22:40:40.390 D/AlertReceiver( 2720): onReceive: a=android.intent.action.PROVIDER_CHANGED Intent { act=android.intent.action.PROVIDER_CHANGED dat=content://com.android.calendar flg=0x10 cmp=com.android.calendar/.alerts.AlertReceiver }
03-10 22:40:40.430 D/AlertService( 2720): 0 Action = android.intent.action.PROVIDER_CHANGED
03-10 22:40:40.440 D/AlertService( 2720): Beginning updateAlertNotification
03-10 22:40:40.450 D/dalvikvm( 2307): GC_CONCURRENT freed 402K, 10% free 6289K/6983K, paused 2ms+2ms, total 39ms
03-10 22:40:40.460 I/GCoreUlr( 1928): Ensuring that reporting is stopped because of reasons: {account#11#=[InactiveReason{mVersionCode=0, mIdentifier=6, mName='ReportingNotSelected'}]}
03-10 22:40:40.480 D/GCoreFlp( 1928): Unknown pending intent to remove.
03-10 22:40:40.490 D/dalvikvm( 2609): GC_CONCURRENT freed 582K, 11% free 7772K/8647K, paused 2ms+13ms, total 72ms
03-10 22:40:40.510 D/AL_LIBC ( 2736): pid = 2736
03-10 22:40:40.520 D/appproc ( 2736): Zygote process start...
03-10 22:40:40.520 D/appproc ( 2736): Zygote runtime initialized...
03-10 22:40:40.520 D/AndroidRuntime( 2736): 
03-10 22:40:40.520 D/AndroidRuntime( 2736): >>>>>> AndroidRuntime START com.android.internal.os.RuntimeInit <<<<<<
03-10 22:40:40.520 D/AndroidRuntime( 2736): start vm...
03-10 22:40:40.520 D/AndroidRuntime( 2736): CheckJNI is OFF
03-10 22:40:40.520 D/AndroidRuntime( 2736): JNI_CreateJavaVM start
03-10 22:40:40.530 D/dalvikvm( 2736): Trying to load lib libjavacore.so 0x0
03-10 22:40:40.540 I/GCoreUlr( 1928): Unbound from all location providers
03-10 22:40:40.540 D/dalvikvm( 2736): Added shared lib libjavacore.so 0x0
03-10 22:40:40.550 D/dalvikvm( 2736): Trying to load lib libnativehelper.so 0x0
03-10 22:40:40.550 D/dalvikvm( 2736): Added shared lib libnativehelper.so 0x0
03-10 22:40:40.560 W/Service ( 2294): mClassName= com.android.providers.calendartoInt= 150595394
03-10 22:40:40.580 W/Service ( 2510): mClassName= com.google.android.gmtoInt= -378320869
03-10 22:40:40.590 W/Service ( 1849): mClassName= com.facebook.katanatoInt= -1054395131
03-10 22:40:40.600 W/Service ( 1807): mClassName= com.google.android.gmstoInt= 400313326
03-10 22:40:40.630 W/Service ( 1807): mClassName= com.google.android.gmstoInt= 400313326
03-10 22:40:40.630 D/GCM     ( 1733): GcmService start Intent { act=com.google.android.gms.INITIALIZE flg=0x10 pkg=com.google.android.gms cmp=com.google.android.gms/.gcm.GcmService } com.google.android.gms.INITIALIZE
03-10 22:40:40.680 D/AndroidRuntime( 2736): AndroidRuntime VM started
03-10 22:40:40.690 I/ActivityManager( 1340): Start proc com.android.gallery3d for broadcast com.android.gallery3d/.app.PackagesMonitor: pid=2753 uid=10018 gids={1006, 3003, 1015, 1028}
03-10 22:40:40.730 E/Trace   ( 2753): error opening trace file: No such file or directory (2)
03-10 22:40:40.840 D/ethernet( 2736): Loading ethernet jni class
03-10 22:40:40.870 D/AndroidRuntime( 2736): AndroidRuntime Register natives
03-10 22:40:40.870 D/AndroidRuntime( 2736): AndroidRuntime VM start java main: com.android.internal.os.RuntimeInit
03-10 22:40:40.910 D/AndroidRuntime( 2736): Calling main entry com.android.commands.pm.Pm
03-10 22:40:40.910 I/PackageManager( 1340): Removing non-system package:org.dom
03-10 22:40:40.910 I/ActivityManager( 1340): Force stopping package org.dom uid=10068
03-10 22:40:41.660 W/dalvikvm( 2609): threadid=2: spin on suspend #1 threadid=1 (pcf=0)
03-10 22:40:41.660 D/dalvikvm( 2609): Temporarily moving tid 2609 to fg (was 0)
03-10 22:40:42.410 W/dalvikvm( 2609): threadid=2: spin on suspend #2 threadid=1 (pcf=2)
03-10 22:40:42.410 I/dalvikvm( 2609): "GC" daemon prio=5 tid=2 RUNNABLE
03-10 22:40:42.410 I/dalvikvm( 2609):   | group="system" sCount=0 dsCount=0 obj=0x41f77010 self=0x647d1a18
03-10 22:40:42.410 I/dalvikvm( 2609):   | sysTid=2611 nice=0 sched=3/0 cgrp=[fopen-error:2] handle=1100221576
03-10 22:40:42.410 I/dalvikvm( 2609):   | schedstat=( 0 0 0 ) utm=42 stm=2 core=1
03-10 22:40:42.410 I/dalvikvm( 2609):   at dalvik.system.NativeStart.run(Native Method)
03-10 22:40:42.410 I/dalvikvm( 2609): 
03-10 22:40:42.410 I/dalvikvm( 2609): "main" prio=5 tid=1 RUNNABLE
03-10 22:40:42.410 I/dalvikvm( 2609):   | group="main" sCount=1 dsCount=0 obj=0x4195c568 self=0x4194ca20
03-10 22:40:42.410 I/dalvikvm( 2609):   | sysTid=2609 nice=0 sched=3/0 cgrp=[fopen-error:2] handle=1073931824
03-10 22:40:42.410 I/dalvikvm( 2609):   | schedstat=( 0 0 0 ) utm=92 stm=10 core=1
03-10 22:40:42.410 I/dalvikvm( 2609):   at dalvik.system.DexFile.defineClass(Native Method)
03-10 22:40:42.410 I/dalvikvm( 2609):   at dalvik.system.DexFile.loadClassBinaryName(DexFile.java:211)
03-10 22:40:42.410 I/dalvikvm( 2609):   at dalvik.system.DexPathList.findClass(DexPathList.java:315)
03-10 22:40:42.410 I/dalvikvm( 2609):   at dalvik.system.BaseDexClassLoader.findClass(BaseDexClassLoader.java:58)
03-10 22:40:42.410 I/dalvikvm( 2609):   at java.lang.ClassLoader.loadClass(ClassLoader.java:501)
03-10 22:40:42.410 I/dalvikvm( 2609):   at java.lang.ClassLoader.loadClass(ClassLoader.java:461)
03-10 22:40:42.410 I/dalvikvm( 2609):   at com.path.util.CrashlyticsWrapper$1.run(SourceFile:-1)
03-10 22:40:42.410 I/dalvikvm( 2609):   at android.os.Handler.handleCallback(Handler.java:615)
03-10 22:40:42.410 I/dalvikvm( 2609):   at android.os.Handler.dispatchMessage(Handler.java:92)
03-10 22:40:42.410 I/dalvikvm( 2609):   at android.os.Looper.loop(Looper.java:137)
03-10 22:40:42.410 I/dalvikvm( 2609):   at android.app.ActivityThread.main(ActivityThread.java:4746)
03-10 22:40:42.410 I/dalvikvm( 2609):   at java.lang.reflect.Method.invokeNative(Native Method)
03-10 22:40:42.410 I/dalvikvm( 2609):   at java.lang.reflect.Method.invoke(Method.java:511)
03-10 22:40:42.410 I/dalvikvm( 2609):   at com.android.internal.os.ZygoteInit$MethodAndArgsCaller.run(ZygoteInit.java:917)
03-10 22:40:42.410 I/dalvikvm( 2609):   at com.android.internal.os.ZygoteInit.main(ZygoteInit.java:684)
03-10 22:40:42.410 I/dalvikvm( 2609):   at dalvik.system.NativeStart.main(Native Method)
03-10 22:40:42.410 I/dalvikvm( 2609): 
03-10 22:40:43.100 I/com.dropbox.android.service.CameraUploadService( 2560): Starting camera upload scan...
03-10 22:40:43.160 W/dalvikvm( 2609): threadid=2: spin on suspend #3 threadid=1 (pcf=2)
03-10 22:40:43.160 I/dalvikvm( 2609): "GC" daemon prio=5 tid=2 RUNNABLE
03-10 22:40:43.160 I/dalvikvm( 2609):   | group="system" sCount=0 dsCount=0 obj=0x41f77010 self=0x647d1a18
03-10 22:40:43.160 I/dalvikvm( 2609):   | sysTid=2611 nice=0 sched=3/0 cgrp=[fopen-error:2] handle=1100221576
03-10 22:40:43.160 I/dalvikvm( 2609):   | schedstat=( 0 0 0 ) utm=42 stm=2 core=3
03-10 22:40:43.160 I/dalvikvm( 2609):   at dalvik.system.NativeStart.run(Native Method)
03-10 22:40:43.160 I/dalvikvm( 2609): 
03-10 22:40:43.160 I/dalvikvm( 2609): "main" prio=5 tid=1 RUNNABLE
03-10 22:40:43.160 I/dalvikvm( 2609):   | group="main" sCount=1 dsCount=0 obj=0x4195c568 self=0x4194ca20
03-10 22:40:43.160 I/dalvikvm( 2609):   | sysTid=2609 nice=0 sched=3/0 cgrp=[fopen-error:2] handle=1073931824
03-10 22:40:43.160 I/dalvikvm( 2609):   | schedstat=( 0 0 0 ) utm=92 stm=10 core=1
03-10 22:40:43.160 I/dalvikvm( 2609):   at dalvik.system.DexFile.defineClass(Native Method)
03-10 22:40:43.160 I/dalvikvm( 2609):   at dalvik.system.DexFile.loadClassBinaryName(DexFile.java:211)
03-10 22:40:43.160 I/dalvikvm( 2609):   at dalvik.system.DexPathList.findClass(DexPathList.java:315)
03-10 22:40:43.160 I/dalvikvm( 2609):   at dalvik.system.BaseDexClassLoader.findClass(BaseDexClassLoader.java:58)
03-10 22:40:43.160 I/dalvikvm( 2609):   at java.lang.ClassLoader.loadClass(ClassLoader.java:501)
03-10 22:40:43.160 I/dalvikvm( 2609):   at java.lang.ClassLoader.loadClass(ClassLoader.java:461)
03-10 22:40:43.160 I/dalvikvm( 2609):   at com.path.util.CrashlyticsWrapper$1.run(SourceFile:-1)
03-10 22:40:43.160 I/dalvikvm( 2609):   at android.os.Handler.handleCallback(Handler.java:615)
03-10 22:40:43.160 I/dalvikvm( 2609):   at android.os.Handler.dispatchMessage(Handler.java:92)
03-10 22:40:43.160 I/dalvikvm( 2609):   at android.os.Looper.loop(Looper.java:137)
03-10 22:40:43.160 I/dalvikvm( 2609):   at android.app.ActivityThread.main(ActivityThread.java:4746)
03-10 22:40:43.160 I/dalvikvm( 2609):   at java.lang.reflect.Method.invokeNative(Native Method)
03-10 22:40:43.160 I/dalvikvm( 2609):   at java.lang.reflect.Method.invoke(Method.java:511)
03-10 22:40:43.160 I/dalvikvm( 2609):   at com.android.internal.os.ZygoteInit$MethodAndArgsCaller.run(ZygoteInit.java:917)
03-10 22:40:43.160 I/dalvikvm( 2609):   at com.android.internal.os.ZygoteInit.main(ZygoteInit.java:684)
03-10 22:40:43.160 I/dalvikvm( 2609):   at dalvik.system.NativeStart.main(Native Method)
03-10 22:40:43.160 I/dalvikvm( 2609): 
03-10 22:40:43.570 D/AlertService( 2720): No fired or scheduled alerts
03-10 22:40:43.600 W/fb4a(:<default>):BlueServiceQueue( 1849): Exception during service
03-10 22:40:43.600 W/fb4a(:<default>):BlueServiceQueue( 1849): java.net.UnknownHostException: Unable to resolve host "api.facebook.com": No address associated with hostname
03-10 22:40:43.600 W/fb4a(:<default>):BlueServiceQueue( 1849): 	at java.net.InetAddress.lookupHostByName(InetAddress.java:424)
03-10 22:40:43.600 W/fb4a(:<default>):BlueServiceQueue( 1849): 	at java.net.InetAddress.getAllByNameImpl(InetAddress.java:236)
03-10 22:40:43.600 W/fb4a(:<default>):BlueServiceQueue( 1849): 	at java.net.InetAddress.getAllByName(InetAddress.java:214)
03-10 22:40:43.600 W/fb4a(:<default>):BlueServiceQueue( 1849): 	at com.facebook.http.common.FbHttpClientConnectionOperator.openConnection(FbHttpClientConnectionOperator.java:101)
03-10 22:40:43.600 W/fb4a(:<default>):BlueServiceQueue( 1849): 	at org.apache.http.impl.conn.AbstractPoolEntry.open(AbstractPoolEntry.java:164)
03-10 22:40:43.600 W/fb4a(:<default>):BlueServiceQueue( 1849): 	at org.apache.http.impl.conn.AbstractPooledConnAdapter.open(AbstractPooledConnAdapter.java:119)
03-10 22:40:43.600 W/fb4a(:<default>):BlueServiceQueue( 1849): 	at org.apache.http.impl.client.DefaultRequestDirector.execute(DefaultRequestDirector.java:360)
03-10 22:40:43.600 W/fb4a(:<default>):BlueServiceQueue( 1849): 	at org.apache.http.impl.client.AbstractHttpClient.execute(AbstractHttpClient.java:555)
03-10 22:40:43.600 W/fb4a(:<default>):BlueServiceQueue( 1849): 	at com.facebook.http.common.FbHttpClientImpl.execute(FbHttpClientImpl.java:176)
03-10 22:40:43.600 W/fb4a(:<default>):BlueServiceQueue( 1849): 	at com.facebook.http.common.FbHttpClientImpl.execute(FbHttpClientImpl.java:158)
03-10 22:40:43.600 W/fb4a(:<default>):BlueServiceQueue( 1849): 	at com.facebook.http.common.FbHttpClientRequestExecutor.a(FbHttpClientRequestExecutor.java:45)
03-10 22:40:43.600 W/fb4a(:<default>):BlueServiceQueue( 1849): 	at com.facebook.http.executors.QeHttpRequestExecutor.a(QeHttpRequestExecutor.java:50)
03-10 22:40:43.600 W/fb4a(:<default>):BlueServiceQueue( 1849): 	at com.facebook.http.common.RequestFlowStateController.a(RequestFlowStateController.java:67)
03-10 22:40:43.600 W/fb4a(:<default>):BlueServiceQueue( 1849): 	at com.facebook.http.common.FbRedirectController.a(FbRedirectController.java:92)
03-10 22:40:43.600 W/fb4a(:<default>):BlueServiceQueue( 1849): 	at com.facebook.http.common.FbHttpRequestProcessor.b(FbHttpRequestProcessor.java:160)
03-10 22:40:43.600 W/fb4a(:<default>):BlueServiceQueue( 1849): 	at com.facebook.http.common.FbHttpRequestProcessor.a(FbHttpRequestProcessor.java:139)
03-10 22:40:43.600 W/fb4a(:<default>):BlueServiceQueue( 1849): 	at com.facebook.http.common.FbHttpRequestProcessor.b(FbHttpRequestProcessor.java:103)
03-10 22:40:43.600 W/fb4a(:<default>):BlueServiceQueue( 1849): 	at com.facebook.http.common.FbHttpRequestProcessor.a(FbHttpRequestProcessor.java:196)
03-10 22:40:43.600 W/fb4a(:<default>):BlueServiceQueue( 1849): 	at com.facebook.http.protocol.SingleMethodRunnerImpl.a(SingleMethodRunnerImpl.java:374)
03-10 22:40:43.600 W/fb4a(:<default>):BlueServiceQueue( 1849): 	at com.facebook.http.protocol.SingleMethodRunnerImpl.a(SingleMethodRunnerImpl.java:151)
03-10 22:40:43.600 W/fb4a(:<default>):BlueServiceQueue( 1849): 	at com.facebook.http.protocol.AbstractSingleMethodRunner.a(AbstractSingleMethodRunner.java:18)
03-10 22:40:43.600 W/fb4a(:<default>):BlueServiceQueue( 1849): 	at com.facebook.contacts.service.ContactsDataServiceHandler.g(ContactsDataServiceHandler.java:661)
03-10 22:40:43.600 W/fb4a(:<default>):BlueServiceQueue( 1849): 	at com.facebook.contacts.service.ContactsDataServiceHandler.e(ContactsDataServiceHandler.java:529)
03-10 22:40:43.600 W/fb4a(:<default>):BlueServiceQueue( 1849): 	at com.facebook.contacts.service.ContactsDataServiceHandler.a(ContactsDataServiceHandler.java:211)
03-10 22:40:43.600 W/fb4a(:<default>):BlueServiceQueue( 1849): 	at com.facebook.fbservice.handlers.RemoteStubHandler.a(RemoteStubHandler.java:32)
03-10 22:40:43.600 W/fb4a(:<default>):BlueServiceQueue( 1849): 	at com.facebook.fbservice.service.FilterChainLink.a(FilterChainLink.java:20)
03-10 22:40:43.600 W/fb4a(:<default>):BlueServiceQueue( 1849): 	at com.facebook.fbservice.handlers.RemoteProxyHandler.a(RemoteProxyHandler.java:60)
03-10 22:40:43.600 W/fb4a(:<default>):BlueServiceQueue( 1849): 	at com.facebook.contacts.service.ContactsLocalServiceHandler.f(ContactsLocalServiceHandler.java:158)
03-10 22:40:43.600 W/fb4a(:<default>):BlueServiceQueue( 1849): 	at com.facebook.contacts.service.ContactsLocalServiceHandler.a(ContactsLocalServiceHandler.java:72)
03-10 22:40:43.600 W/fb4a(:<default>):BlueServiceQueue( 1849): 	at com.facebook.fbservice.service.FilterChainLink.a(FilterChainLink.java:20)
03-10 22:40:43.600 W/fb4a(:<default>):BlueServiceQueue( 1849): 	at com.facebook.fbservice.service.BlueServiceQueue.e(BlueServiceQueue.java:299)
03-10 22:40:43.600 W/fb4a(:<default>):BlueServiceQueue( 1849): 	at com.facebook.fbservice.service.BlueServiceQueue.d(BlueServiceQueue.java:53)
03-10 22:40:43.600 W/fb4a(:<default>):BlueServiceQueue( 1849): 	at com.facebook.fbservice.service.BlueServiceQueue$3.run(BlueServiceQueue.java:230)
03-10 22:40:43.600 W/fb4a(:<default>):BlueServiceQueue( 1849): 	at java.util.concurrent.Executors$RunnableAdapter.call(Executors.java:442)
03-10 22:40:43.600 W/fb4a(:<default>):BlueServiceQueue( 1849): 	at java.util.concurrent.FutureTask$Sync.innerRun(FutureTask.java:305)
03-10 22:40:43.600 W/fb4a(:<default>):BlueServiceQueue( 1849): 	at java.util.concurrent.FutureTask.run(FutureTask.java:137)
03-10 22:40:43.600 W/fb4a(:<default>):BlueServiceQueue( 1849): 	at com.facebook.common.executors.ListenableScheduledFutureImpl.run(ListenableScheduledFutureImpl.java:59)
03-10 22:40:43.600 W/fb4a(:<default>):BlueServiceQueue( 1849): 	at android.os.Handler.handleCallback(Handler.java:615)
03-10 22:40:43.600 W/fb4a(:<default>):BlueServiceQueue( 1849): 	at android.os.Handler.dispatchMessage(Handler.java:92)
03-10 22:40:43.600 W/fb4a(:<default>):BlueServiceQueue( 1849): 	at android.os.Looper.loop(Looper.java:137)
03-10 22:40:43.600 W/fb4a(:<default>):BlueServiceQueue( 1849): 	at android.os.HandlerThread.run(HandlerThread.java:60)
03-10 22:40:43.600 W/fb4a(:<default>):BlueServiceQueue( 1849): Caused by: libcore.io.GaiException: getaddrinfo failed: EAI_NODATA (No address associated with hostname)
03-10 22:40:43.600 W/fb4a(:<default>):BlueServiceQueue( 1849): 	at libcore.io.Posix.getaddrinfo(Native Method)
03-10 22:40:43.600 W/fb4a(:<default>):BlueServiceQueue( 1849): 	at libcore.io.ForwardingOs.getaddrinfo(ForwardingOs.java:55)
03-10 22:40:43.600 W/fb4a(:<default>):BlueServiceQueue( 1849): 	at java.net.InetAddress.lookupHostByName(InetAddress.java:405)
03-10 22:40:43.600 W/fb4a(:<default>):BlueServiceQueue( 1849): 	... 40 more
03-10 22:40:43.600 W/fb4a(:<default>):BlueServiceQueue( 1849): Caused by: libcore.io.ErrnoException: getaddrinfo failed: ENETUNREACH (Network is unreachable)
03-10 22:40:43.600 W/fb4a(:<default>):BlueServiceQueue( 1849): 	... 43 more
03-10 22:40:43.610 W/Service ( 1849): mClassName= com.facebook.katanatoInt= -1054395131
03-10 22:40:43.610 W/MediaScanner( 2307): Error opening directory '/mnt/sdcard/.android_secure/', skipping: Permission denied.
03-10 22:40:43.790 W/dalvikvm( 2609): threadid=2: spin on suspend resolved in 3133 msec
03-10 22:40:43.790 D/dalvikvm( 2609): Restored policy of 2609 to 0
03-10 22:40:43.850 D/dalvikvm( 2609): GC_CONCURRENT freed 563K, 10% free 7789K/8647K, paused 3135ms+3ms, total 3195ms
03-10 22:40:43.850 D/dalvikvm( 2609): WAIT_FOR_CONCURRENT_GC blocked 11ms
03-10 22:40:43.850 D/dalvikvm( 2609): WAIT_FOR_CONCURRENT_GC blocked 32ms
03-10 22:40:43.860 D/dalvikvm( 2307): WAIT_FOR_CONCURRENT_GC blocked 0ms
03-10 22:40:43.900 D/dalvikvm( 2307): GC_EXPLICIT freed 305K, 10% free 6316K/6983K, paused 3ms+4ms, total 33ms
03-10 22:40:43.930 D/dalvikvm( 1340): WAIT_FOR_CONCURRENT_GC blocked 0ms
03-10 22:40:44.020 D/dalvikvm( 1340): GC_EXPLICIT freed 674K, 11% free 10538K/11719K, paused 4ms+7ms, total 82ms
03-10 22:40:44.370 D/dalvikvm( 1340): WAIT_FOR_CONCURRENT_GC blocked 0ms
03-10 22:40:44.450 D/dalvikvm( 1340): GC_EXPLICIT freed 121K, 11% free 10500K/11719K, paused 4ms+6ms, total 79ms
03-10 22:40:44.740 D/dalvikvm( 2307): GC_CONCURRENT freed 307K, 9% free 6438K/7047K, paused 2ms+5ms, total 24ms
03-10 22:40:44.800 D/dalvikvm( 2307): WAIT_FOR_CONCURRENT_GC blocked 0ms
03-10 22:40:44.830 D/dalvikvm( 2307): GC_EXPLICIT freed 243K, 12% free 6229K/7047K, paused 3ms+2ms, total 32ms
03-10 22:40:44.860 D/dalvikvm( 1340): WAIT_FOR_CONCURRENT_GC blocked 0ms
03-10 22:40:44.930 D/dalvikvm( 1340): GC_EXPLICIT freed 91K, 11% free 10493K/11719K, paused 4ms+7ms, total 79ms
03-10 22:40:45.260 W/MediaPlayer( 2609): decode(50, 823716, 5517)
03-10 22:40:45.260 E/MediaExtractor( 1055): Create: firstly choose to use android extractor !!! isStreamFlag: false
03-10 22:40:45.260 E/WVMExtractor( 1055): Failed to open libwvm.so
03-10 22:40:45.260 E/MediaExtractor( 1055): Autodetected media content as 'audio/mpeg' with confidence 0.20
03-10 22:40:45.260 D/format_check( 1055): format_Check  ext:MP3
03-10 22:40:45.280 D/dalvikvm( 1340): WAIT_FOR_CONCURRENT_GC blocked 0ms
03-10 22:40:45.290 E/ActAudioExtractor( 1055): ActAudioExtractor::inbuf: 40f58418  mime audio/MP3  MP3 max_chunksize: 51200 channels: 1 sample_rate 44100 total_time=0
03-10 22:40:45.290 D/AwesomePlayer( 1055): initAudioDecoder mUsingMidwareAudioDecFlag: true
03-10 22:40:45.290 D/AwesomePlayer( 1055): initAudioDecoder: using stagefright audio decoder
03-10 22:40:45.290 E/OMXCodec( 1055): Attempting to allocate OMX node 'OMX.Action.Audio.Decoder'
03-10 22:40:45.290 V/ActionOMXPlugin( 1055): Entry ActionOMXPlugin::makeComponentInstance
03-10 22:40:45.300 E/OMXCodec( 1055): *****************************initOutputFormat  numChannels=2 sampleRate=44100
03-10 22:40:45.300 E/OMXCodec( 1055): numChannels=1 sampleRate=44100
03-10 22:40:45.300 E/OMXCodec( 1055): ACTIONS_AUDIO_DECODER*****************************
03-10 22:40:45.300 D/AwesomePlayer( 1055): initAudioDecoder: durationUs: 313000  
03-10 22:40:45.300 E/OMXCodec( 1055): audio OMXCodec start init_buf
03-10 22:40:45.330 W/ActAudioExtractor( 1055): read:  meet ok(return ERROR_END_OF_STREAM)  len: 0
03-10 22:40:45.340 E/OMXCodec( 1055): [OMX.Action.Audio.Decoder] There is no more output data available, not calling fillOutputBuffer
03-10 22:40:45.360 E/OMXCodec( 1055): [OMX.Action.Audio.Decoder] stop mState=4
03-10 22:40:45.360 E/OMXCodec( 1055): [OMX.Action.Audio.Decoder] IDLE_TO_LOADED
03-10 22:40:45.360 E/OMXCodec( 1055): [OMX.Action.Audio.Decoder] Now Loaded.
03-10 22:40:45.360 E/OMXCodec( 1055): [OMX.Action.Audio.Decoder] stopped in state 1
03-10 22:40:45.360 V/ActAudioExtractor( 1055): ~ActAudioExtractor
03-10 22:40:45.360 E/        ( 1055): OMX-In compMessageHandlerFunction Destructor has been called. So exit from the loop
03-10 22:40:45.360 W/MediaPlayer( 2609): decode(52, 829284, 6035)
03-10 22:40:45.360 E/MediaExtractor( 1055): Create: firstly choose to use android extractor !!! isStreamFlag: false
03-10 22:40:45.370 E/WVMExtractor( 1055): Failed to open libwvm.so
03-10 22:40:45.370 E/MediaExtractor( 1055): Autodetected media content as 'audio/mpeg' with confidence 0.20
03-10 22:40:45.370 D/format_check( 1055): format_Check  ext:MP3
03-10 22:40:45.370 E/ActAudioExtractor( 1055): ActAudioExtractor::inbuf: 40f58418  mime audio/MP3  MP3 max_chunksize: 51200 channels: 1 sample_rate 44100 total_time=0
03-10 22:40:45.370 D/AwesomePlayer( 1055): initAudioDecoder mUsingMidwareAudioDecFlag: true
03-10 22:40:45.370 D/AwesomePlayer( 1055): initAudioDecoder: using stagefright audio decoder
03-10 22:40:45.370 E/OMXCodec( 1055): Attempting to allocate OMX node 'OMX.Action.Audio.Decoder'
03-10 22:40:45.370 V/ActionOMXPlugin( 1055): Entry ActionOMXPlugin::makeComponentInstance
03-10 22:40:45.370 E/OMXCodec( 1055): *****************************initOutputFormat  numChannels=2 sampleRate=44100
03-10 22:40:45.370 E/OMXCodec( 1055): numChannels=1 sampleRate=44100
03-10 22:40:45.370 E/OMXCodec( 1055): ACTIONS_AUDIO_DECODER*****************************
03-10 22:40:45.370 D/AwesomePlayer( 1055): initAudioDecoder: durationUs: 391000  
03-10 22:40:45.370 E/OMXCodec( 1055): audio OMXCodec start init_buf
03-10 22:40:45.390 I/ActivityManager( 1340): Force stopping package org.dom uid=10068
03-10 22:40:45.400 W/ActAudioExtractor( 1055): read:  meet ok(return ERROR_END_OF_STREAM)  len: 0
03-10 22:40:45.400 D/dalvikvm( 1340): GC_EXPLICIT freed 167K, 11% free 10483K/11719K, paused 4ms+24ms, total 114ms
03-10 22:40:45.410 E/OMXCodec( 1055): [OMX.Action.Audio.Decoder] There is no more output data available, not calling fillOutputBuffer
03-10 22:40:45.410 E/OMXCodec( 1055): [OMX.Action.Audio.Decoder] There is no more output data available, not calling fillOutputBuffer
03-10 22:40:45.430 E/OMXCodec( 1055): [OMX.Action.Audio.Decoder] stop mState=4
03-10 22:40:45.430 E/OMXCodec( 1055): [OMX.Action.Audio.Decoder] IDLE_TO_LOADED
03-10 22:40:45.430 E/OMXCodec( 1055): [OMX.Action.Audio.Decoder] Now Loaded.
03-10 22:40:45.430 E/OMXCodec( 1055): [OMX.Action.Audio.Decoder] stopped in state 1
03-10 22:40:45.430 V/ActAudioExtractor( 1055): ~ActAudioExtractor
03-10 22:40:45.430 E/        ( 1055): OMX-In compMessageHandlerFunction Destructor has been called. So exit from the loop
03-10 22:40:45.440 D/dalvikvm( 1791): WAIT_FOR_CONCURRENT_GC blocked 0ms
03-10 22:40:45.440 D/dalvikvm( 2609): GC_CONCURRENT freed 524K, 10% free 7851K/8647K, paused 3ms+4ms, total 68ms
03-10 22:40:45.440 D/dalvikvm( 2609): WAIT_FOR_CONCURRENT_GC blocked 28ms
03-10 22:40:45.440 D/dalvikvm( 2609): WAIT_FOR_CONCURRENT_GC blocked 19ms
03-10 22:40:45.440 D/dalvikvm( 2609): WAIT_FOR_CONCURRENT_GC blocked 25ms
03-10 22:40:45.440 W/MediaPlayer( 2609): decode(54, 840788, 6039)
03-10 22:40:45.450 E/MediaExtractor( 1055): Create: firstly choose to use android extractor !!! isStreamFlag: false
03-10 22:40:45.450 E/WVMExtractor( 1055): Failed to open libwvm.so
03-10 22:40:45.450 E/MediaExtractor( 1055): Autodetected media content as 'audio/mpeg' with confidence 0.20
03-10 22:40:45.450 D/format_check( 1055): format_Check  ext:MP3
03-10 22:40:45.450 E/ActAudioExtractor( 1055): ActAudioExtractor::inbuf: 40f58418  mime audio/MP3  MP3 max_chunksize: 51200 channels: 1 sample_rate 44100 total_time=0
03-10 22:40:45.460 D/AwesomePlayer( 1055): initAudioDecoder mUsingMidwareAudioDecFlag: true
