03-07 14:17:06.628 D/dalvikvm(  489): GC_CONCURRENT freed 510K, 24% free 13059K/17064K, paused 6ms+6ms, total 113ms
03-07 14:17:06.628 D/dalvikvm(  489): WAIT_FOR_CONCURRENT_GC blocked 83ms
03-07 14:17:06.929 D/dalvikvm(  489): GC_FOR_ALLOC freed 360K, 15% free 14557K/17064K, paused 115ms, total 118ms
03-07 14:17:07.258 D/dalvikvm(  489): GC_FOR_ALLOC freed 767K, 13% free 14986K/17064K, paused 95ms, total 105ms
03-07 14:17:07.258 I/dalvikvm-heap(  489): Grow heap (frag case) to 15.261MB for 525136-byte allocation
03-07 14:17:07.348 D/dalvikvm(  489): GC_FOR_ALLOC freed <1K, 12% free 15499K/17580K, paused 85ms, total 85ms
03-07 14:17:07.408 D/dalvikvm(  489): GC_FOR_ALLOC freed 0K, 12% free 15499K/17580K, paused 60ms, total 60ms
03-07 14:17:07.408 I/dalvikvm-heap(  489): Grow heap (frag case) to 15.957MB for 729780-byte allocation
03-07 14:17:07.498 D/dalvikvm(  489): GC_FOR_ALLOC freed 0K, 12% free 16212K/18296K, paused 81ms, total 81ms
03-07 14:17:07.689 D/dalvikvm(  489): GC_FOR_ALLOC freed 2137K, 18% free 15074K/18296K, paused 67ms, total 68ms
03-07 14:17:08.028 D/dalvikvm(  489): GC_FOR_ALLOC freed 669K, 15% free 15575K/18296K, paused 58ms, total 60ms
03-07 14:17:08.549 D/dalvikvm(  489): GC_FOR_ALLOC freed 601K, 10% free 16508K/18296K, paused 55ms, total 63ms
03-07 14:17:08.549 I/dalvikvm-heap(  489): Grow heap (frag case) to 16.943MB for 729780-byte allocation
03-07 14:17:08.639 D/dalvikvm(  489): GC_FOR_ALLOC freed 1K, 10% free 17220K/19012K, paused 83ms, total 83ms
03-07 14:17:08.929 D/dalvikvm(  489): GC_FOR_ALLOC freed 3179K, 24% free 14741K/19364K, paused 55ms, total 58ms
03-07 14:17:09.209 D/dalvikvm(  489): GC_CONCURRENT freed 884K, 19% free 15840K/19364K, paused 22ms+26ms, total 124ms
03-07 14:17:09.209 D/dalvikvm(  489): WAIT_FOR_CONCURRENT_GC blocked 17ms
03-07 14:17:09.219 D/dalvikvm(  489): WAIT_FOR_CONCURRENT_GC blocked 124ms
03-07 14:17:09.518 D/dalvikvm(  489): GC_CONCURRENT freed 929K, 13% free 16890K/19364K, paused 6ms+15ms, total 151ms
03-07 14:17:09.518 D/dalvikvm(  489): WAIT_FOR_CONCURRENT_GC blocked 5ms
03-07 14:17:09.869 D/dalvikvm(  311): GC_EXPLICIT freed 146K, 56% free 5710K/12860K, paused 260ms+51ms, total 5973ms
03-07 14:17:09.889 D/AndroidRuntime( 1081): Shutting down VM
03-07 14:17:09.898 D/dalvikvm( 1081): GC_CONCURRENT freed 91K, 17% free 459K/552K, paused 0ms+1ms, total 8ms
03-07 14:17:09.998 W/RecognitionManagerService(  311): no available voice recognition services found for user 0
03-07 14:17:10.058 D/dalvikvm(  489): GC_FOR_ALLOC freed 2043K, 19% free 15771K/19364K, paused 125ms, total 130ms
03-07 14:17:10.919 D/AndroidRuntime( 1100): 
03-07 14:17:10.919 D/AndroidRuntime( 1100): >>>>>> AndroidRuntime START com.android.internal.os.RuntimeInit <<<<<<
03-07 14:17:10.919 D/AndroidRuntime( 1100): CheckJNI is ON
03-07 14:17:10.939 D/dalvikvm(  489): GC_CONCURRENT freed 1431K, 16% free 16387K/19364K, paused 78ms+54ms, total 439ms
03-07 14:17:10.939 D/dalvikvm(  489): WAIT_FOR_CONCURRENT_GC blocked 288ms
03-07 14:17:10.958 D/dalvikvm(  489): WAIT_FOR_CONCURRENT_GC blocked 125ms
03-07 14:17:10.958 D/dalvikvm(  489): WAIT_FOR_CONCURRENT_GC blocked 127ms
03-07 14:17:10.989 D/dalvikvm( 1100): Trying to load lib libjavacore.so 0x0
03-07 14:17:11.009 D/dalvikvm( 1100): Added shared lib libjavacore.so 0x0
03-07 14:17:11.069 D/dalvikvm( 1100): Trying to load lib libnativehelper.so 0x0
03-07 14:17:11.069 D/dalvikvm( 1100): Added shared lib libnativehelper.so 0x0
03-07 14:17:11.909 D/dalvikvm(  489): GC_FOR_ALLOC freed 1643K, 16% free 16408K/19364K, paused 121ms, total 134ms
03-07 14:17:12.418 D/AndroidRuntime( 1100): Calling main entry com.android.commands.am.Am
03-07 14:17:12.418 D/dalvikvm( 1100): Note: class Landroid/app/ActivityManagerNative; has 157 unimplemented (abstract) methods
03-07 14:17:12.459 I/ActivityManager(  311): START u0 {act=android.intent.action.MAIN flg=0x10000000 cmp=org.dom/.MainActivity} from pid 1100
03-07 14:17:12.479 W/WindowManager(  311): Failure taking screenshot for (266x425) to layer 21005
03-07 14:17:12.529 D/dalvikvm( 1110): Not late-enabling CheckJNI (already on)
03-07 14:17:12.529 D/AndroidRuntime( 1100): Shutting down VM
03-07 14:17:12.539 I/ActivityManager(  311): Start proc org.dom for activity org.dom/.MainActivity: pid=1110 uid=10048 gids={50048, 1015, 1028}
03-07 14:17:12.549 D/dalvikvm( 1100): GC_CONCURRENT freed 91K, 16% free 491K/584K, paused 0ms+1ms, total 11ms
03-07 14:17:13.119 E/ThrottleService(  311): problem during onPollAlarm: java.lang.IllegalStateException: problem parsing stats: java.io.FileNotFoundException: /proc/net/xt_qtaguid/iface_stat_all: open failed: ENOENT (No such file or directory)
03-07 14:17:13.279 E/SurfaceFlinger(   36): ro.sf.lcd_density must be defined as a build property
03-07 14:17:13.588 I/Choreographer(  311): Skipped 52 frames!  The application may be doing too much work on its main thread.
03-07 14:17:13.910 E/Trace   ( 1110): error opening trace file: No such file or directory (2)
03-07 14:17:15.519 V/PhoneStatusBar(  432): setLightsOn(true)
03-07 14:17:15.529 E/SurfaceFlinger(   36): ro.sf.lcd_density must be defined as a build property
03-07 14:17:15.708 D/gralloc_goldfish( 1110): Emulator without GPU emulation detected.
03-07 14:17:16.179 I/ActivityManager(  311): Displayed org.dom/.MainActivity: +3s674ms
03-07 14:17:17.979 D/ExchangeService(  692): Received deviceId from Email app: null
03-07 14:17:17.979 D/ExchangeService(  692): !!! deviceId unknown; stopping self and retrying
03-07 14:17:23.018 D/ExchangeService(  692): !!! EAS ExchangeService, onCreate
03-07 14:17:23.029 D/ExchangeService(  692): !!! EAS ExchangeService, onStartCommand, startingUp = false, running = false
03-07 14:17:23.029 W/ActivityManager(  311): Unable to start service Intent { act=com.android.email.ACCOUNT_INTENT } U=0: not found
03-07 14:17:23.039 D/ExchangeService(  692): !!! EAS ExchangeService, onStartCommand, startingUp = true, running = false
03-07 14:17:23.049 D/ExchangeService(  692): !!! Email application not found; stopping self
03-07 14:17:23.058 W/ActivityManager(  311): Unable to start service Intent { act=com.android.email.ACCOUNT_INTENT } U=0: not found
03-07 14:17:23.078 E/ActivityThread(  692): Service com.android.exchange.ExchangeService has leaked ServiceConnection com.android.emailcommon.service.ServiceProxy$ProxyConnection@40cf23b0 that was originally bound here
03-07 14:17:23.078 E/ActivityThread(  692): android.app.ServiceConnectionLeaked: Service com.android.exchange.ExchangeService has leaked ServiceConnection com.android.emailcommon.service.ServiceProxy$ProxyConnection@40cf23b0 that was originally bound here
03-07 14:17:23.078 E/ActivityThread(  692): 	at android.app.LoadedApk$ServiceDispatcher.<init>(LoadedApk.java:969)
03-07 14:17:23.078 E/ActivityThread(  692): 	at android.app.LoadedApk.getServiceDispatcher(LoadedApk.java:863)
03-07 14:17:23.078 E/ActivityThread(  692): 	at android.app.ContextImpl.bindService(ContextImpl.java:1418)
03-07 14:17:23.078 E/ActivityThread(  692): 	at android.app.ContextImpl.bindService(ContextImpl.java:1407)
03-07 14:17:23.078 E/ActivityThread(  692): 	at android.content.ContextWrapper.bindService(ContextWrapper.java:473)
03-07 14:17:23.078 E/ActivityThread(  692): 	at com.android.emailcommon.service.ServiceProxy.setTask(ServiceProxy.java:157)
03-07 14:17:23.078 E/ActivityThread(  692): 	at com.android.emailcommon.service.ServiceProxy.setTask(ServiceProxy.java:145)
03-07 14:17:23.078 E/ActivityThread(  692): 	at com.android.emailcommon.service.ServiceProxy.test(ServiceProxy.java:191)
03-07 14:17:23.078 E/ActivityThread(  692): 	at com.android.exchange.ExchangeService$7.run(ExchangeService.java:1850)
03-07 14:17:23.078 E/ActivityThread(  692): 	at com.android.emailcommon.utility.Utility$2.doInBackground(Utility.java:551)
03-07 14:17:23.078 E/ActivityThread(  692): 	at com.android.emailcommon.utility.Utility$2.doInBackground(Utility.java:549)
03-07 14:17:23.078 E/ActivityThread(  692): 	at android.os.AsyncTask$2.call(AsyncTask.java:287)
03-07 14:17:23.078 E/ActivityThread(  692): 	at java.util.concurrent.FutureTask.run(FutureTask.java:234)
03-07 14:17:23.078 E/ActivityThread(  692): 	at java.util.concurrent.ThreadPoolExecutor.runWorker(ThreadPoolExecutor.java:1080)
03-07 14:17:23.078 E/ActivityThread(  692): 	at java.util.concurrent.ThreadPoolExecutor$Worker.run(ThreadPoolExecutor.java:573)
03-07 14:17:23.078 E/ActivityThread(  692): 	at java.lang.Thread.run(Thread.java:856)
03-07 14:17:23.088 E/StrictMode(  692): null
03-07 14:17:23.088 E/StrictMode(  692): android.app.ServiceConnectionLeaked: Service com.android.exchange.ExchangeService has leaked ServiceConnection com.android.emailcommon.service.ServiceProxy$ProxyConnection@40cf23b0 that was originally bound here
03-07 14:17:23.088 E/StrictMode(  692): 	at android.app.LoadedApk$ServiceDispatcher.<init>(LoadedApk.java:969)
03-07 14:17:23.088 E/StrictMode(  692): 	at android.app.LoadedApk.getServiceDispatcher(LoadedApk.java:863)
03-07 14:17:23.088 E/StrictMode(  692): 	at android.app.ContextImpl.bindService(ContextImpl.java:1418)
03-07 14:17:23.088 E/StrictMode(  692): 	at android.app.ContextImpl.bindService(ContextImpl.java:1407)
03-07 14:17:23.088 E/StrictMode(  692): 	at android.content.ContextWrapper.bindService(ContextWrapper.java:473)
03-07 14:17:23.088 E/StrictMode(  692): 	at com.android.emailcommon.service.ServiceProxy.setTask(ServiceProxy.java:157)
03-07 14:17:23.088 E/StrictMode(  692): 	at com.android.emailcommon.service.ServiceProxy.setTask(ServiceProxy.java:145)
03-07 14:17:23.088 E/StrictMode(  692): 	at com.android.emailcommon.service.ServiceProxy.test(ServiceProxy.java:191)
03-07 14:17:23.088 E/StrictMode(  692): 	at com.android.exchange.ExchangeService$7.run(ExchangeService.java:1850)
03-07 14:17:23.088 E/StrictMode(  692): 	at com.android.emailcommon.utility.Utility$2.doInBackground(Utility.java:551)
03-07 14:17:23.088 E/StrictMode(  692): 	at com.android.emailcommon.utility.Utility$2.doInBackground(Utility.java:549)
03-07 14:17:23.088 E/StrictMode(  692): 	at android.os.AsyncTask$2.call(AsyncTask.java:287)
03-07 14:17:23.088 E/StrictMode(  692): 	at java.util.concurrent.FutureTask.run(FutureTask.java:234)
03-07 14:17:23.088 E/StrictMode(  692): 	at java.util.concurrent.ThreadPoolExecutor.runWorker(ThreadPoolExecutor.java:1080)
03-07 14:17:23.088 E/StrictMode(  692): 	at java.util.concurrent.ThreadPoolExecutor$Worker.run(ThreadPoolExecutor.java:573)
03-07 14:17:23.088 E/StrictMode(  692): 	at java.lang.Thread.run(Thread.java:856)
03-07 14:17:23.099 W/ActivityManager(  311): Unbind failed: could not find connection for android.os.BinderProxy@415b1c30
03-07 14:17:23.119 E/ActivityThread(  692): Service com.android.exchange.ExchangeService has leaked ServiceConnection com.android.emailcommon.service.ServiceProxy$ProxyConnection@40ce9830 that was originally bound here
03-07 14:17:23.119 E/ActivityThread(  692): android.app.ServiceConnectionLeaked: Service com.android.exchange.ExchangeService has leaked ServiceConnection com.android.emailcommon.service.ServiceProxy$ProxyConnection@40ce9830 that was originally bound here
03-07 14:17:23.119 E/ActivityThread(  692): 	at android.app.LoadedApk$ServiceDispatcher.<init>(LoadedApk.java:969)
03-07 14:17:23.119 E/ActivityThread(  692): 	at android.app.LoadedApk.getServiceDispatcher(LoadedApk.java:863)
03-07 14:17:23.119 E/ActivityThread(  692): 	at android.app.ContextImpl.bindService(ContextImpl.java:1418)
03-07 14:17:23.119 E/ActivityThread(  692): 	at android.app.ContextImpl.bindService(ContextImpl.java:1407)
03-07 14:17:23.119 E/ActivityThread(  692): 	at android.content.ContextWrapper.bindService(ContextWrapper.java:473)
03-07 14:17:23.119 E/ActivityThread(  692): 	at com.android.emailcommon.service.ServiceProxy.setTask(ServiceProxy.java:157)
03-07 14:17:23.119 E/ActivityThread(  692): 	at com.android.emailcommon.service.ServiceProxy.setTask(ServiceProxy.java:145)
03-07 14:17:23.119 E/ActivityThread(  692): 	at com.android.emailcommon.service.AccountServiceProxy.getDeviceId(AccountServiceProxy.java:116)
03-07 14:17:23.119 E/ActivityThread(  692): 	at com.android.exchange.ExchangeService.getDeviceId(ExchangeService.java:1249)
03-07 14:17:23.119 E/ActivityThread(  692): 	at com.android.exchange.ExchangeService$7.run(ExchangeService.java:1856)
03-07 14:17:23.119 E/ActivityThread(  692): 	at com.android.emailcommon.utility.Utility$2.doInBackground(Utility.java:551)
03-07 14:17:23.119 E/ActivityThread(  692): 	at com.android.emailcommon.utility.Utility$2.doInBackground(Utility.java:549)
03-07 14:17:23.119 E/ActivityThread(  692): 	at android.os.AsyncTask$2.call(AsyncTask.java:287)
03-07 14:17:23.119 E/ActivityThread(  692): 	at java.util.concurrent.FutureTask.run(FutureTask.java:234)
03-07 14:17:23.119 E/ActivityThread(  692): 	at java.util.concurrent.ThreadPoolExecutor.runWorker(ThreadPoolExecutor.java:1080)
03-07 14:17:23.119 E/ActivityThread(  692): 	at java.util.concurrent.ThreadPoolExecutor$Worker.run(ThreadPoolExecutor.java:573)
03-07 14:17:23.119 E/ActivityThread(  692): 	at java.lang.Thread.run(Thread.java:856)
03-07 14:17:23.138 E/StrictMode(  692): null
03-07 14:17:23.138 E/StrictMode(  692): android.app.ServiceConnectionLeaked: Service com.android.exchange.ExchangeService has leaked ServiceConnection com.android.emailcommon.service.ServiceProxy$ProxyConnection@40ce9830 that was originally bound here
03-07 14:17:23.138 E/StrictMode(  692): 	at android.app.LoadedApk$ServiceDispatcher.<init>(LoadedApk.java:969)
03-07 14:17:23.138 E/StrictMode(  692): 	at android.app.LoadedApk.getServiceDispatcher(LoadedApk.java:863)
03-07 14:17:23.138 E/StrictMode(  692): 	at android.app.ContextImpl.bindService(ContextImpl.java:1418)
03-07 14:17:23.138 E/StrictMode(  692): 	at android.app.ContextImpl.bindService(ContextImpl.java:1407)
03-07 14:17:23.138 E/StrictMode(  692): 	at android.content.ContextWrapper.bindService(ContextWrapper.java:473)
03-07 14:17:23.138 E/StrictMode(  692): 	at com.android.emailcommon.service.ServiceProxy.setTask(ServiceProxy.java:157)
03-07 14:17:23.138 E/StrictMode(  692): 	at com.android.emailcommon.service.ServiceProxy.setTask(ServiceProxy.java:145)
03-07 14:17:23.138 E/StrictMode(  692): 	at com.android.emailcommon.service.AccountServiceProxy.getDeviceId(AccountServiceProxy.java:116)
03-07 14:17:23.138 E/StrictMode(  692): 	at com.android.exchange.ExchangeService.getDeviceId(ExchangeService.java:1249)
03-07 14:17:23.138 E/StrictMode(  692): 	at com.android.exchange.ExchangeService$7.run(ExchangeService.java:1856)
03-07 14:17:23.138 E/StrictMode(  692): 	at com.android.emailcommon.utility.Utility$2.doInBackground(Utility.java:551)
03-07 14:17:23.138 E/StrictMode(  692): 	at com.android.emailcommon.utility.Utility$2.doInBackground(Utility.java:549)
03-07 14:17:23.138 E/StrictMode(  692): 	at android.os.AsyncTask$2.call(AsyncTask.java:287)
03-07 14:17:23.138 E/StrictMode(  692): 	at java.util.concurrent.FutureTask.run(FutureTask.java:234)
03-07 14:17:23.138 E/StrictMode(  692): 	at java.util.concurrent.ThreadPoolExecutor.runWorker(ThreadPoolExecutor.java:1080)
03-07 14:17:23.138 E/StrictMode(  692): 	at java.util.concurrent.ThreadPoolExecutor$Worker.run(ThreadPoolExecutor.java:573)
03-07 14:17:23.138 E/StrictMode(  692): 	at java.lang.Thread.run(Thread.java:856)
03-07 14:17:23.138 W/ActivityManager(  311): Unbind failed: could not find connection for android.os.BinderProxy@41561e58
03-07 14:17:48.898 D/AndroidRuntime( 1138): 
03-07 14:17:48.898 D/AndroidRuntime( 1138): >>>>>> AndroidRuntime START com.android.internal.os.RuntimeInit <<<<<<
03-07 14:17:48.898 D/AndroidRuntime( 1138): CheckJNI is ON
03-07 14:17:48.941 D/dalvikvm( 1138): Trying to load lib libjavacore.so 0x0
03-07 14:17:48.941 D/dalvikvm( 1138): Added shared lib libjavacore.so 0x0
03-07 14:17:48.969 D/dalvikvm( 1138): Trying to load lib libnativehelper.so 0x0
03-07 14:17:48.969 D/dalvikvm( 1138): Added shared lib libnativehelper.so 0x0
03-07 14:17:49.788 D/AndroidRuntime( 1138): Calling main entry com.android.commands.pm.Pm
03-07 14:17:49.808 I/PackageManager(  311): Removing non-system package:org.dom
03-07 14:17:49.808 I/ActivityManager(  311): Force stopping package org.dom appid=10048 user=-1
03-07 14:17:49.808 I/ActivityManager(  311): Killing proc 1110:org.dom/u0a10048: force stop org.dom
03-07 14:17:49.818 W/ActivityManager(  311): Force removing ActivityRecord{40d2d618 u0 org.dom/.MainActivity}: app died, no saved state
03-07 14:17:49.929 I/WindowState(  311): WIN DEATH: Window{412807c8 u0 org.dom/org.dom.MainActivity}
03-07 14:17:49.949 W/PackageManager(  311): Couldn't delete native library directory /data/app-lib/org.dom
03-07 14:17:50.068 I/ActivityManager(  311): Force stopping package org.dom appid=10048 user=0
03-07 14:17:50.188 D/dalvikvm(  530): GC_EXPLICIT freed 203K, 14% free 2707K/3132K, paused 4ms+11ms, total 81ms
03-07 14:17:50.328 I/InputReader(  311): Reconfiguring input devices.  changes=0x00000010
03-07 14:17:50.328 E/ActivityThread(  458): Failed to find provider info for com.android.inputmethod.latin.dictionarypack
03-07 14:17:50.328 E/BinaryDictionaryGetter(  458): Could not find a dictionary pack
03-07 14:17:50.389 E/SurfaceFlinger(   36): ro.sf.lcd_density must be defined as a build property
03-07 14:17:50.569 D/dalvikvm(  311): GC_EXPLICIT freed 448K, 56% free 5758K/12860K, paused 44ms+20ms, total 339ms
03-07 14:17:50.649 W/InputMethodManagerService(  311): Found no subtypes in a system IME: com.android.inputmethod.pinyin
03-07 14:17:50.678 W/AccountTypeManager(  613): No authenticator found for type=com.android.exchange, ignoring it.
03-07 14:17:50.689 I/AccountTypeManager(  613): Loaded meta-data for 0 account types, 0 accounts in 7ms(wall) 4ms(cpu)
03-07 14:17:50.701 W/ContextImpl( 1061): Calling a method in the system process without a qualified user: android.app.ContextImpl.startService:1352 android.content.ContextWrapper.startService:450 android.content.ContextWrapper.startService:450 com.android.keychain.KeyChainBroadcastReceiver.onReceive:12 android.app.ActivityThread.handleReceiver:2376 
03-07 14:17:50.779 D/VoicemailCleanupService(  530): Cleaning up data for package: org.dom
03-07 14:17:50.998 W/InputMethodManagerService(  311): Got RemoteException sending setActive(false) notification to pid 1110 uid 10048
03-07 14:17:51.009 I/Choreographer(  489): Skipped 59 frames!  The application may be doing too much work on its main thread.
03-07 14:17:51.869 I/Choreographer(  489): Skipped 65 frames!  The application may be doing too much work on its main thread.
03-07 14:17:52.348 D/dalvikvm(  489): GC_FOR_ALLOC freed 8923K, 58% free 8207K/19312K, paused 59ms, total 78ms
03-07 14:17:52.348 I/dalvikvm-heap(  489): Grow heap (frag case) to 11.406MB for 3424016-byte allocation
03-07 14:17:52.448 D/dalvikvm(  489): GC_CONCURRENT freed 55K, 41% free 11495K/19312K, paused 17ms+11ms, total 103ms
03-07 14:17:52.448 D/dalvikvm(  489): WAIT_FOR_CONCURRENT_GC blocked 43ms
03-07 14:17:52.448 D/dalvikvm(  489): WAIT_FOR_CONCURRENT_GC blocked 96ms
03-07 14:17:52.468 D/dalvikvm(  489): WAIT_FOR_CONCURRENT_GC blocked 68ms
03-07 14:17:53.419 I/Choreographer(  489): Skipped 112 frames!  The application may be doing too much work on its main thread.
03-07 14:17:53.838 D/dalvikvm(  489): GC_CONCURRENT freed 4575K, 54% free 8946K/19312K, paused 6ms+11ms, total 156ms
03-07 14:17:53.838 D/dalvikvm(  489): WAIT_FOR_CONCURRENT_GC blocked 98ms
03-07 14:17:53.848 D/dalvikvm(  489): WAIT_FOR_CONCURRENT_GC blocked 66ms
03-07 14:17:53.848 I/dalvikvm-heap(  489): Grow heap (frag case) to 12.475MB for 3424016-byte allocation
03-07 14:17:53.949 D/dalvikvm(  489): GC_FOR_ALLOC freed 462K, 37% free 12183K/19312K, paused 95ms, total 96ms
03-07 14:17:54.129 I/Choreographer(  489): Skipped 34 frames!  The application may be doing too much work on its main thread.
03-07 14:17:54.749 D/dalvikvm(  489): GC_FOR_ALLOC freed 488K, 30% free 13527K/19312K, paused 145ms, total 366ms
03-07 14:17:55.108 D/dalvikvm(  489): GC_FOR_ALLOC freed 1150K, 27% free 14257K/19312K, paused 73ms, total 78ms
03-07 14:17:55.429 D/dalvikvm(  489): GC_CONCURRENT freed 1289K, 23% free 14997K/19312K, paused 20ms+22ms, total 142ms
03-07 14:17:55.429 D/dalvikvm(  489): WAIT_FOR_CONCURRENT_GC blocked 15ms
03-07 14:17:55.439 D/dalvikvm(  489): WAIT_FOR_CONCURRENT_GC blocked 128ms
03-07 14:17:55.449 D/dalvikvm(  489): WAIT_FOR_CONCURRENT_GC blocked 56ms
03-07 14:17:55.808 D/dalvikvm(  489): GC_FOR_ALLOC freed 1634K, 22% free 15191K/19312K, paused 82ms, total 91ms
03-07 14:17:56.259 D/dalvikvm(  489): GC_FOR_ALLOC freed 892K, 17% free 16113K/19312K, paused 65ms, total 69ms
03-07 14:17:56.448 D/dalvikvm(  489): GC_FOR_ALLOC freed 797K, 17% free 16187K/19312K, paused 66ms, total 71ms
03-07 14:17:56.448 I/dalvikvm-heap(  489): Grow heap (frag case) to 16.815MB for 925072-byte allocation
03-07 14:17:56.538 D/dalvikvm(  489): GC_FOR_ALLOC freed 1K, 16% free 17089K/20216K, paused 81ms, total 81ms
03-07 14:17:56.928 D/dalvikvm(  311): GC_EXPLICIT freed 238K, 56% free 5724K/12860K, paused 41ms+927ms, total 6041ms
03-07 14:17:57.078 D/dalvikvm(  489): GC_FOR_ALLOC freed 591K, 11% free 18183K/20216K, paused 146ms, total 147ms
03-07 14:17:57.179 D/dalvikvm(  489): GC_FOR_ALLOC freed 2K, 9% free 18473K/20216K, paused 82ms, total 85ms
03-07 14:17:57.179 I/dalvikvm-heap(  489): Grow heap (frag case) to 18.861MB for 729780-byte allocation
03-07 14:17:57.268 D/dalvikvm(  489): GC_FOR_ALLOC freed <1K, 9% free 19185K/20932K, paused 84ms, total 84ms
03-07 14:17:57.549 D/AndroidRuntime( 1138): Shutting down VM
03-07 14:17:57.559 D/dalvikvm( 1138): GC_CONCURRENT freed 90K, 17% free 456K/548K, paused 1ms+1ms, total 10ms
03-07 14:17:57.708 D/dalvikvm(  489): GC_FOR_ALLOC freed 5071K, 29% free 15209K/21244K, paused 57ms, total 66ms
03-07 14:17:58.209 D/dalvikvm(  489): GC_CONCURRENT freed 961K, 24% free 16237K/21244K, paused 20ms+32ms, total 164ms
03-07 14:17:58.508 D/AndroidRuntime( 1155): 
03-07 14:17:58.508 D/AndroidRuntime( 1155): >>>>>> AndroidRuntime START com.android.internal.os.RuntimeInit <<<<<<
03-07 14:17:58.508 D/AndroidRuntime( 1155): CheckJNI is ON
03-07 14:17:58.598 D/dalvikvm( 1155): Trying to load lib libjavacore.so 0x0
03-07 14:17:58.608 D/dalvikvm( 1155): Added shared lib libjavacore.so 0x0
03-07 14:17:58.688 D/dalvikvm( 1155): Trying to load lib libnativehelper.so 0x0
03-07 14:17:58.688 D/dalvikvm( 1155): Added shared lib libnativehelper.so 0x0
03-07 14:18:00.299 D/AndroidRuntime( 1155): Calling main entry com.android.commands.pm.Pm
03-07 14:18:00.449 W/ActivityManager(  311): No content provider found for permission revoke: file:///data/local/tmp/questionnaire-debug.apk
03-07 14:18:00.459 W/ActivityManager(  311): No content provider found for permission revoke: file:///data/local/tmp/questionnaire-debug.apk
03-07 14:18:00.459 I/PackageManager(  311): Copying native libraries to /data/app-lib/vmdl501715524
03-07 14:18:00.469 I/PackageParser(  311): org.dom: compat added android.permission.WRITE_EXTERNAL_STORAGE android.permission.READ_PHONE_STATE
03-07 14:18:00.548 I/PackageManager(  311): Running dexopt on: org.dom
03-07 14:18:00.628 D/dalvikvm( 1167): DexOpt: 'Landroid/annotation/SuppressLint;' has an earlier definition; blocking out
03-07 14:18:00.638 D/dalvikvm( 1167): DexOpt: 'Landroid/annotation/TargetApi;' has an earlier definition; blocking out
03-07 14:18:00.668 D/dalvikvm( 1167): DexOpt: not verifying/optimizing 'Landroid/annotation/SuppressLint;': multiple definitions
03-07 14:18:00.668 D/dalvikvm( 1167): DexOpt: not verifying/optimizing 'Landroid/annotation/TargetApi;': multiple definitions
03-07 14:18:00.668 D/dalvikvm( 1167): DexOpt: load 52ms, verify+opt 5ms, 119804 bytes
03-07 14:18:00.678 I/ActivityManager(  311): Force stopping package org.dom appid=10048 user=-1
03-07 14:18:00.758 D/PackageManager(  311): New package installed in /data/app/org.dom-1.apk
03-07 14:18:01.088 I/InputReader(  311): Reconfiguring input devices.  changes=0x00000010
03-07 14:18:01.208 D/dalvikvm(  489): GC_CONCURRENT freed 9989K, 52% free 8215K/17064K, paused 8ms+23ms, total 280ms
03-07 14:18:01.349 W/AccountTypeManager(  613): No authenticator found for type=com.android.exchange, ignoring it.
03-07 14:18:01.358 I/AccountTypeManager(  613): Loaded meta-data for 0 account types, 0 accounts in 99ms(wall) 2ms(cpu)
03-07 14:18:01.629 D/dalvikvm(  311): GC_CONCURRENT freed 737K, 56% free 5749K/12860K, paused 225ms+29ms, total 441ms
03-07 14:18:01.839 I/Choreographer(  489): Skipped 83 frames!  The application may be doing too much work on its main thread.
03-07 14:18:01.948 W/InputMethodManagerService(  311): Found no subtypes in a system IME: com.android.inputmethod.pinyin
03-07 14:18:02.169 D/dalvikvm(  489): GC_FOR_ALLOC freed 248K, 52% free 8211K/17064K, paused 57ms, total 82ms
03-07 14:18:02.169 I/dalvikvm-heap(  489): Grow heap (frag case) to 11.410MB for 3424016-byte allocation
03-07 14:18:02.250 D/dalvikvm(  489): GC_CONCURRENT freed 29K, 33% free 11525K/17064K, paused 10ms+11ms, total 82ms
03-07 14:18:02.250 D/dalvikvm(  489): WAIT_FOR_CONCURRENT_GC blocked 35ms
03-07 14:18:02.250 D/dalvikvm(  489): WAIT_FOR_CONCURRENT_GC blocked 76ms
03-07 14:18:02.269 D/dalvikvm(  489): WAIT_FOR_CONCURRENT_GC blocked 88ms
03-07 14:18:03.190 I/Choreographer(  489): Skipped 108 frames!  The application may be doing too much work on its main thread.
03-07 14:18:03.518 D/dalvikvm(  489): GC_FOR_ALLOC freed 4989K, 52% free 8279K/17064K, paused 72ms, total 86ms
03-07 14:18:03.528 I/dalvikvm-heap(  489): Grow heap (frag case) to 11.476MB for 3424016-byte allocation
03-07 14:18:03.669 D/dalvikvm(  489): GC_CONCURRENT freed 49K, 33% free 11574K/17064K, paused 30ms+17ms, total 149ms
03-07 14:18:03.669 D/dalvikvm(  489): WAIT_FOR_CONCURRENT_GC blocked 37ms
03-07 14:18:03.679 D/dalvikvm(  489): WAIT_FOR_CONCURRENT_GC blocked 144ms
03-07 14:18:03.691 D/dalvikvm(  489): WAIT_FOR_CONCURRENT_GC blocked 107ms
03-07 14:18:03.888 I/Choreographer(  489): Skipped 45 frames!  The application may be doing too much work on its main thread.
03-07 14:18:04.409 D/dalvikvm(  489): GC_CONCURRENT freed 163K, 22% free 13454K/17064K, paused 8ms+30ms, total 197ms
03-07 14:18:04.409 D/dalvikvm(  489): WAIT_FOR_CONCURRENT_GC blocked 15ms
03-07 14:18:04.419 D/dalvikvm(  489): WAIT_FOR_CONCURRENT_GC blocked 120ms
03-07 14:18:04.419 D/dalvikvm(  489): WAIT_FOR_CONCURRENT_GC blocked 104ms
03-07 14:18:04.440 D/dalvikvm(  489): WAIT_FOR_CONCURRENT_GC blocked 47ms
03-07 14:18:04.659 D/dalvikvm(  489): GC_FOR_ALLOC freed 813K, 16% free 14448K/17064K, paused 138ms, total 140ms
03-07 14:18:04.929 D/dalvikvm(  489): GC_FOR_ALLOC freed 717K, 10% free 15414K/17064K, paused 117ms, total 121ms
03-07 14:18:05.069 D/dalvikvm(  489): GC_FOR_ALLOC freed 166K, 10% free 15681K/17356K, paused 122ms, total 125ms
03-07 14:18:05.259 D/dalvikvm(  489): GC_FOR_ALLOC freed 352K, 12% free 15682K/17648K, paused 78ms, total 80ms
03-07 14:18:05.269 I/dalvikvm-heap(  489): Grow heap (frag case) to 15.940MB for 525136-byte allocation
03-07 14:18:05.348 D/dalvikvm(  489): GC_FOR_ALLOC freed 27K, 11% free 16167K/18164K, paused 85ms, total 86ms
03-07 14:18:05.458 D/dalvikvm(  489): GC_FOR_ALLOC freed 1K, 9% free 16641K/18164K, paused 83ms, total 84ms
03-07 14:18:05.458 I/dalvikvm-heap(  489): Grow heap (frag case) to 17.072MB for 729780-byte allocation
03-07 14:18:05.548 D/dalvikvm(  489): GC_FOR_ALLOC freed <1K, 9% free 17354K/18880K, paused 75ms, total 85ms
03-07 14:18:05.789 D/dalvikvm(  489): GC_FOR_ALLOC freed 2661K, 19% free 15841K/19524K, paused 92ms, total 95ms
03-07 14:18:06.218 D/dalvikvm(  489): GC_FOR_ALLOC freed 700K, 14% free 16916K/19524K, paused 120ms, total 122ms
03-07 14:18:06.649 D/dalvikvm(  489): GC_FOR_ALLOC freed 564K, 14% free 16983K/19524K, paused 61ms, total 62ms
03-07 14:18:06.979 D/dalvikvm(  489): GC_FOR_ALLOC freed 3179K, 23% free 15216K/19524K, paused 71ms, total 74ms
03-07 14:18:07.249 D/dalvikvm(  489): GC_CONCURRENT freed 913K, 17% free 16344K/19524K, paused 24ms+13ms, total 99ms
03-07 14:18:07.249 D/dalvikvm(  489): WAIT_FOR_CONCURRENT_GC blocked 64ms
03-07 14:18:07.269 D/dalvikvm(  489): WAIT_FOR_CONCURRENT_GC blocked 88ms
03-07 14:18:07.558 D/dalvikvm(  489): GC_CONCURRENT freed 929K, 11% free 17393K/19524K, paused 6ms+32ms, total 141ms
03-07 14:18:07.558 D/dalvikvm(  489): WAIT_FOR_CONCURRENT_GC blocked 17ms
03-07 14:18:07.998 D/dalvikvm(  311): GC_EXPLICIT freed 150K, 56% free 5714K/12860K, paused 34ms+45ms, total 5835ms
03-07 14:18:08.008 D/AndroidRuntime( 1155): Shutting down VM
03-07 14:18:08.018 D/dalvikvm( 1155): GC_CONCURRENT freed 91K, 17% free 459K/552K, paused 1ms+1ms, total 10ms
03-07 14:18:08.088 D/ExchangeService(  692): Received deviceId from Email app: null
03-07 14:18:08.088 D/ExchangeService(  692): !!! deviceId unknown; stopping self and retrying
03-07 14:18:08.138 D/dalvikvm(  489): GC_FOR_ALLOC freed 2044K, 17% free 16271K/19524K, paused 64ms, total 69ms
03-07 14:18:08.999 D/AndroidRuntime( 1175): 
03-07 14:18:08.999 D/AndroidRuntime( 1175): >>>>>> AndroidRuntime START com.android.internal.os.RuntimeInit <<<<<<
03-07 14:18:08.999 D/AndroidRuntime( 1175): CheckJNI is ON
03-07 14:18:09.089 D/dalvikvm( 1175): Trying to load lib libjavacore.so 0x0
03-07 14:18:09.109 D/dalvikvm( 1175): Added shared lib libjavacore.so 0x0
03-07 14:18:09.169 D/dalvikvm( 1175): Trying to load lib libnativehelper.so 0x0
03-07 14:18:09.169 D/dalvikvm( 1175): Added shared lib libnativehelper.so 0x0
03-07 14:18:09.179 W/RecognitionManagerService(  311): no available voice recognition services found for user 0
03-07 14:18:10.108 D/AndroidRuntime( 1175): Calling main entry com.android.commands.am.Am
03-07 14:18:10.118 D/dalvikvm( 1175): Note: class Landroid/app/ActivityManagerNative; has 157 unimplemented (abstract) methods
03-07 14:18:10.148 I/ActivityManager(  311): START u0 {act=android.intent.action.MAIN flg=0x10000000 cmp=org.dom/.MainActivity} from pid 1175
03-07 14:18:10.168 W/WindowManager(  311): Failure taking screenshot for (266x425) to layer 21005
03-07 14:18:10.198 D/AndroidRuntime( 1175): Shutting down VM
03-07 14:18:10.219 D/dalvikvm( 1175): GC_CONCURRENT freed 91K, 16% free 491K/584K, paused 1ms+1ms, total 17ms
03-07 14:18:10.228 D/dalvikvm( 1185): Not late-enabling CheckJNI (already on)
03-07 14:18:10.238 I/ActivityManager(  311): Start proc org.dom for activity org.dom/.MainActivity: pid=1185 uid=10048 gids={50048, 1015, 1028}
03-07 14:18:10.508 E/SurfaceFlinger(   36): ro.sf.lcd_density must be defined as a build property
03-07 14:18:11.109 I/Choreographer(  311): Skipped 67 frames!  The application may be doing too much work on its main thread.
03-07 14:18:11.559 E/Trace   ( 1185): error opening trace file: No such file or directory (2)
03-07 14:18:13.158 V/PhoneStatusBar(  432): setLightsOn(true)
03-07 14:18:13.188 E/SurfaceFlinger(   36): ro.sf.lcd_density must be defined as a build property
03-07 14:18:13.509 D/gralloc_goldfish( 1185): Emulator without GPU emulation detected.
03-07 14:18:13.549 D/ExchangeService(  692): !!! EAS ExchangeService, onStartCommand, startingUp = false, running = false
03-07 14:18:13.699 W/ActivityManager(  311): Unable to start service Intent { act=com.android.email.ACCOUNT_INTENT } U=0: not found
03-07 14:18:13.758 D/ExchangeService(  692): !!! Email application not found; stopping self
03-07 14:18:13.899 W/ActivityManager(  311): Unable to start service Intent { act=com.android.email.ACCOUNT_INTENT } U=0: not found
03-07 14:18:13.999 E/ActivityThread(  692): Service com.android.exchange.ExchangeService has leaked ServiceConnection com.android.emailcommon.service.ServiceProxy$ProxyConnection@40d38620 that was originally bound here
03-07 14:18:13.999 E/ActivityThread(  692): android.app.ServiceConnectionLeaked: Service com.android.exchange.ExchangeService has leaked ServiceConnection com.android.emailcommon.service.ServiceProxy$ProxyConnection@40d38620 that was originally bound here
03-07 14:18:13.999 E/ActivityThread(  692): 	at android.app.LoadedApk$ServiceDispatcher.<init>(LoadedApk.java:969)
03-07 14:18:13.999 E/ActivityThread(  692): 	at android.app.LoadedApk.getServiceDispatcher(LoadedApk.java:863)
03-07 14:18:13.999 E/ActivityThread(  692): 	at android.app.ContextImpl.bindService(ContextImpl.java:1418)
03-07 14:18:13.999 E/ActivityThread(  692): 	at android.app.ContextImpl.bindService(ContextImpl.java:1407)
03-07 14:18:13.999 E/ActivityThread(  692): 	at android.content.ContextWrapper.bindService(ContextWrapper.java:473)
03-07 14:18:13.999 E/ActivityThread(  692): 	at com.android.emailcommon.service.ServiceProxy.setTask(ServiceProxy.java:157)
03-07 14:18:13.999 E/ActivityThread(  692): 	at com.android.emailcommon.service.ServiceProxy.setTask(ServiceProxy.java:145)
03-07 14:18:13.999 E/ActivityThread(  692): 	at com.android.emailcommon.service.AccountServiceProxy.getDeviceId(AccountServiceProxy.java:116)
03-07 14:18:13.999 E/ActivityThread(  692): 	at com.android.exchange.ExchangeService.getDeviceId(ExchangeService.java:1249)
03-07 14:18:13.999 E/ActivityThread(  692): 	at com.android.exchange.ExchangeService$7.run(ExchangeService.java:1856)
03-07 14:18:13.999 E/ActivityThread(  692): 	at com.android.emailcommon.utility.Utility$2.doInBackground(Utility.java:551)
03-07 14:18:13.999 E/ActivityThread(  692): 	at com.android.emailcommon.utility.Utility$2.doInBackground(Utility.java:549)
03-07 14:18:13.999 E/ActivityThread(  692): 	at android.os.AsyncTask$2.call(AsyncTask.java:287)
03-07 14:18:13.999 E/ActivityThread(  692): 	at java.util.concurrent.FutureTask.run(FutureTask.java:234)
03-07 14:18:13.999 E/ActivityThread(  692): 	at java.util.concurrent.ThreadPoolExecutor.runWorker(ThreadPoolExecutor.java:1080)
03-07 14:18:13.999 E/ActivityThread(  692): 	at java.util.concurrent.ThreadPoolExecutor$Worker.run(ThreadPoolExecutor.java:573)
03-07 14:18:13.999 E/ActivityThread(  692): 	at java.lang.Thread.run(Thread.java:856)
03-07 14:18:14.222 I/ActivityManager(  311): Displayed org.dom/.MainActivity: +4s32ms
03-07 14:18:14.859 E/StrictMode(  692): null
03-07 14:18:14.859 E/StrictMode(  692): android.app.ServiceConnectionLeaked: Service com.android.exchange.ExchangeService has leaked ServiceConnection com.android.emailcommon.service.ServiceProxy$ProxyConnection@40d38620 that was originally bound here
03-07 14:18:14.859 E/StrictMode(  692): 	at android.app.LoadedApk$ServiceDispatcher.<init>(LoadedApk.java:969)
03-07 14:18:14.859 E/StrictMode(  692): 	at android.app.LoadedApk.getServiceDispatcher(LoadedApk.java:863)
03-07 14:18:14.859 E/StrictMode(  692): 	at android.app.ContextImpl.bindService(ContextImpl.java:1418)
03-07 14:18:14.859 E/StrictMode(  692): 	at android.app.ContextImpl.bindService(ContextImpl.java:1407)
03-07 14:18:14.859 E/StrictMode(  692): 	at android.content.ContextWrapper.bindService(ContextWrapper.java:473)
03-07 14:18:14.859 E/StrictMode(  692): 	at com.android.emailcommon.service.ServiceProxy.setTask(ServiceProxy.java:157)
03-07 14:18:14.859 E/StrictMode(  692): 	at com.android.emailcommon.service.ServiceProxy.setTask(ServiceProxy.java:145)
03-07 14:18:14.859 E/StrictMode(  692): 	at com.android.emailcommon.service.AccountServiceProxy.getDeviceId(AccountServiceProxy.java:116)
03-07 14:18:14.859 E/StrictMode(  692): 	at com.android.exchange.ExchangeService.getDeviceId(ExchangeService.java:1249)
03-07 14:18:14.859 E/StrictMode(  692): 	at com.android.exchange.ExchangeService$7.run(ExchangeService.java:1856)
03-07 14:18:14.859 E/StrictMode(  692): 	at com.android.emailcommon.utility.Utility$2.doInBackground(Utility.java:551)
03-07 14:18:14.859 E/StrictMode(  692): 	at com.android.emailcommon.utility.Utility$2.doInBackground(Utility.java:549)
03-07 14:18:14.859 E/StrictMode(  692): 	at android.os.AsyncTask$2.call(AsyncTask.java:287)
03-07 14:18:14.859 E/StrictMode(  692): 	at java.util.concurrent.FutureTask.run(FutureTask.java:234)
03-07 14:18:14.859 E/StrictMode(  692): 	at java.util.concurrent.ThreadPoolExecutor.runWorker(ThreadPoolExecutor.java:1080)
03-07 14:18:14.859 E/StrictMode(  692): 	at java.util.concurrent.ThreadPoolExecutor$Worker.run(ThreadPoolExecutor.java:573)
03-07 14:18:14.859 E/StrictMode(  692): 	at java.lang.Thread.run(Thread.java:856)
03-07 14:18:16.029 W/ActivityManager(  311): Unbind failed: could not find connection for android.os.BinderProxy@4118ead8
03-07 14:18:16.029 E/ActivityThread(  692): Service com.android.exchange.ExchangeService has leaked ServiceConnection com.android.emailcommon.service.ServiceProxy$ProxyConnection@40d38148 that was originally bound here
03-07 14:18:16.029 E/ActivityThread(  692): android.app.ServiceConnectionLeaked: Service com.android.exchange.ExchangeService has leaked ServiceConnection com.android.emailcommon.service.ServiceProxy$ProxyConnection@40d38148 that was originally bound here
03-07 14:18:16.029 E/ActivityThread(  692): 	at android.app.LoadedApk$ServiceDispatcher.<init>(LoadedApk.java:969)
03-07 14:18:16.029 E/ActivityThread(  692): 	at android.app.LoadedApk.getServiceDispatcher(LoadedApk.java:863)
03-07 14:18:16.029 E/ActivityThread(  692): 	at android.app.ContextImpl.bindService(ContextImpl.java:1418)
03-07 14:18:16.029 E/ActivityThread(  692): 	at android.app.ContextImpl.bindService(ContextImpl.java:1407)
03-07 14:18:16.029 E/ActivityThread(  692): 	at android.content.ContextWrapper.bindService(ContextWrapper.java:473)
03-07 14:18:16.029 E/ActivityThread(  692): 	at com.android.emailcommon.service.ServiceProxy.setTask(ServiceProxy.java:157)
03-07 14:18:16.029 E/ActivityThread(  692): 	at com.android.emailcommon.service.ServiceProxy.setTask(ServiceProxy.java:145)
03-07 14:18:16.029 E/ActivityThread(  692): 	at com.android.emailcommon.service.ServiceProxy.test(ServiceProxy.java:191)
03-07 14:18:16.029 E/ActivityThread(  692): 	at com.android.exchange.ExchangeService$7.run(ExchangeService.java:1850)
03-07 14:18:16.029 E/ActivityThread(  692): 	at com.android.emailcommon.utility.Utility$2.doInBackground(Utility.java:551)
03-07 14:18:16.029 E/ActivityThread(  692): 	at com.android.emailcommon.utility.Utility$2.doInBackground(Utility.java:549)
03-07 14:18:16.029 E/ActivityThread(  692): 	at android.os.AsyncTask$2.call(AsyncTask.java:287)
03-07 14:18:16.029 E/ActivityThread(  692): 	at java.util.concurrent.FutureTask.run(FutureTask.java:234)
03-07 14:18:16.029 E/ActivityThread(  692): 	at java.util.concurrent.ThreadPoolExecutor.runWorker(ThreadPoolExecutor.java:1080)
03-07 14:18:16.029 E/ActivityThread(  692): 	at java.util.concurrent.ThreadPoolExecutor$Worker.run(ThreadPoolExecutor.java:573)
03-07 14:18:16.029 E/ActivityThread(  692): 	at java.lang.Thread.run(Thread.java:856)
03-07 14:18:16.059 D/dalvikvm(  692): GC_CONCURRENT freed 396K, 19% free 2502K/3080K, paused 641ms+25ms, total 1850ms
03-07 14:18:16.069 E/StrictMode(  692): null
03-07 14:18:16.069 E/StrictMode(  692): android.app.ServiceConnectionLeaked: Service com.android.exchange.ExchangeService has leaked ServiceConnection com.android.emailcommon.service.ServiceProxy$ProxyConnection@40d38148 that was originally bound here
03-07 14:18:16.069 E/StrictMode(  692): 	at android.app.LoadedApk$ServiceDispatcher.<init>(LoadedApk.java:969)
03-07 14:18:16.069 E/StrictMode(  692): 	at android.app.LoadedApk.getServiceDispatcher(LoadedApk.java:863)
03-07 14:18:16.069 E/StrictMode(  692): 	at android.app.ContextImpl.bindService(ContextImpl.java:1418)
03-07 14:18:16.069 E/StrictMode(  692): 	at android.app.ContextImpl.bindService(ContextImpl.java:1407)
03-07 14:18:16.069 E/StrictMode(  692): 	at android.content.ContextWrapper.bindService(ContextWrapper.java:473)
03-07 14:18:16.069 E/StrictMode(  692): 	at com.android.emailcommon.service.ServiceProxy.setTask(ServiceProxy.java:157)
03-07 14:18:16.069 E/StrictMode(  692): 	at com.android.emailcommon.service.ServiceProxy.setTask(ServiceProxy.java:145)
03-07 14:18:16.069 E/StrictMode(  692): 	at com.android.emailcommon.service.ServiceProxy.test(ServiceProxy.java:191)
03-07 14:18:16.069 E/StrictMode(  692): 	at com.android.exchange.ExchangeService$7.run(ExchangeService.java:1850)
03-07 14:18:16.069 E/StrictMode(  692): 	at com.android.emailcommon.utility.Utility$2.doInBackground(Utility.java:551)
03-07 14:18:16.069 E/StrictMode(  692): 	at com.android.emailcommon.utility.Utility$2.doInBackground(Utility.java:549)
03-07 14:18:16.069 E/StrictMode(  692): 	at android.os.AsyncTask$2.call(AsyncTask.java:287)
03-07 14:18:16.069 E/StrictMode(  692): 	at java.util.concurrent.FutureTask.run(FutureTask.java:234)
03-07 14:18:16.069 E/StrictMode(  692): 	at java.util.concurrent.ThreadPoolExecutor.runWorker(ThreadPoolExecutor.java:1080)
03-07 14:18:16.069 E/StrictMode(  692): 	at java.util.concurrent.ThreadPoolExecutor$Worker.run(ThreadPoolExecutor.java:573)
03-07 14:18:16.069 E/StrictMode(  692): 	at java.lang.Thread.run(Thread.java:856)
03-07 14:18:16.079 W/ActivityManager(  311): Unbind failed: could not find connection for android.os.BinderProxy@40eeae38
03-07 14:17:12.529 D/AndroidRuntime( 1100): Shutting down VM
03-07 14:17:12.539 I/ActivityManager(  311): Start proc org.dom for activity org.dom/.MainActivity: pid=1110 uid=10048 gids={50048, 1015, 1028}
03-07 14:17:12.549 D/dalvikvm( 1100): GC_CONCURRENT freed 91K, 16% free 491K/584K, paused 0ms+1ms, total 11ms
03-07 14:17:13.119 E/ThrottleService(  311): problem during onPollAlarm: java.lang.IllegalStateException: problem parsing stats: java.io.FileNotFoundException: /proc/net/xt_qtaguid/iface_stat_all: open failed: ENOENT (No such file or directory)
03-07 14:17:13.279 E/SurfaceFlinger(   36): ro.sf.lcd_density must be defined as a build property
03-07 14:17:13.588 I/Choreographer(  311): Skipped 52 frames!  The application may be doing too much work on its main thread.
03-07 14:17:13.910 E/Trace   ( 1110): error opening trace file: No such file or directory (2)
03-07 14:17:15.519 V/PhoneStatusBar(  432): setLightsOn(true)
03-07 14:17:15.529 E/SurfaceFlinger(   36): ro.sf.lcd_density must be defined as a build property
03-07 14:17:15.708 D/gralloc_goldfish( 1110): Emulator without GPU emulation detected.
03-07 14:17:16.179 I/ActivityManager(  311): Displayed org.dom/.MainActivity: +3s674ms
03-07 14:17:17.979 D/ExchangeService(  692): Received deviceId from Email app: null
03-07 14:17:17.979 D/ExchangeService(  692): !!! deviceId unknown; stopping self and retrying
03-07 14:17:23.018 D/ExchangeService(  692): !!! EAS ExchangeService, onCreate
03-07 14:17:23.029 D/ExchangeService(  692): !!! EAS ExchangeService, onStartCommand, startingUp = false, running = false
03-07 14:17:23.029 W/ActivityManager(  311): Unable to start service Intent { act=com.android.email.ACCOUNT_INTENT } U=0: not found
03-07 14:17:23.039 D/ExchangeService(  692): !!! EAS ExchangeService, onStartCommand, startingUp = true, running = false
03-07 14:17:23.049 D/ExchangeService(  692): !!! Email application not found; stopping self
03-07 14:17:23.058 W/ActivityManager(  311): Unable to start service Intent { act=com.android.email.ACCOUNT_INTENT } U=0: not found
03-07 14:17:23.078 E/ActivityThread(  692): Service com.android.exchange.ExchangeService has leaked ServiceConnection com.android.emailcommon.service.ServiceProxy$ProxyConnection@40cf23b0 that was originally bound here
03-07 14:17:23.078 E/ActivityThread(  692): android.app.ServiceConnectionLeaked: Service com.android.exchange.ExchangeService has leaked ServiceConnection com.android.emailcommon.service.ServiceProxy$ProxyConnection@40cf23b0 that was originally bound here
03-07 14:17:23.078 E/ActivityThread(  692): 	at android.app.LoadedApk$ServiceDispatcher.<init>(LoadedApk.java:969)
03-07 14:17:23.078 E/ActivityThread(  692): 	at android.app.LoadedApk.getServiceDispatcher(LoadedApk.java:863)
03-07 14:17:23.078 E/ActivityThread(  692): 	at android.app.ContextImpl.bindService(ContextImpl.java:1418)
03-07 14:17:23.078 E/ActivityThread(  692): 	at android.app.ContextImpl.bindService(ContextImpl.java:1407)
03-07 14:17:23.078 E/ActivityThread(  692): 	at android.content.ContextWrapper.bindService(ContextWrapper.java:473)
03-07 14:17:23.078 E/ActivityThread(  692): 	at com.android.emailcommon.service.ServiceProxy.setTask(ServiceProxy.java:157)
03-07 14:17:23.078 E/ActivityThread(  692): 	at com.android.emailcommon.service.ServiceProxy.setTask(ServiceProxy.java:145)
03-07 14:17:23.078 E/ActivityThread(  692): 	at com.android.emailcommon.service.ServiceProxy.test(ServiceProxy.java:191)
03-07 14:17:23.078 E/ActivityThread(  692): 	at com.android.exchange.ExchangeService$7.run(ExchangeService.java:1850)
03-07 14:17:23.078 E/ActivityThread(  692): 	at com.android.emailcommon.utility.Utility$2.doInBackground(Utility.java:551)
03-07 14:17:23.078 E/ActivityThread(  692): 	at com.android.emailcommon.utility.Utility$2.doInBackground(Utility.java:549)
03-07 14:17:23.078 E/ActivityThread(  692): 	at android.os.AsyncTask$2.call(AsyncTask.java:287)
03-07 14:17:23.078 E/ActivityThread(  692): 	at java.util.concurrent.FutureTask.run(FutureTask.java:234)
03-07 14:17:23.078 E/ActivityThread(  692): 	at java.util.concurrent.ThreadPoolExecutor.runWorker(ThreadPoolExecutor.java:1080)
03-07 14:17:23.078 E/ActivityThread(  692): 	at java.util.concurrent.ThreadPoolExecutor$Worker.run(ThreadPoolExecutor.java:573)
03-07 14:17:23.078 E/ActivityThread(  692): 	at java.lang.Thread.run(Thread.java:856)
03-07 14:17:23.088 E/StrictMode(  692): null
03-07 14:17:23.088 E/StrictMode(  692): android.app.ServiceConnectionLeaked: Service com.android.exchange.ExchangeService has leaked ServiceConnection com.android.emailcommon.service.ServiceProxy$ProxyConnection@40cf23b0 that was originally bound here
03-07 14:17:23.088 E/StrictMode(  692): 	at android.app.LoadedApk$ServiceDispatcher.<init>(LoadedApk.java:969)
03-07 14:17:23.088 E/StrictMode(  692): 	at android.app.LoadedApk.getServiceDispatcher(LoadedApk.java:863)
03-07 14:17:23.088 E/StrictMode(  692): 	at android.app.ContextImpl.bindService(ContextImpl.java:1418)
03-07 14:17:23.088 E/StrictMode(  692): 	at android.app.ContextImpl.bindService(ContextImpl.java:1407)
03-07 14:17:23.088 E/StrictMode(  692): 	at android.content.ContextWrapper.bindService(ContextWrapper.java:473)
03-07 14:17:23.088 E/StrictMode(  692): 	at com.android.emailcommon.service.ServiceProxy.setTask(ServiceProxy.java:157)
03-07 14:17:23.088 E/StrictMode(  692): 	at com.android.emailcommon.service.ServiceProxy.setTask(ServiceProxy.java:145)
03-07 14:17:23.088 E/StrictMode(  692): 	at com.android.emailcommon.service.ServiceProxy.test(ServiceProxy.java:191)
03-07 14:17:23.088 E/StrictMode(  692): 	at com.android.exchange.ExchangeService$7.run(ExchangeService.java:1850)
03-07 14:17:23.088 E/StrictMode(  692): 	at com.android.emailcommon.utility.Utility$2.doInBackground(Utility.java:551)
03-07 14:17:23.088 E/StrictMode(  692): 	at com.android.emailcommon.utility.Utility$2.doInBackground(Utility.java:549)
03-07 14:17:23.088 E/StrictMode(  692): 	at android.os.AsyncTask$2.call(AsyncTask.java:287)
03-07 14:17:23.088 E/StrictMode(  692): 	at java.util.concurrent.FutureTask.run(FutureTask.java:234)
03-07 14:17:23.088 E/StrictMode(  692): 	at java.util.concurrent.ThreadPoolExecutor.runWorker(ThreadPoolExecutor.java:1080)
03-07 14:17:23.088 E/StrictMode(  692): 	at java.util.concurrent.ThreadPoolExecutor$Worker.run(ThreadPoolExecutor.java:573)
03-07 14:17:23.088 E/StrictMode(  692): 	at java.lang.Thread.run(Thread.java:856)
03-07 14:17:23.099 W/ActivityManager(  311): Unbind failed: could not find connection for android.os.BinderProxy@415b1c30
03-07 14:17:23.119 E/ActivityThread(  692): Service com.android.exchange.ExchangeService has leaked ServiceConnection com.android.emailcommon.service.ServiceProxy$ProxyConnection@40ce9830 that was originally bound here
03-07 14:17:23.119 E/ActivityThread(  692): android.app.ServiceConnectionLeaked: Service com.android.exchange.ExchangeService has leaked ServiceConnection com.android.emailcommon.service.ServiceProxy$ProxyConnection@40ce9830 that was originally bound here
03-07 14:17:23.119 E/ActivityThread(  692): 	at android.app.LoadedApk$ServiceDispatcher.<init>(LoadedApk.java:969)
03-07 14:17:23.119 E/ActivityThread(  692): 	at android.app.LoadedApk.getServiceDispatcher(LoadedApk.java:863)
03-07 14:17:23.119 E/ActivityThread(  692): 	at android.app.ContextImpl.bindService(ContextImpl.java:1418)
03-07 14:17:23.119 E/ActivityThread(  692): 	at android.app.ContextImpl.bindService(ContextImpl.java:1407)
03-07 14:17:23.119 E/ActivityThread(  692): 	at android.content.ContextWrapper.bindService(ContextWrapper.java:473)
03-07 14:17:23.119 E/ActivityThread(  692): 	at com.android.emailcommon.service.ServiceProxy.setTask(ServiceProxy.java:157)
03-07 14:17:23.119 E/ActivityThread(  692): 	at com.android.emailcommon.service.ServiceProxy.setTask(ServiceProxy.java:145)
03-07 14:17:23.119 E/ActivityThread(  692): 	at com.android.emailcommon.service.AccountServiceProxy.getDeviceId(AccountServiceProxy.java:116)
03-07 14:17:23.119 E/ActivityThread(  692): 	at com.android.exchange.ExchangeService.getDeviceId(ExchangeService.java:1249)
03-07 14:17:23.119 E/ActivityThread(  692): 	at com.android.exchange.ExchangeService$7.run(ExchangeService.java:1856)
03-07 14:17:23.119 E/ActivityThread(  692): 	at com.android.emailcommon.utility.Utility$2.doInBackground(Utility.java:551)
03-07 14:17:23.119 E/ActivityThread(  692): 	at com.android.emailcommon.utility.Utility$2.doInBackground(Utility.java:549)
03-07 14:17:23.119 E/ActivityThread(  692): 	at android.os.AsyncTask$2.call(AsyncTask.java:287)
03-07 14:17:23.119 E/ActivityThread(  692): 	at java.util.concurrent.FutureTask.run(FutureTask.java:234)
03-07 14:17:23.119 E/ActivityThread(  692): 	at java.util.concurrent.ThreadPoolExecutor.runWorker(ThreadPoolExecutor.java:1080)
03-07 14:17:23.119 E/ActivityThread(  692): 	at java.util.concurrent.ThreadPoolExecutor$Worker.run(ThreadPoolExecutor.java:573)
03-07 14:17:23.119 E/ActivityThread(  692): 	at java.lang.Thread.run(Thread.java:856)
