03-10 22:40:13.870 W/Service ( 1733): mClassName= com.google.android.gmstoInt= 400313326
03-10 22:40:13.870 W/Service ( 1733): mClassName= com.google.android.gmstoInt= 400313326
03-10 22:40:13.910 W/GLSUser ( 1733): GoogleAccountDataService.getToken()
03-10 22:40:13.920 W/Service ( 1733): mClassName= com.google.android.gmstoInt= 400313326
03-10 22:40:13.940 V/GLSUser ( 1733): DEBUG: loginOption to be added: callback_intent
03-10 22:40:13.940 V/GLSUser ( 1733): DEBUG: loginOption to be added: clientPackageName
03-10 22:40:13.940 V/GLSUser ( 1733): DEBUG: loginOption to be added: androidPackageName
03-10 22:40:13.940 V/GLSUser ( 1733): DEBUG: loginOption to be added: handle_notification
03-10 22:40:13.950 W/GLSActivity( 1733): [anc] Status from wire: NetworkError status: NETWORK_ERROR
03-10 22:40:13.950 I/GLSUser ( 1733): GLS error: NetworkError shin.akiba8@gmail.com oauth2:https://www.googleapis.com/auth/googlenow
03-10 22:40:13.950 W/Service ( 1733): mClassName= com.google.android.gmstoInt= 400313326
03-10 22:40:13.950 W/GLSActivity( 1733): [anc] Status from wire: NetworkError status: NETWORK_ERROR
03-10 22:40:13.960 W/Search.LoginHelper( 1986): IO exception for scope: oauth2:https://www.googleapis.com/auth/googlenow
03-10 22:40:13.960 W/Service ( 1733): mClassName= com.google.android.gmstoInt= 400313326
03-10 22:40:13.990 W/GLSUser ( 1733): GoogleAccountDataService.getToken()
03-10 22:40:14.000 W/Service ( 1733): mClassName= com.google.android.gmstoInt= 400313326
03-10 22:40:14.020 V/GLSUser ( 1733): DEBUG: loginOption to be added: callback_intent
03-10 22:40:14.020 V/GLSUser ( 1733): DEBUG: loginOption to be added: clientPackageName
03-10 22:40:14.020 V/GLSUser ( 1733): DEBUG: loginOption to be added: androidPackageName
03-10 22:40:14.020 V/GLSUser ( 1733): DEBUG: loginOption to be added: handle_notification
03-10 22:40:14.030 W/GLSActivity( 1733): [anc] Status from wire: NetworkError status: NETWORK_ERROR
03-10 22:40:14.030 I/GLSUser ( 1733): GLS error: NetworkError shin.akiba8@gmail.com oauth2:https://www.googleapis.com/auth/googlenow
03-10 22:40:14.040 W/Service ( 1733): mClassName= com.google.android.gmstoInt= 400313326
03-10 22:40:14.040 W/GLSActivity( 1733): [anc] Status from wire: NetworkError status: NETWORK_ERROR
03-10 22:40:14.040 W/Service ( 1733): mClassName= com.google.android.gmstoInt= 400313326
03-10 22:40:14.040 W/Search.LoginHelper( 1986): IO exception for scope: oauth2:https://www.googleapis.com/auth/googlenow
03-10 22:40:14.060 D/dalvikvm( 1733): GC_CONCURRENT freed 361K, 11% free 7324K/8199K, paused 2ms+2ms, total 29ms
03-10 22:40:14.880 D/AlarmManager( 1340): overriden alarm callingpackages[0] com.google.android.googlequicksearchbox
03-10 22:40:16.510 D/dalvikvm( 1986): GC_CONCURRENT freed 351K, 9% free 7415K/8071K, paused 12ms+2ms, total 37ms
03-10 22:40:18.290 W/GAV2    ( 1986): Thread[GAThread,5,main]: Service unavailable (code=1), will retry.
03-10 22:40:18.290 W/ActivityManager( 1340): Unable to start service Intent { act=com.google.android.gms.analytics.service.START cmp=com.google.android.gms/.analytics.service.AnalyticsService (has extras) }: not found
03-10 22:40:21.560 I/GAV2    ( 1986): Thread[GAThread,5,main]: No campaign data found.
03-10 22:40:23.290 W/GAV2    ( 1986): Thread[Service Reconnect,5,main]: Service unavailable (code=1), using local store.
03-10 22:40:23.290 W/ActivityManager( 1340): Unable to start service Intent { act=com.google.android.gms.analytics.service.START cmp=com.google.android.gms/.analytics.service.AnalyticsService (has extras) }: not found
03-10 22:40:24.570 I/ActivityThread( 2442): Pub com.google.android.finsky.QSBSuggestionsProvider2: com.google.android.finsky.providers.QSBSuggestionsProvider
03-10 22:40:24.570 I/ActivityThread( 2442): Pub com.google.android.finsky.AppIconProvider: com.google.android.finsky.providers.AppIconProvider
03-10 22:40:24.570 I/ActivityThread( 2442): Pub com.google.android.finsky.RecentSuggestionsProvider: com.google.android.finsky.providers.RecentSuggestionsProvider
03-10 22:40:24.630 W/Service ( 1849): mClassName= com.facebook.katanatoInt= -1054395131
03-10 22:40:24.730 W/Service ( 1849): mClassName= com.facebook.katanatoInt= -1054395131
03-10 22:40:24.810 D/Finsky  ( 2442): [1] FinskyApp.onCreate: Initializing network with DFE https://android.clients.google.com/fdfe/
03-10 22:40:24.820 D/EthernetStateTracker( 1340): getLinkProperties()
03-10 22:40:24.840 D/EthernetStateTracker( 1340): getLinkProperties()
03-10 22:40:24.870 D/dalvikvm( 2442): GC_CONCURRENT freed 276K, 8% free 6568K/7111K, paused 12ms+12ms, total 49ms
03-10 22:40:24.910 D/Finsky  ( 2442): [1] DailyHygiene.goMakeHygieneIfDirty: Dirty, need more hygiene.
03-10 22:40:24.920 D/AlarmManager( 1340): overriden alarm callingpackages[0] com.android.vending
03-10 22:40:25.040 D/Volley  ( 2442): [94] DiskBasedCache.clear: Cache cleared.
03-10 22:40:25.060 I/ActivityManager( 1340): Start proc com.google.android.gm for broadcast com.google.android.gm/.GoogleMailDeviceStartupReceiver: pid=2510 uid=10019 gids={3003, 1015, 1028}
03-10 22:40:25.070 D/Volley  ( 2442): [98] DiskBasedCache.clear: Cache cleared.
03-10 22:40:25.080 D/AlarmManager( 1340): overriden alarm callingpackages[0] com.android.vending
03-10 22:40:25.100 W/Service ( 2442): mClassName= com.android.vendingtoInt= 1483848391
03-10 22:40:25.100 E/Trace   ( 2510): error opening trace file: No such file or directory (2)
03-10 22:40:25.140 W/Service ( 2442): mClassName= com.android.vendingtoInt= 1483848391
03-10 22:40:25.160 W/fb4a(:<default>):BlueServiceQueue( 1849): Exception during service
03-10 22:40:25.160 W/fb4a(:<default>):BlueServiceQueue( 1849): java.net.UnknownHostException: Unable to resolve host "graph.facebook.com": No address associated with hostname
03-10 22:40:25.160 W/fb4a(:<default>):BlueServiceQueue( 1849): 	at java.net.InetAddress.lookupHostByName(InetAddress.java:424)
03-10 22:40:25.160 W/fb4a(:<default>):BlueServiceQueue( 1849): 	at java.net.InetAddress.getAllByNameImpl(InetAddress.java:236)
03-10 22:40:25.160 W/fb4a(:<default>):BlueServiceQueue( 1849): 	at java.net.InetAddress.getAllByName(InetAddress.java:214)
03-10 22:40:25.160 W/fb4a(:<default>):BlueServiceQueue( 1849): 	at com.facebook.http.common.FbHttpClientConnectionOperator.openConnection(FbHttpClientConnectionOperator.java:101)
03-10 22:40:25.160 W/fb4a(:<default>):BlueServiceQueue( 1849): 	at org.apache.http.impl.conn.AbstractPoolEntry.open(AbstractPoolEntry.java:164)
03-10 22:40:25.160 W/fb4a(:<default>):BlueServiceQueue( 1849): 	at org.apache.http.impl.conn.AbstractPooledConnAdapter.open(AbstractPooledConnAdapter.java:119)
03-10 22:40:25.160 W/fb4a(:<default>):BlueServiceQueue( 1849): 	at org.apache.http.impl.client.DefaultRequestDirector.execute(DefaultRequestDirector.java:360)
03-10 22:40:25.160 W/fb4a(:<default>):BlueServiceQueue( 1849): 	at org.apache.http.impl.client.AbstractHttpClient.execute(AbstractHttpClient.java:555)
03-10 22:40:25.160 W/fb4a(:<default>):BlueServiceQueue( 1849): 	at com.facebook.http.common.FbHttpClientImpl.execute(FbHttpClientImpl.java:176)
03-10 22:40:25.160 W/fb4a(:<default>):BlueServiceQueue( 1849): 	at com.facebook.http.common.FbHttpClientImpl.execute(FbHttpClientImpl.java:158)
03-10 22:40:25.160 W/fb4a(:<default>):BlueServiceQueue( 1849): 	at com.facebook.http.common.FbHttpClientRequestExecutor.a(FbHttpClientRequestExecutor.java:45)
03-10 22:40:25.160 W/fb4a(:<default>):BlueServiceQueue( 1849): 	at com.facebook.http.executors.QeHttpRequestExecutor.a(QeHttpRequestExecutor.java:50)
03-10 22:40:25.160 W/fb4a(:<default>):BlueServiceQueue( 1849): 	at com.facebook.http.common.RequestFlowStateController.a(RequestFlowStateController.java:67)
03-10 22:40:25.160 W/fb4a(:<default>):BlueServiceQueue( 1849): 	at com.facebook.http.common.FbRedirectController.a(FbRedirectController.java:92)
03-10 22:40:25.160 W/fb4a(:<default>):BlueServiceQueue( 1849): 	at com.facebook.http.common.FbHttpRequestProcessor.b(FbHttpRequestProcessor.java:160)
03-10 22:40:25.160 W/fb4a(:<default>):BlueServiceQueue( 1849): 	at com.facebook.http.common.FbHttpRequestProcessor.a(FbHttpRequestProcessor.java:139)
03-10 22:40:25.160 W/fb4a(:<default>):BlueServiceQueue( 1849): 	at com.facebook.http.common.FbHttpRequestProcessor.b(FbHttpRequestProcessor.java:103)
03-10 22:40:25.160 W/fb4a(:<default>):BlueServiceQueue( 1849): 	at com.facebook.http.common.FbHttpRequestProcessor.a(FbHttpRequestProcessor.java:196)
03-10 22:40:25.160 W/fb4a(:<default>):BlueServiceQueue( 1849): 	at com.facebook.http.protocol.SingleMethodRunnerImpl.a(SingleMethodRunnerImpl.java:374)
03-10 22:40:25.160 W/fb4a(:<default>):BlueServiceQueue( 1849): 	at com.facebook.http.protocol.SingleMethodRunnerImpl.a(SingleMethodRunnerImpl.java:151)
03-10 22:40:25.160 W/fb4a(:<default>):BlueServiceQueue( 1849): 	at com.facebook.http.protocol.AbstractSingleMethodRunner.a(AbstractSingleMethodRunner.java:26)
03-10 22:40:25.160 W/fb4a(:<default>):BlueServiceQueue( 1849): 	at com.facebook.http.protocol.ApiMethodRunnerImpl.a(ApiMethodRunnerImpl.java:43)
03-10 22:40:25.160 W/fb4a(:<default>):BlueServiceQueue( 1849): 	at com.facebook.http.protocol.ApiMethodRunnerImpl.a(ApiMethodRunnerImpl.java:35)
03-10 22:40:25.160 W/fb4a(:<default>):BlueServiceQueue( 1849): 	at com.facebook.orca.protocol.WebServiceHandler.b(WebServiceHandler.java:302)
03-10 22:40:25.160 W/fb4a(:<default>):BlueServiceQueue( 1849): 	at com.facebook.orca.server.AbstractBlueServiceHandlerFilter.a(AbstractBlueServiceHandlerFilter.java:31)
03-10 22:40:25.160 W/fb4a(:<default>):BlueServiceQueue( 1849): 	at com.facebook.fbservice.service.FilterChainLink.a(FilterChainLink.java:20)
03-10 22:40:25.160 W/fb4a(:<default>):BlueServiceQueue( 1849): 	at com.facebook.orca.database.DbServiceHandler.b(DbServiceHandler.java:256)
03-10 22:40:25.160 W/fb4a(:<default>):BlueServiceQueue( 1849): 	at com.facebook.orca.server.AbstractBlueServiceHandlerFilter.a(AbstractBlueServiceHandlerFilter.java:31)
03-10 22:40:25.160 W/fb4a(:<default>):BlueServiceQueue( 1849): 	at com.facebook.fbservice.service.FilterChainLink.a(FilterChainLink.java:20)
03-10 22:40:25.160 W/fb4a(:<default>):BlueServiceQueue( 1849): 	at com.facebook.fbservice.handlers.RemoteStubHandler.a(RemoteStubHandler.java:32)
03-10 22:40:25.160 W/fb4a(:<default>):BlueServiceQueue( 1849): 	at com.facebook.fbservice.service.FilterChainLink.a(FilterChainLink.java:20)
03-10 22:40:25.160 W/fb4a(:<default>):BlueServiceQueue( 1849): 	at com.facebook.fbservice.handlers.RemoteProxyHandler.a(RemoteProxyHandler.java:60)
03-10 22:40:25.160 W/fb4a(:<default>):BlueServiceQueue( 1849): 	at com.facebook.orca.cache.CacheServiceHandler.b(CacheServiceHandler.java:138)
03-10 22:40:25.160 W/fb4a(:<default>):BlueServiceQueue( 1849): 	at com.facebook.orca.server.AbstractBlueServiceHandlerFilter.a(AbstractBlueServiceHandlerFilter.java:31)
03-10 22:40:25.160 W/fb4a(:<default>):BlueServiceQueue( 1849): 	at com.facebook.fbservice.service.FilterChainLink.a(FilterChainLink.java:20)
03-10 22:40:25.160 W/fb4a(:<default>):BlueServiceQueue( 1849): 	at com.facebook.fbservice.service.BlueServiceQueue.e(BlueServiceQueue.java:299)
03-10 22:40:25.160 W/fb4a(:<default>):BlueServiceQueue( 1849): 	at com.facebook.fbservice.service.BlueServiceQueue.d(BlueServiceQueue.java:53)
03-10 22:40:25.160 W/fb4a(:<default>):BlueServiceQueue( 1849): 	at com.facebook.fbservice.service.BlueServiceQueue$3.run(BlueServiceQueue.java:230)
03-10 22:40:25.160 W/fb4a(:<default>):BlueServiceQueue( 1849): 	at java.util.concurrent.Executors$RunnableAdapter.call(Executors.java:442)
03-10 22:40:25.160 W/fb4a(:<default>):BlueServiceQueue( 1849): 	at java.util.concurrent.FutureTask$Sync.innerRun(FutureTask.java:305)
03-10 22:40:25.160 W/fb4a(:<default>):BlueServiceQueue( 1849): 	at java.util.concurrent.FutureTask.run(FutureTask.java:137)
03-10 22:40:25.160 W/fb4a(:<default>):BlueServiceQueue( 1849): 	at com.facebook.common.executors.ListenableScheduledFutureImpl.run(ListenableScheduledFutureImpl.java:59)
03-10 22:40:25.160 W/fb4a(:<default>):BlueServiceQueue( 1849): 	at android.os.Handler.handleCallback(Handler.java:615)
03-10 22:40:25.160 W/fb4a(:<default>):BlueServiceQueue( 1849): 	at android.os.Handler.dispatchMessage(Handler.java:92)
03-10 22:40:25.160 W/fb4a(:<default>):BlueServiceQueue( 1849): 	at android.os.Looper.loop(Looper.java:137)
03-10 22:40:25.160 W/fb4a(:<default>):BlueServiceQueue( 1849): 	at android.os.HandlerThread.run(HandlerThread.java:60)
03-10 22:40:25.160 W/fb4a(:<default>):BlueServiceQueue( 1849): Caused by: libcore.io.GaiException: getaddrinfo failed: EAI_NODATA (No address associated with hostname)
03-10 22:40:25.160 W/fb4a(:<default>):BlueServiceQueue( 1849): 	at libcore.io.Pos
03-10 22:40:25.170 W/Service ( 1849): mClassName= com.facebook.katanatoInt= -1054395131
03-10 22:40:25.170 D/dalvikvm( 2442): GC_CONCURRENT freed 297K, 8% free 6746K/7303K, paused 14ms+20ms, total 56ms
03-10 22:40:25.220 D/Finsky  ( 2442): [1] 2.run: Loaded library for account: [bg0ykFPnxyjLKjFJzDBAvrA13zU]
03-10 22:40:25.220 D/Finsky  ( 2442): [1] 2.run: Finished loading 1 libraries.
03-10 22:40:25.230 W/Service ( 1849): mClassName= com.facebook.katanatoInt= -1054395131
03-10 22:40:25.240 D/Finsky  ( 2442): [1] GmsCoreHelper.cleanupNlp: result=false type=1
03-10 22:40:25.260 D/dalvikvm( 1849): GC_CONCURRENT freed 1317K, 13% free 10795K/12359K, paused 19ms+8ms, total 121ms
03-10 22:40:25.260 D/dalvikvm( 1849): WAIT_FOR_CONCURRENT_GC blocked 18ms
03-10 22:40:25.270 D/Finsky  ( 2442): [1] RestoreTracker.stopServiceIfDone: Restore complete with 0 success and 0 failed.
03-10 22:40:25.350 W/fb4a(:<default>):FbHttpRequestProcessor( 1849): Got java.net.UnknownHostException: Unable to resolve host "graph.facebook.com": No address associated with hostname while executing handleGetQEs, retrying on a safe network stack
03-10 22:40:25.370 W/fb4a(:<default>):BlueServiceQueue( 1849): Exception during service
03-10 22:40:25.370 W/fb4a(:<default>):BlueServiceQueue( 1849): java.net.UnknownHostException: Unable to resolve host "graph.facebook.com": No address associated with hostname
03-10 22:40:25.370 W/fb4a(:<default>):BlueServiceQueue( 1849): 	at java.net.InetAddress.lookupHostByName(InetAddress.java:394)
03-10 22:40:25.370 W/fb4a(:<default>):BlueServiceQueue( 1849): 	at java.net.InetAddress.getAllByNameImpl(InetAddress.java:236)
03-10 22:40:25.370 W/fb4a(:<default>):BlueServiceQueue( 1849): 	at java.net.InetAddress.getAllByName(InetAddress.java:214)
03-10 22:40:25.370 W/fb4a(:<default>):BlueServiceQueue( 1849): 	at org.apache.http.impl.conn.DefaultClientConnectionOperator.openConnection(DefaultClientConnectionOperator.java:137)
03-10 22:40:25.370 W/fb4a(:<default>):BlueServiceQueue( 1849): 	at org.apache.http.impl.conn.AbstractPoolEntry.open(AbstractPoolEntry.java:164)
03-10 22:40:25.370 W/fb4a(:<default>):BlueServiceQueue( 1849): 	at org.apache.http.impl.conn.AbstractPooledConnAdapter.open(AbstractPooledConnAdapter.java:119)
03-10 22:40:25.370 W/fb4a(:<default>):BlueServiceQueue( 1849): 	at org.apache.http.impl.client.DefaultRequestDirector.execute(DefaultRequestDirector.java:360)
03-10 22:40:25.370 W/fb4a(:<default>):BlueServiceQueue( 1849): 	at org.apache.http.impl.client.AbstractHttpClient.execute(AbstractHttpClient.java:555)
03-10 22:40:25.370 W/fb4a(:<default>):BlueServiceQueue( 1849): 	at org.apache.http.impl.client.AbstractHttpClient.execute(AbstractHttpClient.java:487)
03-10 22:40:25.370 W/fb4a(:<default>):BlueServiceQueue( 1849): 	at org.apache.http.impl.client.AbstractHttpClient.execute(AbstractHttpClient.java:465)
03-10 22:40:25.370 W/fb4a(:<default>):BlueServiceQueue( 1849): 	at android.net.http.AndroidHttpClient.execute(AndroidHttpClient.java:252)
03-10 22:40:25.370 W/fb4a(:<default>):BlueServiceQueue( 1849): 	at com.facebook.http.common.FbHttpRequestProcessor.a(FbHttpRequestProcessor.java:178)
03-10 22:40:25.370 W/fb4a(:<default>):BlueServiceQueue( 1849): 	at com.facebook.http.common.FbHttpRequestProcessor.b(FbHttpRequestProcessor.java:165)
03-10 22:40:25.370 W/fb4a(:<default>):BlueServiceQueue( 1849): 	at com.facebook.http.common.FbHttpRequestProcessor.a(FbHttpRequestProcessor.java:139)
03-10 22:40:25.370 W/fb4a(:<default>):BlueServiceQueue( 1849): 	at com.facebook.http.common.FbHttpRequestProcessor.b(FbHttpRequestProcessor.java:103)
03-10 22:40:25.370 W/fb4a(:<default>):BlueServiceQueue( 1849): 	at com.facebook.http.common.FbHttpRequestProcessor.a(FbHttpRequestProcessor.java:196)
03-10 22:40:25.370 W/fb4a(:<default>):BlueServiceQueue( 1849): 	at com.facebook.http.protocol.MethodBatcherImpl$MethodBatchImpl.a(MethodBatcherImpl.java:207)
03-10 22:40:25.370 W/fb4a(:<default>):BlueServiceQueue( 1849): 	at com.facebook.http.protocol.AbstractBatch.a(AbstractBatch.java:42)
03-10 22:40:25.370 W/fb4a(:<default>):BlueServiceQueue( 1849): 	at com.facebook.abtest.qe.service.QuickExperimentSyncServiceHandler.a(QuickExperimentSyncServiceHandler.java:135)
03-10 22:40:25.370 W/fb4a(:<default>):BlueServiceQueue( 1849): 	at com.facebook.abtest.qe.service.QuickExperimentSyncServiceHandler.a(QuickExperimentSyncServiceHandler.java:110)
03-10 22:40:25.370 W/fb4a(:<default>):BlueServiceQueue( 1849): 	at com.facebook.abtest.qe.service.QuickExperimentDbServiceHandler.b(QuickExperimentDbServiceHandler.java:60)
03-10 22:40:25.370 W/fb4a(:<default>):BlueServiceQueue( 1849): 	at com.facebook.abtest.qe.service.QuickExperimentDbServiceHandler.a(QuickExperimentDbServiceHandler.java:50)
03-10 22:40:25.370 W/fb4a(:<default>):BlueServiceQueue( 1849): 	at com.facebook.fbservice.service.FilterChainLink.a(FilterChainLink.java:20)
03-10 22:40:25.370 W/fb4a(:<default>):BlueServiceQueue( 1849): 	at com.facebook.fbservice.service.BlueServiceQueue.e(BlueServiceQueue.java:299)
03-10 22:40:25.370 W/fb4a(:<default>):BlueServiceQueue( 1849): 	at com.facebook.fbservice.service.BlueServiceQueue.d(BlueServiceQueue.java:53)
03-10 22:40:25.370 W/fb4a(:<default>):BlueServiceQueue( 1849): 	at com.facebook.fbservice.service.BlueServiceQueue$3.run(BlueServiceQueue.java:230)
03-10 22:40:25.370 W/fb4a(:<default>):BlueServiceQueue( 1849): 	at java.util.concurrent.Executors$RunnableAdapter.call(Executors.java:442)
03-10 22:40:25.370 W/fb4a(:<default>):BlueServiceQueue( 1849): 	at java.util.concurrent.FutureTask$Sync.innerRun(FutureTask.java:305)
03-10 22:40:25.370 W/fb4a(:<default>):BlueServiceQueue( 1849): 	at java.util.concurrent.FutureTask.run(FutureTask.java:137)
03-10 22:40:25.370 W/fb4a(:<default>):BlueServiceQueue( 1849): 	at com.facebook.common.executors.ListenableScheduledFutureImpl.run(ListenableScheduledFutureImpl.java:59)
03-10 22:40:25.370 W/fb4a(:<default>):BlueServiceQueue( 1849): 	at android.os.Handler.handleCallback(Handler.java:615)
03-10 22:40:25.370 W/fb4a(:<default>):BlueServiceQueue( 1849): 	at android.os.Handler.dispatchMessage(Handler.java:92)
03-10 22:40:25.370 W/fb4a(:<default>):BlueServiceQueue( 1849): 	at android.os.Looper.loop(Looper.java:137)
03-10 22:40:25.370 W/fb4a(:<default>):BlueServiceQueue( 1849): 	at android.os.HandlerThread.run(HandlerThread.java:60)
03-10 22:40:25.370 W/Service ( 1849): mClassName= com.facebook.katanatoInt= -1054395131
03-10 22:40:25.430 W/Service ( 1849): mClassName= com.facebook.katanatoInt= -1054395131
03-10 22:40:25.430 I/ActivityThread( 2510): Pub com.google.android.gm2.accountcache: com.android.mail.providers.GmailAccountCacheProvider
03-10 22:40:25.490 D/dalvikvm( 2510): GC_CONCURRENT freed 161K, 7% free 6330K/6791K, paused 12ms+2ms, total 51ms
03-10 22:40:25.530 D/ActivityThread( 2510): Loading provider com.android.gmail.ui: com.google.android.gm.provider.GmailProvider
03-10 22:40:25.580 I/ActivityThread( 2510): Pub gmail-ls: com.google.android.gm.provider.MailProvider
03-10 22:40:25.610 D/dalvikvm( 1849): GC_FOR_ALLOC freed 1060K, 15% free 10889K/12679K, paused 76ms, total 76ms
03-10 22:40:25.650 W/fb4a(:<default>):FbHttpRequestProcessor( 1849): Got java.net.UnknownHostException: Unable to resolve host "graph.facebook.com": No address associated with hostname while executing handleFetchConfiguration, retrying on a safe network stack
03-10 22:40:25.660 W/fb4a(:<default>):BlueServiceQueue( 1849): Exception during service
03-10 22:40:25.660 W/fb4a(:<default>):BlueServiceQueue( 1849): java.net.UnknownHostException: Unable to resolve host "graph.facebook.com": No address associated with hostname
03-10 22:40:25.660 W/fb4a(:<default>):BlueServiceQueue( 1849): 	at java.net.InetAddress.lookupHostByName(InetAddress.java:394)
03-10 22:40:25.660 W/fb4a(:<default>):BlueServiceQueue( 1849): 	at java.net.InetAddress.getAllByNameImpl(InetAddress.java:236)
03-10 22:40:25.660 W/fb4a(:<default>):BlueServiceQueue( 1849): 	at java.net.InetAddress.getAllByName(InetAddress.java:214)
03-10 22:40:25.660 W/fb4a(:<default>):BlueServiceQueue( 1849): 	at org.apache.http.impl.conn.DefaultClientConnectionOperator.openConnection(DefaultClientConnectionOperator.java:137)
03-10 22:40:25.660 W/fb4a(:<default>):BlueServiceQueue( 1849): 	at org.apache.http.impl.conn.AbstractPoolEntry.open(AbstractPoolEntry.java:164)
03-10 22:40:25.660 W/fb4a(:<default>):BlueServiceQueue( 1849): 	at org.apache.http.impl.conn.AbstractPooledConnAdapter.open(AbstractPooledConnAdapter.java:119)
03-10 22:40:25.660 W/fb4a(:<default>):BlueServiceQueue( 1849): 	at org.apache.http.impl.client.DefaultRequestDirector.execute(DefaultRequestDirector.java:360)
03-10 22:40:25.660 W/fb4a(:<default>):BlueServiceQueue( 1849): 	at org.apache.http.impl.client.AbstractHttpClient.execute(AbstractHttpClient.java:555)
03-10 22:40:25.660 W/fb4a(:<default>):BlueServiceQueue( 1849): 	at org.apache.http.impl.client.AbstractHttpClient.execute(AbstractHttpClient.java:487)
03-10 22:40:25.660 W/fb4a(:<default>):BlueServiceQueue( 1849): 	at org.apache.http.impl.client.AbstractHttpClient.execute(AbstractHttpClient.java:465)
03-10 22:40:25.660 W/fb4a(:<default>):BlueServiceQueue( 1849): 	at android.net.http.AndroidHttpClient.execute(AndroidHttpClient.java:252)
03-10 22:40:25.660 W/fb4a(:<default>):BlueServiceQueue( 1849): 	at com.facebook.http.common.FbHttpRequestProcessor.a(FbHttpRequestProcessor.java:178)
03-10 22:40:25.660 W/fb4a(:<default>):BlueServiceQueue( 1849): 	at com.facebook.http.common.FbHttpRequestProcessor.b(FbHttpRequestProcessor.java:165)
03-10 22:40:25.660 W/fb4a(:<default>):BlueServiceQueue( 1849): 	at com.facebook.http.common.FbHttpRequestProcessor.a(FbHttpRequestProcessor.java:139)
03-10 22:40:25.660 W/fb4a(:<default>):BlueServiceQueue( 1849): 	at com.facebook.http.common.FbHttpRequestProcessor.b(FbHttpRequestProcessor.java:103)
03-10 22:40:25.660 W/fb4a(:<default>):BlueServiceQueue( 1849): 	at com.facebook.http.common.FbHttpRequestProcessor.a(FbHttpRequestProcessor.java:196)
03-10 22:40:25.660 W/fb4a(:<default>):BlueServiceQueue( 1849): 	at com.facebook.http.protocol.MethodBatcherImpl$MethodBatchImpl.a(MethodBatcherImpl.java:207)
03-10 22:40:25.660 W/fb4a(:<default>):BlueServiceQueue( 1849): 	at com.facebook.http.protocol.BatchComponentRunner.a(BatchComponentRunner.java:79)
03-10 22:40:25.660 W/fb4a(:<default>):BlueServiceQueue( 1849): 	at com.facebook.http.protocol.BatchComponentRunner.a(BatchComponentRunner.java:46)
03-10 22:40:25.660 W/fb4a(:<default>):BlueServiceQueue( 1849): 	at com.facebook.config.background.ConfigBackgroundServiceHandler.a(ConfigBackgroundServiceHandler.java:85)
03-10 22:40:25.660 W/fb4a(:<default>):BlueServiceQueue( 1849): 	at com.facebook.config.background.ConfigBackgroundServiceHandler.a(ConfigBackgroundServiceHandler.java:54)
03-10 22:40:25.660 W/fb4a(:<default>):BlueServiceQueue( 1849): 	at com.facebook.fbservice.service.BlueServiceQueue.e(BlueServiceQueue.java:299)
03-10 22:40:25.660 W/fb4a(:<default>):BlueServiceQueue( 1849): 	at com.facebook.fbservice.service.BlueServiceQueue.d(BlueServiceQueue.java:53)
03-10 22:40:25.660 W/fb4a(:<default>):BlueServiceQueue( 1849): 	at com.facebook.fbservice.service.BlueServiceQueue$3.run(BlueServiceQueue.java:230)
03-10 22:40:25.660 W/fb4a(:<default>):BlueServiceQueue( 1849): 	at java.util.concurrent.Executors$RunnableAdapter.call(Executors.java:442)
03-10 22:40:25.660 W/fb4a(:<default>):BlueServiceQueue( 1849): 	at java.util.concurrent.FutureTask$Sync.innerRun(FutureTask.java:305)
03-10 22:40:25.660 W/fb4a(:<default>):BlueServiceQueue( 1849): 	at java.util.concurrent.FutureTask.run(FutureTask.java:137)
03-10 22:40:25.660 W/fb4a(:<default>):BlueServiceQueue( 1849): 	at com.facebook.common.executors.ListenableScheduledFutureImpl.run(ListenableScheduledFutureImpl.java:59)
03-10 22:40:25.660 W/fb4a(:<default>):BlueServiceQueue( 1849): 	at android.os.Handler.handleCallback(Handler.java:615)
03-10 22:40:25.660 W/fb4a(:<default>):BlueServiceQueue( 1849): 	at android.os.Handler.dispatchMessage(Handler.java:92)
03-10 22:40:25.660 W/fb4a(:<default>):BlueServiceQueue( 1849): 	at android.os.Looper.loop(Looper.java:137)
03-10 22:40:25.660 W/fb4a(:<default>):BlueServiceQueue( 1849): 	at android.os.HandlerThread.run(HandlerThread.java:60)
03-10 22:40:25.670 D/dalvikvm( 2510): GC_CONCURRENT freed 281K, 9% free 6521K/7111K, paused 13ms+29ms, total 62ms
03-10 22:40:25.670 W/Service ( 1849): mClassName= com.facebook.katanatoInt= -1054395131
03-10 22:40:25.680 I/ActivityThread( 2510): Pub com.google.android.gm: com.google.android.gm.provider.PublicContentProvider
03-10 22:40:25.680 I/ActivityThread( 2510): Pub com.google.android.gm.provider.eml.attachment: com.android.mail.providers.EmlAttachmentProvider
03-10 22:40:25.690 I/ActivityThread( 2510): Pub com.google.android.gmail.SuggestionsProvider: com.google.android.gm.SuggestionsProvider
03-10 22:40:25.690 I/ActivityThread( 2510): Pub com.google.android.gm2.conversation.provider: com.android.mail.browse.GmailConversationProvider
03-10 22:40:25.700 W/Service ( 2077): mClassName= com.google.android.gsf.logintoInt= -2125384850
03-10 22:40:25.700 I/ActivityThread( 2510): Pub com.android.gmail.ui: com.google.android.gm.provider.GmailProvider
03-10 22:40:25.740 W/GAV2    ( 2510): Thread[main,5,main]: Need to call initialize() and be in fallback mode to start dispatch.
03-10 22:40:25.750 D/dalvikvm( 1807): Trying to load lib /data/data/com.google.android.gms/lib/libAppDataSearch.so 0x41f7dd00
03-10 22:40:25.750 D/dalvikvm( 1807): Added shared lib /data/data/com.google.android.gms/lib/libAppDataSearch.so 0x41f7dd00
03-10 22:40:25.750 D/dalvikvm( 1807): No JNI_OnLoad found in /data/data/com.google.android.gms/lib/libAppDataSearch.so 0x41f7dd00, skipping init
03-10 22:40:25.820 D/dalvikvm( 1807): GC_CONCURRENT freed 356K, 9% free 6784K/7431K, paused 12ms+19ms, total 63ms
03-10 22:40:25.850 D/dalvikvm( 2510): GC_CONCURRENT freed 331K, 9% free 6615K/7239K, paused 12ms+2ms, total 46ms
03-10 22:40:25.850 W/Service ( 1807): mClassName= com.google.android.gmstoInt= 400313326
03-10 22:40:25.860 W/Service ( 1807): mClassName= com.google.android.gmstoInt= 400313326
03-10 22:40:25.870 W/Service ( 2510): mClassName= com.google.android.gmtoInt= -378320869
03-10 22:40:25.890 W/Service ( 2510): mClassName= com.google.android.gmtoInt= -378320869
03-10 22:40:25.900 I/Icing   ( 1807): Storage manager: low false usage 1.68MB avail 283.26MB capacity 868.66MB
03-10 22:40:25.920 I/ActivityManager( 1340): Start proc com.adamrocker.android.input.simeji:heart for service com.adamrocker.android.input.simeji/jp.baidu.simeji.heartservice.ExternalHeartService: pid=2549 uid=10055 gids={3003, 1015, 1028}
03-10 22:40:25.950 W/Service ( 2077): mClassName= com.google.android.gsf.logintoInt= -2125384850
03-10 22:40:25.950 I/dalvikvm( 2549): Turning on JNI app bug workarounds for target SDK version 11...
03-10 22:40:25.950 I/ActivityManager( 1340): Start proc com.dropbox.android for broadcast com.dropbox.android/.service.BootReceiver: pid=2560 uid=10064 gids={3003, 1028, 1015}
03-10 22:40:25.990 E/Trace   ( 2549): error opening trace file: No such file or directory (2)
03-10 22:40:26.000 E/Trace   ( 2560): error opening trace file: No such file or directory (2)
03-10 22:40:26.120 D/dalvikvm( 2549): GC_CONCURRENT freed 163K, 7% free 6381K/6791K, paused 2ms+2ms, total 34ms
03-10 22:40:26.120 D/dalvikvm( 2549): WAIT_FOR_CONCURRENT_GC blocked 15ms
03-10 22:40:26.170 D/dalvikvm( 2307): GC_CONCURRENT freed 390K, 11% free 6285K/6983K, paused 2ms+3ms, total 24ms
03-10 22:40:26.170 D/dalvikvm( 2560): GC_CONCURRENT freed 164K, 7% free 6379K/6791K, paused 20ms+2ms, total 49ms
03-10 22:40:26.170 D/dalvikvm( 2560): WAIT_FOR_CONCURRENT_GC blocked 13ms
03-10 22:40:26.230 W/Service ( 2549): mClassName= com.adamrocker.android.input.simejitoInt= -754373502
03-10 22:40:26.230 D/AlarmManager( 1340): overriden alarm callingpackages[0] com.adamrocker.android.input.simeji
03-10 22:40:26.230 D/AlarmManager( 1340): overriden alarm callingUid= 10055 type= 2
03-10 22:40:26.230 D/AlarmManager( 1340): overriden alarm force  AlarmManager.ELAPSED_REALTIME
03-10 22:40:26.280 D/dalvikvm( 2510): GC_CONCURRENT freed 328K, 9% free 6744K/7367K, paused 12ms+13ms, total 46ms
03-10 22:40:26.300 I/Gmail   ( 2510): calculateUnknownSyncRationalesAndPurgeInBackground: queueing
03-10 22:40:26.310 D/ExternalHeartService( 2549): onStartCommand url: http://msg.simeji.baidu.jp/getmsg?id=DB593F99-B7C7-AD3F-EBFE-D63629F87261&app_ver=6.7&ver_code=402&os_ver=4.1.1&referrer=organic&keyboard_ja=keyboard_simeji_flick&keyboard_en=keyboard_simeji_alphabet_qwerty&flag=1&date=2014-03-10_22:40:26&from_ext_heartservice=1
03-10 22:40:26.310 D/EthernetStateTracker( 1340): getLinkProperties()
03-10 22:40:26.320 D/QuestPopup( 2549): NetWorkState Unavailabel
03-10 22:40:26.320 I/Gmail   ( 2510): calculateUnknownSyncRationalesAndPurgeInBackground: queueing
03-10 22:40:26.360 I/ActivityThread( 2560): Pub com.dropbox.android.PhotosProvider: com.dropbox.android.provider.PhotosProvider
03-10 22:40:26.380 I/Gmail   ( 2510): calculateUnknownSyncRationalesAndPurgeInBackground: running
03-10 22:40:26.380 I/Gmail   ( 2510): calculateUnknownSyncRationalesAndPurgeInBackground: running
03-10 22:40:26.410 I/ActivityThread( 2560): Pub com.dropbox.android.provider.SDK: com.dropbox.android.provider.SDKProvider
03-10 22:40:26.410 I/ActivityThread( 2560): Pub com.dropbox.android.ZipperedMediaProvider: com.dropbox.android.provider.ZipperedMediaProvider
03-10 22:40:26.410 I/ActivityThread( 2560): Pub com.dropbox.android.Dropbox: com.dropbox.android.provider.DropboxProvider
03-10 22:40:26.410 I/ActivityThread( 2560): Pub com.dropbox.android.LocalFile: com.dropbox.android.provider.FileSystemProvider
03-10 22:40:26.540 I/com.dropbox.android.service.DropboxNetworkReceiver( 2560): Setting receiver enabled: false
03-10 22:40:26.660 D/dalvikvm( 2560): GC_CONCURRENT freed 277K, 9% free 6592K/7175K, paused 12ms+12ms, total 44ms
03-10 22:40:26.660 D/dalvikvm( 2560): Trying to load lib /data/data/com.dropbox.android/lib/libDbxFileObserver.so 0x41f803f8
03-10 22:40:26.660 D/dalvikvm( 2560): Added shared lib /data/data/com.dropbox.android/lib/libDbxFileObserver.so 0x41f803f8
03-10 22:40:26.660 D/dalvikvm( 2560): No JNI_OnLoad found in /data/data/com.dropbox.android/lib/libDbxFileObserver.so 0x41f803f8, skipping init
03-10 22:40:28.190 D/dalvikvm( 1807): GC_CONCURRENT freed 629K, 12% free 6597K/7495K, paused 12ms+5ms, total 40ms
03-10 22:40:28.260 W/Service ( 1807): mClassName= com.google.android.gmstoInt= 400313326
03-10 22:40:28.260 W/Service ( 2560): mClassName= com.dropbox.androidtoInt= 1719984602
03-10 22:40:28.280 D/GCM     ( 1733): GcmService start Intent { act=android.intent.action.BOOT_COMPLETED flg=0x10 cmp=com.google.android.gms/.gcm.GcmService } android.intent.action.BOOT_COMPLETED
03-10 22:40:28.280 I/ActivityManager( 1340): Start proc com.path for broadcast com.path/.receivers.BootReceiver: pid=2609 uid=10059 gids={3003, 1015, 1006, 1028}
03-10 22:40:28.310 W/Service ( 1733): mClassName= com.google.android.gmstoInt= 400313326
03-10 22:40:28.320 I/com.dropbox.android.util.ae( 2560): Watching file: /mnt/sdcard/Android/data/com.dropbox.android/files/scratch/97eab429
03-10 22:40:28.320 I/com.dropbox.android.util.ae( 2560): Getting ready to upload: /mnt/sdcard/Android/data/com.dropbox.android/files/scratch/97eab429
03-10 22:40:28.320 I/ActivityManager( 1340): Start proc com.google.android.gms.ui for service com.google.android.gms/.auth.authzen.GcmReceiverService: pid=2623 uid=10021 gids={3003, 1015, 1028, 1007, 3002, 3001, 1006, 2001, 3006}
03-10 22:40:28.330 E/Trace   ( 2609): error opening trace file: No such file or directory (2)
03-10 22:40:28.330 D/AlarmManager( 1340): overriden alarm callingpackages[0] com.google.android.syncadapters.contacts
03-10 22:40:28.360 E/Trace   ( 2623): error opening trace file: No such file or directory (2)
03-10 22:40:28.370 I/GCoreUlr( 1807): Starting service, intent=Intent { cmp=com.google.android.gms/com.google.android.location.reporting.service.DispatchingService (has extras) }, extras=Bundle[{receiverAction=android.intent.action.BOOT_COMPLETED, intentType=2}]
03-10 22:40:28.380 I/GCoreUlr( 1928): WorldUpdater received intent Intent { cmp=com.google.android.gms/com.google.android.location.reporting.service.DispatchingService (has extras) } with receiverAction android.intent.action.BOOT_COMPLETED, forceUpdate false
03-10 22:40:28.430 I/Icing   ( 1807): Internal init done: storage state 0
03-10 22:40:28.470 D/dalvikvm( 2609): GC_CONCURRENT freed 173K, 7% free 6371K/6791K, paused 2ms+2ms, total 31ms
03-10 22:40:28.470 D/dalvikvm( 2609): WAIT_FOR_CONCURRENT_GC blocked 13ms
03-10 22:40:28.510 D/dalvikvm( 2623): GC_CONCURRENT freed 167K, 7% free 6344K/6791K, paused 13ms+2ms, total 51ms
03-10 22:40:28.510 D/dalvikvm( 1807): GC_CONCURRENT freed 339K, 12% free 6642K/7495K, paused 3ms+3ms, total 27ms
03-10 22:40:28.530 D/MediaScannerService( 2307): done scanning volume external
03-10 22:40:28.530 I/MultiDex( 2623): load(/data/app/com.google.android.gms-1.apk, forceReload=false)
03-10 22:40:28.530 D/MediaScannerService( 2307): end handleMessage
03-10 22:40:28.530 D/AlarmManager( 1340): overriden alarm callingpackages[0] com.google.android.syncadapters.contacts
03-10 22:40:28.540 I/Icing   ( 1807): Post-init done
03-10 22:40:28.550 D/SyncManager( 1340): setIsSyncable: Account {name=shin.akiba8@gmail.com, type=com.google}, provider com.google.android.location.reporting, user 0 -> 1
03-10 22:40:28.550 D/SyncManager( 1340): setIsSyncable: already set to 1, doing nothing
03-10 22:40:28.550 D/SyncManager( 1340): setSyncAutomatically:  provider com.google.android.location.reporting, user 0 -> true
03-10 22:40:28.550 D/SyncManager( 1340): setSyncAutomatically: already set to true, doing nothing
03-10 22:40:28.570 W/Service ( 1807): mClassName= com.google.android.gmstoInt= 400313326
03-10 22:40:28.630 I/MultiDex( 2623): Need extracted file /data/data/com.google.android.gms/files/secondary-dexes/com.google.android.gms-1.apk.classes2.zip
03-10 22:40:28.630 I/MultiDex( 2623): No extraction needed for /data/data/com.google.android.gms/files/secondary-dexes/com.google.android.gms-1.apk.classes2.zip of size 1430457
03-10 22:40:28.650 D/dalvikvm( 2623): GC_CONCURRENT freed 188K, 7% free 6640K/7111K, paused 12ms+12ms, total 42ms
03-10 22:40:28.660 V/AuthZen ( 2623): Received a GCM message.
03-10 22:40:28.670 W/Service ( 2623): mClassName= com.google.android.gmstoInt= 400313326
03-10 22:40:28.680 V/AuthZen ( 2623): [DefaultAuthzenGcmReceiverDelegateService] Received an Authzen GCM message.
03-10 22:40:28.690 W/Service ( 2623): mClassName= com.google.android.gmstoInt= 400313326
03-10 22:40:28.870 D/dalvikvm( 2623): GC_CONCURRENT freed 262K, 8% free 6837K/7367K, paused 12ms+9ms, total 41ms
03-10 22:40:29.080 D/dalvikvm( 2623): GC_CONCURRENT freed 723K, 14% free 6607K/7623K, paused 2ms+20ms, total 63ms
03-10 22:40:29.190 I/AuthZen ( 2623): Fetching signing key...
03-10 22:40:29.470 I/AuthZen ( 2623): Signing key fetched successfuly!
03-10 22:40:29.480 I/AuthZen ( 2623): No encryption key found or existing keys are expired for account shin.akiba8@gmail.com
03-10 22:40:29.490 I/GCoreUlr( 1928): Ensuring that reporting is stopped because of reasons: {account#11#=[InactiveReason{mVersionCode=0, mIdentifier=6, mName='ReportingNotSelected'}]}
03-10 22:40:29.500 D/GCoreFlp( 1928): Unknown pending intent to remove.
03-10 22:40:29.500 I/GCoreUlr( 1928): Unbound from all location providers
03-10 22:40:29.520 D/dalvikvm( 1928): GC_CONCURRENT freed 288K, 13% free 7129K/8135K, paused 2ms+4ms, total 28ms
03-10 22:40:29.570 D/dalvikvm( 2623): GC_CONCURRENT freed 461K, 14% free 6565K/7623K, paused 12ms+4ms, total 38ms
03-10 22:40:29.750 D/dalvikvm( 2623): GC_CONCURRENT freed 331K, 13% free 6665K/7623K, paused 1ms+8ms, total 31ms
03-10 22:40:29.920 I/AuthZen ( 2623): Starting Enrollment...
03-10 22:40:29.950 D/dalvikvm( 2623): GC_CONCURRENT freed 436K, 13% free 6654K/7623K, paused 12ms+18ms, total 53ms
03-10 22:40:29.980 I/GoogleHttpClient( 2623): Falling back to old http client 0 java.lang.NoSuchMethodException: <init> [class android.content.Context, class java.lang.String, boolean]
03-10 22:40:30.110 W/GLSActivity( 2623): [anc] Status from wire: NetworkError status: NETWORK_ERROR
03-10 22:40:30.110 I/GLSUser ( 2623): GLS error: NetworkError shin.akiba8@gmail.com oauth2:https://www.googleapis.com/auth/cryptauth
03-10 22:40:30.110 E/AuthZen ( 2623): Failed to do enrollment for account: shin.akiba8@gmail.com
03-10 22:40:30.110 E/AuthZen ( 2623): alu: Failed to get a token for authzen enrollment
03-10 22:40:30.110 E/AuthZen ( 2623): 	at alt.a(SourceFile:122)
03-10 22:40:30.110 E/AuthZen ( 2623): 	at alw.a(SourceFile:133)
03-10 22:40:30.110 E/AuthZen ( 2623): 	at alw.a(SourceFile:78)
03-10 22:40:30.110 E/AuthZen ( 2623): 	at ali.a(SourceFile:90)
03-10 22:40:30.110 E/AuthZen ( 2623): 	at com.google.android.gms.auth.authzen.DefaultAuthzenGcmReceiverDelegateService.onHandleIntent(SourceFile:33)
03-10 22:40:30.110 E/AuthZen ( 2623): 	at android.app.IntentService$ServiceHandler.handleMessage(IntentService.java:65)
03-10 22:40:30.110 E/AuthZen ( 2623): 	at android.os.Handler.dispatchMessage(Handler.java:99)
03-10 22:40:30.110 E/AuthZen ( 2623): 	at android.os.Looper.loop(Looper.java:137)
03-10 22:40:30.110 E/AuthZen ( 2623): 	at android.os.HandlerThread.run(HandlerThread.java:60)
03-10 22:40:30.120 D/AlarmManager( 1340): overriden alarm callingpackages[0] com.google.android.syncadapters.contacts
03-10 22:40:30.720 W/GAV2    ( 2510): Thread[GAThread,5,main]: Service unavailable (code=1), will retry.
03-10 22:40:30.720 W/ActivityManager( 1340): Unable to start service Intent { act=com.google.android.gms.analytics.service.START cmp=com.google.android.gms/.analytics.service.AnalyticsService (has extras) }: not found
03-10 22:40:32.280 W/dalvikvm( 2609): threadid=5: spin on suspend #1 threadid=1 (pcf=0)
03-10 22:40:33.030 W/dalvikvm( 2609): threadid=5: spin on suspend #2 threadid=1 (pcf=0)
03-10 22:40:33.030 I/dalvikvm( 2609): "Compiler" daemon prio=5 tid=5 VMWAIT
03-10 22:40:33.030 I/dalvikvm( 2609):   | group="system" sCount=0 dsCount=0 obj=0x41f772d0 self=0x66c0f810
03-10 22:40:33.030 I/dalvikvm( 2609):   | sysTid=2616 nice=0 sched=0/0 cgrp=[fopen-error:2] handle=1689139184
03-10 22:40:33.030 I/dalvikvm( 2609):   | schedstat=( 0 0 0 ) utm=0 stm=0 core=2
03-10 22:40:33.040 I/dalvikvm( 2609):   #00  pc 00001260  /system/lib/libcorkscrew.so (unwind_backtrace_thread+27)
03-10 22:40:33.040 I/dalvikvm( 2609):   #01  pc 00060738  /system/lib/libdvm.so (dvmDumpNativeStack(DebugOutputTarget const*, int)+35)
03-10 22:40:33.040 I/dalvikvm( 2609):   #02  pc 000545e0  /system/lib/libdvm.so (dvmDumpThreadEx(DebugOutputTarget const*, Thread*, bool)+303)
03-10 22:40:33.040 I/dalvikvm( 2609):   #03  pc 0005467a  /system/lib/libdvm.so (dvmDumpThread(Thread*, bool)+25)
03-10 22:40:33.040 I/dalvikvm( 2609):   #04  pc 00054f20  /system/lib/libdvm.so
03-10 22:40:33.040 I/dalvikvm( 2609):   #05  pc 000550d6  /system/lib/libdvm.so (dvmSuspendAllThreads(SuspendCause)+165)
03-10 22:40:33.040 I/dalvikvm( 2609):   #06  pc 0007047c  /system/lib/libdvm.so
03-10 22:40:33.040 I/dalvikvm( 2609):   #07  pc 00054938  /system/lib/libdvm.so
03-10 22:40:33.040 I/dalvikvm( 2609):   #08  pc 00012c88  /system/lib/libc.so (__thread_entry+48)
03-10 22:40:33.040 I/dalvikvm( 2609):   #09  pc 000123c8  /system/lib/libc.so (pthread_create+172)
03-10 22:40:33.040 I/dalvikvm( 2609):   at dalvik.system.NativeStart.run(Native Method)
03-10 22:40:33.040 I/dalvikvm( 2609): 
03-10 22:40:33.040 I/dalvikvm( 2609): "main" prio=5 tid=1 RUNNABLE
03-10 22:40:33.040 I/dalvikvm( 2609):   | group="main" sCount=1 dsCount=0 obj=0x4195c568 self=0x4194ca20
03-10 22:40:33.040 I/dalvikvm( 2609):   | sysTid=2609 nice=0 sched=0/0 cgrp=[fopen-error:2] handle=1073931824
03-10 22:40:33.040 I/dalvikvm( 2609):   | schedstat=( 0 0 0 ) utm=14 stm=3 core=0
03-10 22:40:33.040 I/dalvikvm( 2609):   at java.lang.Class.newInstanceImpl(Native Method)
03-10 22:40:33.040 I/dalvikvm( 2609):   at java.lang.Class.newInstance(Class.java:1319)
03-10 22:40:33.040 I/dalvikvm( 2609):   at android.app.Instrumentation.newApplication(Instrumentation.java:982)
03-10 22:40:33.040 I/dalvikvm( 2609):   at android.app.Instrumentation.newApplication(Instrumentation.java:967)
03-10 22:40:33.040 I/dalvikvm( 2609):   at android.app.LoadedApk.makeApplication(LoadedApk.java:496)
03-10 22:40:33.040 I/dalvikvm( 2609):   at android.app.ActivityThread.handleBindApplication(ActivityThread.java:4124)
03-10 22:40:33.040 I/dalvikvm( 2609):   at android.app.ActivityThread.access$1300(ActivityThread.java:130)
03-10 22:40:33.040 I/dalvikvm( 2609):   at android.app.ActivityThread$H.handleMessage(ActivityThread.java:1255)
03-10 22:40:33.040 I/dalvikvm( 2609):   at android.os.Handler.dispatchMessage(Handler.java:99)
03-10 22:40:33.040 I/dalvikvm( 2609):   at android.os.Looper.loop(Looper.java:137)
03-10 22:40:33.040 I/dalvikvm( 2609):   at android.app.ActivityThread.main(ActivityThread.java:4746)
03-10 22:40:33.040 I/dalvikvm( 2609):   at java.lang.reflect.Method.invokeNative(Native Method)
03-10 22:40:33.040 I/dalvikvm( 2609):   at java.lang.reflect.Method.invoke(Method.java:511)
03-10 22:40:33.040 I/dalvikvm( 2609):   at com.android.internal.os.ZygoteInit$MethodAndArgsCaller.run(ZygoteInit.java:917)
03-10 22:40:33.040 I/dalvikvm( 2609):   at com.android.internal.os.ZygoteInit.main(ZygoteInit.java:684)
03-10 22:40:33.040 I/dalvikvm( 2609):   at dalvik.system.NativeStart.main(Native Method)
03-10 22:40:33.040 I/dalvikvm( 2609): 
03-10 22:40:33.220 D/dalvikvm( 2560): GC_CONCURRENT freed 257K, 8% free 6758K/7303K, paused 12ms+2ms, total 31ms
03-10 22:40:33.570 W/Service ( 1807): mClassName= com.google.android.gmstoInt= 400313326
03-10 22:40:33.790 W/dalvikvm( 2609): threadid=5: spin on suspend #3 threadid=1 (pcf=0)
03-10 22:40:33.790 I/dalvikvm( 2609): "Compiler" daemon prio=5 tid=5 VMWAIT
03-10 22:40:33.790 I/dalvikvm( 2609):   | group="system" sCount=0 dsCount=0 obj=0x41f772d0 self=0x66c0f810
03-10 22:40:33.790 I/dalvikvm( 2609):   | sysTid=2616 nice=0 sched=0/0 cgrp=[fopen-error:2] handle=1689139184
03-10 22:40:33.790 I/dalvikvm( 2609):   | schedstat=( 0 0 0 ) utm=0 stm=1 core=2
03-10 22:40:33.790 I/dalvikvm( 2609):   #00  pc 00001260  /system/lib/libcorkscrew.so (unwind_backtrace_thread+27)
03-10 22:40:33.790 I/dalvikvm( 2609):   #01  pc 00060738  /system/lib/libdvm.so (dvmDumpNativeStack(DebugOutputTarget const*, int)+35)
03-10 22:40:33.790 I/dalvikvm( 2609):   #02  pc 000545e0  /system/lib/libdvm.so (dvmDumpThreadEx(DebugOutputTarget const*, Thread*, bool)+303)
03-10 22:40:33.790 I/dalvikvm( 2609):   #03  pc 0005467a  /system/lib/libdvm.so (dvmDumpThread(Thread*, bool)+25)
03-10 22:40:33.790 I/dalvikvm( 2609):   #04  pc 00054f20  /system/lib/libdvm.so
03-10 22:40:33.790 I/dalvikvm( 2609):   #05  pc 000550d6  /system/lib/libdvm.so (dvmSuspendAllThreads(SuspendCause)+165)
03-10 22:40:33.790 I/dalvikvm( 2609):   #06  pc 0007047c  /system/lib/libdvm.so
03-10 22:40:33.790 I/dalvikvm( 2609):   #07  pc 00054938  /system/lib/libdvm.so
03-10 22:40:33.790 I/dalvikvm( 2609):   #08  pc 00012c88  /system/lib/libc.so (__thread_entry+48)
03-10 22:40:33.790 I/dalvikvm( 2609):   #09  pc 000123c8  /system/lib/libc.so (pthread_create+172)
03-10 22:40:33.790 I/dalvikvm( 2609):   at dalvik.system.NativeStart.run(Native Method)
03-10 22:40:33.790 I/dalvikvm( 2609): 
03-10 22:40:33.790 I/dalvikvm( 2609): "main" prio=5 tid=1 RUNNABLE
03-10 22:40:33.790 I/dalvikvm( 2609):   | group="main" sCount=1 dsCount=0 obj=0x4195c568 self=0x4194ca20
03-10 22:40:33.790 I/dalvikvm( 2609):   | sysTid=2609 nice=0 sched=0/0 cgrp=[fopen-error:2] handle=1073931824
03-10 22:40:33.790 I/dalvikvm( 2609):   | schedstat=( 0 0 0 ) utm=14 stm=3 core=0
03-10 22:40:33.790 I/dalvikvm( 2609):   at java.lang.Class.newInstanceImpl(Native Method)
03-10 22:40:33.790 I/dalvikvm( 2609):   at java.lang.Class.newInstance(Class.java:1319)
03-10 22:40:33.790 I/dalvikvm( 2609):   at android.app.Instrumentation.newApplication(Instrumentation.java:982)
03-10 22:40:33.790 I/dalvikvm( 2609):   at android.app.Instrumentation.newApplication(Instrumentation.java:967)
03-10 22:40:33.790 I/dalvikvm( 2609):   at android.app.LoadedApk.makeApplication(LoadedApk.java:496)
03-10 22:40:33.790 I/dalvikvm( 2609):   at android.app.ActivityThread.handleBindApplication(ActivityThread.java:4124)
03-10 22:40:33.790 I/dalvikvm( 2609):   at android.app.ActivityThread.access$1300(ActivityThread.java:130)
03-10 22:40:33.790 I/dalvikvm( 2609):   at android.app.ActivityThread$H.handleMessage(ActivityThread.java:1255)
03-10 22:40:33.790 I/dalvikvm( 2609):   at android.os.Handler.dispatchMessage(Handler.java:99)
03-10 22:40:33.790 I/dalvikvm( 2609):   at android.os.Looper.loop(Looper.java:137)
03-10 22:40:33.790 I/dalvikvm( 2609):   at android.app.ActivityThread.main(ActivityThread.java:4746)
03-10 22:40:33.790 I/dalvikvm( 2609):   at java.lang.reflect.Method.invokeNative(Native Method)
03-10 22:40:33.790 I/dalvikvm( 2609):   at java.lang.reflect.Method.invoke(Method.java:511)
03-10 22:40:33.790 I/dalvikvm( 2609):   at com.android.internal.os.ZygoteInit$MethodAndArgsCaller.run(ZygoteInit.java:917)
03-10 22:40:33.790 I/dalvikvm( 2609):   at com.android.internal.os.ZygoteInit.main(ZygoteInit.java:684)
03-10 22:40:33.790 I/dalvikvm( 2609):   at dalvik.system.NativeStart.main(Native Method)
03-10 22:40:33.790 I/dalvikvm( 2609): 
03-10 22:40:34.540 W/dalvikvm( 2609): threadid=5: spin on suspend #4 threadid=1 (pcf=0)
03-10 22:40:34.540 I/dalvikvm( 2609): "Compiler" daemon prio=5 tid=5 VMWAIT
03-10 22:40:34.540 I/dalvikvm( 2609):   | group="system" sCount=0 dsCount=0 obj=0x41f772d0 self=0x66c0f810
03-10 22:40:34.540 I/dalvikvm( 2609):   | sysTid=2616 nice=0 sched=0/0 cgrp=[fopen-error:2] handle=1689139184
03-10 22:40:34.540 I/dalvikvm( 2609):   | schedstat=( 0 0 0 ) utm=0 stm=1 core=2
03-10 22:40:34.550 I/dalvikvm( 2609):   #00  pc 00001260  /system/lib/libcorkscrew.so (unwind_backtrace_thread+27)
03-10 22:40:34.550 I/dalvikvm( 2609):   #01  pc 00060738  /system/lib/libdvm.so (dvmDumpNativeStack(DebugOutputTarget const*, int)+35)
03-10 22:40:34.550 I/dalvikvm( 2609):   #02  pc 000545e0  /system/lib/libdvm.so (dvmDumpThreadEx(DebugOutputTarget const*, Thread*, bool)+303)
03-10 22:40:34.550 I/dalvikvm( 2609):   #03  pc 0005467a  /system/lib/libdvm.so (dvmDumpThread(Thread*, bool)+25)
03-10 22:40:34.550 I/dalvikvm( 2609):   #04  pc 00054f20  /system/lib/libdvm.so
03-10 22:40:34.550 I/dalvikvm( 2609):   #05  pc 000550d6  /system/lib/libdvm.so (dvmSuspendAllThreads(SuspendCause)+165)
03-10 22:40:34.550 I/dalvikvm( 2609):   #06  pc 0007047c  /system/lib/libdvm.so
03-10 22:40:34.550 I/dalvikvm( 2609):   #07  pc 00054938  /system/lib/libdvm.so
03-10 22:40:34.550 I/dalvikvm( 2609):   #08  pc 00012c88  /system/lib/libc.so (__thread_entry+48)
03-10 22:40:34.550 I/dalvikvm( 2609):   #09  pc 000123c8  /system/lib/libc.so (pthread_create+172)
03-10 22:40:34.550 I/dalvikvm( 2609):   at dalvik.system.NativeStart.run(Native Method)
03-10 22:40:34.550 I/dalvikvm( 2609): 
03-10 22:40:34.550 I/dalvikvm( 2609): "main" prio=5 tid=1 RUNNABLE
03-10 22:40:34.550 I/dalvikvm( 2609):   | group="main" sCount=1 dsCount=0 obj=0x4195c568 self=0x4194ca20
03-10 22:40:34.550 I/dalvikvm( 2609):   | sysTid=2609 nice=0 sched=0/0 cgrp=[fopen-error:2] handle=1073931824
03-10 22:40:34.550 I/dalvikvm( 2609):   | schedstat=( 0 0 0 ) utm=14 stm=3 core=0
03-10 22:40:34.550 I/dalvikvm( 2609):   at java.lang.Class.newInstanceImpl(Native Method)
03-10 22:40:34.550 I/dalvikvm( 2609):   at java.lang.Class.newInstance(Class.java:1319)
03-10 22:40:34.550 I/dalvikvm( 2609):   at android.app.Instrumentation.newApplication(Instrumentation.java:982)
03-10 22:40:34.550 I/dalvikvm( 2609):   at android.app.Instrumentation.newApplication(Instrumentation.java:967)
03-10 22:40:34.550 I/dalvikvm( 2609):   at android.app.LoadedApk.makeApplication(LoadedApk.java:496)
03-10 22:40:34.550 I/dalvikvm( 2609):   at android.app.ActivityThread.handleBindApplication(ActivityThread.java:4124)
03-10 22:40:34.550 I/dalvikvm( 2609):   at android.app.ActivityThread.access$1300(ActivityThread.java:130)
03-10 22:40:34.550 I/dalvikvm( 2609):   at android.app.ActivityThread$H.handleMessage(ActivityThread.java:1255)
03-10 22:40:34.550 I/dalvikvm( 2609):   at android.os.Handler.dispatchMessage(Handler.java:99)
03-10 22:40:34.550 I/dalvikvm( 2609):   at android.os.Looper.loop(Looper.java:137)
03-10 22:40:34.550 I/dalvikvm( 2609):   at android.app.ActivityThread.main(ActivityThread.java:4746)
03-10 22:40:34.550 I/dalvikvm( 2609):   at java.lang.reflect.Method.invokeNative(Native Method)
03-10 22:40:34.550 I/dalvikvm( 2609):   at java.lang.reflect.Method.invoke(Method.java:511)
03-10 22:40:34.550 I/dalvikvm( 2609):   at com.android.internal.os.ZygoteInit$MethodAndArgsCaller.run(ZygoteInit.java:917)
03-10 22:40:34.550 I/dalvikvm( 2609):   at com.android.internal.os.ZygoteInit.main(ZygoteInit.java:684)
03-10 22:40:34.550 I/dalvikvm( 2609):   at dalvik.system.NativeStart.main(Native Method)
03-10 22:40:34.550 I/dalvikvm( 2609): 
