03-07 14:38:43.579 I/ActivityManager(  311): Displayed org.questionnaire/.SelectActivity: +3s61ms
03-07 14:38:43.988 I/Choreographer( 1688): Skipped 41 frames!  The application may be doing too much work on its main thread.
03-07 14:38:47.318 W/WindowManager(  311): Failure taking screenshot for (268x429) to layer 21015
03-07 14:38:47.729 E/SurfaceFlinger(   36): ro.sf.lcd_density must be defined as a build property
03-07 14:38:48.628 I/Choreographer( 1688): Skipped 87 frames!  The application may be doing too much work on its main thread.
03-07 14:38:52.308 D/InputEventConsistencyVerifier( 1688): KeyEvent: ACTION_UP but key was not down.
03-07 14:38:52.308 D/InputEventConsistencyVerifier( 1688):   in com.android.internal.policy.impl.PhoneWindow$DecorView{40ce9900 V.E..... R.....I. 0,0-1280,736}
03-07 14:38:52.308 D/InputEventConsistencyVerifier( 1688):   0: sent at 2135513000000, KeyEvent { action=ACTION_UP, keyCode=KEYCODE_SPACE, scanCode=57, metaState=0, flags=0x8, repeatCount=0, eventTime=2135513, downTime=2135394, deviceId=0, source=0x101 }
03-07 14:38:52.308 D/InputEventConsistencyVerifier( 1688):   -- recent events --
03-07 14:38:52.308 D/InputEventConsistencyVerifier( 1688):   1: sent at 2123548795000, MotionEvent { action=ACTION_UP, id[0]=0, x[0]=87.0, y[0]=159.0, toolType[0]=TOOL_TYPE_FINGER, buttonState=0, metaState=0, flags=0x0, edgeFlags=0x0, pointerCount=1, historySize=0, eventTime=2123548, downTime=2123428, deviceId=0, source=0x1002 }
03-07 14:38:52.308 D/InputEventConsistencyVerifier( 1688):   2: sent at 2123428444000, MotionEvent { action=ACTION_DOWN, id[0]=0, x[0]=87.0, y[0]=159.0, toolType[0]=TOOL_TYPE_FINGER, buttonState=0, metaState=0, flags=0x0, edgeFlags=0x0, pointerCount=1, historySize=0, eventTime=2123428, downTime=2123428, deviceId=0, source=0x1002 }
03-07 14:38:52.308 D/InputEventConsistencyVerifier( 1688):   3: sent at 2118678000000, (unhandled) KeyEvent { action=ACTION_UP, keyCode=KEYCODE_SPACE, scanCode=57, metaState=0, flags=0x8, repeatCount=0, eventTime=2118678, downTime=2118528, deviceId=0, source=0x101 }
03-07 14:38:52.308 D/InputEventConsistencyVerifier( 1688):   4: sent at 2118528000000, (unhandled) KeyEvent { action=ACTION_DOWN, keyCode=KEYCODE_SPACE, scanCode=57, metaState=0, flags=0x8, repeatCount=0, eventTime=2118528, downTime=2118528, deviceId=0, source=0x101 }
03-07 14:39:02.742 D/ExchangeService(  692): Received deviceId from Email app: null
03-07 14:39:02.742 D/ExchangeService(  692): !!! deviceId unknown; stopping self and retrying
03-07 14:39:07.779 D/ExchangeService(  692): !!! EAS ExchangeService, onCreate
03-07 14:39:07.789 D/ExchangeService(  692): !!! EAS ExchangeService, onStartCommand, startingUp = false, running = false
03-07 14:39:07.789 W/ActivityManager(  311): Unable to start service Intent { act=com.android.email.ACCOUNT_INTENT } U=0: not found
03-07 14:39:07.789 D/ExchangeService(  692): !!! Email application not found; stopping self
03-07 14:39:07.809 W/ActivityManager(  311): Unable to start service Intent { act=com.android.email.ACCOUNT_INTENT } U=0: not found
03-07 14:39:07.809 D/ExchangeService(  692): !!! EAS ExchangeService, onStartCommand, startingUp = true, running = false
03-07 14:39:07.839 E/ActivityThread(  692): Service com.android.exchange.ExchangeService has leaked ServiceConnection com.android.emailcommon.service.ServiceProxy$ProxyConnection@40cfcf60 that was originally bound here
03-07 14:39:07.839 E/ActivityThread(  692): android.app.ServiceConnectionLeaked: Service com.android.exchange.ExchangeService has leaked ServiceConnection com.android.emailcommon.service.ServiceProxy$ProxyConnection@40cfcf60 that was originally bound here
03-07 14:39:07.839 E/ActivityThread(  692): 	at android.app.LoadedApk$ServiceDispatcher.<init>(LoadedApk.java:969)
03-07 14:39:07.839 E/ActivityThread(  692): 	at android.app.LoadedApk.getServiceDispatcher(LoadedApk.java:863)
03-07 14:39:07.839 E/ActivityThread(  692): 	at android.app.ContextImpl.bindService(ContextImpl.java:1418)
03-07 14:39:07.839 E/ActivityThread(  692): 	at android.app.ContextImpl.bindService(ContextImpl.java:1407)
03-07 14:39:07.839 E/ActivityThread(  692): 	at android.content.ContextWrapper.bindService(ContextWrapper.java:473)
03-07 14:39:07.839 E/ActivityThread(  692): 	at com.android.emailcommon.service.ServiceProxy.setTask(ServiceProxy.java:157)
03-07 14:39:07.839 E/ActivityThread(  692): 	at com.android.emailcommon.service.ServiceProxy.setTask(ServiceProxy.java:145)
03-07 14:39:07.839 E/ActivityThread(  692): 	at com.android.emailcommon.service.ServiceProxy.test(ServiceProxy.java:191)
03-07 14:39:07.839 E/ActivityThread(  692): 	at com.android.exchange.ExchangeService$7.run(ExchangeService.java:1850)
03-07 14:39:07.839 E/ActivityThread(  692): 	at com.android.emailcommon.utility.Utility$2.doInBackground(Utility.java:551)
03-07 14:39:07.839 E/ActivityThread(  692): 	at com.android.emailcommon.utility.Utility$2.doInBackground(Utility.java:549)
03-07 14:39:07.839 E/ActivityThread(  692): 	at android.os.AsyncTask$2.call(AsyncTask.java:287)
03-07 14:39:07.839 E/ActivityThread(  692): 	at java.util.concurrent.FutureTask.run(FutureTask.java:234)
03-07 14:39:07.839 E/ActivityThread(  692): 	at java.util.concurrent.ThreadPoolExecutor.runWorker(ThreadPoolExecutor.java:1080)
03-07 14:39:07.839 E/ActivityThread(  692): 	at java.util.concurrent.ThreadPoolExecutor$Worker.run(ThreadPoolExecutor.java:573)
03-07 14:39:07.839 E/ActivityThread(  692): 	at java.lang.Thread.run(Thread.java:856)
03-07 14:39:07.849 E/StrictMode(  692): null
03-07 14:39:07.849 E/StrictMode(  692): android.app.ServiceConnectionLeaked: Service com.android.exchange.ExchangeService has leaked ServiceConnection com.android.emailcommon.service.ServiceProxy$ProxyConnection@40cfcf60 that was originally bound here
03-07 14:39:07.849 E/StrictMode(  692): 	at android.app.LoadedApk$ServiceDispatcher.<init>(LoadedApk.java:969)
03-07 14:39:07.849 E/StrictMode(  692): 	at android.app.LoadedApk.getServiceDispatcher(LoadedApk.java:863)
03-07 14:39:07.849 E/StrictMode(  692): 	at android.app.ContextImpl.bindService(ContextImpl.java:1418)
03-07 14:39:07.849 E/StrictMode(  692): 	at android.app.ContextImpl.bindService(ContextImpl.java:1407)
03-07 14:39:07.849 E/StrictMode(  692): 	at android.content.ContextWrapper.bindService(ContextWrapper.java:473)
03-07 14:39:07.849 E/StrictMode(  692): 	at com.android.emailcommon.service.ServiceProxy.setTask(ServiceProxy.java:157)
03-07 14:39:07.849 E/StrictMode(  692): 	at com.android.emailcommon.service.ServiceProxy.setTask(ServiceProxy.java:145)
03-07 14:39:07.849 E/StrictMode(  692): 	at com.android.emailcommon.service.ServiceProxy.test(ServiceProxy.java:191)
03-07 14:39:07.849 E/StrictMode(  692): 	at com.android.exchange.ExchangeService$7.run(ExchangeService.java:1850)
03-07 14:39:07.849 E/StrictMode(  692): 	at com.android.emailcommon.utility.Utility$2.doInBackground(Utility.java:551)
03-07 14:39:07.849 E/StrictMode(  692): 	at com.android.emailcommon.utility.Utility$2.doInBackground(Utility.java:549)
03-07 14:39:07.849 E/StrictMode(  692): 	at android.os.AsyncTask$2.call(AsyncTask.java:287)
03-07 14:39:07.849 E/StrictMode(  692): 	at java.util.concurrent.FutureTask.run(FutureTask.java:234)
03-07 14:39:07.849 E/StrictMode(  692): 	at java.util.concurrent.ThreadPoolExecutor.runWorker(ThreadPoolExecutor.java:1080)
03-07 14:39:07.849 E/StrictMode(  692): 	at java.util.concurrent.ThreadPoolExecutor$Worker.run(ThreadPoolExecutor.java:573)
03-07 14:39:07.849 E/StrictMode(  692): 	at java.lang.Thread.run(Thread.java:856)
03-07 14:39:07.849 W/ActivityManager(  311): Unbind failed: could not find connection for android.os.BinderProxy@416cd9d0
03-07 14:39:07.859 E/ActivityThread(  692): Service com.android.exchange.ExchangeService has leaked ServiceConnection com.android.emailcommon.service.ServiceProxy$ProxyConnection@40cdcf58 that was originally bound here
03-07 14:39:07.859 E/ActivityThread(  692): android.app.ServiceConnectionLeaked: Service com.android.exchange.ExchangeService has leaked ServiceConnection com.android.emailcommon.service.ServiceProxy$ProxyConnection@40cdcf58 that was originally bound here
03-07 14:39:07.859 E/ActivityThread(  692): 	at android.app.LoadedApk$ServiceDispatcher.<init>(LoadedApk.java:969)
03-07 14:39:07.859 E/ActivityThread(  692): 	at android.app.LoadedApk.getServiceDispatcher(LoadedApk.java:863)
03-07 14:39:07.859 E/ActivityThread(  692): 	at android.app.ContextImpl.bindService(ContextImpl.java:1418)
03-07 14:39:07.859 E/ActivityThread(  692): 	at android.app.ContextImpl.bindService(ContextImpl.java:1407)
03-07 14:39:07.859 E/ActivityThread(  692): 	at android.content.ContextWrapper.bindService(ContextWrapper.java:473)
03-07 14:39:07.859 E/ActivityThread(  692): 	at com.android.emailcommon.service.ServiceProxy.setTask(ServiceProxy.java:157)
03-07 14:39:07.859 E/ActivityThread(  692): 	at com.android.emailcommon.service.ServiceProxy.setTask(ServiceProxy.java:145)
03-07 14:39:07.859 E/ActivityThread(  692): 	at com.android.emailcommon.service.AccountServiceProxy.getDeviceId(AccountServiceProxy.java:116)
03-07 14:39:07.859 E/ActivityThread(  692): 	at com.android.exchange.ExchangeService.getDeviceId(ExchangeService.java:1249)
03-07 14:39:07.859 E/ActivityThread(  692): 	at com.android.exchange.ExchangeService$7.run(ExchangeService.java:1856)
03-07 14:39:07.859 E/ActivityThread(  692): 	at com.android.emailcommon.utility.Utility$2.doInBackground(Utility.java:551)
03-07 14:39:07.859 E/ActivityThread(  692): 	at com.android.emailcommon.utility.Utility$2.doInBackground(Utility.java:549)
03-07 14:39:07.859 E/ActivityThread(  692): 	at android.os.AsyncTask$2.call(AsyncTask.java:287)
03-07 14:39:07.859 E/ActivityThread(  692): 	at java.util.concurrent.FutureTask.run(FutureTask.java:234)
03-07 14:39:07.859 E/ActivityThread(  692): 	at java.util.concurrent.ThreadPoolExecutor.runWorker(ThreadPoolExecutor.java:1080)
03-07 14:39:07.859 E/ActivityThread(  692): 	at java.util.concurrent.ThreadPoolExecutor$Worker.run(ThreadPoolExecutor.java:573)
03-07 14:39:07.859 E/ActivityThread(  692): 	at java.lang.Thread.run(Thread.java:856)
03-07 14:39:07.879 E/StrictMode(  692): null
03-07 14:39:07.879 E/StrictMode(  692): android.app.ServiceConnectionLeaked: Service com.android.exchange.ExchangeService has leaked ServiceConnection com.android.emailcommon.service.ServiceProxy$ProxyConnection@40cdcf58 that was originally bound here
03-07 14:39:07.879 E/StrictMode(  692): 	at android.app.LoadedApk$ServiceDispatcher.<init>(LoadedApk.java:969)
03-07 14:39:07.879 E/StrictMode(  692): 	at android.app.LoadedApk.getServiceDispatcher(LoadedApk.java:863)
03-07 14:39:07.879 E/StrictMode(  692): 	at android.app.ContextImpl.bindService(ContextImpl.java:1418)
03-07 14:39:07.879 E/StrictMode(  692): 	at android.app.ContextImpl.bindService(ContextImpl.java:1407)
03-07 14:39:07.879 E/StrictMode(  692): 	at android.content.ContextWrapper.bindService(ContextWrapper.java:473)
03-07 14:39:07.879 E/StrictMode(  692): 	at com.android.emailcommon.service.ServiceProxy.setTask(ServiceProxy.java:157)
03-07 14:39:07.879 E/StrictMode(  692): 	at com.android.emailcommon.service.ServiceProxy.setTask(ServiceProxy.java:145)
03-07 14:39:07.879 E/StrictMode(  692): 	at com.android.emailcommon.service.AccountServiceProxy.getDeviceId(AccountServiceProxy.java:116)
03-07 14:39:07.879 E/StrictMode(  692): 	at com.android.exchange.ExchangeService.getDeviceId(ExchangeService.java:1249)
03-07 14:39:07.879 E/StrictMode(  692): 	at com.android.exchange.ExchangeService$7.run(ExchangeService.java:1856)
03-07 14:39:07.879 E/StrictMode(  692): 	at com.android.emailcommon.utility.Utility$2.doInBackground(Utility.java:551)
03-07 14:39:07.879 E/StrictMode(  692): 	at com.android.emailcommon.utility.Utility$2.doInBackground(Utility.java:549)
03-07 14:39:07.879 E/StrictMode(  692): 	at android.os.AsyncTask$2.call(AsyncTask.java:287)
03-07 14:39:07.879 E/StrictMode(  692): 	at java.util.concurrent.FutureTask.run(FutureTask.java:234)
03-07 14:39:07.879 E/StrictMode(  692): 	at java.util.concurrent.ThreadPoolExecutor.runWorker(ThreadPoolExecutor.java:1080)
03-07 14:39:07.879 E/StrictMode(  692): 	at java.util.concurrent.ThreadPoolExecutor$Worker.run(ThreadPoolExecutor.java:573)
03-07 14:39:07.879 E/StrictMode(  692): 	at java.lang.Thread.run(Thread.java:856)
03-07 14:39:07.889 W/ActivityManager(  311): Unbind failed: could not find connection for android.os.BinderProxy@4103e1a0
03-07 14:39:52.815 D/ExchangeService(  692): Received deviceId from Email app: null
03-07 14:39:52.815 D/ExchangeService(  692): !!! deviceId unknown; stopping self and retrying
03-07 14:39:57.840 D/ExchangeService(  692): !!! EAS ExchangeService, onStartCommand, startingUp = false, running = false
03-07 14:39:57.848 W/ActivityManager(  311): Unable to start service Intent { act=com.android.email.ACCOUNT_INTENT } U=0: not found
03-07 14:39:57.858 D/ExchangeService(  692): !!! Email application not found; stopping self
03-07 14:39:57.878 W/ActivityManager(  311): Unable to start service Intent { act=com.android.email.ACCOUNT_INTENT } U=0: not found
03-07 14:39:57.888 E/ActivityThread(  692): Service com.android.exchange.ExchangeService has leaked ServiceConnection com.android.emailcommon.service.ServiceProxy$ProxyConnection@40ce90d8 that was originally bound here
03-07 14:39:57.888 E/ActivityThread(  692): android.app.ServiceConnectionLeaked: Service com.android.exchange.ExchangeService has leaked ServiceConnection com.android.emailcommon.service.ServiceProxy$ProxyConnection@40ce90d8 that was originally bound here
03-07 14:39:57.888 E/ActivityThread(  692): 	at android.app.LoadedApk$ServiceDispatcher.<init>(LoadedApk.java:969)
03-07 14:39:57.888 E/ActivityThread(  692): 	at android.app.LoadedApk.getServiceDispatcher(LoadedApk.java:863)
03-07 14:39:57.888 E/ActivityThread(  692): 	at android.app.ContextImpl.bindService(ContextImpl.java:1418)
03-07 14:39:57.888 E/ActivityThread(  692): 	at android.app.ContextImpl.bindService(ContextImpl.java:1407)
03-07 14:39:57.888 E/ActivityThread(  692): 	at android.content.ContextWrapper.bindService(ContextWrapper.java:473)
03-07 14:39:57.888 E/ActivityThread(  692): 	at com.android.emailcommon.service.ServiceProxy.setTask(ServiceProxy.java:157)
03-07 14:39:57.888 E/ActivityThread(  692): 	at com.android.emailcommon.service.ServiceProxy.setTask(ServiceProxy.java:145)
03-07 14:39:57.888 E/ActivityThread(  692): 	at com.android.emailcommon.service.AccountServiceProxy.getDeviceId(AccountServiceProxy.java:116)
03-07 14:39:57.888 E/ActivityThread(  692): 	at com.android.exchange.ExchangeService.getDeviceId(ExchangeService.java:1249)
03-07 14:39:57.888 E/ActivityThread(  692): 	at com.android.exchange.ExchangeService$7.run(ExchangeService.java:1856)
03-07 14:39:57.888 E/ActivityThread(  692): 	at com.android.emailcommon.utility.Utility$2.doInBackground(Utility.java:551)
03-07 14:39:57.888 E/ActivityThread(  692): 	at com.android.emailcommon.utility.Utility$2.doInBackground(Utility.java:549)
03-07 14:39:57.888 E/ActivityThread(  692): 	at android.os.AsyncTask$2.call(AsyncTask.java:287)
03-07 14:39:57.888 E/ActivityThread(  692): 	at java.util.concurrent.FutureTask.run(FutureTask.java:234)
03-07 14:39:57.888 E/ActivityThread(  692): 	at java.util.concurrent.ThreadPoolExecutor.runWorker(ThreadPoolExecutor.java:1080)
03-07 14:39:57.888 E/ActivityThread(  692): 	at java.util.concurrent.ThreadPoolExecutor$Worker.run(ThreadPoolExecutor.java:573)
03-07 14:39:57.888 E/ActivityThread(  692): 	at java.lang.Thread.run(Thread.java:856)
03-07 14:39:57.908 E/StrictMode(  692): null
03-07 14:39:57.908 E/StrictMode(  692): android.app.ServiceConnectionLeaked: Service com.android.exchange.ExchangeService has leaked ServiceConnection com.android.emailcommon.service.ServiceProxy$ProxyConnection@40ce90d8 that was originally bound here
03-07 14:39:57.908 E/StrictMode(  692): 	at android.app.LoadedApk$ServiceDispatcher.<init>(LoadedApk.java:969)
03-07 14:39:57.908 E/StrictMode(  692): 	at android.app.LoadedApk.getServiceDispatcher(LoadedApk.java:863)
03-07 14:39:57.908 E/StrictMode(  692): 	at android.app.ContextImpl.bindService(ContextImpl.java:1418)
03-07 14:39:57.908 E/StrictMode(  692): 	at android.app.ContextImpl.bindService(ContextImpl.java:1407)
03-07 14:39:57.908 E/StrictMode(  692): 	at android.content.ContextWrapper.bindService(ContextWrapper.java:473)
03-07 14:39:57.908 E/StrictMode(  692): 	at com.android.emailcommon.service.ServiceProxy.setTask(ServiceProxy.java:157)
03-07 14:39:57.908 E/StrictMode(  692): 	at com.android.emailcommon.service.ServiceProxy.setTask(ServiceProxy.java:145)
03-07 14:39:57.908 E/StrictMode(  692): 	at com.android.emailcommon.service.AccountServiceProxy.getDeviceId(AccountServiceProxy.java:116)
03-07 14:39:57.908 E/StrictMode(  692): 	at com.android.exchange.ExchangeService.getDeviceId(ExchangeService.java:1249)
03-07 14:39:57.908 E/StrictMode(  692): 	at com.android.exchange.ExchangeService$7.run(ExchangeService.java:1856)
03-07 14:39:57.908 E/StrictMode(  692): 	at com.android.emailcommon.utility.Utility$2.doInBackground(Utility.java:551)
03-07 14:39:57.908 E/StrictMode(  692): 	at com.android.emailcommon.utility.Utility$2.doInBackground(Utility.java:549)
03-07 14:39:57.908 E/StrictMode(  692): 	at android.os.AsyncTask$2.call(AsyncTask.java:287)
03-07 14:39:57.908 E/StrictMode(  692): 	at java.util.concurrent.FutureTask.run(FutureTask.java:234)
03-07 14:39:57.908 E/StrictMode(  692): 	at java.util.concurrent.ThreadPoolExecutor.runWorker(ThreadPoolExecutor.java:1080)
03-07 14:39:57.908 E/StrictMode(  692): 	at java.util.concurrent.ThreadPoolExecutor$Worker.run(ThreadPoolExecutor.java:573)
03-07 14:39:57.908 E/StrictMode(  692): 	at java.lang.Thread.run(Thread.java:856)
03-07 14:39:57.918 W/ActivityManager(  311): Unbind failed: could not find connection for android.os.BinderProxy@412ba8c0
03-07 14:39:57.930 E/ActivityThread(  692): Service com.android.exchange.ExchangeService has leaked ServiceConnection com.android.emailcommon.service.ServiceProxy$ProxyConnection@40ce5b78 that was originally bound here
03-07 14:39:57.930 E/ActivityThread(  692): android.app.ServiceConnectionLeaked: Service com.android.exchange.ExchangeService has leaked ServiceConnection com.android.emailcommon.service.ServiceProxy$ProxyConnection@40ce5b78 that was originally bound here
03-07 14:39:57.930 E/ActivityThread(  692): 	at android.app.LoadedApk$ServiceDispatcher.<init>(LoadedApk.java:969)
03-07 14:39:57.930 E/ActivityThread(  692): 	at android.app.LoadedApk.getServiceDispatcher(LoadedApk.java:863)
03-07 14:39:57.930 E/ActivityThread(  692): 	at android.app.ContextImpl.bindService(ContextImpl.java:1418)
03-07 14:39:57.930 E/ActivityThread(  692): 	at android.app.ContextImpl.bindService(ContextImpl.java:1407)
03-07 14:39:57.930 E/ActivityThread(  692): 	at android.content.ContextWrapper.bindService(ContextWrapper.java:473)
03-07 14:39:57.930 E/ActivityThread(  692): 	at com.android.emailcommon.service.ServiceProxy.setTask(ServiceProxy.java:157)
03-07 14:39:57.930 E/ActivityThread(  692): 	at com.android.emailcommon.service.ServiceProxy.setTask(ServiceProxy.java:145)
03-07 14:39:57.930 E/ActivityThread(  692): 	at com.android.emailcommon.service.ServiceProxy.test(ServiceProxy.java:191)
03-07 14:39:57.930 E/ActivityThread(  692): 	at com.android.exchange.ExchangeService$7.run(ExchangeService.java:1850)
03-07 14:39:57.930 E/ActivityThread(  692): 	at com.android.emailcommon.utility.Utility$2.doInBackground(Utility.java:551)
03-07 14:39:57.930 E/ActivityThread(  692): 	at com.android.emailcommon.utility.Utility$2.doInBackground(Utility.java:549)
03-07 14:39:57.930 E/ActivityThread(  692): 	at android.os.AsyncTask$2.call(AsyncTask.java:287)
03-07 14:39:57.930 E/ActivityThread(  692): 	at java.util.concurrent.FutureTask.run(FutureTask.java:234)
03-07 14:39:57.930 E/ActivityThread(  692): 	at java.util.concurrent.ThreadPoolExecutor.runWorker(ThreadPoolExecutor.java:1080)
03-07 14:39:57.930 E/ActivityThread(  692): 	at java.util.concurrent.ThreadPoolExecutor$Worker.run(ThreadPoolExecutor.java:573)
03-07 14:39:57.930 E/ActivityThread(  692): 	at java.lang.Thread.run(Thread.java:856)
03-07 14:39:57.948 E/StrictMode(  692): null
03-07 14:39:57.948 E/StrictMode(  692): android.app.ServiceConnectionLeaked: Service com.android.exchange.ExchangeService has leaked ServiceConnection com.android.emailcommon.service.ServiceProxy$ProxyConnection@40ce5b78 that was originally bound here
03-07 14:39:57.948 E/StrictMode(  692): 	at android.app.LoadedApk$ServiceDispatcher.<init>(LoadedApk.java:969)
03-07 14:39:57.948 E/StrictMode(  692): 	at android.app.LoadedApk.getServiceDispatcher(LoadedApk.java:863)
03-07 14:39:57.948 E/StrictMode(  692): 	at android.app.ContextImpl.bindService(ContextImpl.java:1418)
03-07 14:39:57.948 E/StrictMode(  692): 	at android.app.ContextImpl.bindService(ContextImpl.java:1407)
03-07 14:39:57.948 E/StrictMode(  692): 	at android.content.ContextWrapper.bindService(ContextWrapper.java:473)
03-07 14:39:57.948 E/StrictMode(  692): 	at com.android.emailcommon.service.ServiceProxy.setTask(ServiceProxy.java:157)
03-07 14:39:57.948 E/StrictMode(  692): 	at com.android.emailcommon.service.ServiceProxy.setTask(ServiceProxy.java:145)
03-07 14:39:57.948 E/StrictMode(  692): 	at com.android.emailcommon.service.ServiceProxy.test(ServiceProxy.java:191)
03-07 14:39:57.948 E/StrictMode(  692): 	at com.android.exchange.ExchangeService$7.run(ExchangeService.java:1850)
03-07 14:39:57.948 E/StrictMode(  692): 	at com.android.emailcommon.utility.Utility$2.doInBackground(Utility.java:551)
03-07 14:39:57.948 E/StrictMode(  692): 	at com.android.emailcommon.utility.Utility$2.doInBackground(Utility.java:549)
03-07 14:39:57.948 E/StrictMode(  692): 	at android.os.AsyncTask$2.call(AsyncTask.java:287)
03-07 14:39:57.948 E/StrictMode(  692): 	at java.util.concurrent.FutureTask.run(FutureTask.java:234)
03-07 14:39:57.948 E/StrictMode(  692): 	at java.util.concurrent.ThreadPoolExecutor.runWorker(ThreadPoolExecutor.java:1080)
03-07 14:39:57.948 E/StrictMode(  692): 	at java.util.concurrent.ThreadPoolExecutor$Worker.run(ThreadPoolExecutor.java:573)
03-07 14:39:57.948 E/StrictMode(  692): 	at java.lang.Thread.run(Thread.java:856)
03-07 14:39:57.948 W/ActivityManager(  311): Unbind failed: could not find connection for android.os.BinderProxy@412b9f60
03-07 14:40:42.885 D/ExchangeService(  692): Received deviceId from Email app: null
03-07 14:40:42.885 D/ExchangeService(  692): !!! deviceId unknown; stopping self and retrying
03-07 14:40:47.908 D/ExchangeService(  692): !!! EAS ExchangeService, onCreate
03-07 14:40:47.918 D/ExchangeService(  692): !!! EAS ExchangeService, onStartCommand, startingUp = false, running = false
03-07 14:40:47.918 W/ActivityManager(  311): Unable to start service Intent { act=com.android.email.ACCOUNT_INTENT } U=0: not found
03-07 14:40:47.928 D/ExchangeService(  692): !!! Email application not found; stopping self
03-07 14:40:47.938 W/ActivityManager(  311): Unable to start service Intent { act=com.android.email.ACCOUNT_INTENT } U=0: not found
03-07 14:40:47.938 D/ExchangeService(  692): !!! EAS ExchangeService, onStartCommand, startingUp = true, running = false
03-07 14:40:47.958 E/ActivityThread(  692): Service com.android.exchange.ExchangeService has leaked ServiceConnection com.android.emailcommon.service.ServiceProxy$ProxyConnection@40d43d20 that was originally bound here
03-07 14:40:47.958 E/ActivityThread(  692): android.app.ServiceConnectionLeaked: Service com.android.exchange.ExchangeService has leaked ServiceConnection com.android.emailcommon.service.ServiceProxy$ProxyConnection@40d43d20 that was originally bound here
03-07 14:40:47.958 E/ActivityThread(  692): 	at android.app.LoadedApk$ServiceDispatcher.<init>(LoadedApk.java:969)
03-07 14:40:47.958 E/ActivityThread(  692): 	at android.app.LoadedApk.getServiceDispatcher(LoadedApk.java:863)
03-07 14:40:47.958 E/ActivityThread(  692): 	at android.app.ContextImpl.bindService(ContextImpl.java:1418)
03-07 14:40:47.958 E/ActivityThread(  692): 	at android.app.ContextImpl.bindService(ContextImpl.java:1407)
03-07 14:40:47.958 E/ActivityThread(  692): 	at android.content.ContextWrapper.bindService(ContextWrapper.java:473)
03-07 14:40:47.958 E/ActivityThread(  692): 	at com.android.emailcommon.service.ServiceProxy.setTask(ServiceProxy.java:157)
03-07 14:40:47.958 E/ActivityThread(  692): 	at com.android.emailcommon.service.ServiceProxy.setTask(ServiceProxy.java:145)
03-07 14:40:47.958 E/ActivityThread(  692): 	at com.android.emailcommon.service.ServiceProxy.test(ServiceProxy.java:191)
03-07 14:40:47.958 E/ActivityThread(  692): 	at com.android.exchange.ExchangeService$7.run(ExchangeService.java:1850)
03-07 14:40:47.958 E/ActivityThread(  692): 	at com.android.emailcommon.utility.Utility$2.doInBackground(Utility.java:551)
03-07 14:40:47.958 E/ActivityThread(  692): 	at com.android.emailcommon.utility.Utility$2.doInBackground(Utility.java:549)
03-07 14:40:47.958 E/ActivityThread(  692): 	at android.os.AsyncTask$2.call(AsyncTask.java:287)
03-07 14:40:47.958 E/ActivityThread(  692): 	at java.util.concurrent.FutureTask.run(FutureTask.java:234)
03-07 14:40:47.958 E/ActivityThread(  692): 	at java.util.concurrent.ThreadPoolExecutor.runWorker(ThreadPoolExecutor.java:1080)
03-07 14:40:47.958 E/ActivityThread(  692): 	at java.util.concurrent.ThreadPoolExecutor$Worker.run(ThreadPoolExecutor.java:573)
03-07 14:40:47.958 E/ActivityThread(  692): 	at java.lang.Thread.run(Thread.java:856)
03-07 14:40:47.998 E/StrictMode(  692): null
03-07 14:40:47.998 E/StrictMode(  692): android.app.ServiceConnectionLeaked: Service com.android.exchange.ExchangeService has leaked ServiceConnection com.android.emailcommon.service.ServiceProxy$ProxyConnection@40d43d20 that was originally bound here
03-07 14:40:47.998 E/StrictMode(  692): 	at android.app.LoadedApk$ServiceDispatcher.<init>(LoadedApk.java:969)
03-07 14:40:47.998 E/StrictMode(  692): 	at android.app.LoadedApk.getServiceDispatcher(LoadedApk.java:863)
03-07 14:40:47.998 E/StrictMode(  692): 	at android.app.ContextImpl.bindService(ContextImpl.java:1418)
03-07 14:40:47.998 E/StrictMode(  692): 	at android.app.ContextImpl.bindService(ContextImpl.java:1407)
03-07 14:40:47.998 E/StrictMode(  692): 	at android.content.ContextWrapper.bindService(ContextWrapper.java:473)
03-07 14:40:47.998 E/StrictMode(  692): 	at com.android.emailcommon.service.ServiceProxy.setTask(ServiceProxy.java:157)
03-07 14:40:47.998 E/StrictMode(  692): 	at com.android.emailcommon.service.ServiceProxy.setTask(ServiceProxy.java:145)
03-07 14:40:47.998 E/StrictMode(  692): 	at com.android.emailcommon.service.ServiceProxy.test(ServiceProxy.java:191)
03-07 14:40:47.998 E/StrictMode(  692): 	at com.android.exchange.ExchangeService$7.run(ExchangeService.java:1850)
03-07 14:40:47.998 E/StrictMode(  692): 	at com.android.emailcommon.utility.Utility$2.doInBackground(Utility.java:551)
03-07 14:40:47.998 E/StrictMode(  692): 	at com.android.emailcommon.utility.Utility$2.doInBackground(Utility.java:549)
03-07 14:40:47.998 E/StrictMode(  692): 	at android.os.AsyncTask$2.call(AsyncTask.java:287)
03-07 14:40:47.998 E/StrictMode(  692): 	at java.util.concurrent.FutureTask.run(FutureTask.java:234)
03-07 14:40:47.998 E/StrictMode(  692): 	at java.util.concurrent.ThreadPoolExecutor.runWorker(ThreadPoolExecutor.java:1080)
03-07 14:40:47.998 E/StrictMode(  692): 	at java.util.concurrent.ThreadPoolExecutor$Worker.run(ThreadPoolExecutor.java:573)
03-07 14:40:47.998 E/StrictMode(  692): 	at java.lang.Thread.run(Thread.java:856)
03-07 14:40:47.998 W/ActivityManager(  311): Unbind failed: could not find connection for android.os.BinderProxy@41597280
03-07 14:40:48.030 E/ActivityThread(  692): Service com.android.exchange.ExchangeService has leaked ServiceConnection com.android.emailcommon.service.ServiceProxy$ProxyConnection@40d440c8 that was originally bound here
03-07 14:40:48.030 E/ActivityThread(  692): android.app.ServiceConnectionLeaked: Service com.android.exchange.ExchangeService has leaked ServiceConnection com.android.emailcommon.service.ServiceProxy$ProxyConnection@40d440c8 that was originally bound here
03-07 14:40:48.030 E/ActivityThread(  692): 	at android.app.LoadedApk$ServiceDispatcher.<init>(LoadedApk.java:969)
03-07 14:40:48.030 E/ActivityThread(  692): 	at android.app.LoadedApk.getServiceDispatcher(LoadedApk.java:863)
03-07 14:40:48.030 E/ActivityThread(  692): 	at android.app.ContextImpl.bindService(ContextImpl.java:1418)
03-07 14:40:48.030 E/ActivityThread(  692): 	at android.app.ContextImpl.bindService(ContextImpl.java:1407)
03-07 14:40:48.030 E/ActivityThread(  692): 	at android.content.ContextWrapper.bindService(ContextWrapper.java:473)
03-07 14:40:48.030 E/ActivityThread(  692): 	at com.android.emailcommon.service.ServiceProxy.setTask(ServiceProxy.java:157)
03-07 14:40:48.030 E/ActivityThread(  692): 	at com.android.emailcommon.service.ServiceProxy.setTask(ServiceProxy.java:145)
03-07 14:40:48.030 E/ActivityThread(  692): 	at com.android.emailcommon.service.AccountServiceProxy.getDeviceId(AccountServiceProxy.java:116)
03-07 14:40:48.030 E/ActivityThread(  692): 	at com.android.exchange.ExchangeService.getDeviceId(ExchangeService.java:1249)
03-07 14:40:48.030 E/ActivityThread(  692): 	at com.android.exchange.ExchangeService$7.run(ExchangeService.java:1856)
03-07 14:40:48.030 E/ActivityThread(  692): 	at com.android.emailcommon.utility.Utility$2.doInBackground(Utility.java:551)
03-07 14:40:48.030 E/ActivityThread(  692): 	at com.android.emailcommon.utility.Utility$2.doInBackground(Utility.java:549)
03-07 14:40:48.030 E/ActivityThread(  692): 	at android.os.AsyncTask$2.call(AsyncTask.java:287)
03-07 14:40:48.030 E/ActivityThread(  692): 	at java.util.concurrent.FutureTask.run(FutureTask.java:234)
03-07 14:40:48.030 E/ActivityThread(  692): 	at java.util.concurrent.ThreadPoolExecutor.runWorker(ThreadPoolExecutor.java:1080)
03-07 14:40:48.030 E/ActivityThread(  692): 	at java.util.concurrent.ThreadPoolExecutor$Worker.run(ThreadPoolExecutor.java:573)
03-07 14:40:48.030 E/ActivityThread(  692): 	at java.lang.Thread.run(Thread.java:856)
03-07 14:40:48.049 E/StrictMode(  692): null
03-07 14:40:48.049 E/StrictMode(  692): android.app.ServiceConnectionLeaked: Service com.android.exchange.ExchangeService has leaked ServiceConnection com.android.emailcommon.service.ServiceProxy$ProxyConnection@40d440c8 that was originally bound here
03-07 14:40:48.049 E/StrictMode(  692): 	at android.app.LoadedApk$ServiceDispatcher.<init>(LoadedApk.java:969)
03-07 14:40:48.049 E/StrictMode(  692): 	at android.app.LoadedApk.getServiceDispatcher(LoadedApk.java:863)
03-07 14:40:48.049 E/StrictMode(  692): 	at android.app.ContextImpl.bindService(ContextImpl.java:1418)
03-07 14:40:48.049 E/StrictMode(  692): 	at android.app.ContextImpl.bindService(ContextImpl.java:1407)
03-07 14:40:48.049 E/StrictMode(  692): 	at android.content.ContextWrapper.bindService(ContextWrapper.java:473)
03-07 14:40:48.049 E/StrictMode(  692): 	at com.android.emailcommon.service.ServiceProxy.setTask(ServiceProxy.java:157)
03-07 14:40:48.049 E/StrictMode(  692): 	at com.android.emailcommon.service.ServiceProxy.setTask(ServiceProxy.java:145)
03-07 14:40:48.049 E/StrictMode(  692): 	at com.android.emailcommon.service.AccountServiceProxy.getDeviceId(AccountServiceProxy.java:116)
03-07 14:40:48.049 E/StrictMode(  692): 	at com.android.exchange.ExchangeService.getDeviceId(ExchangeService.java:1249)
03-07 14:40:48.049 E/StrictMode(  692): 	at com.android.exchange.ExchangeService$7.run(ExchangeService.java:1856)
03-07 14:40:48.049 E/StrictMode(  692): 	at com.android.emailcommon.utility.Utility$2.doInBackground(Utility.java:551)
03-07 14:40:48.049 E/StrictMode(  692): 	at com.android.emailcommon.utility.Utility$2.doInBackground(Utility.java:549)
03-07 14:40:48.049 E/StrictMode(  692): 	at android.os.AsyncTask$2.call(AsyncTask.java:287)
03-07 14:40:48.049 E/StrictMode(  692): 	at java.util.concurrent.FutureTask.run(FutureTask.java:234)
03-07 14:40:48.049 E/StrictMode(  692): 	at java.util.concurrent.ThreadPoolExecutor.runWorker(ThreadPoolExecutor.java:1080)
03-07 14:40:48.049 E/StrictMode(  692): 	at java.util.concurrent.ThreadPoolExecutor$Worker.run(ThreadPoolExecutor.java:573)
03-07 14:40:48.049 E/StrictMode(  692): 	at java.lang.Thread.run(Thread.java:856)
03-07 14:40:48.059 W/ActivityManager(  311): Unbind failed: could not find connection for android.os.BinderProxy@415979e0
03-07 14:40:48.079 D/dalvikvm(  692): GC_CONCURRENT freed 461K, 21% free 2467K/3104K, paused 6ms+18ms, total 103ms
03-07 14:41:32.960 D/ExchangeService(  692): Received deviceId from Email app: null
03-07 14:41:32.960 D/ExchangeService(  692): !!! deviceId unknown; stopping self and retrying
03-07 14:41:37.999 D/ExchangeService(  692): !!! EAS ExchangeService, onStartCommand, startingUp = false, running = false
03-07 14:41:38.028 W/ActivityManager(  311): Unable to start service Intent { act=com.android.email.ACCOUNT_INTENT } U=0: not found
03-07 14:41:38.109 D/ExchangeService(  692): !!! Email application not found; stopping self
03-07 14:41:38.148 D/dalvikvm(  311): GC_CONCURRENT freed 762K, 50% free 6487K/12860K, paused 16ms+17ms, total 175ms
03-07 14:41:38.208 W/ActivityManager(  311): Unable to start service Intent { act=com.android.email.ACCOUNT_INTENT } U=0: not found
03-07 14:41:38.248 E/ActivityThread(  692): Service com.android.exchange.ExchangeService has leaked ServiceConnection com.android.emailcommon.service.ServiceProxy$ProxyConnection@40d2acf8 that was originally bound here
03-07 14:41:38.248 E/ActivityThread(  692): android.app.ServiceConnectionLeaked: Service com.android.exchange.ExchangeService has leaked ServiceConnection com.android.emailcommon.service.ServiceProxy$ProxyConnection@40d2acf8 that was originally bound here
03-07 14:41:38.248 E/ActivityThread(  692): 	at android.app.LoadedApk$ServiceDispatcher.<init>(LoadedApk.java:969)
03-07 14:41:38.248 E/ActivityThread(  692): 	at android.app.LoadedApk.getServiceDispatcher(LoadedApk.java:863)
03-07 14:41:38.248 E/ActivityThread(  692): 	at android.app.ContextImpl.bindService(ContextImpl.java:1418)
03-07 14:41:38.248 E/ActivityThread(  692): 	at android.app.ContextImpl.bindService(ContextImpl.java:1407)
03-07 14:41:38.248 E/ActivityThread(  692): 	at android.content.ContextWrapper.bindService(ContextWrapper.java:473)
03-07 14:41:38.248 E/ActivityThread(  692): 	at com.android.emailcommon.service.ServiceProxy.setTask(ServiceProxy.java:157)
03-07 14:41:38.248 E/ActivityThread(  692): 	at com.android.emailcommon.service.ServiceProxy.setTask(ServiceProxy.java:145)
03-07 14:41:38.248 E/ActivityThread(  692): 	at com.android.emailcommon.service.AccountServiceProxy.getDeviceId(AccountServiceProxy.java:116)
03-07 14:41:38.248 E/ActivityThread(  692): 	at com.android.exchange.ExchangeService.getDeviceId(ExchangeService.java:1249)
03-07 14:41:38.248 E/ActivityThread(  692): 	at com.android.exchange.ExchangeService$7.run(ExchangeService.java:1856)
03-07 14:41:38.248 E/ActivityThread(  692): 	at com.android.emailcommon.utility.Utility$2.doInBackground(Utility.java:551)
03-07 14:41:38.248 E/ActivityThread(  692): 	at com.android.emailcommon.utility.Utility$2.doInBackground(Utility.java:549)
03-07 14:41:38.248 E/ActivityThread(  692): 	at android.os.AsyncTask$2.call(AsyncTask.java:287)
03-07 14:41:38.248 E/ActivityThread(  692): 	at java.util.concurrent.FutureTask.run(FutureTask.java:234)
03-07 14:41:38.248 E/ActivityThread(  692): 	at java.util.concurrent.ThreadPoolExecutor.runWorker(ThreadPoolExecutor.java:1080)
03-07 14:41:38.248 E/ActivityThread(  692): 	at java.util.concurrent.ThreadPoolExecutor$Worker.run(ThreadPoolExecutor.java:573)
03-07 14:41:38.248 E/ActivityThread(  692): 	at java.lang.Thread.run(Thread.java:856)
03-07 14:41:38.258 E/StrictMode(  692): null
03-07 14:41:38.258 E/StrictMode(  692): android.app.ServiceConnectionLeaked: Service com.android.exchange.ExchangeService has leaked ServiceConnection com.android.emailcommon.service.ServiceProxy$ProxyConnection@40d2acf8 that was originally bound here
03-07 14:41:38.258 E/StrictMode(  692): 	at android.app.LoadedApk$ServiceDispatcher.<init>(LoadedApk.java:969)
03-07 14:41:38.258 E/StrictMode(  692): 	at android.app.LoadedApk.getServiceDispatcher(LoadedApk.java:863)
03-07 14:41:38.258 E/StrictMode(  692): 	at android.app.ContextImpl.bindService(ContextImpl.java:1418)
03-07 14:41:38.258 E/StrictMode(  692): 	at android.app.ContextImpl.bindService(ContextImpl.java:1407)
03-07 14:41:38.258 E/StrictMode(  692): 	at android.content.ContextWrapper.bindService(ContextWrapper.java:473)
03-07 14:41:38.258 E/StrictMode(  692): 	at com.android.emailcommon.service.ServiceProxy.setTask(ServiceProxy.java:157)
03-07 14:41:38.258 E/StrictMode(  692): 	at com.android.emailcommon.service.ServiceProxy.setTask(ServiceProxy.java:145)
03-07 14:41:38.258 E/StrictMode(  692): 	at com.android.emailcommon.service.AccountServiceProxy.getDeviceId(AccountServiceProxy.java:116)
03-07 14:41:38.258 E/StrictMode(  692): 	at com.android.exchange.ExchangeService.getDeviceId(ExchangeService.java:1249)
03-07 14:41:38.258 E/StrictMode(  692): 	at com.android.exchange.ExchangeService$7.run(ExchangeService.java:1856)
03-07 14:41:38.258 E/StrictMode(  692): 	at com.android.emailcommon.utility.Utility$2.doInBackground(Utility.java:551)
03-07 14:41:38.258 E/StrictMode(  692): 	at com.android.emailcommon.utility.Utility$2.doInBackground(Utility.java:549)
03-07 14:41:38.258 E/StrictMode(  692): 	at android.os.AsyncTask$2.call(AsyncTask.java:287)
03-07 14:41:38.258 E/StrictMode(  692): 	at java.util.concurrent.FutureTask.run(FutureTask.java:234)
03-07 14:41:38.258 E/StrictMode(  692): 	at java.util.concurrent.ThreadPoolExecutor.runWorker(ThreadPoolExecutor.java:1080)
03-07 14:41:38.258 E/StrictMode(  692): 	at java.util.concurrent.ThreadPoolExecutor$Worker.run(ThreadPoolExecutor.java:573)
03-07 14:41:38.258 E/StrictMode(  692): 	at java.lang.Thread.run(Thread.java:856)
03-07 14:41:38.258 W/ActivityManager(  311): Unbind failed: could not find connection for android.os.BinderProxy@416c5d38
03-07 14:41:38.278 E/ActivityThread(  692): Service com.android.exchange.ExchangeService has leaked ServiceConnection com.android.emailcommon.service.ServiceProxy$ProxyConnection@40d2aa50 that was originally bound here
03-07 14:41:38.278 E/ActivityThread(  692): android.app.ServiceConnectionLeaked: Service com.android.exchange.ExchangeService has leaked ServiceConnection com.android.emailcommon.service.ServiceProxy$ProxyConnection@40d2aa50 that was originally bound here
03-07 14:41:38.278 E/ActivityThread(  692): 	at android.app.LoadedApk$ServiceDispatcher.<init>(LoadedApk.java:969)
03-07 14:41:38.278 E/ActivityThread(  692): 	at android.app.LoadedApk.getServiceDispatcher(LoadedApk.java:863)
03-07 14:41:38.278 E/ActivityThread(  692): 	at android.app.ContextImpl.bindService(ContextImpl.java:1418)
03-07 14:41:38.278 E/ActivityThread(  692): 	at android.app.ContextImpl.bindService(ContextImpl.java:1407)
03-07 14:41:38.278 E/ActivityThread(  692): 	at android.content.ContextWrapper.bindService(ContextWrapper.java:473)
03-07 14:41:38.278 E/ActivityThread(  692): 	at com.android.emailcommon.service.ServiceProxy.setTask(ServiceProxy.java:157)
03-07 14:41:38.278 E/ActivityThread(  692): 	at com.android.emailcommon.service.ServiceProxy.setTask(ServiceProxy.java:145)
03-07 14:41:38.278 E/ActivityThread(  692): 	at com.android.emailcommon.service.ServiceProxy.test(ServiceProxy.java:191)
03-07 14:41:38.278 E/ActivityThread(  692): 	at com.android.exchange.ExchangeService$7.run(ExchangeService.java:1850)
03-07 14:41:38.278 E/ActivityThread(  692): 	at com.android.emailcommon.utility.Utility$2.doInBackground(Utility.java:551)
03-07 14:41:38.278 E/ActivityThread(  692): 	at com.android.emailcommon.utility.Utility$2.doInBackground(Utility.java:549)
03-07 14:41:38.278 E/ActivityThread(  692): 	at android.os.AsyncTask$2.call(AsyncTask.java:287)
03-07 14:41:38.278 E/ActivityThread(  692): 	at java.util.concurrent.FutureTask.run(FutureTask.java:234)
03-07 14:41:38.278 E/ActivityThread(  692): 	at java.util.concurrent.ThreadPoolExecutor.runWorker(ThreadPoolExecutor.java:1080)
03-07 14:41:38.278 E/ActivityThread(  692): 	at java.util.concurrent.ThreadPoolExecutor$Worker.run(ThreadPoolExecutor.java:573)
03-07 14:41:38.278 E/ActivityThread(  692): 	at java.lang.Thread.run(Thread.java:856)
03-07 14:41:38.298 E/StrictMode(  692): null
03-07 14:41:38.298 E/StrictMode(  692): android.app.ServiceConnectionLeaked: Service com.android.exchange.ExchangeService has leaked ServiceConnection com.android.emailcommon.service.ServiceProxy$ProxyConnection@40d2aa50 that was originally bound here
03-07 14:41:38.298 E/StrictMode(  692): 	at android.app.LoadedApk$ServiceDispatcher.<init>(LoadedApk.java:969)
03-07 14:41:38.298 E/StrictMode(  692): 	at android.app.LoadedApk.getServiceDispatcher(LoadedApk.java:863)
03-07 14:41:38.298 E/StrictMode(  692): 	at android.app.ContextImpl.bindService(ContextImpl.java:1418)
03-07 14:41:38.298 E/StrictMode(  692): 	at android.app.ContextImpl.bindService(ContextImpl.java:1407)
03-07 14:41:38.298 E/StrictMode(  692): 	at android.content.ContextWrapper.bindService(ContextWrapper.java:473)
03-07 14:41:38.298 E/StrictMode(  692): 	at com.android.emailcommon.service.ServiceProxy.setTask(ServiceProxy.java:157)
03-07 14:41:38.298 E/StrictMode(  692): 	at com.android.emailcommon.service.ServiceProxy.setTask(ServiceProxy.java:145)
03-07 14:41:38.298 E/StrictMode(  692): 	at com.android.emailcommon.service.ServiceProxy.test(ServiceProxy.java:191)
03-07 14:41:38.298 E/StrictMode(  692): 	at com.android.exchange.ExchangeService$7.run(ExchangeService.java:1850)
03-07 14:41:38.298 E/StrictMode(  692): 	at com.android.emailcommon.utility.Utility$2.doInBackground(Utility.java:551)
03-07 14:41:38.298 E/StrictMode(  692): 	at com.android.emailcommon.utility.Utility$2.doInBackground(Utility.java:549)
03-07 14:41:38.298 E/StrictMode(  692): 	at android.os.AsyncTask$2.call(AsyncTask.java:287)
03-07 14:41:38.298 E/StrictMode(  692): 	at java.util.concurrent.FutureTask.run(FutureTask.java:234)
03-07 14:41:38.298 E/StrictMode(  692): 	at java.util.concurrent.ThreadPoolExecutor.runWorker(ThreadPoolExecutor.java:1080)
03-07 14:41:38.298 E/StrictMode(  692): 	at java.util.concurrent.ThreadPoolExecutor$Worker.run(ThreadPoolExecutor.java:573)
03-07 14:41:38.298 E/StrictMode(  692): 	at java.lang.Thread.run(Thread.java:856)
03-07 14:41:38.298 W/ActivityManager(  311): Unbind failed: could not find connection for android.os.BinderProxy@416980c0
03-07 14:42:23.238 D/ExchangeService(  692): Received deviceId from Email app: null
03-07 14:42:23.238 D/ExchangeService(  692): !!! deviceId unknown; stopping self and retrying
03-07 14:42:28.259 D/ExchangeService(  692): !!! EAS ExchangeService, onStartCommand, startingUp = false, running = false
03-07 14:42:28.269 W/ActivityManager(  311): Unable to start service Intent { act=com.android.email.ACCOUNT_INTENT } U=0: not found
03-07 14:42:28.269 D/ExchangeService(  692): !!! Email application not found; stopping self
03-07 14:42:28.289 W/ActivityManager(  311): Unable to start service Intent { act=com.android.email.ACCOUNT_INTENT } U=0: not found
03-07 14:42:28.319 E/ActivityThread(  692): Service com.android.exchange.ExchangeService has leaked ServiceConnection com.android.emailcommon.service.ServiceProxy$ProxyConnection@40ce6a88 that was originally bound here
03-07 14:42:28.319 E/ActivityThread(  692): android.app.ServiceConnectionLeaked: Service com.android.exchange.ExchangeService has leaked ServiceConnection com.android.emailcommon.service.ServiceProxy$ProxyConnection@40ce6a88 that was originally bound here
03-07 14:42:28.319 E/ActivityThread(  692): 	at android.app.LoadedApk$ServiceDispatcher.<init>(LoadedApk.java:969)
03-07 14:42:28.319 E/ActivityThread(  692): 	at android.app.LoadedApk.getServiceDispatcher(LoadedApk.java:863)
03-07 14:42:28.319 E/ActivityThread(  692): 	at android.app.ContextImpl.bindService(ContextImpl.java:1418)
03-07 14:42:28.319 E/ActivityThread(  692): 	at android.app.ContextImpl.bindService(ContextImpl.java:1407)
03-07 14:42:28.319 E/ActivityThread(  692): 	at android.content.ContextWrapper.bindService(ContextWrapper.java:473)
03-07 14:42:28.319 E/ActivityThread(  692): 	at com.android.emailcommon.service.ServiceProxy.setTask(ServiceProxy.java:157)
03-07 14:42:28.319 E/ActivityThread(  692): 	at com.android.emailcommon.service.ServiceProxy.setTask(ServiceProxy.java:145)
03-07 14:42:28.319 E/ActivityThread(  692): 	at com.android.emailcommon.service.AccountServiceProxy.getDeviceId(AccountServiceProxy.java:116)
03-07 14:42:28.319 E/ActivityThread(  692): 	at com.android.exchange.ExchangeService.getDeviceId(ExchangeService.java:1249)
03-07 14:42:28.319 E/ActivityThread(  692): 	at com.android.exchange.ExchangeService$7.run(ExchangeService.java:1856)
03-07 14:42:28.319 E/ActivityThread(  692): 	at com.android.emailcommon.utility.Utility$2.doInBackground(Utility.java:551)
03-07 14:42:28.319 E/ActivityThread(  692): 	at com.android.emailcommon.utility.Utility$2.doInBackground(Utility.java:549)
03-07 14:42:28.319 E/ActivityThread(  692): 	at android.os.AsyncTask$2.call(AsyncTask.java:287)
03-07 14:42:28.319 E/ActivityThread(  692): 	at java.util.concurrent.FutureTask.run(FutureTask.java:234)
03-07 14:42:28.319 E/ActivityThread(  692): 	at java.util.concurrent.ThreadPoolExecutor.runWorker(ThreadPoolExecutor.java:1080)
03-07 14:42:28.319 E/ActivityThread(  692): 	at java.util.concurrent.ThreadPoolExecutor$Worker.run(ThreadPoolExecutor.java:573)
03-07 14:42:28.319 E/ActivityThread(  692): 	at java.lang.Thread.run(Thread.java:856)
03-07 14:42:28.329 E/StrictMode(  692): null
03-07 14:42:28.329 E/StrictMode(  692): android.app.ServiceConnectionLeaked: Service com.android.exchange.ExchangeService has leaked ServiceConnection com.android.emailcommon.service.ServiceProxy$ProxyConnection@40ce6a88 that was originally bound here
03-07 14:42:28.329 E/StrictMode(  692): 	at android.app.LoadedApk$ServiceDispatcher.<init>(LoadedApk.java:969)
03-07 14:42:28.329 E/StrictMode(  692): 	at android.app.LoadedApk.getServiceDispatcher(LoadedApk.java:863)
03-07 14:42:28.329 E/StrictMode(  692): 	at android.app.ContextImpl.bindService(Con