--------- beginning of /dev/log/system
03-10 22:39:26.270 I/Vold    ( 1045): Vold 2.1 (the revenge) firing up
03-10 22:39:26.310 D/Vold    ( 1045): Volume flash state changing -1 (Initializing) -> 0 (No-Media)
03-10 22:39:26.310 D/Vold    ( 1045): Volume sdcard state changing -1 (Initializing) -> 0 (No-Media)
03-10 22:39:26.310 D/Vold    ( 1045): Volume uhost state changing -1 (Initializing) -> 0 (No-Media)
03-10 22:39:26.360 D/Vold    ( 1045): Volume flash state changing 0 (No-Media) -> 1 (Idle-Unmounted)
03-10 22:39:26.390 D/Vold    ( 1045): Volume sdcard state changing 0 (No-Media) -> 2 (Pending)
03-10 22:39:26.390 D/Vold    ( 1045): Volume sdcard state changing 2 (Pending) -> 1 (Idle-Unmounted)
03-10 22:39:33.570 D/SystemServer( 1340): SystemServer starting...
03-10 22:39:33.570 D/SystemServer( 1340): load android servers library...
03-10 22:39:33.660 D/SystemServer( 1340): start init1...
03-10 22:39:35.090 I/SystemServer( 1340): Entered the Android system server!
03-10 22:39:35.100 I/SystemServer( 1340): Entropy Mixer
03-10 22:39:35.120 I/SystemServer( 1340): Power Manager
03-10 22:39:35.120 I/SystemServer( 1340): Activity Manager
03-10 22:39:35.140 I/ActivityManager( 1340): Memory class: 64
03-10 22:39:36.080 I/SystemServer( 1340): Telephony Registry
03-10 22:39:36.080 I/SystemServer( 1340): Scheduling Policy
03-10 22:39:36.080 I/SystemServer( 1340): Package Manager
03-10 22:39:36.760 W/PackageParser( 1340): No actions in intent filter at /system/app/Bluetooth.apk Binary XML file line #159
03-10 22:39:37.170 W/PackageParser( 1340): No actions in intent filter at /system/app/Contacts.apk Binary XML file line #532
03-10 22:39:39.640 W/PackageParser( 1340): No actions in intent filter at /system/app/performancepolicy.apk Binary XML file line #19
03-10 22:39:39.820 I/Installer( 1340): connecting...
03-10 22:39:40.730 W/PackageParser( 1340): Unknown element under <application>: enable-feature at /data/app/com.facebook.katana-2.apk Binary XML file line #140
03-10 22:39:44.500 W/PackageManager( 1340): Package com.adobe.reader desires unavailable shared library com.sec.android.app.multiwindow; ignoring!
03-10 22:39:44.970 W/PackageManager( 1340): Package com.amazon.kindle desires unavailable shared library com.amazon.webview; ignoring!
03-10 22:39:44.970 W/PackageManager( 1340): Package com.amazon.kindle desires unavailable shared library com.amazon.dcp.contracts; ignoring!
03-10 22:39:44.970 W/PackageManager( 1340): Package com.amazon.kindle desires unavailable shared library com.amazon.dcp.contracts.framework; ignoring!
03-10 22:39:44.970 W/PackageManager( 1340): Package com.amazon.kindle desires unavailable shared library com.amazon.client.metrics.api; ignoring!
03-10 22:39:45.530 W/PackageParser( 1340): Unknown element under <application>: library at /data/app/com.google.android.gms-1.apk Binary XML file line #188
03-10 22:39:45.630 W/PackageManager( 1340): Package com.google.android.gms desires unavailable shared library com.android.media.remotedisplay; ignoring!
03-10 22:39:49.800 W/PackageParser( 1340): Unknown element under <manifest>: supports-gl-texture at /data/app/com.instagram.android-1.apk Binary XML file line #29
03-10 22:39:49.990 I/PackageManager( 1340): Time to scan packages: 13.471 seconds
03-10 22:39:49.990 W/PackageManager( 1340): Unknown permission android.permission.ADD_SYSTEM_SERVICE in package com.android.phone
03-10 22:39:49.990 W/PackageManager( 1340): Unknown permission com.android.vending.billing.IBillingAccountService.BIND2 in package com.google.android.gsf.login
03-10 22:39:50.000 W/PackageManager( 1340): Not granting permission android.permission.SEND_DOWNLOAD_COMPLETED_INTENTS to package com.android.browser (protectionLevel=2 flags=0x9be45)
03-10 22:39:50.000 W/PackageManager( 1340): Unknown permission android.permission.INTERACT_ACROSS_USERS in package com.google.android.gms
03-10 22:39:50.000 W/PackageManager( 1340): Unknown permission android.permission.LOCATION_HARDWARE in package com.google.android.gms
03-10 22:39:50.000 W/PackageManager( 1340): Unknown permission android.permission.GET_APP_OPS_STATS in package com.google.android.gms
03-10 22:39:50.000 W/PackageManager( 1340): Unknown permission android.permission.UPDATE_APP_OPS_STATS in package com.google.android.gms
03-10 22:39:50.000 W/PackageManager( 1340): Unknown permission android.permission.ACCESS_NETWORK_CONDITIONS in package com.google.android.gms
03-10 22:39:50.000 W/PackageManager( 1340): Unknown permission android.permission.MANAGE_DEVICE_ADMINS in package com.google.android.gms
03-10 22:39:50.000 W/PackageManager( 1340): Not granting permission android.permission.MODIFY_PHONE_STATE to package com.google.android.gms (protectionLevel=18 flags=0x83e44)
03-10 22:39:50.000 W/PackageManager( 1340): Not granting permission android.permission.MANAGE_USB to package com.google.android.gms (protectionLevel=18 flags=0x83e44)
03-10 22:39:50.000 W/PackageManager( 1340): Not granting permission android.permission.CALL_PRIVILEGED to package com.google.android.gms (protectionLevel=18 flags=0x83e44)
03-10 22:39:50.000 W/PackageManager( 1340): Unknown permission android.permission.BLUETOOTH_PRIVILEGED in package com.google.android.gms
03-10 22:39:50.000 W/PackageManager( 1340): Unknown permission android.permission.CAPTURE_AUDIO_OUTPUT in package com.google.android.gms
03-10 22:39:50.000 W/PackageManager( 1340): Unknown permission android.permission.CAPTURE_VIDEO_OUTPUT in package com.google.android.gms
03-10 22:39:50.000 W/PackageManager( 1340): Unknown permission android.permission.CAPTURE_SECURE_VIDEO_OUTPUT in package com.google.android.gms
03-10 22:39:50.000 W/PackageManager( 1340): Not granting permission android.permission.READ_FRAME_BUFFER to package com.google.android.gms (protectionLevel=18 flags=0x83e44)
03-10 22:39:50.000 W/PackageManager( 1340): Unknown permission com.amazon.dcp.sso.permission.AMAZON_ACCOUNT_PROPERTY in package com.amazon.kindle
03-10 22:39:50.000 W/PackageManager( 1340): Unknown permission com.amazon.dcp.metrics.permission.METRICS_PERMISSION in package com.amazon.kindle
03-10 22:39:50.000 W/PackageManager( 1340): Unknown permission com.amazon.dcp.config.permission.DYN_CONFIG_VALUES_UPDATED in package com.amazon.kindle
03-10 22:39:50.000 W/PackageManager( 1340): Unknown permission com.amazon.dcp.settings.permission.READ_SETTINGS in package com.amazon.kindle
03-10 22:39:50.000 W/PackageManager( 1340): Unknown permission com.amazon.identity.permission.GENERIC_IPC in package com.amazon.kindle
03-10 22:39:50.000 W/PackageManager( 1340): Unknown permission com.amazon.dcp.sso.permission.USE_DEVICE_CREDENTIALS in package com.amazon.kindle
03-10 22:39:50.000 W/PackageManager( 1340): Unknown permission com.amazon.dcp.sso.permission.EXPIRE_ACCESS_TOKEN in package com.amazon.kindle
03-10 22:39:50.000 W/PackageManager( 1340): Unknown permission com.amazon.dcp.sso.permission.MANAGE_COR_PFM in package com.amazon.kindle
03-10 22:39:50.000 W/PackageManager( 1340): Unknown permission com.amazon.dcp.sso.permission.CUSTOMER_ATTRIBUTE_SERVICE in package com.amazon.kindle
03-10 22:39:50.000 W/PackageManager( 1340): Unknown permission amazon.permission.COLLECT_METRICS in package com.amazon.kindle
03-10 22:39:50.000 W/PackageManager( 1340): Not granting permission android.permission.SET_ORIENTATION to package com.path (protectionLevel=2 flags=0x8bc44)
03-10 22:39:50.000 W/PackageManager( 1340): Unknown permission com.google.android.voicesearch.SHORTCUTS_ACCESS in package com.google.android.googlequicksearchbox
03-10 22:39:50.000 W/PackageManager( 1340): Unknown permission com.google.android.ears.permission.WRITE in package com.google.android.googlequicksearchbox
03-10 22:39:50.000 W/PackageManager( 1340): Unknown permission com.google.googlenav.friend.permission.OPT_IN in package com.google.android.googlequicksearchbox
03-10 22:39:50.000 W/PackageManager( 1340): Unknown permission com.google.android.apps.maps.permission.PREFETCH in package com.google.android.googlequicksearchbox
03-10 22:39:50.000 W/PackageManager( 1340): Unknown permission com.google.android.apps.googlevoice.permission.AUTO_SEND in package com.google.android.googlequicksearchbox
03-10 22:39:50.000 W/PackageManager( 1340): Unknown permission android.permission.CAPTURE_AUDIO_HOTWORD in package com.google.android.googlequicksearchbox
03-10 22:39:50.000 W/PackageManager( 1340): Not granting permission android.permission.STATUS_BAR to package com.google.android.googlequicksearchbox (protectionLevel=18 flags=0x19bec5)
03-10 22:39:50.010 W/PackageManager( 1340): Not granting permission android.permission.BIND_APPWIDGET to package com.google.android.googlequicksearchbox (protectionLevel=18 flags=0x19bec5)
03-10 22:39:50.010 W/PackageManager( 1340): Unknown permission com.facebook.orca.provider.ACCESS in package com.facebook.katana
03-10 22:39:50.010 W/PackageManager( 1340): Unknown permission com.amazon.device.messaging.permission.RECEIVE in package com.facebook.katana
03-10 22:39:50.010 W/PackageManager( 1340): Unknown permission com.sec.android.provider.badge.permission.READ in package com.facebook.katana
03-10 22:39:50.010 W/PackageManager( 1340): Unknown permission com.sec.android.provider.badge.permission.WRITE in package com.facebook.katana
03-10 22:39:50.010 W/PackageManager( 1340): Unknown permission com.htc.launcher.permission.READ_SETTINGS in package com.facebook.katana
03-10 22:39:50.010 W/PackageManager( 1340): Unknown permission com.htc.launcher.permission.UPDATE_SHORTCUT in package com.facebook.katana
03-10 22:39:50.010 W/PackageManager( 1340): Unknown permission com.sonyericsson.home.permission.BROADCAST_BADGE in package com.facebook.katana
03-10 22:39:50.010 W/PackageManager( 1340): Not granting permission android.permission.SEND_DOWNLOAD_COMPLETED_INTENTS to package com.android.vending (protectionLevel=2 flags=0xabec5)
03-10 22:39:50.010 W/PackageManager( 1340): Unknown permission android.permission.MANAGE_USERS in package com.android.vending
03-10 22:39:50.010 W/PackageManager( 1340): Unknown permission android.permission.INTERACT_ACROSS_USERS in package com.android.vending
03-10 22:39:50.010 W/PackageManager( 1340): Not granting permission android.permission.WRITE_SECURE_SETTINGS to package com.android.vending (protectionLevel=50 flags=0xabec5)
03-10 22:39:50.010 W/PackageManager( 1340): Unknown permission android.webkit.permission.PLUGIN in package com.adobe.flashplayer
03-10 22:39:50.010 W/PackageManager( 1340): Unknown permission com.estrongs.android.pop.PERMISSION in package com.estrongs.android.pop
03-10 22:39:50.030 W/PackageManager( 1340): Not granting permission android.permission.DEVICE_POWER to package com.android.deskclock (protectionLevel=2 flags=0x8be45)
03-10 22:39:50.240 I/SystemServer( 1340): Account Manager
03-10 22:39:50.540 I/SystemServer( 1340): Content Manager
03-10 22:39:50.670 I/SystemServer( 1340): System Content Providers
03-10 22:39:50.780 I/SystemServer( 1340): Lights Service
03-10 22:39:50.780 I/SystemServer( 1340): Battery Service
03-10 22:39:50.790 I/SystemServer( 1340): Vibrator Service
03-10 22:39:50.810 I/SystemServer( 1340): Alarm Manager
03-10 22:39:50.830 I/SystemServer( 1340): Init Watchdog
03-10 22:39:50.830 I/SystemServer( 1340): Window Manager
03-10 22:39:50.850 I/InputManager( 1340): Initializing input manager
03-10 22:39:50.860 W/StatusBarManager( 1340): warning: no STATUS_BAR_SERVICE
03-10 22:39:50.890 W/WindowManager( 1340): send ACTION_HDMI_PLUGGED broadcast
03-10 22:39:50.900 I/InputManager( 1340): Starting input manager
03-10 22:39:50.910 I/SystemServer( 1340): Bluetooth Service
03-10 22:39:50.940 I/SystemServer( 1340): Input Method Service
03-10 22:39:50.950 W/InputMethodManagerService( 1340): Couldn't create dir.: /data/system/inputmethod
03-10 22:39:51.050 I/SystemServer( 1340): Accessibility Manager
03-10 22:39:51.050 I/ActivityManager( 1340): Config changed: {1.0 0mcc0mnc ja_JP sw800dp w1280dp h752dp xlrg land ?uimode ?night -touch -keyb/v/h -nav/h s.2}
03-10 22:39:51.060 I/SystemServer( 1340): Mount Service
03-10 22:39:51.060 D/MountService( 1340): got storage path: /mnt/sdcard description: USBストレージ primary: true removable: false emulated: false mtpReserve: 0 allowMassStorage: true maxFileSize: 0
03-10 22:39:51.060 D/MountService( 1340): got storage path: /mnt/sd-ext description: SDカード primary: false removable: true emulated: false mtpReserve: 0 allowMassStorage: true maxFileSize: 0
03-10 22:39:51.060 D/MountService( 1340): got storage path: /mnt/uhost description: Usb Disk primary: false removable: true emulated: false mtpReserve: 0 allowMassStorage: false maxFileSize: 0
03-10 22:39:51.060 I/SystemServer( 1340): LockSettingsService
03-10 22:39:51.060 I/SystemServer( 1340): Device Policy
03-10 22:39:51.070 I/SystemServer( 1340): Status Bar
03-10 22:39:51.070 I/SystemServer( 1340): Clipboard Service
03-10 22:39:51.070 I/SystemServer( 1340): NetworkManagement Service
03-10 22:39:51.070 I/SystemServer( 1340): Text Service Manager Service
03-10 22:39:51.080 I/SystemServer( 1340): NetworkStats Service
03-10 22:39:51.080 I/SystemServer( 1340): NetworkPolicy Service
03-10 22:39:51.080 I/SystemServer( 1340): Wi-Fi P2pService
03-10 22:39:51.090 D/VoldCmdListener( 1045): volume list
03-10 22:39:51.090 D/MountService( 1340): volume state changed for /mnt/sdcard (null -> unmounted)
03-10 22:39:51.090 D/MountService( 1340): volume state changed for /mnt/sd-ext (null -> unmounted)
03-10 22:39:51.090 D/MountService( 1340): volume state changed for /mnt/uhost (null -> removed)
03-10 22:39:51.100 I/SystemServer( 1340): Wi-Fi Service
03-10 22:39:51.100 W/MountService( 1340): getSecureContainerList() called when storage not mounted
03-10 22:39:51.100 D/VoldCmdListener( 1045): asec list
03-10 22:39:51.100 W/MountService( 1340): getSecureContainerList() called when storage not mounted
03-10 22:39:51.100 D/VoldCmdListener( 1045): asec fspath com.idisplay.virtualscreen-1
03-10 22:39:51.100 W/MountService( 1340): getSecureContainerList() called when storage not mounted
03-10 22:39:51.100 D/VoldCmdListener( 1045): asec path com.idisplay.virtualscreen-1
03-10 22:39:51.110 W/MountService( 1340): getSecureContainerList() called when storage not mounted
03-10 22:39:51.120 W/MountService( 1340): getSecureContainerList() called when storage not mounted
03-10 22:39:51.120 D/VoldCmdListener( 1045): asec mount com.idisplay.virtualscreen-1 {} 1000
03-10 22:39:51.130 I/SystemServer( 1340): Ethernet Service
03-10 22:39:51.140 I/SystemServer( 1340): Connectivity Service
03-10 22:39:51.140 D/ConnectivityService( 1340): ConnectivityService starting up
03-10 22:39:51.150 I/EthernetManager( 1340): Init Ethernet Manager, service: com.android.server.EthernetService@42286d80
03-10 22:39:51.160 I/WifiService( 1340): WifiService starting up with Wi-Fi disabled
03-10 22:39:51.170 I/SystemServer( 1340): Network Service Discovery Service
03-10 22:39:51.180 D/NsdService( 1340): Network service discovery enabled true
03-10 22:39:51.180 I/SystemServer( 1340): Throttle Service
03-10 22:39:51.180 I/SystemServer( 1340): UpdateLock Service
03-10 22:39:51.270 W/MountService( 1340): getSecureContainerList() called when storage not mounted
03-10 22:39:51.270 D/VoldCmdListener( 1045): asec path com.idisplay.virtualscreen-1
03-10 22:39:51.290 I/ActivityManager( 1340): Config changed: {1.0 0mcc0mnc ja_JP sw800dp w1280dp h752dp xlrg land ?uimode ?night finger -keyb/v/h -nav/h s.3}
03-10 22:39:51.380 I/PackageManager( 1340): Linking native library dir for /mnt/asec/com.idisplay.virtualscreen-1/pkg.apk
03-10 22:39:51.390 W/MountService( 1340): getSecureContainerList() called when storage not mounted
03-10 22:39:51.390 D/VoldCmdListener( 1045): asec fixperms com.idisplay.virtualscreen-1 10067 pkg.apk
03-10 22:39:51.440 W/MountService( 1340): getSecureContainerList() called when storage not mounted
03-10 22:39:51.440 W/PackageManager( 1340): Unknown permission android.permission.ADD_SYSTEM_SERVICE in package com.android.phone
03-10 22:39:51.450 W/PackageManager( 1340): Unknown permission com.android.vending.billing.IBillingAccountService.BIND2 in package com.google.android.gsf.login
03-10 22:39:51.450 W/PackageManager( 1340): Not granting permission android.permission.SEND_DOWNLOAD_COMPLETED_INTENTS to package com.android.browser (protectionLevel=2 flags=0x9be45)
03-10 22:39:51.450 W/PackageManager( 1340): Unknown permission android.permission.INTERACT_ACROSS_USERS in package com.google.android.gms
03-10 22:39:51.450 W/PackageManager( 1340): Unknown permission android.permission.LOCATION_HARDWARE in package com.google.android.gms
03-10 22:39:51.450 W/PackageManager( 1340): Unknown permission android.permission.GET_APP_OPS_STATS in package com.google.android.gms
03-10 22:39:51.450 W/PackageManager( 1340): Unknown permission android.permission.UPDATE_APP_OPS_STATS in package com.google.android.gms
03-10 22:39:51.450 W/PackageManager( 1340): Unknown permission android.permission.ACCESS_NETWORK_CONDITIONS in package com.google.android.gms
03-10 22:39:51.450 W/PackageManager( 1340): Unknown permission android.permission.MANAGE_DEVICE_ADMINS in package com.google.android.gms
03-10 22:39:51.450 W/PackageManager( 1340): Not granting permission android.permission.MODIFY_PHONE_STATE to package com.google.android.gms (protectionLevel=18 flags=0x83e44)
03-10 22:39:51.450 W/PackageManager( 1340): Not granting permission android.permission.MANAGE_USB to package com.google.android.gms (protectionLevel=18 flags=0x83e44)
03-10 22:39:51.450 W/PackageManager( 1340): Not granting permission android.permission.CALL_PRIVILEGED to package com.google.android.gms (protectionLevel=18 flags=0x83e44)
03-10 22:39:51.450 W/PackageManager( 1340): Unknown permission android.permission.BLUETOOTH_PRIVILEGED in package com.google.android.gms
03-10 22:39:51.450 W/PackageManager( 1340): Unknown permission android.permission.CAPTURE_AUDIO_OUTPUT in package com.google.android.gms
03-10 22:39:51.450 W/PackageManager( 1340): Unknown permission android.permission.CAPTURE_VIDEO_OUTPUT in package com.google.android.gms
03-10 22:39:51.450 W/PackageManager( 1340): Unknown permission android.permission.CAPTURE_SECURE_VIDEO_OUTPUT in package com.google.android.gms
03-10 22:39:51.450 W/PackageManager( 1340): Not granting permission android.permission.READ_FRAME_BUFFER to package com.google.android.gms (protectionLevel=18 flags=0x83e44)
03-10 22:39:51.450 W/PackageManager( 1340): Unknown permission com.amazon.dcp.sso.permission.AMAZON_ACCOUNT_PROPERTY in package com.amazon.kindle
03-10 22:39:51.450 W/PackageManager( 1340): Unknown permission com.amazon.dcp.metrics.permission.METRICS_PERMISSION in package com.amazon.kindle
03-10 22:39:51.450 W/PackageManager( 1340): Unknown permission com.amazon.dcp.config.permission.DYN_CONFIG_VALUES_UPDATED in package com.amazon.kindle
03-10 22:39:51.450 W/PackageManager( 1340): Unknown permission com.amazon.dcp.settings.permission.READ_SETTINGS in package com.amazon.kindle
03-10 22:39:51.450 W/PackageManager( 1340): Unknown permission com.amazon.identity.permission.GENERIC_IPC in package com.amazon.kindle
03-10 22:39:51.450 W/PackageManager( 1340): Unknown permission com.amazon.dcp.sso.permission.USE_DEVICE_CREDENTIALS in package com.amazon.kindle
03-10 22:39:51.450 W/PackageManager( 1340): Unknown permission com.amazon.dcp.sso.permission.EXPIRE_ACCESS_TOKEN in package com.amazon.kindle
03-10 22:39:51.450 W/PackageManager( 1340): Unknown permission com.amazon.dcp.sso.permission.MANAGE_COR_PFM in package com.amazon.kindle
03-10 22:39:51.450 W/PackageManager( 1340): Unknown permission com.amazon.dcp.sso.permission.CUSTOMER_ATTRIBUTE_SERVICE in package com.amazon.kindle
03-10 22:39:51.450 W/PackageManager( 1340): Unknown permission amazon.permission.COLLECT_METRICS in package com.amazon.kindle
03-10 22:39:51.450 W/PackageManager( 1340): Not granting permission android.permission.SET_ORIENTATION to package com.path (protectionLevel=2 flags=0x8bc44)
03-10 22:39:51.450 W/PackageManager( 1340): Unknown permission com.google.android.voicesearch.SHORTCUTS_ACCESS in package com.google.android.googlequicksearchbox
03-10 22:39:51.450 W/PackageManager( 1340): Unknown permission com.google.android.ears.permission.WRITE in package com.google.android.googlequicksearchbox
03-10 22:39:51.450 W/PackageManager( 1340): Unknown permission com.google.googlenav.friend.permission.OPT_IN in package com.google.android.googlequicksearchbox
03-10 22:39:51.450 W/PackageManager( 1340): Unknown permission com.google.android.apps.maps.permission.PREFETCH in package com.google.android.googlequicksearchbox
03-10 22:39:51.450 W/PackageManager( 1340): Unknown permission com.google.android.apps.googlevoice.permission.AUTO_SEND in package com.google.android.googlequicksearchbox
03-10 22:39:51.450 W/PackageManager( 1340): Unknown permission android.permission.CAPTURE_AUDIO_HOTWORD in package com.google.android.googlequicksearchbox
03-10 22:39:51.450 W/PackageManager( 1340): Not granting permission android.permission.STATUS_BAR to package com.google.android.googlequicksearchbox (protectionLevel=18 flags=0x19bec5)
03-10 22:39:51.450 W/PackageManager( 1340): Not granting permission android.permission.BIND_APPWIDGET to package com.google.android.googlequicksearchbox (protectionLevel=18 flags=0x19bec5)
03-10 22:39:51.450 W/PackageManager( 1340): Unknown permission com.facebook.orca.provider.ACCESS in package com.facebook.katana
03-10 22:39:51.450 W/PackageManager( 1340): Unknown permission com.amazon.device.messaging.permission.RECEIVE in package com.facebook.katana
03-10 22:39:51.450 W/PackageManager( 1340): Unknown permission com.sec.android.provider.badge.permission.READ in package com.facebook.katana
03-10 22:39:51.450 W/PackageManager( 1340): Unknown permission com.sec.android.provider.badge.permission.WRITE in package com.facebook.katana
03-10 22:39:51.450 W/PackageManager( 1340): Unknown permission com.htc.launcher.permission.READ_SETTINGS in package com.facebook.katana
03-10 22:39:51.450 W/PackageManager( 1340): Unknown permission com.htc.launcher.permission.UPDATE_SHORTCUT in package com.facebook.katana
03-10 22:39:51.450 W/PackageManager( 1340): Unknown permission com.sonyericsson.home.permission.BROADCAST_BADGE in package com.facebook.katana
03-10 22:39:51.450 W/PackageManager( 1340): Not granting permission android.permission.SEND_DOWNLOAD_COMPLETED_INTENTS to package com.android.vending (protectionLevel=2 flags=0xabec5)
03-10 22:39:51.460 W/PackageManager( 1340): Unknown permission android.permission.MANAGE_USERS in package com.android.vending
03-10 22:39:51.460 W/PackageManager( 1340): Unknown permission android.permission.INTERACT_ACROSS_USERS in package com.android.vending
03-10 22:39:51.460 W/PackageManager( 1340): Not granting permission android.permission.WRITE_SECURE_SETTINGS to package com.android.vending (protectionLevel=50 flags=0xabec5)
03-10 22:39:51.460 W/PackageManager( 1340): Unknown permission android.webkit.permission.PLUGIN in package com.adobe.flashplayer
03-10 22:39:51.460 W/PackageManager( 1340): Not granting permission android.permission.READ_LOGS to package com.idisplay.virtualscreen (protectionLevel=50 flags=0x2018be44)
03-10 22:39:51.460 W/PackageManager( 1340): Unknown permission com.estrongs.android.pop.PERMISSION in package com.estrongs.android.pop
03-10 22:39:51.460 W/PackageManager( 1340): Not granting permission android.permission.DEVICE_POWER to package com.android.deskclock (protectionLevel=2 flags=0x8be45)
03-10 22:39:52.440 I/SystemServer( 1340): Notification Manager
03-10 22:39:52.440 I/SystemServer( 1340): Device Storage Monitor
03-10 22:39:52.440 I/SystemServer( 1340): Location Manager
03-10 22:39:52.450 I/SystemServer( 1340): Country Detector
03-10 22:39:52.450 I/SystemServer( 1340): Search Service
03-10 22:39:52.450 I/SystemServer( 1340): DropBox Service
03-10 22:39:52.450 I/SystemServer( 1340): Wallpaper Service
03-10 22:39:52.460 I/SystemServer( 1340): Audio Service
03-10 22:39:52.520 I/SystemServer( 1340): Dock Observer
03-10 22:39:52.520 W/DockObserver( 1340): This kernel does not have dock station support
03-10 22:39:52.520 I/SystemServer( 1340): Wired Accessory Observer
03-10 22:39:52.520 W/WiredAccessoryObserver( 1340): This kernel does not have usb audio support
03-10 22:39:52.520 I/SystemServer( 1340): USB Service
03-10 22:39:52.530 I/SystemServer( 1340): Serial Service
03-10 22:39:52.530 I/SystemServer( 1340): UI Mode Manager Service
03-10 22:39:52.530 I/SystemServer( 1340): Backup Service
03-10 22:39:52.540 V/BackupManagerService( 1340): Initializing package tracking
03-10 22:39:52.590 V/BackupManagerService( 1340): addPackageParticipantsLocked: all
03-10 22:39:52.590 V/BackupManagerService( 1340): Registering transport android/com.android.internal.backup.LocalTransport = com.android.internal.backup.LocalTransport@42225370
03-10 22:39:52.590 V/BackupManagerService( 1340): Starting with transport android/com.android.internal.backup.LocalTransport
03-10 22:39:52.590 V/BackupManagerService( 1340): Binding to Google transport
03-10 22:39:52.590 I/BackupManagerService( 1340): Found stale backup journal, scheduling
03-10 22:39:52.600 I/BackupManagerService( 1340):   android
03-10 22:39:52.600 D/BackupManagerService( 1340): Now staging backup of android
03-10 22:39:52.600 I/BackupManagerService( 1340): Backup enabled => true
03-10 22:39:52.600 I/SystemServer( 1340): AppWidget Service
03-10 22:39:52.610 I/SystemServer( 1340): Recognition Service
03-10 22:39:52.610 I/SystemServer( 1340): DiskStats Service
03-10 22:39:52.610 I/SystemServer( 1340): SamplingProfiler Service
03-10 22:39:52.610 I/SystemServer( 1340): DisplayManager Service
03-10 22:39:52.660 I/SystemServer( 1340): NetworkTimeUpdateService
03-10 22:39:52.660 I/SystemServer( 1340): CommonTimeManagementService
03-10 22:39:52.660 I/SystemServer( 1340): CertBlacklister
03-10 22:39:52.700 D/PowerManagerService( 1340): system ready!
03-10 22:39:52.710 I/ActivityManager( 1340): Sending system update to: ComponentInfo{com.android.providers.calendar/com.android.providers.calendar.CalendarUpgradeReceiver}
03-10 22:39:52.710 I/ActivityManager( 1340): Sending system update to: ComponentInfo{com.android.providers.contacts/com.android.providers.contacts.ContactsUpgradeReceiver}
03-10 22:39:52.710 I/ActivityManager( 1340): Sending system update to: ComponentInfo{com.android.providers.media/com.android.providers.media.MediaUpgradeReceiver}
03-10 22:39:52.760 I/ActivityManager( 1340): Start proc com.android.providers.calendar for broadcast com.android.providers.calendar/.CalendarUpgradeReceiver: pid=1544 uid=10008 gids={3003, 1015, 1028}
03-10 22:39:52.770 I/ActivityManager( 1340): Launching preboot mode app: ProcessRecord{422afc90 1544:com.android.providers.calendar/u0a8}
03-10 22:39:52.900 I/ActivityManager( 1340): Start proc android.process.acore for broadcast com.android.providers.contacts/.ContactsUpgradeReceiver: pid=1583 uid=10002 gids={3003, 1015, 1028}
03-10 22:39:52.940 I/ActivityManager( 1340): Launching preboot mode app: ProcessRecord{4208a5a8 1583:android.process.acore/u0a2}
03-10 22:39:53.090 I/ActivityManager( 1340): Start proc android.process.media for broadcast com.android.providers.media/.MediaUpgradeReceiver: pid=1597 uid=10012 gids={1015, 1023, 1024, 1028, 2001, 3003, 3007}
03-10 22:39:53.130 I/ActivityManager( 1340): Launching preboot mode app: ProcessRecord{422a8760 1597:android.process.media/u0a12}
03-10 22:39:53.190 I/ActivityManager( 1340): Writing new set of last done pre-boot receivers...
03-10 22:39:53.210 I/ActivityManager( 1340): Removing system update proc: ProcessRecord{422afc90 1544:com.android.providers.calendar/u0a8}
03-10 22:39:53.210 I/ActivityManager( 1340): Killing proc 1544:com.android.providers.calendar/u0a8: system update done
03-10 22:39:53.210 I/ActivityManager( 1340): Removing system update proc: ProcessRecord{4208a5a8 1583:android.process.acore/u0a2}
03-10 22:39:53.220 I/ActivityManager( 1340): Killing proc 1583:android.process.acore/u0a2: system update done
03-10 22:39:53.220 I/ActivityManager( 1340): Removing system update proc: ProcessRecord{422a8760 1597:android.process.media/u0a12}
03-10 22:39:53.220 I/ActivityManager( 1340): Killing proc 1597:android.process.media/u0a12: system update done
03-10 22:39:53.220 I/ActivityManager( 1340): System now ready
03-10 22:39:53.220 I/SystemServer( 1340): Making services ready
03-10 22:39:53.220 D/SystemServer( 1340): Starting service: Intent { cmp=com.android.systemui/.SystemUIService }
03-10 22:39:53.270 I/ActivityManager( 1340): Start proc com.android.systemui for service com.android.systemui/.SystemUIService: pid=1612 uid=10044 gids={1028, 1015, 3002, 3001}
03-10 22:39:53.270 D/NetworkManagementService( 1340): enabling bandwidth control
03-10 22:39:53.470 V/BackupManagerService( 1340): Connected to Google transport
03-10 22:39:53.470 V/BackupManagerService( 1340): Registering transport com.google.android.backup/.BackupTransportService = com.google.android.backup.BackupTransportService$1@421b89c8
03-10 22:39:53.480 D/SystemUIService( 1612): loading: class com.android.systemui.statusbar.tablet.TabletStatusBar
03-10 22:39:53.500 D/SystemUIService( 1612): running: com.android.systemui.statusbar.tablet.TabletStatusBar@41fb60c0
03-10 22:39:53.510 I/StatusBarManagerService( 1340): registerStatusBar bar=com.android.internal.statusbar.IStatusBar$Stub$Proxy@42100728
03-10 22:39:53.860 I/ActivityManager( 1340): Config changed: {1.0 0mcc0mnc ja_JP sw800dp w1280dp h752dp xlrg land finger -keyb/v/h -nav/h s.4}
03-10 22:39:54.410 D/StorageNotification( 1612): Startup with UMS connection false (Flash state unmounted)
03-10 22:39:54.410 I/StorageNotification( 1612): UMS connection changed to false (media state unmounted)
03-10 22:39:54.410 D/SystemUIService( 1612): loading: class com.android.systemui.power.PowerUI
03-10 22:39:54.410 D/SystemUIService( 1612): running: com.android.systemui.power.PowerUI@4208faa8
03-10 22:39:54.410 D/SystemUIService( 1612): loading: class com.android.systemui.media.RingtonePlayer
03-10 22:39:54.410 D/SystemUIService( 1612): running: com.android.systemui.media.RingtonePlayer@420ff468
03-10 22:39:54.420 D/WifiService( 1340): New client listening to asynchronous messages
03-10 22:39:54.500 W/InputMethodManagerService( 1340): Ignoring setImeWindowStatus of uid 1000 token: null
03-10 22:39:54.610 I/ActivityManager( 1340): Start proc com.adamrocker.android.input.simeji for service com.adamrocker.android.input.simeji/.OpenWnnSimeji: pid=1670 uid=10055 gids={3003, 1015, 1028}
03-10 22:39:54.680 W/SocketClient( 1048): write error (Broken pipe)
03-10 22:39:54.680 W/ThrottleService( 1340): unable to find stats for iface rmnet0
03-10 22:39:54.730 I/ActivityManager( 1340): Start proc com.android.phone for added application com.android.phone: pid=1693 uid=1001 gids={3002, 3001, 3003, 1015, 1028}
03-10 22:39:54.740 I/ActivityManager( 1340): START {act=android.intent.action.MAIN cat=[android.intent.category.HOME] flg=0x10000000 cmp=com.android.launcher/com.android.launcher2.Launcher u=0} from pid 0
03-10 22:39:54.790 I/ActivityManager( 1340): Start proc com.android.launcher for activity com.android.launcher/com.android.launcher2.Launcher: pid=1718 uid=10028 gids={1028}
03-10 22:39:54.830 I/ActivityManager( 1340): Start proc com.google.process.gapps for service com.google.android.location/.NetworkLocationService: pid=1733 uid=10021 gids={3003, 1015, 1028, 1007, 3002, 3001, 1006, 2001, 3006}
03-10 22:39:54.850 D/LocationManagerService( 1340): addProvider gps with wifi
03-10 22:39:54.980 I/ActivityManager( 1340): Start proc com.android.settings for broadcast com.android.settings/.widget.SettingsAppWidgetProvider: pid=1748 uid=1000 gids={1015, 3002, 3001, 3003, 1028, 3007}
03-10 22:39:55.380 I/TabletStatusBar( 1612): DISABLE_CLOCK: yes
03-10 22:39:55.630 I/ActivityManager( 1340): Start proc com.android.smspush for service com.android.smspush/.WapPushManager: pid=1777 uid=10049 gids={1028}
03-10 22:39:55.800 I/ActivityManager( 1340): Start proc android.process.acore for content provider com.android.providers.contacts/.CallLogProvider: pid=1791 uid=10002 gids={3003, 1015, 1028}
03-10 22:39:55.880 I/ActivityManager( 1340): Start proc com.google.android.gms for broadcast com.google.android.gms/com.google.android.location.internal.NlpNetworkProviderSettingsUpdateReceiver: pid=1807 uid=10021 gids={3003, 1015, 1028, 1007, 3002, 3001, 1006, 2001, 3006}
03-10 22:39:55.930 W/ActivityManager( 1340): Unable to start service Intent { act=com.android.ussd.IExtendedNetworkService }: not found
03-10 22:39:56.270 W/ProcessStats( 1340): Skipping unknown process pid 1827
03-10 22:39:56.450 W/WindowManager( 1340): Window freeze timeout expired.
03-10 22:39:56.450 W/WindowManager( 1340): Force clearing orientation change: Window{423a9708 SystemBar paused=false}
03-10 22:39:56.450 W/WindowManager( 1340): Force clearing orientation change: Window{423b6ae8 com.android.systemui.ImageWallpaper paused=false}
03-10 22:39:56.590 I/ActivityManager( 1340): Start proc com.facebook.katana for content provider com.facebook.katana/.provider.AttributionIdProvider: pid=1849 uid=10058 gids={1006, 1015, 3003, 1028}
03-10 22:39:57.350 I/ActivityManager( 1340): Start proc com.google.process.location for service com.google.android.gms/com.google.android.location.internal.server.GoogleLocationService: pid=1928 uid=10021 gids={3003, 1015, 1028, 1007, 3002, 3001, 1006, 2001, 3006}
03-10 22:39:58.400 D/AlarmManager( 1340): overriden alarm callingpackages[0] com.google.android.syncadapters.contacts
03-10 22:39:58.770 I/ActivityManager( 1340): Start proc com.google.android.googlequicksearchbox:search for broadcast com.google.android.googlequicksearchbox/com.google.android.search.core.ChargingStateBroadcastReceiver: pid=1986 uid=10039 gids={3003, 1028, 3002, 1015}
03-10 22:39:58.880 I/LocationManagerService( 1340): request network (pid 1340) 86400000 86400000
03-10 22:39:58.890 I/LocationManagerService( 1340): request passive (pid 1340) 0 0
03-10 22:39:59.490 D/AlarmManager( 1340): overriden alarm callingpackages[0] com.google.android.syncadapters.contacts
03-10 22:40:00.190 W/PowerUI ( 1612): unknown intent: Intent { act=android.intent.action.ACTION_POWER_CONNECTED flg=0x8000010 }
03-10 22:40:00.460 D/AlarmManager( 1340): overriden alarm callingpackages[0] com.google.android.syncadapters.contacts
03-10 22:40:00.470 D/AlarmManager( 1340): overriden alarm callingpackages[0] com.google.android.syncadapters.contacts
03-10 22:40:00.480 D/AlarmManager( 1340): overriden alarm callingpackages[0] com.google.android.syncadapters.contacts
03-10 22:40:00.490 D/AlarmManager( 1340): overriden alarm callingpackages[0] com.google.android.syncadapters.contacts
03-10 22:40:00.500 D/AlarmManager( 1340): overriden alarm callingpackages[0] com.google.android.syncadapters.contacts
03-10 22:40:00.500 D/AlarmManager( 1340): overriden alarm callingpackages[0] com.google.android.syncadapters.contacts
03-10 22:40:00.510 D/AlarmManager( 1340): overriden alarm callingpackages[0] com.google.android.syncadapters.contacts
03-10 22:40:00.520 D/AlarmManager( 1340): overriden alarm callingpackages[0] com.google.android.syncadapters.contacts
03-10 22:40:00.540 D/AlarmManager( 1340): overriden alarm callingpackages[0] com.google.android.syncadapters.contacts
03-10 22:40:00.560 D/AlarmManager( 1340): overriden alarm callingpackages[0] com.google.android.syncadapters.contacts
03-10 22:40:00.570 D/AlarmManager( 1340): overriden alarm callingpackages[0] com.google.android.syncadapters.contacts
03-10 22:40:00.580 I/ActivityManager( 1340): Start proc com.google.android.gsf.login for on-hold: pid=2077 uid=10021 gids={3003, 1015, 1028, 1007, 3002, 3001, 1006, 2001, 3006}
03-10 22:40:00.600 D/PowerManagerService( 1340): bootCompleted
03-10 22:40:00.630 V/DevicePolicyManagerService( 1340): Sending password expiration notifications for action android.intent.action.BOOT_COMPLETED
03-10 22:40:00.650 D/VoldCmdListener( 1045): volume mount /mnt/sd-ext
03-10 22:40:00.650 I/Vold    ( 1045): /dev/block/vold/179:1 being considered for volume sdcard
03-10 22:40:00.650 D/Vold    ( 1045): Volume sdcard state changing 1 (Idle-Unmounted) -> 3 (Checking)
03-10 22:40:00.650 D/MountService( 1340): volume state changed for /mnt/sd-ext (unmounted -> checking)
03-10 22:40:00.650 I/StorageNotification( 1612): Media {/mnt/sd-ext} state changed from {unmounted} -> {checking}
03-10 22:40:00.650 I/Vold    ( 1045): Device(/dev/block/vold/179:1) is Fat(32)
03-10 22:40:00.660 D/MountService( 1340): sendStorageIntent Intent { act=android.intent.action.MEDIA_CHECKING dat=file:///mnt/sd-ext (has extras) }
03-10 22:40:00.690 V/WiredAccessoryObserver( 1340): init()
03-10 22:40:00.930 D/AlarmManager( 1340): overriden alarm callingpackages[0] com.google.android.syncadapters.contacts
03-10 22:40:00.930 I/LocationManagerService( 1340): request passive (pid 1928) 1000 0
03-10 22:40:01.650 D/AlarmManager( 1340): overriden alarm callingpackages[0] com.google.android.syncadapters.contacts
03-10 22:40:01.710 D/AlarmManager( 1340): overriden alarm callingpackages[0] com.google.android.syncadapters.contacts
03-10 22:40:01.720 I/Vold    ( 1045): Filesystem check completed OK
03-10 22:40:01.740 I/Vold    ( 1045): Device /dev/block/vold/179:1, target /mnt/sd-ext mounted @ /mnt/secure/staging
03-10 22:40:01.740 D/Vold    ( 1045): Volume sdcard state changing 3 (Checking) -> 4 (Mounted)
03-10 22:40:01.740 D/MountService( 1340): volume state changed for /mnt/sd-ext (checking -> mounted)
03-10 22:40:01.740 E/VoldConnector( 1340): NDC Command {8 volume mount /mnt/sd-ext} took too long (1093ms)
03-10 22:40:01.740 I/StorageNotification( 1612): Media {/mnt/sd-ext} state changed from {checking} -> {mounted}
03-10 22:40:01.740 D/MountService( 1340): sendStorageIntent Intent { act=android.intent.action.MEDIA_MOUNTED dat=file:///mnt/sd-ext (has extras) }
03-10 22:40:01.750 D/VoldCmdListener( 1045): volume mount /mnt/sdcard
03-10 22:40:01.750 I/Vold    ( 1045): /dev/block/vold/93:72 being considered for volume flash
03-10 22:40:01.750 D/Vold    ( 1045): Volume flash state changing 1 (Idle-Unmounted) -> 3 (Checking)
03-10 22:40:01.750 D/MountService( 1340): volume state changed for /mnt/sdcard (unmounted -> checking)
03-10 22:40:01.750 D/MountService( 1340): sendStorageIntent Intent { act=android.intent.action.MEDIA_CHECKING dat=file:///mnt/sdcard (has extras) }
03-10 22:40:01.750 I/Vold    ( 1045): Device(/dev/block/vold/93:72) is Fat(32)
03-10 22:40:01.760 I/StorageNotification( 1612): Media {/mnt/sdcard} state changed from {unmounted} -> {checking}
03-10 22:40:02.390 I/LocationManagerService( 1340): request passive (pid 1928) 0 0
03-10 22:40:02.780 I/TabletStatusBar( 1612): DISABLE_CLOCK: no
--------- beginning of /dev/log/main
03-10 22:40:02.850 W/DexLibLoader( 1849): Unexpected file in program dex directory: /data/user/0/com.facebook.katana/app_secondary_program_dex/temp_dex_lock
03-10 22:40:02.860 D/SyncManager( 1340): setIsSyncable: Account {name=shin.akiba8@gmail.com, type=com.google}, provider com.google.android.location.reporting, user 0 -> 1
03-10 22:40:02.860 D/SyncManager( 1340): setIsSyncable: already set to 1, doing nothing
03-10 22:40:02.870 D/SyncManager( 1340): setSyncAutomatically:  provider com.google.android.location.reporting, user 0 -> true
03-10 22:40:02.870 D/SyncManager( 1340): setSyncAutomatically: already set to true, doing nothing
03-10 22:40:02.910 I//system/bin/fsck_msdos( 1045): FAT starts with odd byte sequence (f8ffff0ffffffff7)
03-10 22:40:02.910 I//system/bin/fsck_msdos( 1045): FIXED
03-10 22:40:02.940 D/GeofenceStateCache( 1928): Recovered 0 geofences.
03-10 22:40:02.950 V/DexLibLoader( 1849): Preparing to extract secondary-1.dex.jar.xz to /data/user/0/com.facebook.katana/app_secondary_program_dex/program-b8c72c60d90051f5c437998f043c736e3dd12d8c9159dca4.dex.jar
03-10 22:40:02.950 V/DexLibLoader( 1849): Dex already copied
03-10 22:40:02.950 D/AlarmManager( 1340): overriden alarm callingpackages[0] com.google.android.syncadapters.contacts
03-10 22:40:02.990 D/OdexVerifier( 1849): Odex verification is skipped.
03-10 22:40:02.990 V/DexLibLoader( 1849): Creating class loader
03-10 22:40:03.000 I/ActivityThread( 1986): Pub com.google.android.googlequicksearchbox.AudioProvider: com.google.android.speech.audio.AudioProvider
03-10 22:40:03.060 I/ActivityThread( 1986): Pub com.google.android.googlequicksearchbox.icing: com.google.android.search.core.summons.icing.InternalIcingCorporaProvider
03-10 22:40:03.070 D/dalvikvm( 1718): GC_CONCURRENT freed 823K, 5% free 21307K/22407K, paused 19ms+42ms, total 114ms
03-10 22:40:03.090 V/DexLibLoader( 1849): Finished creating class loader
03-10 22:40:03.100 V/DexLibLoader( 1849): Preparing to extract secondary-2.dex.jar.xz to /data/user/0/com.facebook.katana/app_secondary_program_dex/program-8074103ff6245f68be39e8b1b5401f1d08ec37079159dca4.dex.jar
03-10 22:40:03.100 V/DexLibLoader( 1849): Dex already copied
03-10 22:40:03.100 D/OdexVerifier( 1849): Odex verification is skipped.
03-10 22:40:03.100 V/DexLibLoader( 1849): Creating class loader
03-10 22:40:03.130 V/DexLibLoader( 1849): Finished creating class loader
03-10 22:40:03.130 V/DexLibLoader( 1849): Preparing to extract secondary-3.dex.jar.xz to /data/user/0/com.facebook.katana/app_secondary_program_dex/program-14deae8e3f8445db763eeaf389ffa116e36cc3f19159dca4.dex.jar
03-10 22:40:03.130 V/DexLibLoader( 1849): Dex already copied
03-10 22:40:03.130 D/AlarmManager( 1340): overriden alarm callingpackages[0] com.google.android.syncadapters.contacts
03-10 22:40:03.150 D/dalvikvm( 1340): WAIT_FOR_CONCURRENT_GC blocked 0ms
03-10 22:40:03.160 D/OdexVerifier( 1849): Odex verification is skipped.
03-10 22:40:03.160 V/DexLibLoader( 1849): Creating class loader
03-10 22:40:03.160 I/dalvikvm( 1986): DexOpt: unable to optimize static field ref 0x009e at 0x1a in Lcom/google/android/search/core/summons/icing/ContactsProviderHelper;.getDeletedContactIdsSinceV18
03-10 22:40:03.190 V/DexLibLoader( 1849): Finished creating class loader
03-10 22:40:03.190 V/DexLibLoader( 1849): Verifying classes from secondary dexes.
03-10 22:40:03.220 I/ActivityThread( 1986): Pub com.google.android.velvet.gallery.ImageProvider: com.google.android.velvet.gallery.ImageProvider
03-10 22:40:03.320 I//system/bin/fsck_msdos( 1045): ** Phase 2 - Check Cluster Chains
03-10 22:40:03.390 D/dalvikvm( 1340): GC_EXPLICIT freed 337K, 10% free 10140K/11207K, paused 4ms+15ms, total 241ms
03-10 22:40:03.410 D/AlarmManager( 1340): overriden alarm callingpackages[0] com.google.android.syncadapters.contacts
03-10 22:40:03.430 D/DexLibLoader( 1849): DexLibLoader.ensureDexLoaded took 1349 ms
03-10 22:40:03.430 D/AlarmManager( 1340): overriden alarm callingpackages[0] com.google.android.syncadapters.contacts
03-10 22:40:03.440 D/AlarmManager( 1340): overriden alarm callingpackages[0] com.google.android.syncadapters.contacts
03-10 22:40:03.460 I/ActivityManager( 1340): Start proc com.android.chrome for broadcast com.android.chrome/org.chromium.base.PowerStatusReceiver: pid=2228 uid=10053 gids={1006, 3003, 1015, 1028}
03-10 22:40:03.460 D/AlarmManager( 1340): overriden alarm callingpackages[0] com.google.android.syncadapters.contacts
03-10 22:40:03.470 D/AlarmManager( 1340): overriden alarm callingpackages[0] com.google.android.syncadapters.contacts
03-10 22:40:03.480 I/GCoreUlr( 1928): Ensuring that reporting is stopped because of reasons: {account#11#=[InactiveReason{mVersionCode=0, mIdentifier=6, mName='ReportingNotSelected'}]}
03-10 22:40:03.480 D/GCoreFlp( 1928): Unknown pending intent to remove.
03-10 22:40:03.480 I/GCoreUlr( 1928): Unbound from all location providers
03-10 22:40:03.480 D/AlarmManager( 1340): overriden alarm callingpackages[0] com.google.android.syncadapters.contacts
03-10 22:40:03.510 E/Trace   ( 2228): error opening trace file: No such file or directory (2)
03-10 22:40:03.590 I//system/bin/fsck_msdos( 1045): ** Phase 3 - Checking Directories
03-10 22:40:04.430 D/dalvikvm( 2228): GC_CONCURRENT freed 168K, 7% free 6376K/6791K, paused 12ms+2ms, total 45ms
03-10 22:40:04.430 D/dalvikvm( 2228): WAIT_FOR_CONCURRENT_GC blocked 6ms
03-10 22:40:04.460 E/ActivityThread( 1986): Failed to find provider info for com.google.android.partnersetup.rlzappprovider
03-10 22:40:04.530 D/dalvikvm( 1986): GC_CONCURRENT freed 266K, 8% free 6965K/7495K, paused 12ms+14ms, total 57ms
03-10 22:40:04.840 V/SearchControllerCache( 1986): creating SearchController
03-10 22:40:04.920 D/dalvikvm( 1986): GC_CONCURRENT freed 333K, 8% free 7098K/7687K, paused 12ms+12ms, total 47ms
03-10 22:40:05.050 I/ActivityThread( 1849): Pub com.facebook.katana.nodex.startup.warmup: com.facebook.katana.generated_content_providers.com.facebook.nodex.startup.warmup.NodexWarmupContentProvider
03-10 22:40:05.050 I/ActivityThread( 1849): Pub com.facebook.katana.experiments: com.facebook.katana.generated_content_providers.com.facebook.abtest.qe.db.QuickExperimentContentProvider
03-10 22:40:05.050 I/ActivityThread( 1849): Pub com.facebook.katana.webview.provider.imagecache: com.facebook.katana.generated_content_providers.com.facebook.katana.webview.provider.ImageCacheContentProvider
03-10 22:40:05.060 W/Sidekick_LocationOracleImpl( 1986): Best location was null
03-10 22:40:05.090 I/ActivityThread( 1849): Pub com.facebook.katana.provider.AttributionIdProvider: com.facebook.katana.provider.AttributionIdProvider
03-10 22:40:05.110 I/ActivityThread( 2228): Pub com.android.chrome.snapshot: com.google.android.apps.chrome.snapshot.SnapshotProvider
03-10 22:40:05.150 I/ActivityThread( 2228): Pub com.android.chrome.AutofillDataProvider: com.google.android.apps.chrome.autofill.AutofillDataProvider
03-10 22:40:05.150 W/Service ( 1986): mClassName= com.google.android.googlequicksearchboxtoInt= -79313952
03-10 22:40:05.160 I/ActivityThread( 1849): Pub com.facebook.katana.provider.ConnectionsProvider: com.facebook.katana.generated_content_providers.com.facebook.katana.provider.ConnectionsProvider
03-10 22:40:05.170 I/ActivityThread( 2228): Pub com.android.chrome.icing: com.google.android.apps.chrome.icing.IcingProvider
03-10 22:40:05.180 D/AlarmManager( 1340): overriden alarm callingpackages[0] com.google.android.syncadapters.contacts
03-10 22:40:05.190 D/dalvikvm( 1986): GC_CONCURRENT freed 304K, 8% free 7227K/7815K, paused 72ms+14ms, total 122ms
03-10 22:40:05.190 D/AlarmManager( 1340): overriden alarm callingpackages[0] com.google.android.syncadapters.contacts
03-10 22:40:05.230 W/GCoreFlp( 1928): No location to return for getLastLocation()
03-10 22:40:05.230 D/AlarmManager( 1340): overriden alarm callingpackages[0] com.google.android.syncadapters.contacts
03-10 22:40:05.240 D/AlarmManager( 1340): overriden alarm callingpackages[0] com.google.android.syncadapters.contacts
03-10 22:40:05.260 W/GCoreFlp( 1928): No location to return for getLastLocation()
03-10 22:40:05.350 I/ActivityThread( 2228): Pub com.android.chrome.ChromeBrowserProvider;com.android.chrome.browser;com.android.chrome: com.google.android.apps.chrome.ChromeBrowserProvider
03-10 22:40:05.450 W/Service ( 1807): mClassName= com.google.android.gmstoInt= 400313326
03-10 22:40:05.500 I/ActivityThread( 1849): Pub com.facebook.katana.provider.LocalCropInfoProvider: com.facebook.katana.generated_content_providers.com.facebook.katana.provider.LocalCropInfoProvider
03-10 22:40:05.500 I/ActivityThread( 1849): Pub com.facebook.katana.provider.UserValuesProvider: com.facebook.katana.generated_content_providers.com.facebook.katana.provider.UserValuesProvider
03-10 22:40:05.510 D/dalvikvm( 2228): GC_CONCURRENT freed 184K, 7% free 6626K/7111K, paused 12ms+2ms, total 32ms
03-10 22:40:05.540 D/dalvikvm( 1733): GC_CONCURRENT freed 203K, 9% free 6945K/7559K, paused 12ms+4ms, total 34ms
03-10 22:40:05.560 I/ActivityThread( 1849): Pub com.facebook.katana.provider.VaultImageProvider: com.facebook.katana.generated_content_providers.com.facebook.katana.provider.VaultImageProvider
03-10 22:40:05.560 I/ActivityThread( 1849): Pub com.facebook.katana.provider.GraphQLNotificationsProvider: com.facebook.katana.generated_content_providers.com.facebook.katana.provider.GraphQLNotificationsContentProvider
03-10 22:40:05.570 I/MultiDex( 1733): load(/data/app/com.google.android.gms-1.apk, forceReload=false)
03-10 22:40:05.620 I/ActivityThread( 1849): Pub com.facebook.katana.provider.PlatformProvider: com.facebook.katana.provider.PlatformProvider
03-10 22:40:05.620 I/ActivityThread( 1849): Pub com.facebook.katana.properties: com.facebook.katana.app.providers.DbPropertiesContentProvider
03-10 22:40:05.620 I/ActivityThread( 1849): Pub com.facebook.katana.provider.CacheProvider: com.facebook.katana.generated_content_providers.com.facebook.katana.provider.CacheProvider
03-10 22:40:05.620 I/ActivityThread( 1849): Pub com.facebook.katana.properties.services: com.facebook.katana.app.providers.ServicesProcessDbPropertiesContentProvider
03-10 22:40:05.620 I/ActivityThread( 1849): Pub com.facebook.katana.provider.LocalPhotoTagProvider: com.facebook.katana.generated_content_providers.com.facebook.katana.provider.LocalPhotoTagProvider
03-10 22:40:05.630 I/ActivityThread( 1849): Pub com.facebook.katana.cleaner: com.facebook.katana.app.providers.DbCleanerContentProvider
03-10 22:40:05.630 I/ActivityThread( 1849): Pub com.facebook.katana.provider.KeyValueProvider: com.facebook.katana.generated_content_providers.com.facebook.katana.provider.KeyValueProvider
03-10 22:40:05.630 I/ActivityThread( 1849): Pub com.facebook.katana.messages: com.facebook.katana.app.providers.MessagesDbContentProvider
03-10 22:40:05.660 I/ActivityThread( 1849): Pub com.facebook.katana.contacts: com.facebook.katana.app.providers.FbContactsContentProvider
03-10 22:40:05.670 I/MultiDex( 1733): Need extracted file /data/data/com.google.android.gms/files/secondary-dexes/com.google.android.gms-1.apk.classes2.zip
